Archive member included because of file (symbol)

/media/disk/OE/work/ti/ti-codec-engine-tree/packages/ti/sdo/ce/universal/lib/release/universal.av5T(universal_stubs.ov5T)
                              /media/disk/OE/work/ti/my_fir_test/gsoc/apps/cvDFT/cfg/linux/remote_ti_platforms_evm3530/package/cfg/remote_ti_platforms_evm3530_xv5T.ov5T (UNIVERSAL_STUBS)
/media/disk/OE/work/ti/ti-codec-engine-tree/packages/ti/sdo/ce/universal/lib/release/universal.av5T(universal.ov5T)
                              cvDFTtest.evm3530.ov5T (UNIVERSAL_control)
/media/disk/OE/work/ti/ti-codec-engine-tree/packages/ti/sdo/ce/lib/release/ce.av5T(Server.ov5T)
                              /media/disk/OE/work/ti/my_fir_test/gsoc/apps/cvDFT/cfg/linux/remote_ti_platforms_evm3530/package/cfg/remote_ti_platforms_evm3530_xv5T.ov5T (Server_init)
/media/disk/OE/work/ti/ti-codec-engine-tree/packages/ti/sdo/ce/lib/release/ce.av5T(Engine.ov5T)
                              /media/disk/OE/work/ti/ti-codec-engine-tree/packages/ti/sdo/ce/lib/release/ce.av5T(Server.ov5T) (Engine_setTrace)
/media/disk/OE/work/ti/ti-codec-engine-tree/packages/ti/sdo/ce/lib/release/ce.av5T(visa.ov5T)
                              /media/disk/OE/work/ti/ti-codec-engine-tree/packages/ti/sdo/ce/universal/lib/release/universal.av5T(universal.ov5T) (VISA_getAlgFxns)
/media/disk/OE/work/ti/ti-codec-engine-tree/packages/ti/sdo/ce/lib/release/ce.av5T(package_ti.sdo.ce.ov5T)
                              /media/disk/OE/work/ti/ti-codec-engine-tree/packages/ti/sdo/ce/lib/release/ce.av5T(Engine.ov5T) (ti_sdo_ce__versionString)
/media/disk/OE/work/ti/ti-codec-engine-tree/packages/ti/sdo/ce/alg/lib/release/Algorithm_noOS.av5T(Algorithm_noOS.ov5T)
                              /media/disk/OE/work/ti/ti-codec-engine-tree/packages/ti/sdo/ce/lib/release/ce.av5T(visa.ov5T) (Algorithm_getAlgHandle)
/media/disk/OE/work/ti/ti-codec-engine-tree/packages/ti/sdo/ce/alg/lib/release/alg.av5T(alg_create.ov5T)
                              /media/disk/OE/work/ti/ti-codec-engine-tree/packages/ti/sdo/ce/alg/lib/release/Algorithm_noOS.av5T(Algorithm_noOS.ov5T) (ALG_delete)
/media/disk/OE/work/ti/ti-codec-engine-tree/packages/ti/sdo/ce/alg/lib/release/alg.av5T(alg_malloc.ov5T)
                              /media/disk/OE/work/ti/ti-codec-engine-tree/packages/ti/sdo/ce/alg/lib/release/alg.av5T(alg_create.ov5T) (_ALG_freeMemory)
/media/disk/OE/work/ti/ti-codec-engine-tree/packages/ti/sdo/ce/ipc/dsplink/lib/release/ipc_dsplink_3530.av5T(Processor_dsplink.ov5T)
                              /media/disk/OE/work/ti/my_fir_test/gsoc/apps/cvDFT/cfg/linux/remote_ti_platforms_evm3530/package/cfg/remote_ti_platforms_evm3530_xv5T.ov5T (Processor_init)
/media/disk/OE/work/ti/ti-codec-engine-tree/packages/ti/sdo/ce/ipc/dsplink/lib/release/ipc_dsplink_3530.av5T(Power_dsplink.ov5T)
                              /media/disk/OE/work/ti/ti-codec-engine-tree/packages/ti/sdo/ce/ipc/dsplink/lib/release/ipc_dsplink_3530.av5T(Processor_dsplink.ov5T) (Power_disconnect)
/media/disk/OE/work/ti/ti-codec-engine-tree/packages/ti/sdo/ce/ipc/dsplink/lib/release/ipc_dsplink_3530.av5T(Comm_dsplink.ov5T)
                              /media/disk/OE/work/ti/ti-codec-engine-tree/packages/ti/sdo/ce/lib/release/ce.av5T(visa.ov5T) (Comm_getMsgSize)
/media/disk/OE/work/ti/ti-codec-engine-tree/packages/ti/sdo/ce/ipc/dsplink/lib/release/ipc_dsplink_3530.av5T(Processor_dsplink_linkcfg_OMAP3530.ov5T)
                              /media/disk/OE/work/ti/ti-codec-engine-tree/packages/ti/sdo/ce/ipc/dsplink/lib/release/ipc_dsplink_3530.av5T(Processor_dsplink.ov5T) (ti_sdo_ce_ipc_Processor_linkcfg)
/media/disk/OE/work/ti/ti-codec-engine-tree/packages/ti/sdo/ce/ipc/dsplink/lib/release/ipc_dsplink_3530.av5T(Processor_dsplink_linkcfg_OS.ov5T)
                              /media/disk/OE/work/ti/ti-codec-engine-tree/packages/ti/sdo/ce/ipc/dsplink/lib/release/ipc_dsplink_3530.av5T(Processor_dsplink_linkcfg_OMAP3530.ov5T) (ti_sdo_ce_ipc_Processor_linkcfg_OS)
/media/disk/OE/work/ti/ti-codec-engine-tree/packages/ti/sdo/ce/osal/linux/lib/release/osal_linux_470.av5T(LockMP_posix.ov5T)
                              /media/disk/OE/work/ti/my_fir_test/gsoc/apps/cvDFT/cfg/linux/remote_ti_platforms_evm3530/package/cfg/remote_ti_platforms_evm3530_xv5T.ov5T (LockMP_init)
/media/disk/OE/work/ti/ti-codec-engine-tree/packages/ti/sdo/ce/osal/linux/lib/release/osal_linux_470.av5T(Queue_posix.ov5T)
                              /media/disk/OE/work/ti/my_fir_test/gsoc/apps/cvDFT/cfg/linux/remote_ti_platforms_evm3530/package/cfg/remote_ti_platforms_evm3530_xv5T.ov5T (Queue_init)
/media/disk/OE/work/ti/ti-codec-engine-tree/packages/ti/sdo/ce/osal/linux/lib/release/osal_linux_470.av5T(GT_config_libC.ov5T)
                              /media/disk/OE/work/ti/my_fir_test/gsoc/apps/cvDFT/cfg/linux/remote_ti_platforms_evm3530/package/cfg/remote_ti_platforms_evm3530_xv5T.ov5T (GTConfig_error)
[...]
Memory Configuration

Name             Origin             Length             Attributes
*default*        0x00000000         0xffffffff

Linker script and memory map

LOAD /media/disk/OE/build/tmp-angstrom_2008_1/sysroots/armv7a-angstrom-linux-gnueabi/usr/lib/crt1.o
LOAD /media/disk/OE/build/tmp-angstrom_2008_1/sysroots/armv7a-angstrom-linux-gnueabi/usr/lib/crti.o
LOAD /media/disk/OE/build/tmp-angstrom_2008_1/cross/armv7a/lib/gcc/arm-angstrom-linux-gnueabi/4.3.3/crtbegin.o
LOAD /media/disk/OE/build/tmp-angstrom_2008_1/sysroots/armv7a-angstrom-linux-gnueabi/usr/lib/libpthread.so
START GROUP
LOAD /media/disk/OE/build/tmp-angstrom_2008_1/sysroots/armv7a-angstrom-linux-gnueabi/lib/libpthread.so.0
LOAD /media/disk/OE/build/tmp-angstrom_2008_1/sysroots/armv7a-angstrom-linux-gnueabi/usr/lib/libpthread_nonshared.a
END GROUP
LOAD /media/disk/OE/build/tmp-angstrom_2008_1/sysroots/armv7a-angstrom-linux-gnueabi/usr/lib/libm.so
LOAD cvDFTtest.evm3530.ov5T
LOAD smain.evm3530.ov5T
LOAD linux/main.evm3530.ov5T
LOAD cfg/linux/remote_ti_platforms_evm3530/linker.cmd
LOAD /media/disk/OE/work/ti/my_fir_test/gsoc/apps/cvDFT/cfg/linux/remote_ti_platforms_evm3530/package/cfg/remote_ti_platforms_evm3530_xv5T.ov5T
LOAD /media/disk/OE/work/ti/ti-codec-engine-tree/packages/ti/sdo/ce/universal/lib/release/universal.av5T
LOAD /media/disk/OE/work/ti/ti-codec-engine-tree/packages/ti/sdo/ce/lib/release/ce.av5T
LOAD /media/disk/OE/work/ti/ti-codec-engine-tree/packages/ti/sdo/ce/alg/lib/release/Algorithm_noOS.av5T
LOAD /media/disk/OE/work/ti/ti-codec-engine-tree/packages/ti/sdo/ce/alg/lib/release/alg.av5T
LOAD /media/disk/OE/work/ti/ti-codec-engine-tree/packages/ti/sdo/ce/ipc/dsplink/lib/release/ipc_dsplink_3530.av5T
LOAD /media/disk/OE/work/ti/ti-codec-engine-tree/packages/ti/sdo/ce/osal/linux/lib/release/osal_linux_470.av5T
LOAD /media/disk/OE/work/ti/ti-framework-components-tree/packages/ti/sdo/fc/acpy3/lib/release/acpy3.a470MV
LOAD /media/disk/OE/work/ti/ti-framework-components-tree/packages/ti/sdo/fc/dman3/lib/release/dman3Cfg.a470MV
LOAD /media/disk/OE/work/ti/ti-framework-components-tree/packages/ti/sdo/fc/utils/lib/release/rmm.a470MV
LOAD /media/disk/OE/work/ti/ti-framework-components-tree/packages/ti/sdo/fc/utils/lib/release/smgr.a470MV
LOAD /media/disk/OE/work/ti/ti-framework-components-tree/packages/ti/sdo/fc/utils/lib/release/rmmp.a470MV
LOAD /media/disk/OE/work/ti/ti-framework-components-tree/packages/ti/sdo/fc/utils/lib/release/smgrmp.a470MV
LOAD /media/disk/OE/work/ti/ti-framework-components-tree/packages/ti/sdo/fc/utils/lib/release/shm.a470MV
LOAD /media/disk/OE/work/ti/ti-framework-components-tree/packages/ti/sdo/fc/memutils/lib/release/memutils.av5T
LOAD /media/disk/OE/work/ti/ti-codec-engine-tree/packages/ti/sdo/ce/utils/xdm/lib/release/XdmUtils.av5T
LOAD /media/disk/OE/work/ti/ti-codec-engine-tree/packages/ti/sdo/ce/node/lib/release/node.av5T
LOAD /media/disk/OE/work/ti/ti-framework-components-tree/packages/ti/sdo/utils/trace/lib/release/gt.av5T
LOAD /media/disk/OE/work/ti/ti-local-power-manager-tree/packages/ti/bios/power/lib/release/lpm_linux.av5T
LOAD /media/disk/OE/work/ti/ti-linuxutils-tree/packages/ti/sdo/linuxutils/cmem/lib/cmem.a470MV
LOAD /media/disk/OE/work/ti/ti-dsplink-tree/packages/dsplink/gpp/export/BIN/Linux/OMAP3530/RELEASE/dsplink.lib
LOAD /media/disk/OE/work/ti/ti-xdctools-tree/packages/gnu/targets/arm/rtsv5T/lib/gnu.targets.arm.rtsv5T.av5T

xdc.meta        0x00000000       0xf4
 *(xdc.meta)
 xdc.meta       0x00000000       0xf4 /media/disk/OE/work/ti/my_fir_test/gsoc/apps/cvDFT/cfg/linux/remote_ti_platforms_evm3530/package/cfg/remote_ti_platforms_evm3530_xv5T.ov5T
                0x000000cc                __TARG__
                0x000000a8                __PLAT__
                0x00000000                __ASM__
                0x00000094                __ISA__
LOAD /media/disk/OE/build/tmp-angstrom_2008_1/cross/armv7a/lib/gcc/arm-angstrom-linux-gnueabi/4.3.3/libgcc.a
LOAD /media/disk/OE/build/tmp-angstrom_2008_1/cross/armv7a/lib/gcc/arm-angstrom-linux-gnueabi/4.3.3/../../../../arm-angstrom-linux-gnueabi/lib/libgcc_s.so
LOAD /media/disk/OE/build/tmp-angstrom_2008_1/sysroots/armv7a-angstrom-linux-gnueabi/usr/lib/libc.so
START GROUP
LOAD /media/disk/OE/build/tmp-angstrom_2008_1/sysroots/armv7a-angstrom-linux-gnueabi/lib/libc.so.6
LOAD /media/disk/OE/build/tmp-angstrom_2008_1/sysroots/armv7a-angstrom-linux-gnueabi/usr/lib/libc_nonshared.a
LOAD /media/disk/OE/build/tmp-angstrom_2008_1/sysroots/armv7a-angstrom-linux-gnueabi/lib/ld-linux.so.3
END GROUP
LOAD /media/disk/OE/build/tmp-angstrom_2008_1/cross/armv7a/lib/gcc/arm-angstrom-linux-gnueabi/4.3.3/libgcc.a
LOAD /media/disk/OE/build/tmp-angstrom_2008_1/cross/armv7a/lib/gcc/arm-angstrom-linux-gnueabi/4.3.3/../../../../arm-angstrom-linux-gnueabi/lib/libgcc_s.so
LOAD /media/disk/OE/build/tmp-angstrom_2008_1/cross/armv7a/lib/gcc/arm-angstrom-linux-gnueabi/4.3.3/crtend.o
LOAD /media/disk/OE/build/tmp-angstrom_2008_1/sysroots/armv7a-angstrom-linux-gnueabi/usr/lib/crtn.o
                0x00008000                PROVIDE (__executable_start, 0x8000)
                0x00008134                . = (0x8000 + SIZEOF_HEADERS)

.interp         0x00008134       0x13
 *(.interp)
 .interp        0x00008134       0x13 /media/disk/OE/build/tmp-angstrom_2008_1/sysroots/armv7a-angstrom-linux-gnueabi/usr/lib/crti.o

.note.ABI-tag   0x00008148       0x20
 .note.ABI-tag  0x00008148       0x20 /media/disk/OE/build/tmp-angstrom_2008_1/sysroots/armv7a-angstrom-linux-gnueabi/usr/lib/crt1.o

.note.gnu.build-id
 *(.note.gnu.build-id)

.hash           0x00008168      0x43c
 *(.hash)
 .hash          0x00008168      0x43c /media/disk/OE/build/tmp-angstrom_2008_1/sysroots/armv7a-angstrom-linux-gnueabi/usr/lib/crti.o

.gnu.hash
 *(.gnu.hash)

.dynsym         0x000085a4      0x8a0
 *(.dynsym)
 .dynsym        0x000085a4      0x8a0 /media/disk/OE/build/tmp-angstrom_2008_1/sysroots/armv7a-angstrom-linux-gnueabi/usr/lib/crti.o

.dynstr         0x00008e44      0x7d5
 *(.dynstr)
 .dynstr        0x00008e44      0x7d5 /media/disk/OE/build/tmp-angstrom_2008_1/sysroots/armv7a-angstrom-linux-gnueabi/usr/lib/crti.o

.gnu.version    0x0000961a      0x114
 *(.gnu.version)
 .gnu.version   0x0000961a      0x114 /media/disk/OE/build/tmp-angstrom_2008_1/sysroots/armv7a-angstrom-linux-gnueabi/usr/lib/crti.o

.gnu.version_d  0x00009730        0x0 load address 0x0000972e
 *(.gnu.version_d)
 .gnu.version_d
                0x00000000        0x0 /media/disk/OE/build/tmp-angstrom_2008_1/sysroots/armv7a-angstrom-linux-gnueabi/usr/lib/crti.o

.gnu.version_r  0x00009730       0x40
 *(.gnu.version_r)
 .gnu.version_r
                0x00009730       0x40 /media/disk/OE/build/tmp-angstrom_2008_1/sysroots/armv7a-angstrom-linux-gnueabi/usr/lib/crti.o

.rel.dyn        0x00009770      0x188
 *(.rel.init)
 *(.rel.text .rel.text.* .rel.gnu.linkonce.t.*)
 *(.rel.fini)
 *(.rel.rodata .rel.rodata.* .rel.gnu.linkonce.r.*)
 *(.rel.data.rel.ro* .rel.gnu.linkonce.d.rel.ro.*)
 *(.rel.data .rel.data.* .rel.gnu.linkonce.d.*)
 *(.rel.tdata .rel.tdata.* .rel.gnu.linkonce.td.*)
 *(.rel.tbss .rel.tbss.* .rel.gnu.linkonce.tb.*)
 *(.rel.ctors)
 *(.rel.dtors)
 *(.rel.got)
 .rel.got       0x00009770      0x180 /media/disk/OE/build/tmp-angstrom_2008_1/sysroots/armv7a-angstrom-linux-gnueabi/usr/lib/crti.o
 *(.rel.bss .rel.bss.* .rel.gnu.linkonce.b.*)
 .rel.bss       0x000098f0        0x8 /media/disk/OE/build/tmp-angstrom_2008_1/sysroots/armv7a-angstrom-linux-gnueabi/usr/lib/crti.o

.rela.dyn
 *(.rela.init)
 *(.rela.text .rela.text.* .rela.gnu.linkonce.t.*)
 *(.rela.fini)
 *(.rela.rodata .rela.rodata.* .rela.gnu.linkonce.r.*)
 *(.rela.data .rela.data.* .rela.gnu.linkonce.d.*)
 *(.rela.tdata .rela.tdata.* .rela.gnu.linkonce.td.*)
 *(.rela.tbss .rela.tbss.* .rela.gnu.linkonce.tb.*)
 *(.rela.ctors)
 *(.rela.dtors)
 *(.rela.got)
 *(.rela.bss .rela.bss.* .rela.gnu.linkonce.b.*)

.rel.plt        0x000098f8      0x2c0
 *(.rel.plt)
 .rel.plt       0x000098f8      0x2c0 /media/disk/OE/build/tmp-angstrom_2008_1/sysroots/armv7a-angstrom-linux-gnueabi/usr/lib/crti.o

.rela.plt
 *(.rela.plt)

.init           0x00009bb8       0x14
 *(.init)
 .init          0x00009bb8        0xc /media/disk/OE/build/tmp-angstrom_2008_1/sysroots/armv7a-angstrom-linux-gnueabi/usr/lib/crti.o
                0x00009bb8                _init
 .init          0x00009bc4        0x8 /media/disk/OE/build/tmp-angstrom_2008_1/sysroots/armv7a-angstrom-linux-gnueabi/usr/lib/crtn.o

.plt            0x00009bcc      0x434
 *(.plt)
 .plt           0x00009bcc      0x434 /media/disk/OE/build/tmp-angstrom_2008_1/sysroots/armv7a-angstrom-linux-gnueabi/usr/lib/crti.o
                0x00009be0                open@@GLIBC_2.4
                0x00009bec                sigemptyset@@GLIBC_2.4
                0x00009bf8                strerror@@GLIBC_2.4
                0x00009c04                fileno@@GLIBC_2.4
                0x00009c10                mmap@@GLIBC_2.4
                0x00009c1c                abort@@GLIBC_2.4
                0x00009c28                pthread_attr_getschedparam@@GLIBC_2.4
                0x00009c34                memcmp@@GLIBC_2.4
                0x00009c40                pthread_exit@@GLIBC_2.4
                0x00009c4c                __xstat@@GLIBC_2.4
                0x00009c58                __libc_start_main@@GLIBC_2.4
                0x00009c70                sched_yield@@GLIBC_2.4
                0x00009c7c                pthread_mutexattr_settype@@GLIBC_2.4
                0x00009c88                strncpy@@GLIBC_2.4
                0x00009c94                fclose@@GLIBC_2.4
                0x00009ca0                getenv@@GLIBC_2.4
                0x00009cac                _IO_getc@@GLIBC_2.4
                0x00009cb8                strchr@@GLIBC_2.4
                0x00009cc4                semop@@GLIBC_2.4
                0x00009cd0                putchar@@GLIBC_2.4
                0x00009cdc                __cxa_atexit@@GLIBC_2.4
                0x00009ce8                sem_getvalue@@GLIBC_2.4
                0x00009cf4                calloc@@GLIBC_2.4
                0x00009d00                sem_init@@GLIBC_2.4
                0x00009d0c                fopen@@GLIBC_2.4
                0x00009d18                __strtol_internal@@GLIBC_2.4
                0x00009d24                memset@@GLIBC_2.4
                0x00009d30                sem_destroy@@GLIBC_2.4
                0x00009d3c                perror@@GLIBC_2.4
                0x00009d48                __assert_fail@@GLIBC_2.4
                0x00009d54                usleep@@GLIBC_2.4
                0x00009d60                free@@GLIBC_2.4
                0x00009d6c                read@@GLIBC_2.4
                0x00009d78                pthread_getspecific@@GLIBC_2.4
                0x00009d84                gettimeofday@@GLIBC_2.4
                0x00009d90                pthread_mutex_unlock@@GLIBC_2.4
                0x00009d9c                fflush@@GLIBC_2.4
                0x00009da8                pthread_setschedparam@@GLIBC_2.4
                0x00009db4                ioctl@@GLIBC_2.4
                0x00009dc0                pthread_key_delete@@GLIBC_2.4
                0x00009dcc                pthread_mutexattr_destroy@@GLIBC_2.4
                0x00009dd8                pthread_mutex_lock@@GLIBC_2.4
                0x00009de4                strlen@@GLIBC_2.4
                0x00009df0                pthread_create@@GLIBC_2.4
                0x00009dfc                memcpy@@GLIBC_2.4
                0x00009e08                pthread_attr_getstacksize@@GLIBC_2.4
                0x00009e14                strcpy@@GLIBC_2.4
                0x00009e20                sem_post@@GLIBC_2.4
                0x00009e2c                pthread_sigmask@@GLIBC_2.4
                0x00009e38                pthread_mutex_destroy@@GLIBC_2.4
                0x00009e44                printf@@GLIBC_2.4
                0x00009e50                ftok@@GLIBC_2.4
                0x00009e5c                raise@@GLIBC_2.4
                0x00009e68                pthread_mutex_init@@GLIBC_2.4
                0x00009e74                pthread_setspecific@@GLIBC_2.4
                0x00009e80                close@@GLIBC_2.4
                0x00009e8c                fwrite@@GLIBC_2.4
                0x00009e98                semctl@@GLIBC_2.4
                0x00009ea4                setvbuf@@GLIBC_2.4
                0x00009eb0                fprintf@@GLIBC_2.4
                0x00009ebc                malloc@@GLIBC_2.4
                0x00009ec8                sigaction@@GLIBC_2.4
                0x00009ed4                pthread_attr_init@@GLIBC_2.4
                0x00009ee0                fputc@@GLIBC_2.4
                0x00009eec                sleep@@GLIBC_2.4
                0x00009ef8                sigfillset@@GLIBC_2.4
                0x00009f04                puts@@GLIBC_2.4
                0x00009f10                getpid@@GLIBC_2.4
                0x00009f1c                fcntl@@GLIBC_2.4
                0x00009f28                munmap@@GLIBC_2.4
                0x00009f34                vfprintf@@GLIBC_2.4
                0x00009f40                strncmp@@GLIBC_2.4
                0x00009f4c                nanosleep@@GLIBC_2.4
                0x00009f58                pthread_mutexattr_init@@GLIBC_2.4
                0x00009f64                sem_wait@@GLIBC_2.4
                0x00009f70                strcmp@@GLIBC_2.4
                0x00009f7c                exit@@GLIBC_2.4
                0x00009f88                pthread_setcanceltype@@GLIBC_2.4
                0x00009f94                __errno_location@@GLIBC_2.4
                0x00009fa0                pthread_self@@GLIBC_2.4
                0x00009fac                pthread_cancel@@GLIBC_2.4
                0x00009fb8                sprintf@@GLIBC_2.4
                0x00009fc4                pthread_join@@GLIBC_2.4
                0x00009fd0                pthread_key_create@@GLIBC_2.4
                0x00009fdc                getpagesize@@GLIBC_2.4
                0x00009fe8                fputs@@GLIBC_2.4
                0x00009ff4                semget@@GLIBC_2.4

.text           0x0000a000    0x26c54
 *(.text .stub .text.* .gnu.linkonce.t.*)
 .text          0x0000a000       0x38 /media/disk/OE/build/tmp-angstrom_2008_1/sysroots/armv7a-angstrom-linux-gnueabi/usr/lib/crt1.o
                0x0000a000                _start
 .text          0x0000a038       0x24 /media/disk/OE/build/tmp-angstrom_2008_1/sysroots/armv7a-angstrom-linux-gnueabi/usr/lib/crti.o
 .text          0x0000a05c       0x54 /media/disk/OE/build/tmp-angstrom_2008_1/cross/armv7a/lib/gcc/arm-angstrom-linux-gnueabi/4.3.3/crtbegin.o
 .text          0x0000a0b0      0x424 cvDFTtest.evm3530.ov5T
                0x0000a250                CVDFTTEST_main
 .text          0x0000a4d4       0x5c smain.evm3530.ov5T
                0x0000a4ec                smain
 .text          0x0000a530       0x84 linux/main.evm3530.ov5T
                0x0000a530                main
 .text          0x0000a5b4      0x248 /media/disk/OE/work/ti/my_fir_test/gsoc/apps/cvDFT/cfg/linux/remote_ti_platforms_evm3530/package/cfg/remote_ti_platforms_evm3530_xv5T.ov5T
                0x0000a5e4                DMAN3_CE_exit
                0x0000a5d0                LAD_releaseDsp
                0x0000a7f8                ti_sdo_ce_CERuntime_init__F
                0x0000a5b8                LAD_connect
                0x0000a5f0                DMAN3_releaseDmaChannels
                0x0000a5d8                LAD_startupDsp
                0x0000a618                RMAN_init
                0x0000a62c                CERuntime_init
                0x0000a5e8                DMAN3_grantDmaChannels
                0x0000a600                RMAN_assignResources
                0x0000a5c0                LAD_disconnect
                0x0000a620                RMAN_exit
                0x0000a5f8                RMAN_activateAllResources
                0x0000a5e0                DMAN3_CE_init
                0x0000a628                CERuntime_exit
                0x0000a5c8                LAD_getDspStatus
                0x0000a608                RMAN_deactivateAllResources
                0x0000a610                RMAN_freeResources
                0x0000a5b4                IPC_generatedInit
 .text          0x0000a7fc      0xc64 /media/disk/OE/work/ti/ti-codec-engine-tree/packages/ti/sdo/ce/universal/lib/release/universal.av5T(universal_stubs.ov5T)
                0x0000b2c0                UNIVERSAL_processAsync
                0x0000b088                UNIVERSAL_processWait
 .text          0x0000b460      0x7f4 /media/disk/OE/work/ti/ti-codec-engine-tree/packages/ti/sdo/ce/universal/lib/release/universal.av5T(universal.ov5T)
                0x0000b460                UNIVERSAL_control
                0x0000b770                UNIVERSAL_delete
                0x0000b914                UNIVERSAL_process
                0x0000b80c                UNIVERSAL_create
 .text          0x0000bc54      0xa80 /media/disk/OE/work/ti/ti-codec-engine-tree/packages/ti/sdo/ce/lib/release/ce.av5T(Server.ov5T)
                0x0000c120                Server_getNumMemSegs
                0x0000bee8                Server_redefineHeap
                0x0000c49c                Server_disconnectTrace
                0x0000bde4                Server_restoreHeap
                0x0000c33c                Server_getCpuLoad
                0x0000c038                Server_init
                0x0000bd28                Server_setTrace
                0x0000c5b0                Server_connectTrace
                0x0000c234                Server_getMemStat
                0x0000c3dc                Server_fwriteTrace
 .text          0x0000c6d4     0x2ef8 /media/disk/OE/work/ti/ti-codec-engine-tree/packages/ti/sdo/ce/lib/release/ce.av5T(Engine.ov5T)
                0x0000cd44                Engine_releaseTraceToken
                0x0000ca78                Engine_getUsedMem
                0x0000cb5c                Engine_restoreHeap
                0x0000d444                Engine_getMemStat
                0x0000c788                Engine_getServer
                0x0000de78                Engine_callAsync
                0x0000f310                Engine_getLocalEngine
                0x0000d600                Engine_getNumAlgs
                0x0000da08                Engine_fwriteTrace
                0x0000c8e8                Engine_setTrace
                0x0000f4f8                Engine_getConstName
                0x0000e10c                Engine_createNode2
                0x0000dee0                Engine_call
                0x0000d800                Engine_init
                0x0000de20                Engine_callWait
                0x0000f3e4                Engine_getMemId
                0x0000f364                Engine_getCodecClassConfig
                0x0000cf34                Engine_getCpuLoad
                0x0000d020                Engine_getAlgNumRecs
                0x0000cdac                Engine_redefineHeap
                0x0000df94                Engine_deleteNode
                0x0000e834                Engine_createNode
                0x0000cccc                Engine_requestTraceToken
                0x0000ea7c                Engine_open
                0x0000f404                Engine_getFxns
                0x0000d340                Engine_getNumMemSegs
                0x0000d158                Engine_getAlgMemRecs
                0x0000c77c                Engine_hasServer
                0x0000c750                Engine_getNodeQueues
                0x0000e8d8                Engine_close
                0x0000d6bc                Engine_getAlgInfo
                0x0000c6f0                Engine_getRemoteVisa
                0x0000c804                Engine_ctrlNode
                0x0000c6dc                Engine_getLastError
                0x0000c6d4                Engine_getEngine
                0x0000c6e4                Engine_getName
 .text          0x0000f5cc     0x10cc /media/disk/OE/work/ti/ti-codec-engine-tree/packages/ti/sdo/ce/lib/release/ce.av5T(visa.ov5T)
                0x0000fda8                VISA_callAsync
                0x0000f5cc                VISA_getAlgFxns
                0x0000f9cc                VISA_enter
                0x0000f7f4                VISA_freeMsg
                0x0000ff4c                VISA_create2
                0x000105d8                VISA_create
                0x0000f5f8                VISA_isLocal
                0x0000f664                VISA_allocMsg
                0x0000f8fc                VISA_exit
                0x0000f78c                VISA_getAlgMemRecs
                0x0000f5f0                VISA_getCodecClassConfig
                0x0000f5e8                VISA_setContext
                0x0000fe78                VISA_call
                0x0000f744                VISA_getAlgNumRecs
                0x0000f7d8                VISA_getAlgHandle
                0x0000f5d4                VISA_getAlgorithmHandle
                0x0000f600                VISA_getMaxMsgSize
                0x0000fc68                VISA_wait
                0x0000faa4                VISA_delete
                0x0000f5dc                VISA_getContext
 .text          0x00010698        0x0 /media/disk/OE/work/ti/ti-codec-engine-tree/packages/ti/sdo/ce/lib/release/ce.av5T(package_ti.sdo.ce.ov5T)
 .text          0x00010698      0x800 /media/disk/OE/work/ti/ti-codec-engine-tree/packages/ti/sdo/ce/alg/lib/release/Algorithm_noOS.av5T(Algorithm_noOS.ov5T)
                0x000106a0                Algorithm_getMemRecs
                0x00010714                Algorithm_exit
                0x00010c40                Algorithm_activate
                0x000109b0                Algorithm_create
                0x000106a8                Algorithm_getNumRecs
                0x000107a4                Algorithm_delete
                0x000106b0                Algorithm_init
                0x00010cf4                Algorithm_releaseLock
                0x00010de8                Algorithm_acquireLock
                0x00010698                Algorithm_getAlgHandle
                0x000108b8                Algorithm_deactivate
 .text          0x00010e98      0x388 /media/disk/OE/work/ti/ti-codec-engine-tree/packages/ti/sdo/ce/alg/lib/release/alg.av5T(alg_create.ov5T)
                0x00010e98                ALG_delete
                0x00010f08                ALG_create
 .text          0x00011220      0x628 /media/disk/OE/work/ti/ti-codec-engine-tree/packages/ti/sdo/ce/alg/lib/release/alg.av5T(alg_malloc.ov5T)
                0x000115d8                ALG_deactivate
                0x0001170c                ALG_activate
                0x000113a8                ALG_init
                0x000117b8                ALG_acquireLock
                0x000112cc                _ALG_allocMemory
                0x0001154c                ALG_exit
                0x00011680                ALG_releaseLock
                0x00011220                _ALG_freeMemory
 .text          0x00011848     0x3770 /media/disk/OE/work/ti/ti-codec-engine-tree/packages/ti/sdo/ce/ipc/dsplink/lib/release/ipc_dsplink_3530.av5T(Processor_dsplink.ov5T)
                0x00011848                Processor_wait
                0x00014ca0                Processor_delete
                0x00013868                Processor_init
                0x00011850                dumpLinkCfgObj
                0x00014dcc                Processor_create
 .text          0x00014fb8      0x5a4 /media/disk/OE/work/ti/ti-codec-engine-tree/packages/ti/sdo/ce/ipc/dsplink/lib/release/ipc_dsplink_3530.av5T(Power_dsplink.ov5T)
                0x00015330                Power_on
                0x00014fb8                Power_disconnect
                0x000150bc                Power_connect
                0x000154d0                Power_init
                0x000151c0                Power_off
 .text          0x0001555c      0xe10 /media/disk/OE/work/ti/ti-codec-engine-tree/packages/ti/sdo/ce/ipc/dsplink/lib/release/ipc_dsplink_3530.av5T(Comm_dsplink.ov5T)
                0x00016020                Comm_create
                0x000159f8                Comm_init
                0x00015650                Comm_release
                0x00015728                Comm_put
                0x00015b04                Comm_getSrcQueue
                0x000155cc                Comm_setSrcQueue
                0x00015d50                Comm_free
                0x00015818                Comm_locate
                0x00015ec0                Comm_delete
                0x00015b84                Comm_get
                0x00015e28                Comm_exit
                0x000161ec                Comm_alloc
                0x0001555c                Comm_getMsgSize
 .text          0x0001636c        0x0 /media/disk/OE/work/ti/ti-codec-engine-tree/packages/ti/sdo/ce/ipc/dsplink/lib/release/ipc_dsplink_3530.av5T(Processor_dsplink_linkcfg_OMAP3530.ov5T)
 .text          0x0001636c        0x0 /media/disk/OE/work/ti/ti-codec-engine-tree/packages/ti/sdo/ce/ipc/dsplink/lib/release/ipc_dsplink_3530.av5T(Processor_dsplink_linkcfg_OS.ov5T)
 .text          0x0001636c      0x548 /media/disk/OE/work/ti/ti-codec-engine-tree/packages/ti/sdo/ce/osal/linux/lib/release/osal_linux_470.av5T(LockMP_posix.ov5T)
                0x0001636c                LockMP_getCount
                0x00016548                LockMP_init
                0x00016650                LockMP_create
                0x000165a0                LockMP_getRefCount
                0x000163dc                LockMP_release
                0x000165a8                LockMP_delete
                0x00016784                LockMP_acquire
 .text          0x000168b4       0xe8 /media/disk/OE/work/ti/ti-codec-engine-tree/packages/ti/sdo/ce/osal/linux/lib/release/osal_linux_470.av5T(Queue_posix.ov5T)
                0x00016954                Queue_get
                0x000168c0                Queue_extract
                0x000168b4                Queue_exit
                0x000168b8                Queue_init
                0x00016908                Queue_put
 .text          0x0001699c       0xec /media/disk/OE/work/ti/ti-codec-engine-tree/packages/ti/sdo/ce/osal/linux/lib/release/osal_linux_470.av5T(GT_config_libC.ov5T)
                0x0001699c                GTConfig_nop
                0x000169a4                GTConfig_error
                0x00016a84                GTConfig_libcMalloc
                0x00016a2c                GTConfig_vprintf
                0x00016a80                GTConfig_libcFree
 .text          0x00016a88       0x2c /media/disk/OE/work/ti/ti-codec-engine-tree/packages/ti/sdo/ce/osal/linux/lib/release/osal_linux_470.av5T(File_posix.ov5T)
                0x00016a88                File_init
                0x00016a8c                File_stat
 .text          0x00016ab4     0x14a0 /media/disk/OE/work/ti/ti-codec-engine-tree/packages/ti/sdo/ce/osal/linux/lib/release/osal_linux_470.av5T(Memory_cmem.ov5T)
                0x00017f48                Memory_contigAlloc
                0x00016b00                Memory_dumpKnownContigBufsList
                0x000173a8                Memory_contigFree
                0x00016ad0                Memory_getHeapId
                0x00016e7c                Memory_init
                0x00016c3c                Memory_cacheInv
                0x00016af4                Memory_contigStat
                0x000178e8                Memory_getBufferPhysicalAddress
                0x00017280                Memory_unregisterContigBuf
                0x00016ae8                Memory_restoreHeap
                0x00017428                Memory_alloc
                0x00017130                Memory_segFree
                0x00016c38                Memory_cacheWb
                0x00016ae0                Memory_redefine
                0x00016c40                Memory_getBufferVirtualAddress
                0x00016ad8                Memory_getNumHeaps
                0x00016af0                Memory_exit
                0x00017020                Memory_free
                0x00016c34                Memory_cacheWbInv
                0x00016bb8                Memory_segStat
                0x000178e4                Memory_registerContigBuf
                0x00017420                Memory_segAlloc
 .text          0x00017f54      0x2dc /media/disk/OE/work/ti/ti-codec-engine-tree/packages/ti/sdo/ce/osal/linux/lib/release/osal_linux_470.av5T(Global_noOS.ov5T)
                0x00018058                Global_getenv
                0x00017f60                Global_init
                0x0001805c                Global_exit
                0x000181dc                Global_abort
                0x00017f54                Global_getCpuLoad
                0x00018054                Global_getProcessId
                0x00018128                Global_atexit
                0x00017f5c                Global_setSpecialTrace
 .text          0x00018230      0x920 /media/disk/OE/work/ti/ti-codec-engine-tree/packages/ti/sdo/ce/osal/linux/lib/release/osal_linux_470.av5T(Thread_posix.ov5T)
                0x000186f4                Thread_exit
                0x00018374                Thread_yield
                0x00018230                Thread_getenv
                0x000188f4                Thread_create
                0x00018784                Thread_delete
                0x00018470                Thread_setpri
                0x0001829c                Thread_getname
                0x00018518                Thread_self
                0x00018308                Thread_getpri
                0x00018658                Thread_init
                0x000183dc                Thread_stat
                0x00018588                Thread_join
 .text          0x00018b50       0x14 /media/disk/OE/work/ti/ti-codec-engine-tree/packages/ti/sdo/ce/osal/linux/lib/release/osal_linux_470.av5T(Log_noOS.ov5T)
                0x00018b58                Log_printf
                0x00018b54                Log_event
                0x00018b50                Log_init
 .text          0x00018b64      0x13c /media/disk/OE/work/ti/ti-codec-engine-tree/packages/ti/sdo/ce/osal/linux/lib/release/osal_linux_470.av5T(Lock_posix.ov5T)
                0x00018c48                Lock_init
                0x00018bf4                Lock_create
                0x00018b64                Lock_release
                0x00018c9c                Lock_acquire
                0x00018b68                Lock_delete
 .text          0x00018ca0      0x3bc /media/disk/OE/work/ti/ti-codec-engine-tree/packages/ti/sdo/ce/osal/linux/lib/release/osal_linux_470.av5T(GT_config_posix.ov5T)
                0x00018df0                GT_config_setOutTrace
                0x00018d80                GTConfig_tracePrintf
                0x00018cf0                GTConfig_gettimeofday
                0x00018d7c                GTConfig_threadId
                0x00018ca0                GTConfig_pthreadUnlock
                0x00018cc8                GTConfig_pthreadLock
                0x00018e24                GTConfig_posixInit
 .text          0x0001905c      0xbb4 /media/disk/OE/work/ti/ti-codec-engine-tree/packages/ti/sdo/ce/osal/linux/lib/release/osal_linux_470.av5T(SemMP_posix.ov5T)
                0x00019878                SemMP_create
                0x000190d4                SemMP_post
                0x000194b8                SemMP_getRefCount
                0x000195f8                SemMP_delete
                0x000194c8                SemMP_getCount
                0x00019330                SemMP_init
                0x000191c0                SemMP_pend
 .text          0x00019c10      0x47c /media/disk/OE/work/ti/ti-codec-engine-tree/packages/ti/sdo/ce/osal/linux/lib/release/osal_linux_470.av5T(Sem_posix.ov5T)
                0x00019c84                Sem_post
                0x00019ecc                Sem_delete
                0x00019e04                Sem_init
                0x00019d24                Sem_pend
                0x00019f68                Sem_create
                0x00019e5c                Sem_getCount
 .text          0x0001a08c      0x828 /media/disk/OE/work/ti/ti-codec-engine-tree/packages/ti/sdo/ce/utils/xdm/lib/release/XdmUtils.av5T(XdmUtils.ov5T)
                0x0001a08c                XdmUtils_validateVideo1BufDesc
                0x0001a290                XdmUtils_validateVideoBufDesc
                0x0001a5f0                XdmUtils_validateSparseBufDesc
                0x0001a494                XdmUtils_validateSparseBufDesc1
                0x0001a744                XdmUtils_validateExtendedStruct
                0x0001a874                XdmUtils_init
 .text          0x0001a8b4      0xf5c /media/disk/OE/work/ti/ti-framework-components-tree/packages/ti/sdo/utils/trace/lib/release/gt.av5T(gt.ov5T)
                0x0001b560                _GT_set
                0x0001b7a8                _GT_create
                0x0001aa48                _GT_trace
                0x0001b2f0                GT_getModNameFlags
                0x0001a8f0                GT_disable
                0x0001a8b4                GT_curTime
                0x0001a930                GT_enable
                0x0001a950                GT_init
 .text          0x0001b810      0x218 /media/disk/OE/work/ti/ti-local-power-manager-tree/packages/ti/bios/power/lib/release/lpm_linux.av5T(lpm_api.ov5T)
                0x0001b828                LPM_setPowerState
                0x0001ba08                LPM_close
                0x0001b820                LPM_regExtPowerOn
                0x0001b914                LPM_disconnect
                0x0001b848                LPM_set
                0x0001b8ec                LPM_off
                0x0001b868                LPM_resume
                0x0001b984                LPM_open
                0x0001b890                LPM_on
                0x0001b810                LPM_exit
                0x0001b964                LPM_clear
                0x0001b818                LPM_regExtPowerOff
                0x0001b93c                LPM_connect
                0x0001b814                LPM_init
 .text          0x0001ba28      0xa78 /media/disk/OE/work/ti/ti-linuxutils-tree/packages/ti/sdo/linuxutils/cmem/lib/cmem.a470MV(cmem.o470MV)
                0x0001c344                CMEM_init
                0x0001c0e0                CMEM_allocPool
                0x0001bd38                CMEM_cacheWb
                0x0001bf90                CMEM_unregister
                0x0001c334                CMEM_alloc
                0x0001c0dc                CMEM_allocPool2
                0x0001c0f0                CMEM_registerAlloc
                0x0001bba8                CMEM_getBlockAttrs
                0x0001bbc0                CMEM_getVersion
                0x0001bc30                CMEM_cacheInv
                0x0001bec4                CMEM_free
                0x0001bcb4                CMEM_cacheWbInv
                0x0001bbb0                CMEM_getBlock
                0x0001bdbc                CMEM_getPhys
                0x0001beb4                CMEM_getPool2
                0x0001c330                CMEM_alloc2
                0x0001beb8                CMEM_getPool
                0x0001bab8                CMEM_exit
 .text          0x0001c4a0    0x14640 /media/disk/OE/work/ti/ti-dsplink-tree/packages/dsplink/gpp/export/BIN/Linux/OMAP3530/RELEASE/dsplink.lib
                0x0001e110                _RingIO_moduleInit
                0x00027438                MPLIST_close
                0x0002c260                PROC_GetSymbolAddress
                0x0002b89c                PROC_getState
                0x0002935c                MSGQ_getSrcQueue
                0x00028cd4                MSGQ_open
                0x0002bd90                PROC_write
                0x000255f8                DRV_ProtectLeave
                0x0002a53c                POOL_invalidate
                0x00021828                _RingIO_getFirstAttr
                0x00022f5c                CHNL_allocateBuffer
                0x00028dbc                MSGQ_close
                0x0002b43c                PROC_detach
                0x0001e588                _RingIO_init
                0x00021130                _RingIO_callNotifier
                0x00020d50                _RingIO_writerCancel
                0x0002e088                RingIO_close
                0x000216a4                _RingIO_getFirstAcquiredAttr
                0x0002a6bc                PROC_setup
                0x0001c5dc                _IDM_USR_delete
                0x0001d698                _MPLIST_exit
                0x000252f4                DRV_ProtectInit
                0x0001f294                _RingIO_writerRelease
                0x0001dd2c                _POOL_init
                0x0001c640                _IDM_USR_acquireId
                0x0002f7d0                RingIO_flush
                0x0002995c                NOTIFY_notify
                0x000224b8                _SYNC_USR_exit
                0x00021eb0                RingIO_notifyCallback
                0x0002f128                RingIO_setAttribute
                0x00022630                _SYNC_USR_createCS
                0x0001dab4                _NOTIFY_exit
                0x00029d28                POOL_close
                0x00023414                CHNL_flush
                0x000291d0                MSGQ_put
                0x00029270                MSGQ_get
                0x00030290                RingIO_getValidSize
                0x00020110                _RingIO_writerFlush
                0x0001c754                _MEM_USR_init
                0x0002bcd4                PROC_read
                0x000301f4                RingIO_sendNotify
                0x00026110                MPCS_open
                0x000228c8                _SYNC_USR_deleteCS
                0x0001f7a0                _RingIO_writerSetvAttribute
                0x00021030                _RingIO_readerCancel
                0x0001d128                _MPLIST_moduleInit
                0x00029ae8                POOL_open
                0x0002a3bc                POOL_writeback
                0x00027768                MPLIST_insertBefore
                0x00021540                _RingIO_initInstance
                0x00022cac                _SYNC_USR_stateObjInit
                0x0002cf6c                RingIO_delete
                0x00023170                CHNL_issue
                0x00029f10                POOL_alloc
                0x0001c550                _IDM_USR_create
                0x0001e3a8                _RingIO_moduleExit
                0x000308cc                RingIO_getEmptyAttrSize
                0x000229c4                _SYNC_USR_enterCS
                0x0001ec50                _RingIO_readerAcquire
                0x0002aad4                PROC_destroy
                0x0001de0c                _POOL_exit
                0x00026798                MPLIST_create
                0x00029fc8                POOL_free
                0x0002e9dc                RingIO_release
                0x00026610                MPCS_leave
                0x0002aec0                PROC_attach
                0x000235b4                DRV_Initialize
                0x0002c310                PROC_control
                0x00021dd0                _RingIO_isOffsetInBetween
                0x000213e8                _RingIO_checkNotifier
                0x0001f510                _RingIO_readerRelease
                0x0002baac                PROC_load
                0x00025da0                MPCS_delete
                0x0002c4a8                PROC_Setup
                0x000297bc                NOTIFY_unregister
                0x00029400                MSGQ_count
                0x0001d384                _MPLIST_moduleExit
                0x0001cfa8                _MPCS_OS_open
                0x000280cc                MPLIST_first
                0x00029150                MSGQ_free
                0x000254d8                DRV_ProtectEnter
                0x00028e44                MSGQ_locate
                0x0001d074                _MPCS_OS_close
                0x00029524                NOTIFY_register
                0x0002d7cc                RingIO_open
                0x0002bc90                PROC_loadSection
                0x00027dcc                MPLIST_removeElement
                0x0001c7ac                _MEM_USR_alloc
                0x000282cc                MPLIST_next
                0x0001c6e4                _IDM_USR_releaseId
                0x0001c938                _MPCS_init
                0x00028ff0                MSGQ_release
                0x0001cc1c                _MPCS_open
                0x0001c4a0                _IDM_USR_init
                0x0002fc08                RingIO_setNotifier
                0x0001e718                _RingIO_exit
                0x0002f1b8                RingIO_getvAttribute
                0x000222cc                _RingIO_releaseLock
                0x0002e698                RingIO_acquire
                0x000288a8                MSGQ_transportOpen
                0x00022e98                CHNL_delete
                0x00022ae0                _SYNC_USR_leaveCS
                0x00026c4c                MPLIST_delete
                0x0001c780                _MEM_USR_exit
                0x000304a4                RingIO_getEmptySize
                0x00028aec                MSGQ_transportClose
                0x00023350                CHNL_idle
                0x0002a1a8                POOL_getPoolId
                0x0002a080                POOL_translateAddr
                0x0001fc2c                _RingIO_readerGetvAttribute
                0x0001d81c                _NOTIFY_init
                0x00027658                MPLIST_isEmpty
                0x0001c83c                _MEM_USR_calloc
                0x00021c04                _RingIO_getContiguousDataSize
                0x000219f8                _RingIO_releaseAttribute
                0x0002c3a8                PROC_resetCurStatus
                0x0001deec                _POOL_xltBuf
                0x0001d528                _MPLIST_init
                0x00027054                MPLIST_open
                0x00022284                _RingIO_acquireLock
                0x0002eda0                RingIO_cancel
                0x0001c8d0                _MEM_USR_free
                0x0002be4c                PROC_start
                0x000234d8                CHNL_control
                0x00022be8                _SYNC_USR_sleep
                0x0002f0a4                RingIO_getAttribute
                0x0002543c                DRV_ProtectExit
                0x00023a40                DRV_Invoke
                0x0002c4d0                RingIO_create
                0x00029078                MSGQ_alloc
                0x000306b8                RingIO_getValidAttrSize
                0x000238c4                DRV_Finalize
                0x000294b0                MSGQ_setErrorHandler
                0x00027aa0                MPLIST_putTail
                0x00028f10                MSGQ_locateAsync
                0x00022314                _SYNC_USR_init
                0x000263b0                MPCS_enter
                0x0002c078                PROC_stop
                0x00023070                CHNL_freeBuffer
                0x0002f4cc                RingIO_setvAttribute
                0x00022d2c                CHNL_create
                0x00026230                MPCS_close
                0x0001e8d8                _RingIO_writerAcquire
                0x0001ca8c                _MPCS_exit
                0x00023268                CHNL_reclaim
                0x0001c4f8                _IDM_USR_exit
                0x00025914                MPCS_create
                0x00020778                _RingIO_readerFlush
                0x00028564                MPLIST_getHead
                0x00021f5c                _RingIO_updateAttributes
 .text          0x00030ae0       0xc4 /media/disk/OE/build/tmp-angstrom_2008_1/cross/armv7a/lib/gcc/arm-angstrom-linux-gnueabi/4.3.3/libgcc.a(_udivsi3.o)
                0x00030ae0                __udivsi3
                0x00030ae0                __aeabi_uidiv
                0x00030b8c                __aeabi_uidivmod
 .text          0x00030ba4       0x10 /media/disk/OE/build/tmp-angstrom_2008_1/cross/armv7a/lib/gcc/arm-angstrom-linux-gnueabi/4.3.3/libgcc.a(_dvmd_lnx.o)
                0x00030ba4                __div0
 .text          0x00030bb4       0x78 /media/disk/OE/build/tmp-angstrom_2008_1/sysroots/armv7a-angstrom-linux-gnueabi/usr/lib/libc_nonshared.a(elf-init.oS)
                0x00030bb4                __libc_csu_fini
                0x00030bb8                __libc_csu_init
 .text          0x00030c2c       0x28 /media/disk/OE/build/tmp-angstrom_2008_1/sysroots/armv7a-angstrom-linux-gnueabi/usr/lib/libc_nonshared.a(atexit.oS)
                0x00030c2c                atexit
 .text          0x00030c54        0x0 /media/disk/OE/build/tmp-angstrom_2008_1/cross/armv7a/lib/gcc/arm-angstrom-linux-gnueabi/4.3.3/crtend.o
 .text          0x00030c54        0x0 /media/disk/OE/build/tmp-angstrom_2008_1/sysroots/armv7a-angstrom-linux-gnueabi/usr/lib/crtn.o
 *(.gnu.warning)
 *(.glue_7t)
 .glue_7t       0x00030c54        0x0 /media/disk/OE/build/tmp-angstrom_2008_1/sysroots/armv7a-angstrom-linux-gnueabi/usr/lib/crt1.o
 .glue_7t       0x00030c54        0x0 /media/disk/OE/build/tmp-angstrom_2008_1/sysroots/armv7a-angstrom-linux-gnueabi/usr/lib/crti.o
 .glue_7t       0x00030c54        0x0 /media/disk/OE/build/tmp-angstrom_2008_1/cross/armv7a/lib/gcc/arm-angstrom-linux-gnueabi/4.3.3/crtbegin.o
 .glue_7t       0x00030c54        0x0 /media/disk/OE/build/tmp-angstrom_2008_1/sysroots/armv7a-angstrom-linux-gnueabi/lib/libpthread.so.0
 .glue_7t       0x00030c54        0x0 /media/disk/OE/build/tmp-angstrom_2008_1/sysroots/armv7a-angstrom-linux-gnueabi/usr/lib/libm.so
 .glue_7t       0x00030c54        0x0 cvDFTtest.evm3530.ov5T
 .glue_7t       0x00030c54        0x0 smain.evm3530.ov5T
 .glue_7t       0x00030c54        0x0 linux/main.evm3530.ov5T
 .glue_7t       0x00030c54        0x0 /media/disk/OE/work/ti/my_fir_test/gsoc/apps/cvDFT/cfg/linux/remote_ti_platforms_evm3530/package/cfg/remote_ti_platforms_evm3530_xv5T.ov5T
 .glue_7t       0x00030c54        0x0 /media/disk/OE/work/ti/ti-codec-engine-tree/packages/ti/sdo/ce/universal/lib/release/universal.av5T(universal_stubs.ov5T)
 .glue_7t       0x00030c54        0x0 /media/disk/OE/work/ti/ti-codec-engine-tree/packages/ti/sdo/ce/universal/lib/release/universal.av5T(universal.ov5T)
 .glue_7t       0x00030c54        0x0 /media/disk/OE/work/ti/ti-codec-engine-tree/packages/ti/sdo/ce/lib/release/ce.av5T(Server.ov5T)
 .glue_7t       0x00030c54        0x0 /media/disk/OE/work/ti/ti-codec-engine-tree/packages/ti/sdo/ce/lib/release/ce.av5T(Engine.ov5T)
 .glue_7t       0x00030c54        0x0 /media/disk/OE/work/ti/ti-codec-engine-tree/packages/ti/sdo/ce/lib/release/ce.av5T(visa.ov5T)
 .glue_7t       0x00030c54        0x0 /media/disk/OE/work/ti/ti-codec-engine-tree/packages/ti/sdo/ce/lib/release/ce.av5T(package_ti.sdo.ce.ov5T)
 .glue_7t       0x00030c54        0x0 /media/disk/OE/work/ti/ti-codec-engine-tree/packages/ti/sdo/ce/alg/lib/release/Algorithm_noOS.av5T(Algorithm_noOS.ov5T)
 .glue_7t       0x00030c54        0x0 /media/disk/OE/work/ti/ti-codec-engine-tree/packages/ti/sdo/ce/alg/lib/release/alg.av5T(alg_create.ov5T)
 .glue_7t       0x00030c54        0x0 /media/disk/OE/work/ti/ti-codec-engine-tree/packages/ti/sdo/ce/alg/lib/release/alg.av5T(alg_malloc.ov5T)
 .glue_7t       0x00030c54        0x0 /media/disk/OE/work/ti/ti-codec-engine-tree/packages/ti/sdo/ce/ipc/dsplink/lib/release/ipc_dsplink_3530.av5T(Processor_dsplink.ov5T)
 .glue_7t       0x00030c54        0x0 /media/disk/OE/work/ti/ti-codec-engine-tree/packages/ti/sdo/ce/ipc/dsplink/lib/release/ipc_dsplink_3530.av5T(Power_dsplink.ov5T)
 .glue_7t       0x00030c54        0x0 /media/disk/OE/work/ti/ti-codec-engine-tree/packages/ti/sdo/ce/ipc/dsplink/lib/release/ipc_dsplink_3530.av5T(Comm_dsplink.ov5T)
 .glue_7t       0x00030c54        0x0 /media/disk/OE/work/ti/ti-codec-engine-tree/packages/ti/sdo/ce/ipc/dsplink/lib/release/ipc_dsplink_3530.av5T(Processor_dsplink_linkcfg_OMAP3530.ov5T)
 .glue_7t       0x00030c54        0x0 /media/disk/OE/work/ti/ti-codec-engine-tree/packages/ti/sdo/ce/ipc/dsplink/lib/release/ipc_dsplink_3530.av5T(Processor_dsplink_linkcfg_OS.ov5T)
 .glue_7t       0x00030c54        0x0 /media/disk/OE/work/ti/ti-codec-engine-tree/packages/ti/sdo/ce/osal/linux/lib/release/osal_linux_470.av5T(LockMP_posix.ov5T)
 .glue_7t       0x00030c54        0x0 /media/disk/OE/work/ti/ti-codec-engine-tree/packages/ti/sdo/ce/osal/linux/lib/release/osal_linux_470.av5T(Queue_posix.ov5T)
 .glue_7t       0x00030c54        0x0 /media/disk/OE/work/ti/ti-codec-engine-tree/packages/ti/sdo/ce/osal/linux/lib/release/osal_linux_470.av5T(GT_config_libC.ov5T)
 .glue_7t       0x00030c54        0x0 /media/disk/OE/work/ti/ti-codec-engine-tree/packages/ti/sdo/ce/osal/linux/lib/release/osal_linux_470.av5T(File_posix.ov5T)
 .glue_7t       0x00030c54        0x0 /media/disk/OE/work/ti/ti-codec-engine-tree/packages/ti/sdo/ce/osal/linux/lib/release/osal_linux_470.av5T(Memory_cmem.ov5T)
 .glue_7t       0x00030c54        0x0 /media/disk/OE/work/ti/ti-codec-engine-tree/packages/ti/sdo/ce/osal/linux/lib/release/osal_linux_470.av5T(Global_noOS.ov5T)
 .glue_7t       0x00030c54        0x0 /media/disk/OE/work/ti/ti-codec-engine-tree/packages/ti/sdo/ce/osal/linux/lib/release/osal_linux_470.av5T(Thread_posix.ov5T)
 .glue_7t       0x00030c54        0x0 /media/disk/OE/work/ti/ti-codec-engine-tree/packages/ti/sdo/ce/osal/linux/lib/release/osal_linux_470.av5T(Log_noOS.ov5T)
 .glue_7t       0x00030c54        0x0 /media/disk/OE/work/ti/ti-codec-engine-tree/packages/ti/sdo/ce/osal/linux/lib/release/osal_linux_470.av5T(Lock_posix.ov5T)
 .glue_7t       0x00030c54        0x0 /media/disk/OE/work/ti/ti-codec-engine-tree/packages/ti/sdo/ce/osal/linux/lib/release/osal_linux_470.av5T(GT_config_posix.ov5T)
 .glue_7t       0x00030c54        0x0 /media/disk/OE/work/ti/ti-codec-engine-tree/packages/ti/sdo/ce/osal/linux/lib/release/osal_linux_470.av5T(SemMP_posix.ov5T)
 .glue_7t       0x00030c54        0x0 /media/disk/OE/work/ti/ti-codec-engine-tree/packages/ti/sdo/ce/osal/linux/lib/release/osal_linux_470.av5T(Sem_posix.ov5T)
 .glue_7t       0x00030c54        0x0 /media/disk/OE/work/ti/ti-codec-engine-tree/packages/ti/sdo/ce/utils/xdm/lib/release/XdmUtils.av5T(XdmUtils.ov5T)
 .glue_7t       0x00030c54        0x0 /media/disk/OE/work/ti/ti-framework-components-tree/packages/ti/sdo/utils/trace/lib/release/gt.av5T(gt.ov5T)
 .glue_7t       0x00030c54        0x0 /media/disk/OE/work/ti/ti-local-power-manager-tree/packages/ti/bios/power/lib/release/lpm_linux.av5T(lpm_api.ov5T)
 .glue_7t       0x00030c54        0x0 /media/disk/OE/work/ti/ti-linuxutils-tree/packages/ti/sdo/linuxutils/cmem/lib/cmem.a470MV(cmem.o470MV)
 .glue_7t       0x00030c54        0x0 /media/disk/OE/work/ti/ti-dsplink-tree/packages/dsplink/gpp/export/BIN/Linux/OMAP3530/RELEASE/dsplink.lib
 .glue_7t       0x00030c54        0x0 /media/disk/OE/build/tmp-angstrom_2008_1/cross/armv7a/lib/gcc/arm-angstrom-linux-gnueabi/4.3.3/libgcc.a(_udivsi3.o)
 .glue_7t       0x00030c54        0x0 /media/disk/OE/build/tmp-angstrom_2008_1/cross/armv7a/lib/gcc/arm-angstrom-linux-gnueabi/4.3.3/libgcc.a(_dvmd_lnx.o)
 .glue_7t       0x00030c54        0x0 /media/disk/OE/build/tmp-angstrom_2008_1/cross/armv7a/lib/gcc/arm-angstrom-linux-gnueabi/4.3.3/../../../../arm-angstrom-linux-gnueabi/lib/libgcc_s.so
 .glue_7t       0x00030c54        0x0 /media/disk/OE/build/tmp-angstrom_2008_1/sysroots/armv7a-angstrom-linux-gnueabi/lib/libc.so.6
 .glue_7t       0x00030c54        0x0 /media/disk/OE/build/tmp-angstrom_2008_1/sysroots/armv7a-angstrom-linux-gnueabi/usr/lib/libc_nonshared.a(elf-init.oS)
 .glue_7t       0x00030c54        0x0 /media/disk/OE/build/tmp-angstrom_2008_1/sysroots/armv7a-angstrom-linux-gnueabi/usr/lib/libc_nonshared.a(atexit.oS)
 .glue_7t       0x00030c54        0x0 /media/disk/OE/build/tmp-angstrom_2008_1/sysroots/armv7a-angstrom-linux-gnueabi/lib/ld-linux.so.3
 .glue_7t       0x00030c54        0x0 /media/disk/OE/build/tmp-angstrom_2008_1/cross/armv7a/lib/gcc/arm-angstrom-linux-gnueabi/4.3.3/../../../../arm-angstrom-linux-gnueabi/lib/libgcc_s.so
 .glue_7t       0x00030c54        0x0 /media/disk/OE/build/tmp-angstrom_2008_1/cross/armv7a/lib/gcc/arm-angstrom-linux-gnueabi/4.3.3/crtend.o
 .glue_7t       0x00030c54        0x0 /media/disk/OE/build/tmp-angstrom_2008_1/sysroots/armv7a-angstrom-linux-gnueabi/usr/lib/crtn.o
 *(.glue_7)
 .glue_7        0x00030c54        0x0 /media/disk/OE/build/tmp-angstrom_2008_1/sysroots/armv7a-angstrom-linux-gnueabi/usr/lib/crt1.o
 .glue_7        0x00030c54        0x0 /media/disk/OE/build/tmp-angstrom_2008_1/sysroots/armv7a-angstrom-linux-gnueabi/usr/lib/crti.o
 .glue_7        0x00030c54        0x0 /media/disk/OE/build/tmp-angstrom_2008_1/cross/armv7a/lib/gcc/arm-angstrom-linux-gnueabi/4.3.3/crtbegin.o
 .glue_7        0x00030c54        0x0 /media/disk/OE/build/tmp-angstrom_2008_1/sysroots/armv7a-angstrom-linux-gnueabi/lib/libpthread.so.0
 .glue_7        0x00030c54        0x0 /media/disk/OE/build/tmp-angstrom_2008_1/sysroots/armv7a-angstrom-linux-gnueabi/usr/lib/libm.so
 .glue_7        0x00030c54        0x0 cvDFTtest.evm3530.ov5T
 .glue_7        0x00030c54        0x0 smain.evm3530.ov5T
 .glue_7        0x00030c54        0x0 linux/main.evm3530.ov5T
 .glue_7        0x00030c54        0x0 /media/disk/OE/work/ti/my_fir_test/gsoc/apps/cvDFT/cfg/linux/remote_ti_platforms_evm3530/package/cfg/remote_ti_platforms_evm3530_xv5T.ov5T
 .glue_7        0x00030c54        0x0 /media/disk/OE/work/ti/ti-codec-engine-tree/packages/ti/sdo/ce/universal/lib/release/universal.av5T(universal_stubs.ov5T)
 .glue_7        0x00030c54        0x0 /media/disk/OE/work/ti/ti-codec-engine-tree/packages/ti/sdo/ce/universal/lib/release/universal.av5T(universal.ov5T)
 .glue_7        0x00030c54        0x0 /media/disk/OE/work/ti/ti-codec-engine-tree/packages/ti/sdo/ce/lib/release/ce.av5T(Server.ov5T)
 .glue_7        0x00030c54        0x0 /media/disk/OE/work/ti/ti-codec-engine-tree/packages/ti/sdo/ce/lib/release/ce.av5T(Engine.ov5T)
 .glue_7        0x00030c54        0x0 /media/disk/OE/work/ti/ti-codec-engine-tree/packages/ti/sdo/ce/lib/release/ce.av5T(visa.ov5T)
 .glue_7        0x00030c54        0x0 /media/disk/OE/work/ti/ti-codec-engine-tree/packages/ti/sdo/ce/lib/release/ce.av5T(package_ti.sdo.ce.ov5T)
 .glue_7        0x00030c54        0x0 /media/disk/OE/work/ti/ti-codec-engine-tree/packages/ti/sdo/ce/alg/lib/release/Algorithm_noOS.av5T(Algorithm_noOS.ov5T)
 .glue_7        0x00030c54        0x0 /media/disk/OE/work/ti/ti-codec-engine-tree/packages/ti/sdo/ce/alg/lib/release/alg.av5T(alg_create.ov5T)
 .glue_7        0x00030c54        0x0 /media/disk/OE/work/ti/ti-codec-engine-tree/packages/ti/sdo/ce/alg/lib/release/alg.av5T(alg_malloc.ov5T)
 .glue_7        0x00030c54        0x0 /media/disk/OE/work/ti/ti-codec-engine-tree/packages/ti/sdo/ce/ipc/dsplink/lib/release/ipc_dsplink_3530.av5T(Processor_dsplink.ov5T)
 .glue_7        0x00030c54        0x0 /media/disk/OE/work/ti/ti-codec-engine-tree/packages/ti/sdo/ce/ipc/dsplink/lib/release/ipc_dsplink_3530.av5T(Power_dsplink.ov5T)
 .glue_7        0x00030c54        0x0 /media/disk/OE/work/ti/ti-codec-engine-tree/packages/ti/sdo/ce/ipc/dsplink/lib/release/ipc_dsplink_3530.av5T(Comm_dsplink.ov5T)
 .glue_7        0x00030c54        0x0 /media/disk/OE/work/ti/ti-codec-engine-tree/packages/ti/sdo/ce/ipc/dsplink/lib/release/ipc_dsplink_3530.av5T(Processor_dsplink_linkcfg_OMAP3530.ov5T)
 .glue_7        0x00030c54        0x0 /media/disk/OE/work/ti/ti-codec-engine-tree/packages/ti/sdo/ce/ipc/dsplink/lib/release/ipc_dsplink_3530.av5T(Processor_dsplink_linkcfg_OS.ov5T)
 .glue_7        0x00030c54        0x0 /media/disk/OE/work/ti/ti-codec-engine-tree/packages/ti/sdo/ce/osal/linux/lib/release/osal_linux_470.av5T(LockMP_posix.ov5T)
 .glue_7        0x00030c54        0x0 /media/disk/OE/work/ti/ti-codec-engine-tree/packages/ti/sdo/ce/osal/linux/lib/release/osal_linux_470.av5T(Queue_posix.ov5T)
 .glue_7        0x00030c54        0x0 /media/disk/OE/work/ti/ti-codec-engine-tree/packages/ti/sdo/ce/osal/linux/lib/release/osal_linux_470.av5T(GT_config_libC.ov5T)
 .glue_7        0x00030c54        0x0 /media/disk/OE/work/ti/ti-codec-engine-tree/packages/ti/sdo/ce/osal/linux/lib/release/osal_linux_470.av5T(File_posix.ov5T)
 .glue_7        0x00030c54        0x0 /media/disk/OE/work/ti/ti-codec-engine-tree/packages/ti/sdo/ce/osal/linux/lib/release/osal_linux_470.av5T(Memory_cmem.ov5T)
 .glue_7        0x00030c54        0x0 /media/disk/OE/work/ti/ti-codec-engine-tree/packages/ti/sdo/ce/osal/linux/lib/release/osal_linux_470.av5T(Global_noOS.ov5T)
 .glue_7        0x00030c54        0x0 /media/disk/OE/work/ti/ti-codec-engine-tree/packages/ti/sdo/ce/osal/linux/lib/release/osal_linux_470.av5T(Thread_posix.ov5T)
 .glue_7        0x00030c54        0x0 /media/disk/OE/work/ti/ti-codec-engine-tree/packages/ti/sdo/ce/osal/linux/lib/release/osal_linux_470.av5T(Log_noOS.ov5T)
 .glue_7        0x00030c54        0x0 /media/disk/OE/work/ti/ti-codec-engine-tree/packages/ti/sdo/ce/osal/linux/lib/release/osal_linux_470.av5T(Lock_posix.ov5T)
 .glue_7        0x00030c54        0x0 /media/disk/OE/work/ti/ti-codec-engine-tree/packages/ti/sdo/ce/osal/linux/lib/release/osal_linux_470.av5T(GT_config_posix.ov5T)
 .glue_7        0x00030c54        0x0 /media/disk/OE/work/ti/ti-codec-engine-tree/packages/ti/sdo/ce/osal/linux/lib/release/osal_linux_470.av5T(SemMP_posix.ov5T)
 .glue_7        0x00030c54        0x0 /media/disk/OE/work/ti/ti-codec-engine-tree/packages/ti/sdo/ce/osal/linux/lib/release/osal_linux_470.av5T(Sem_posix.ov5T)
 .glue_7        0x00030c54        0x0 /media/disk/OE/work/ti/ti-codec-engine-tree/packages/ti/sdo/ce/utils/xdm/lib/release/XdmUtils.av5T(XdmUtils.ov5T)
 .glue_7        0x00030c54        0x0 /media/disk/OE/work/ti/ti-framework-components-tree/packages/ti/sdo/utils/trace/lib/release/gt.av5T(gt.ov5T)
 .glue_7        0x00030c54        0x0 /media/disk/OE/work/ti/ti-local-power-manager-tree/packages/ti/bios/power/lib/release/lpm_linux.av5T(lpm_api.ov5T)
 .glue_7        0x00030c54        0x0 /media/disk/OE/work/ti/ti-linuxutils-tree/packages/ti/sdo/linuxutils/cmem/lib/cmem.a470MV(cmem.o470MV)
 .glue_7        0x00030c54        0x0 /media/disk/OE/work/ti/ti-dsplink-tree/packages/dsplink/gpp/export/BIN/Linux/OMAP3530/RELEASE/dsplink.lib
 .glue_7        0x00030c54        0x0 /media/disk/OE/build/tmp-angstrom_2008_1/cross/armv7a/lib/gcc/arm-angstrom-linux-gnueabi/4.3.3/libgcc.a(_udivsi3.o)
 .glue_7        0x00030c54        0x0 /media/disk/OE/build/tmp-angstrom_2008_1/cross/armv7a/lib/gcc/arm-angstrom-linux-gnueabi/4.3.3/libgcc.a(_dvmd_lnx.o)
 .glue_7        0x00030c54        0x0 /media/disk/OE/build/tmp-angstrom_2008_1/cross/armv7a/lib/gcc/arm-angstrom-linux-gnueabi/4.3.3/../../../../arm-angstrom-linux-gnueabi/lib/libgcc_s.so
 .glue_7        0x00030c54        0x0 /media/disk/OE/build/tmp-angstrom_2008_1/sysroots/armv7a-angstrom-linux-gnueabi/lib/libc.so.6
 .glue_7        0x00030c54        0x0 /media/disk/OE/build/tmp-angstrom_2008_1/sysroots/armv7a-angstrom-linux-gnueabi/usr/lib/libc_nonshared.a(elf-init.oS)
 .glue_7        0x00030c54        0x0 /media/disk/OE/build/tmp-angstrom_2008_1/sysroots/armv7a-angstrom-linux-gnueabi/usr/lib/libc_nonshared.a(atexit.oS)
 .glue_7        0x00030c54        0x0 /media/disk/OE/build/tmp-angstrom_2008_1/sysroots/armv7a-angstrom-linux-gnueabi/lib/ld-linux.so.3
 .glue_7        0x00030c54        0x0 /media/disk/OE/build/tmp-angstrom_2008_1/cross/armv7a/lib/gcc/arm-angstrom-linux-gnueabi/4.3.3/../../../../arm-angstrom-linux-gnueabi/lib/libgcc_s.so
 .glue_7        0x00030c54        0x0 /media/disk/OE/build/tmp-angstrom_2008_1/cross/armv7a/lib/gcc/arm-angstrom-linux-gnueabi/4.3.3/crtend.o
 .glue_7        0x00030c54        0x0 /media/disk/OE/build/tmp-angstrom_2008_1/sysroots/armv7a-angstrom-linux-gnueabi/usr/lib/crtn.o
 *(.vfp11_veneer)
 .vfp11_veneer  0x00030c54        0x0 /media/disk/OE/build/tmp-angstrom_2008_1/sysroots/armv7a-angstrom-linux-gnueabi/usr/lib/crt1.o
 .vfp11_veneer  0x00030c54        0x0 /media/disk/OE/build/tmp-angstrom_2008_1/sysroots/armv7a-angstrom-linux-gnueabi/usr/lib/crti.o
 .vfp11_veneer  0x00030c54        0x0 /media/disk/OE/build/tmp-angstrom_2008_1/cross/armv7a/lib/gcc/arm-angstrom-linux-gnueabi/4.3.3/crtbegin.o
 .vfp11_veneer  0x00030c54        0x0 /media/disk/OE/build/tmp-angstrom_2008_1/sysroots/armv7a-angstrom-linux-gnueabi/lib/libpthread.so.0
 .vfp11_veneer  0x00030c54        0x0 /media/disk/OE/build/tmp-angstrom_2008_1/sysroots/armv7a-angstrom-linux-gnueabi/usr/lib/libm.so
 .vfp11_veneer  0x00030c54        0x0 cvDFTtest.evm3530.ov5T
 .vfp11_veneer  0x00030c54        0x0 smain.evm3530.ov5T
 .vfp11_veneer  0x00030c54        0x0 linux/main.evm3530.ov5T
 .vfp11_veneer  0x00030c54        0x0 /media/disk/OE/work/ti/my_fir_test/gsoc/apps/cvDFT/cfg/linux/remote_ti_platforms_evm3530/package/cfg/remote_ti_platforms_evm3530_xv5T.ov5T
 .vfp11_veneer  0x00030c54        0x0 /media/disk/OE/work/ti/ti-codec-engine-tree/packages/ti/sdo/ce/universal/lib/release/universal.av5T(universal_stubs.ov5T)
 .vfp11_veneer  0x00030c54        0x0 /media/disk/OE/work/ti/ti-codec-engine-tree/packages/ti/sdo/ce/universal/lib/release/universal.av5T(universal.ov5T)
 .vfp11_veneer  0x00030c54        0x0 /media/disk/OE/work/ti/ti-codec-engine-tree/packages/ti/sdo/ce/lib/release/ce.av5T(Server.ov5T)
 .vfp11_veneer  0x00030c54        0x0 /media/disk/OE/work/ti/ti-codec-engine-tree/packages/ti/sdo/ce/lib/release/ce.av5T(Engine.ov5T)
 .vfp11_veneer  0x00030c54        0x0 /media/disk/OE/work/ti/ti-codec-engine-tree/packages/ti/sdo/ce/lib/release/ce.av5T(visa.ov5T)
 .vfp11_veneer  0x00030c54        0x0 /media/disk/OE/work/ti/ti-codec-engine-tree/packages/ti/sdo/ce/lib/release/ce.av5T(package_ti.sdo.ce.ov5T)
 .vfp11_veneer  0x00030c54        0x0 /media/disk/OE/work/ti/ti-codec-engine-tree/packages/ti/sdo/ce/alg/lib/release/Algorithm_noOS.av5T(Algorithm_noOS.ov5T)
 .vfp11_veneer  0x00030c54        0x0 /media/disk/OE/work/ti/ti-codec-engine-tree/packages/ti/sdo/ce/alg/lib/release/alg.av5T(alg_create.ov5T)
 .vfp11_veneer  0x00030c54        0x0 /media/disk/OE/work/ti/ti-codec-engine-tree/packages/ti/sdo/ce/alg/lib/release/alg.av5T(alg_malloc.ov5T)
 .vfp11_veneer  0x00030c54        0x0 /media/disk/OE/work/ti/ti-codec-engine-tree/packages/ti/sdo/ce/ipc/dsplink/lib/release/ipc_dsplink_3530.av5T(Processor_dsplink.ov5T)
 .vfp11_veneer  0x00030c54        0x0 /media/disk/OE/work/ti/ti-codec-engine-tree/packages/ti/sdo/ce/ipc/dsplink/lib/release/ipc_dsplink_3530.av5T(Power_dsplink.ov5T)
 .vfp11_veneer  0x00030c54        0x0 /media/disk/OE/work/ti/ti-codec-engine-tree/packages/ti/sdo/ce/ipc/dsplink/lib/release/ipc_dsplink_3530.av5T(Comm_dsplink.ov5T)
 .vfp11_veneer  0x00030c54        0x0 /media/disk/OE/work/ti/ti-codec-engine-tree/packages/ti/sdo/ce/ipc/dsplink/lib/release/ipc_dsplink_3530.av5T(Processor_dsplink_linkcfg_OMAP3530.ov5T)
 .vfp11_veneer  0x00030c54        0x0 /media/disk/OE/work/ti/ti-codec-engine-tree/packages/ti/sdo/ce/ipc/dsplink/lib/release/ipc_dsplink_3530.av5T(Processor_dsplink_linkcfg_OS.ov5T)
 .vfp11_veneer  0x00030c54        0x0 /media/disk/OE/work/ti/ti-codec-engine-tree/packages/ti/sdo/ce/osal/linux/lib/release/osal_linux_470.av5T(LockMP_posix.ov5T)
 .vfp11_veneer  0x00030c54        0x0 /media/disk/OE/work/ti/ti-codec-engine-tree/packages/ti/sdo/ce/osal/linux/lib/release/osal_linux_470.av5T(Queue_posix.ov5T)
 .vfp11_veneer  0x00030c54        0x0 /media/disk/OE/work/ti/ti-codec-engine-tree/packages/ti/sdo/ce/osal/linux/lib/release/osal_linux_470.av5T(GT_config_libC.ov5T)
 .vfp11_veneer  0x00030c54        0x0 /media/disk/OE/work/ti/ti-codec-engine-tree/packages/ti/sdo/ce/osal/linux/lib/release/osal_linux_470.av5T(File_posix.ov5T)
 .vfp11_veneer  0x00030c54        0x0 /media/disk/OE/work/ti/ti-codec-engine-tree/packages/ti/sdo/ce/osal/linux/lib/release/osal_linux_470.av5T(Memory_cmem.ov5T)
 .vfp11_veneer  0x00030c54        0x0 /media/disk/OE/work/ti/ti-codec-engine-tree/packages/ti/sdo/ce/osal/linux/lib/release/osal_linux_470.av5T(Global_noOS.ov5T)
 .vfp11_veneer  0x00030c54        0x0 /media/disk/OE/work/ti/ti-codec-engine-tree/packages/ti/sdo/ce/osal/linux/lib/release/osal_linux_470.av5T(Thread_posix.ov5T)
 .vfp11_veneer  0x00030c54        0x0 /media/disk/OE/work/ti/ti-codec-engine-tree/packages/ti/sdo/ce/osal/linux/lib/release/osal_linux_470.av5T(Log_noOS.ov5T)
 .vfp11_veneer  0x00030c54        0x0 /media/disk/OE/work/ti/ti-codec-engine-tree/packages/ti/sdo/ce/osal/linux/lib/release/osal_linux_470.av5T(Lock_posix.ov5T)
 .vfp11_veneer  0x00030c54        0x0 /media/disk/OE/work/ti/ti-codec-engine-tree/packages/ti/sdo/ce/osal/linux/lib/release/osal_linux_470.av5T(GT_config_posix.ov5T)
 .vfp11_veneer  0x00030c54        0x0 /media/disk/OE/work/ti/ti-codec-engine-tree/packages/ti/sdo/ce/osal/linux/lib/release/osal_linux_470.av5T(SemMP_posix.ov5T)
 .vfp11_veneer  0x00030c54        0x0 /media/disk/OE/work/ti/ti-codec-engine-tree/packages/ti/sdo/ce/osal/linux/lib/release/osal_linux_470.av5T(Sem_posix.ov5T)
 .vfp11_veneer  0x00030c54        0x0 /media/disk/OE/work/ti/ti-codec-engine-tree/packages/ti/sdo/ce/utils/xdm/lib/release/XdmUtils.av5T(XdmUtils.ov5T)
 .vfp11_veneer  0x00030c54        0x0 /media/disk/OE/work/ti/ti-framework-components-tree/packages/ti/sdo/utils/trace/lib/release/gt.av5T(gt.ov5T)
 .vfp11_veneer  0x00030c54        0x0 /media/disk/OE/work/ti/ti-local-power-manager-tree/packages/ti/bios/power/lib/release/lpm_linux.av5T(lpm_api.ov5T)
 .vfp11_veneer  0x00030c54        0x0 /media/disk/OE/work/ti/ti-linuxutils-tree/packages/ti/sdo/linuxutils/cmem/lib/cmem.a470MV(cmem.o470MV)
 .vfp11_veneer  0x00030c54        0x0 /media/disk/OE/work/ti/ti-dsplink-tree/packages/dsplink/gpp/export/BIN/Linux/OMAP3530/RELEASE/dsplink.lib
 .vfp11_veneer  0x00030c54        0x0 /media/disk/OE/build/tmp-angstrom_2008_1/cross/armv7a/lib/gcc/arm-angstrom-linux-gnueabi/4.3.3/libgcc.a(_udivsi3.o)
 .vfp11_veneer  0x00030c54        0x0 /media/disk/OE/build/tmp-angstrom_2008_1/cross/armv7a/lib/gcc/arm-angstrom-linux-gnueabi/4.3.3/libgcc.a(_dvmd_lnx.o)
 .vfp11_veneer  0x00030c54        0x0 /media/disk/OE/build/tmp-angstrom_2008_1/cross/armv7a/lib/gcc/arm-angstrom-linux-gnueabi/4.3.3/../../../../arm-angstrom-linux-gnueabi/lib/libgcc_s.so
 .vfp11_veneer  0x00030c54        0x0 /media/disk/OE/build/tmp-angstrom_2008_1/sysroots/armv7a-angstrom-linux-gnueabi/lib/libc.so.6
 .vfp11_veneer  0x00030c54        0x0 /media/disk/OE/build/tmp-angstrom_2008_1/sysroots/armv7a-angstrom-linux-gnueabi/usr/lib/libc_nonshared.a(elf-init.oS)
 .vfp11_veneer  0x00030c54        0x0 /media/disk/OE/build/tmp-angstrom_2008_1/sysroots/armv7a-angstrom-linux-gnueabi/usr/lib/libc_nonshared.a(atexit.oS)
 .vfp11_veneer  0x00030c54        0x0 /media/disk/OE/build/tmp-angstrom_2008_1/sysroots/armv7a-angstrom-linux-gnueabi/lib/ld-linux.so.3
 .vfp11_veneer  0x00030c54        0x0 /media/disk/OE/build/tmp-angstrom_2008_1/cross/armv7a/lib/gcc/arm-angstrom-linux-gnueabi/4.3.3/../../../../arm-angstrom-linux-gnueabi/lib/libgcc_s.so
 .vfp11_veneer  0x00030c54        0x0 /media/disk/OE/build/tmp-angstrom_2008_1/cross/armv7a/lib/gcc/arm-angstrom-linux-gnueabi/4.3.3/crtend.o
 .vfp11_veneer  0x00030c54        0x0 /media/disk/OE/build/tmp-angstrom_2008_1/sysroots/armv7a-angstrom-linux-gnueabi/usr/lib/crtn.o
 *(.v4_bx)
 .v4_bx         0x00030c54        0x0 /media/disk/OE/build/tmp-angstrom_2008_1/sysroots/armv7a-angstrom-linux-gnueabi/usr/lib/crt1.o
 .v4_bx         0x00030c54        0x0 /media/disk/OE/build/tmp-angstrom_2008_1/sysroots/armv7a-angstrom-linux-gnueabi/usr/lib/crti.o
 .v4_bx         0x00030c54        0x0 /media/disk/OE/build/tmp-angstrom_2008_1/cross/armv7a/lib/gcc/arm-angstrom-linux-gnueabi/4.3.3/crtbegin.o
 .v4_bx         0x00030c54        0x0 /media/disk/OE/build/tmp-angstrom_2008_1/sysroots/armv7a-angstrom-linux-gnueabi/lib/libpthread.so.0
 .v4_bx         0x00030c54        0x0 /media/disk/OE/build/tmp-angstrom_2008_1/sysroots/armv7a-angstrom-linux-gnueabi/usr/lib/libm.so
 .v4_bx         0x00030c54        0x0 cvDFTtest.evm3530.ov5T
 .v4_bx         0x00030c54        0x0 smain.evm3530.ov5T
 .v4_bx         0x00030c54        0x0 linux/main.evm3530.ov5T
 .v4_bx         0x00030c54        0x0 /media/disk/OE/work/ti/my_fir_test/gsoc/apps/cvDFT/cfg/linux/remote_ti_platforms_evm3530/package/cfg/remote_ti_platforms_evm3530_xv5T.ov5T
 .v4_bx         0x00030c54        0x0 /media/disk/OE/work/ti/ti-codec-engine-tree/packages/ti/sdo/ce/universal/lib/release/universal.av5T(universal_stubs.ov5T)
 .v4_bx         0x00030c54        0x0 /media/disk/OE/work/ti/ti-codec-engine-tree/packages/ti/sdo/ce/universal/lib/release/universal.av5T(universal.ov5T)
 .v4_bx         0x00030c54        0x0 /media/disk/OE/work/ti/ti-codec-engine-tree/packages/ti/sdo/ce/lib/release/ce.av5T(Server.ov5T)
 .v4_bx         0x00030c54        0x0 /media/disk/OE/work/ti/ti-codec-engine-tree/packages/ti/sdo/ce/lib/release/ce.av5T(Engine.ov5T)
 .v4_bx         0x00030c54        0x0 /media/disk/OE/work/ti/ti-codec-engine-tree/packages/ti/sdo/ce/lib/release/ce.av5T(visa.ov5T)
 .v4_bx         0x00030c54        0x0 /media/disk/OE/work/ti/ti-codec-engine-tree/packages/ti/sdo/ce/lib/release/ce.av5T(package_ti.sdo.ce.ov5T)
 .v4_bx         0x00030c54        0x0 /media/disk/OE/work/ti/ti-codec-engine-tree/packages/ti/sdo/ce/alg/lib/release/Algorithm_noOS.av5T(Algorithm_noOS.ov5T)
 .v4_bx         0x00030c54        0x0 /media/disk/OE/work/ti/ti-codec-engine-tree/packages/ti/sdo/ce/alg/lib/release/alg.av5T(alg_create.ov5T)
 .v4_bx         0x00030c54        0x0 /media/disk/OE/work/ti/ti-codec-engine-tree/packages/ti/sdo/ce/alg/lib/release/alg.av5T(alg_malloc.ov5T)
 .v4_bx         0x00030c54        0x0 /media/disk/OE/work/ti/ti-codec-engine-tree/packages/ti/sdo/ce/ipc/dsplink/lib/release/ipc_dsplink_3530.av5T(Processor_dsplink.ov5T)
 .v4_bx         0x00030c54        0x0 /media/disk/OE/work/ti/ti-codec-engine-tree/packages/ti/sdo/ce/ipc/dsplink/lib/release/ipc_dsplink_3530.av5T(Power_dsplink.ov5T)
 .v4_bx         0x00030c54        0x0 /media/disk/OE/work/ti/ti-codec-engine-tree/packages/ti/sdo/ce/ipc/dsplink/lib/release/ipc_dsplink_3530.av5T(Comm_dsplink.ov5T)
 .v4_bx         0x00030c54        0x0 /media/disk/OE/work/ti/ti-codec-engine-tree/packages/ti/sdo/ce/ipc/dsplink/lib/release/ipc_dsplink_3530.av5T(Processor_dsplink_linkcfg_OMAP3530.ov5T)
 .v4_bx         0x00030c54        0x0 /media/disk/OE/work/ti/ti-codec-engine-tree/packages/ti/sdo/ce/ipc/dsplink/lib/release/ipc_dsplink_3530.av5T(Processor_dsplink_linkcfg_OS.ov5T)
 .v4_bx         0x00030c54        0x0 /media/disk/OE/work/ti/ti-codec-engine-tree/packages/ti/sdo/ce/osal/linux/lib/release/osal_linux_470.av5T(LockMP_posix.ov5T)
 .v4_bx         0x00030c54        0x0 /media/disk/OE/work/ti/ti-codec-engine-tree/packages/ti/sdo/ce/osal/linux/lib/release/osal_linux_470.av5T(Queue_posix.ov5T)
 .v4_bx         0x00030c54        0x0 /media/disk/OE/work/ti/ti-codec-engine-tree/packages/ti/sdo/ce/osal/linux/lib/release/osal_linux_470.av5T(GT_config_libC.ov5T)
 .v4_bx         0x00030c54        0x0 /media/disk/OE/work/ti/ti-codec-engine-tree/packages/ti/sdo/ce/osal/linux/lib/release/osal_linux_470.av5T(File_posix.ov5T)
 .v4_bx         0x00030c54        0x0 /media/disk/OE/work/ti/ti-codec-engine-tree/packages/ti/sdo/ce/osal/linux/lib/release/osal_linux_470.av5T(Memory_cmem.ov5T)
 .v4_bx         0x00030c54        0x0 /media/disk/OE/work/ti/ti-codec-engine-tree/packages/ti/sdo/ce/osal/linux/lib/release/osal_linux_470.av5T(Global_noOS.ov5T)
 .v4_bx         0x00030c54        0x0 /media/disk/OE/work/ti/ti-codec-engine-tree/packages/ti/sdo/ce/osal/linux/lib/release/osal_linux_470.av5T(Thread_posix.ov5T)
 .v4_bx         0x00030c54        0x0 /media/disk/OE/work/ti/ti-codec-engine-tree/packages/ti/sdo/ce/osal/linux/lib/release/osal_linux_470.av5T(Log_noOS.ov5T)
 .v4_bx         0x00030c54        0x0 /media/disk/OE/work/ti/ti-codec-engine-tree/packages/ti/sdo/ce/osal/linux/lib/release/osal_linux_470.av5T(Lock_posix.ov5T)
 .v4_bx         0x00030c54        0x0 /media/disk/OE/work/ti/ti-codec-engine-tree/packages/ti/sdo/ce/osal/linux/lib/release/osal_linux_470.av5T(GT_config_posix.ov5T)
 .v4_bx         0x00030c54        0x0 /media/disk/OE/work/ti/ti-codec-engine-tree/packages/ti/sdo/ce/osal/linux/lib/release/osal_linux_470.av5T(SemMP_posix.ov5T)
 .v4_bx         0x00030c54        0x0 /media/disk/OE/work/ti/ti-codec-engine-tree/packages/ti/sdo/ce/osal/linux/lib/release/osal_linux_470.av5T(Sem_posix.ov5T)
 .v4_bx         0x00030c54        0x0 /media/disk/OE/work/ti/ti-codec-engine-tree/packages/ti/sdo/ce/utils/xdm/lib/release/XdmUtils.av5T(XdmUtils.ov5T)
 .v4_bx         0x00030c54        0x0 /media/disk/OE/work/ti/ti-framework-components-tree/packages/ti/sdo/utils/trace/lib/release/gt.av5T(gt.ov5T)
 .v4_bx         0x00030c54        0x0 /media/disk/OE/work/ti/ti-local-power-manager-tree/packages/ti/bios/power/lib/release/lpm_linux.av5T(lpm_api.ov5T)
 .v4_bx         0x00030c54        0x0 /media/disk/OE/work/ti/ti-linuxutils-tree/packages/ti/sdo/linuxutils/cmem/lib/cmem.a470MV(cmem.o470MV)
 .v4_bx         0x00030c54        0x0 /media/disk/OE/work/ti/ti-dsplink-tree/packages/dsplink/gpp/export/BIN/Linux/OMAP3530/RELEASE/dsplink.lib
 .v4_bx         0x00030c54        0x0 /media/disk/OE/build/tmp-angstrom_2008_1/cross/armv7a/lib/gcc/arm-angstrom-linux-gnueabi/4.3.3/libgcc.a(_udivsi3.o)
 .v4_bx         0x00030c54        0x0 /media/disk/OE/build/tmp-angstrom_2008_1/cross/armv7a/lib/gcc/arm-angstrom-linux-gnueabi/4.3.3/libgcc.a(_dvmd_lnx.o)
 .v4_bx         0x00030c54        0x0 /media/disk/OE/build/tmp-angstrom_2008_1/cross/armv7a/lib/gcc/arm-angstrom-linux-gnueabi/4.3.3/../../../../arm-angstrom-linux-gnueabi/lib/libgcc_s.so
 .v4_bx         0x00030c54        0x0 /media/disk/OE/build/tmp-angstrom_2008_1/sysroots/armv7a-angstrom-linux-gnueabi/lib/libc.so.6
 .v4_bx         0x00030c54        0x0 /media/disk/OE/build/tmp-angstrom_2008_1/sysroots/armv7a-angstrom-linux-gnueabi/usr/lib/libc_nonshared.a(elf-init.oS)
 .v4_bx         0x00030c54        0x0 /media/disk/OE/build/tmp-angstrom_2008_1/sysroots/armv7a-angstrom-linux-gnueabi/usr/lib/libc_nonshared.a(atexit.oS)
 .v4_bx         0x00030c54        0x0 /media/disk/OE/build/tmp-angstrom_2008_1/sysroots/armv7a-angstrom-linux-gnueabi/lib/ld-linux.so.3
 .v4_bx         0x00030c54        0x0 /media/disk/OE/build/tmp-angstrom_2008_1/cross/armv7a/lib/gcc/arm-angstrom-linux-gnueabi/4.3.3/../../../../arm-angstrom-linux-gnueabi/lib/libgcc_s.so
 .v4_bx         0x00030c54        0x0 /media/disk/OE/build/tmp-angstrom_2008_1/cross/armv7a/lib/gcc/arm-angstrom-linux-gnueabi/4.3.3/crtend.o
 .v4_bx         0x00030c54        0x0 /media/disk/OE/build/tmp-angstrom_2008_1/sysroots/armv7a-angstrom-linux-gnueabi/usr/lib/crtn.o

.fini           0x00030c54       0x10
 *(.fini)
 .fini          0x00030c54        0x8 /media/disk/OE/build/tmp-angstrom_2008_1/sysroots/armv7a-angstrom-linux-gnueabi/usr/lib/crti.o
                0x00030c54                _fini
 .fini          0x00030c5c        0x8 /media/disk/OE/build/tmp-angstrom_2008_1/sysroots/armv7a-angstrom-linux-gnueabi/usr/lib/crtn.o
                0x00030c64                PROVIDE (__etext, .)
                0x00030c64                PROVIDE (_etext, .)
                0x00030c64                PROVIDE (etext, .)

.rodata         0x00030c64     0x76f8
 *(.rodata .rodata.* .gnu.linkonce.r.*)
 .rodata.cst4   0x00030c64        0x4 /media/disk/OE/build/tmp-angstrom_2008_1/sysroots/armv7a-angstrom-linux-gnueabi/usr/lib/crt1.o
                0x00030c64                _IO_stdin_used
 .rodata        0x00030c68      0x148 cvDFTtest.evm3530.ov5T
 .rodata        0x00030db0        0xc smain.evm3530.ov5T
 .rodata        0x00030dbc       0x30 linux/main.evm3530.ov5T
 .rodata.str1.4
                0x00030dec      0xfb7 /media/disk/OE/work/ti/my_fir_test/gsoc/apps/cvDFT/cfg/linux/remote_ti_platforms_evm3530/package/cfg/remote_ti_platforms_evm3530_xv5T.ov5T
                                0xfb8 (size before relaxing)
 *fill*         0x00031da3        0x1 00
 .rodata.str1.4
                0x00031da4      0x225 /media/disk/OE/work/ti/ti-codec-engine-tree/packages/ti/sdo/ce/universal/lib/release/universal.av5T(universal_stubs.ov5T)
                                0x228 (size before relaxing)
 *fill*         0x00031fc9        0x3 00
 .rodata.str1.4
                0x00031fcc      0x314 /media/disk/OE/work/ti/ti-codec-engine-tree/packages/ti/sdo/ce/universal/lib/release/universal.av5T(universal.ov5T)
                                0x390 (size before relaxing)
 .rodata.str1.4
                0x000322e0      0x1e8 /media/disk/OE/work/ti/ti-codec-engine-tree/packages/ti/sdo/ce/lib/release/ce.av5T(Server.ov5T)
                                0x20c (size before relaxing)
 .rodata        0x000324c8       0x44 /media/disk/OE/work/ti/ti-codec-engine-tree/packages/ti/sdo/ce/lib/release/ce.av5T(Engine.ov5T)
 .rodata.str1.4
                0x0003250c      0xe51 /media/disk/OE/work/ti/ti-codec-engine-tree/packages/ti/sdo/ce/lib/release/ce.av5T(Engine.ov5T)
                                0xe88 (size before relaxing)
 *fill*         0x0003335d        0x3 00
 .rodata        0x00033360       0x10 /media/disk/OE/work/ti/ti-codec-engine-tree/packages/ti/sdo/ce/lib/release/ce.av5T(visa.ov5T)
 .rodata.str1.4
                0x00033370      0x7cb /media/disk/OE/work/ti/ti-codec-engine-tree/packages/ti/sdo/ce/lib/release/ce.av5T(visa.ov5T)
                                0x7d0 (size before relaxing)
 *fill*         0x00033b3b        0x1 00
 .rodata.str1.4
                0x00033b3c       0x67 /media/disk/OE/work/ti/ti-codec-engine-tree/packages/ti/sdo/ce/lib/release/ce.av5T(package_ti.sdo.ce.ov5T)
                                 0x68 (size before relaxing)
 *fill*         0x00033ba3        0x1 00
 .rodata.str1.4
                0x00033ba4      0x3ed /media/disk/OE/work/ti/ti-codec-engine-tree/packages/ti/sdo/ce/alg/lib/release/Algorithm_noOS.av5T(Algorithm_noOS.ov5T)
                                0x414 (size before relaxing)
 *fill*         0x00033f91        0x3 00
 .rodata.str1.4
                0x00033f94      0x1d7 /media/disk/OE/work/ti/ti-codec-engine-tree/packages/ti/sdo/ce/alg/lib/release/alg.av5T(alg_create.ov5T)
                                0x1d8 (size before relaxing)
 *fill*         0x0003416b        0x1 00
 .rodata.str1.4
                0x0003416c       0x41 /media/disk/OE/work/ti/ti-codec-engine-tree/packages/ti/sdo/ce/alg/lib/release/alg.av5T(alg_malloc.ov5T)
                                 0x68 (size before relaxing)
 *fill*         0x000341ad        0x3 00
 .rodata        0x000341b0       0x1c /media/disk/OE/work/ti/ti-codec-engine-tree/packages/ti/sdo/ce/ipc/dsplink/lib/release/ipc_dsplink_3530.av5T(Processor_dsplink.ov5T)
 .rodata.str1.4
                0x000341cc     0x14c1 /media/disk/OE/work/ti/ti-codec-engine-tree/packages/ti/sdo/ce/ipc/dsplink/lib/release/ipc_dsplink_3530.av5T(Processor_dsplink.ov5T)
                               0x14f8 (size before relaxing)
 *fill*         0x0003568d        0x3 00
 .rodata.str1.4
                0x00035690      0x3e4 /media/disk/OE/work/ti/ti-codec-engine-tree/packages/ti/sdo/ce/ipc/dsplink/lib/release/ipc_dsplink_3530.av5T(Power_dsplink.ov5T)
 .rodata        0x00035a74       0x18 /media/disk/OE/work/ti/ti-codec-engine-tree/packages/ti/sdo/ce/ipc/dsplink/lib/release/ipc_dsplink_3530.av5T(Comm_dsplink.ov5T)
 .rodata.str1.4
                0x00035a8c      0x552 /media/disk/OE/work/ti/ti-codec-engine-tree/packages/ti/sdo/ce/ipc/dsplink/lib/release/ipc_dsplink_3530.av5T(Comm_dsplink.ov5T)
                                0x580 (size before relaxing)
 *fill*         0x00035fde        0x2 00
 .rodata.str1.4
                0x00035fe0      0x190 /media/disk/OE/work/ti/ti-codec-engine-tree/packages/ti/sdo/ce/osal/linux/lib/release/osal_linux_470.av5T(LockMP_posix.ov5T)
                                0x1b4 (size before relaxing)
 .rodata.str1.4
                0x00036170        0x8 /media/disk/OE/work/ti/ti-codec-engine-tree/packages/ti/sdo/ce/osal/linux/lib/release/osal_linux_470.av5T(GT_config_libC.ov5T)
 .rodata        0x00036178        0xc /media/disk/OE/work/ti/ti-codec-engine-tree/packages/ti/sdo/ce/osal/linux/lib/release/osal_linux_470.av5T(Memory_cmem.ov5T)
 .rodata.str1.4
                0x00036184      0xad7 /media/disk/OE/work/ti/ti-codec-engine-tree/packages/ti/sdo/ce/osal/linux/lib/release/osal_linux_470.av5T(Memory_cmem.ov5T)
                                0xaec (size before relaxing)
 *fill*         0x00036c5b        0x1 00
 .rodata.str1.4
                0x00036c5c       0xd1 /media/disk/OE/work/ti/ti-codec-engine-tree/packages/ti/sdo/ce/osal/linux/lib/release/osal_linux_470.av5T(Global_noOS.ov5T)
                                 0xd8 (size before relaxing)
 *fill*         0x00036d2d        0x3 00
 .rodata.str1.4
                0x00036d30      0x149 /media/disk/OE/work/ti/ti-codec-engine-tree/packages/ti/sdo/ce/osal/linux/lib/release/osal_linux_470.av5T(Thread_posix.ov5T)
                                0x170 (size before relaxing)
 *fill*         0x00036e79        0x3 00
 .rodata.str1.4
                0x00036e7c       0x6b /media/disk/OE/work/ti/ti-codec-engine-tree/packages/ti/sdo/ce/osal/linux/lib/release/osal_linux_470.av5T(GT_config_posix.ov5T)
                                 0x6c (size before relaxing)
 *fill*         0x00036ee7        0x1 00
 .rodata.str1.4
                0x00036ee8      0x479 /media/disk/OE/work/ti/ti-codec-engine-tree/packages/ti/sdo/ce/osal/linux/lib/release/osal_linux_470.av5T(SemMP_posix.ov5T)
                                0x4a0 (size before relaxing)
 *fill*         0x00037361        0x3 00
 .rodata.str1.4
                0x00037364      0x18f /media/disk/OE/work/ti/ti-codec-engine-tree/packages/ti/sdo/ce/osal/linux/lib/release/osal_linux_470.av5T(Sem_posix.ov5T)
                                0x1b4 (size before relaxing)
 *fill*         0x000374f3        0x1 00
 .rodata.str1.4
                0x000374f4      0x46f /media/disk/OE/work/ti/ti-codec-engine-tree/packages/ti/sdo/ce/utils/xdm/lib/release/XdmUtils.av5T(XdmUtils.ov5T)
                                0x470 (size before relaxing)
 *fill*         0x00037963        0x1 00
 .rodata.str1.4
                0x00037964      0x215 /media/disk/OE/work/ti/ti-framework-components-tree/packages/ti/sdo/utils/trace/lib/release/gt.av5T(gt.ov5T)
                                0x224 (size before relaxing)
 *fill*         0x00037b79        0x3 00
 .rodata.str1.4
                0x00037b7c      0x694 /media/disk/OE/work/ti/ti-linuxutils-tree/packages/ti/sdo/linuxutils/cmem/lib/cmem.a470MV(cmem.o470MV)
 .rodata        0x00038210      0x14c /media/disk/OE/work/ti/ti-dsplink-tree/packages/dsplink/gpp/export/BIN/Linux/OMAP3530/RELEASE/dsplink.lib

.rodata1
 *(.rodata1)

.ARM.extab      0x0003835c        0x0
 *(.ARM.extab* .gnu.linkonce.armextab.*)
 .ARM.extab     0x0003835c        0x0 /media/disk/OE/build/tmp-angstrom_2008_1/sysroots/armv7a-angstrom-linux-gnueabi/usr/lib/crt1.o
                0x0003835c                __exidx_start = .

.ARM.exidx      0x0003835c        0x8
 *(.ARM.exidx* .gnu.linkonce.armexidx.*)
 .ARM.exidx     0x0003835c        0x8 /media/disk/OE/build/tmp-angstrom_2008_1/sysroots/armv7a-angstrom-linux-gnueabi/usr/lib/crt1.o
                0x00038364                __exidx_end = .

.eh_frame_hdr
 *(.eh_frame_hdr)

.eh_frame       0x00038364        0x4
 *(.eh_frame)
 .eh_frame      0x00038364        0x4 /media/disk/OE/build/tmp-angstrom_2008_1/cross/armv7a/lib/gcc/arm-angstrom-linux-gnueabi/4.3.3/crtend.o

.gcc_except_table
 *(.gcc_except_table .gcc_except_table.*)
                0x00038368                . = (ALIGN (0x8000) - ((0x8000 - .) & 0x7fff))
                0x00040368                . = (0x8000 DATA_SEGMENT_ALIGN 0x1000)

.eh_frame
 *(.eh_frame)

.gcc_except_table
 *(.gcc_except_table .gcc_except_table.*)

.tdata
 *(.tdata .tdata.* .gnu.linkonce.td.*)

.tbss
 *(.tbss .tbss.* .gnu.linkonce.tb.*)
 *(.tcommon)

.preinit_array  0x00040368        0x0
                0x00040368                PROVIDE (__preinit_array_start, .)
 *(.preinit_array)
                0x00040368                PROVIDE (__preinit_array_end, .)

.init_array     0x00040368        0x4
                0x00040368                PROVIDE (__init_array_start, .)
 *(SORT(.init_array.*))
 *(.init_array)
 .init_array    0x00040368        0x4 /media/disk/OE/build/tmp-angstrom_2008_1/cross/armv7a/lib/gcc/arm-angstrom-linux-gnueabi/4.3.3/crtbegin.o
                0x0004036c                PROVIDE (__init_array_end, .)

.fini_array     0x0004036c        0x4
                0x0004036c                PROVIDE (__fini_array_start, .)
 *(.fini_array)
 .fini_array    0x0004036c        0x4 /media/disk/OE/build/tmp-angstrom_2008_1/cross/armv7a/lib/gcc/arm-angstrom-linux-gnueabi/4.3.3/crtbegin.o
 *(SORT(.fini_array.*))
                0x00040370                PROVIDE (__fini_array_end, .)

.ctors
 *crtbegin.o(.ctors)
 *crtbegin?.o(.ctors)
 *(EXCLUDE_FILE(*crtend?.o *crtend.o) .ctors)
 *(SORT(.ctors.*))
 *(.ctors)

.dtors
 *crtbegin.o(.dtors)
 *crtbegin?.o(.dtors)
 *(EXCLUDE_FILE(*crtend?.o *crtend.o) .dtors)
 *(SORT(.dtors.*))
 *(.dtors)

.jcr            0x00040370        0x4
 *(.jcr)
 .jcr           0x00040370        0x0 /media/disk/OE/build/tmp-angstrom_2008_1/cross/armv7a/lib/gcc/arm-angstrom-linux-gnueabi/4.3.3/crtbegin.o
 .jcr           0x00040370        0x4 /media/disk/OE/build/tmp-angstrom_2008_1/cross/armv7a/lib/gcc/arm-angstrom-linux-gnueabi/4.3.3/crtend.o

.data.rel.ro    0x00040374        0x4
 *(.data.rel.ro.local* .gnu.linkonce.d.rel.ro.local.*)
 .data.rel.ro.local
                0x00040374        0x4 /media/disk/OE/work/ti/ti-framework-components-tree/packages/ti/sdo/utils/trace/lib/release/gt.av5T(gt.ov5T)
 *(.data.rel.ro* .gnu.linkonce.d.rel.ro.*)

.dynamic        0x00040378       0xf8
 *(.dynamic)
 .dynamic       0x00040378       0xf8 /media/disk/OE/build/tmp-angstrom_2008_1/sysroots/armv7a-angstrom-linux-gnueabi/usr/lib/crti.o
                0x00040378                _DYNAMIC
                0x00040470                . = (. DATA_SEGMENT_RELRO_END 0x0)

.got            0x00040470      0x230
 *(.got.plt)
 .got.plt       0x00040470      0x16c /media/disk/OE/build/tmp-angstrom_2008_1/sysroots/armv7a-angstrom-linux-gnueabi/usr/lib/crti.o
                0x00040470                _GLOBAL_OFFSET_TABLE_
 *(.got)
 .got           0x000405dc       0xc4 /media/disk/OE/build/tmp-angstrom_2008_1/sysroots/armv7a-angstrom-linux-gnueabi/usr/lib/crti.o

.data           0x000406a0      0xc9c
                0x000406a0                __data_start = .
 *(.data .data.* .gnu.linkonce.d.*)
 .data          0x000406a0        0x4 /media/disk/OE/build/tmp-angstrom_2008_1/sysroots/armv7a-angstrom-linux-gnueabi/usr/lib/crt1.o
                0x000406a0                data_start
 .data          0x000406a4        0x0 /media/disk/OE/build/tmp-angstrom_2008_1/sysroots/armv7a-angstrom-linux-gnueabi/usr/lib/crti.o
 .data          0x000406a4        0x4 /media/disk/OE/build/tmp-angstrom_2008_1/cross/armv7a/lib/gcc/arm-angstrom-linux-gnueabi/4.3.3/crtbegin.o
                0x000406a4                __dso_handle
 .data          0x000406a8       0x64 cvDFTtest.evm3530.ov5T
                0x000406f0                input
 .data          0x0004070c        0x0 smain.evm3530.ov5T
 .data          0x0004070c        0x0 linux/main.evm3530.ov5T
 .data          0x0004070c       0x24 /media/disk/OE/work/ti/my_fir_test/gsoc/apps/cvDFT/cfg/linux/remote_ti_platforms_evm3530/package/cfg/remote_ti_platforms_evm3530_xv5T.ov5T
                0x00040728                ti_sdo_ce_alg_ipcKey
                0x0004070c                ti_sdo_ce_ipc_dsplink_Ipc_maxTimeout
                0x00040710                Comm_MSGSIZE
                0x00040720                Memory_maxCbListSize
                0x00040724                ti_sdo_ce_osal_alg_ALG_maxGroups
                0x0004072c                ti_sdo_fc_multiProcess
                0x00040714                Comm_NUMMSGS
                0x00040718                Comm_LOCATERETRIES
                0x0004071c                ti_sdo_ce_osal_linux_SemMP_ipcKey
 .data.rel.local
                0x00040730      0x1ac /media/disk/OE/work/ti/my_fir_test/gsoc/apps/cvDFT/cfg/linux/remote_ti_platforms_evm3530/package/cfg/remote_ti_platforms_evm3530_xv5T.ov5T
                0x000407c0                ti_sdo_ce_ipc_armDspLinkConfigs
                0x00040730                Global_buildInfo
                0x000407b0                Engine_config
                0x000407b8                ti_sdo_ce_ipc_armDspLinkConfigServerNames
 .data.rel      0x000408dc       0x7c /media/disk/OE/work/ti/my_fir_test/gsoc/apps/cvDFT/cfg/linux/remote_ti_platforms_evm3530/package/cfg/remote_ti_platforms_evm3530_xv5T.ov5T
                0x00040904                GT
                0x000408dc                _ti_sdo_utils_trace_GT_params
 .data          0x00040958        0x0 /media/disk/OE/work/ti/ti-codec-engine-tree/packages/ti/sdo/ce/universal/lib/release/universal.av5T(universal_stubs.ov5T)
 .data.rel      0x00040958       0x2c /media/disk/OE/work/ti/ti-codec-engine-tree/packages/ti/sdo/ce/universal/lib/release/universal.av5T(universal_stubs.ov5T)
                0x00040958                UNIVERSAL_STUBS
 .data          0x00040984        0x0 /media/disk/OE/work/ti/ti-codec-engine-tree/packages/ti/sdo/ce/universal/lib/release/universal.av5T(universal.ov5T)
 .data          0x00040984        0x0 /media/disk/OE/work/ti/ti-codec-engine-tree/packages/ti/sdo/ce/lib/release/ce.av5T(Server.ov5T)
 .data          0x00040984        0x8 /media/disk/OE/work/ti/ti-codec-engine-tree/packages/ti/sdo/ce/lib/release/ce.av5T(Engine.ov5T)
                0x00040984                Engine_ALGCREATEATTRS
 .data.rel.local
                0x0004098c        0x4 /media/disk/OE/work/ti/ti-codec-engine-tree/packages/ti/sdo/ce/lib/release/ce.av5T(Engine.ov5T)
                0x0004098c                Engine_ceDebugDspTraceMask
 .data          0x00040990        0x0 /media/disk/OE/work/ti/ti-codec-engine-tree/packages/ti/sdo/ce/lib/release/ce.av5T(visa.ov5T)
 .data          0x00040990        0xc /media/disk/OE/work/ti/ti-codec-engine-tree/packages/ti/sdo/ce/lib/release/ce.av5T(package_ti.sdo.ce.ov5T)
                0x00040990                ti_sdo_ce__versionNumArray
 .data.rel.local
                0x0004099c        0x8 /media/disk/OE/work/ti/ti-codec-engine-tree/packages/ti/sdo/ce/lib/release/ce.av5T(package_ti.sdo.ce.ov5T)
                0x000409a0                ti_sdo_ce__whatString
                0x0004099c                ti_sdo_ce__versionString
 .data          0x000409a4        0x0 /media/disk/OE/work/ti/ti-codec-engine-tree/packages/ti/sdo/ce/alg/lib/release/Algorithm_noOS.av5T(Algorithm_noOS.ov5T)
 .data          0x000409a4        0x0 /media/disk/OE/work/ti/ti-codec-engine-tree/packages/ti/sdo/ce/alg/lib/release/alg.av5T(alg_create.ov5T)
 .data          0x000409a4        0x0 /media/disk/OE/work/ti/ti-codec-engine-tree/packages/ti/sdo/ce/alg/lib/release/alg.av5T(alg_malloc.ov5T)
 .data          0x000409a4        0x0 /media/disk/OE/work/ti/ti-codec-engine-tree/packages/ti/sdo/ce/ipc/dsplink/lib/release/ipc_dsplink_3530.av5T(Processor_dsplink.ov5T)
 .data.rel.local
                0x000409a4        0xc /media/disk/OE/work/ti/ti-codec-engine-tree/packages/ti/sdo/ce/ipc/dsplink/lib/release/ipc_dsplink_3530.av5T(Processor_dsplink.ov5T)
                0x000409a4                Processor_ATTRS
 .data          0x000409b0        0x0 /media/disk/OE/work/ti/ti-codec-engine-tree/packages/ti/sdo/ce/ipc/dsplink/lib/release/ipc_dsplink_3530.av5T(Power_dsplink.ov5T)
 .data          0x000409b0       0x10 /media/disk/OE/work/ti/ti-codec-engine-tree/packages/ti/sdo/ce/ipc/dsplink/lib/release/ipc_dsplink_3530.av5T(Comm_dsplink.ov5T)
 .data.rel.local
                0x000409c0       0x10 /media/disk/OE/work/ti/ti-codec-engine-tree/packages/ti/sdo/ce/ipc/dsplink/lib/release/ipc_dsplink_3530.av5T(Comm_dsplink.ov5T)
                0x000409c0                Global_cePoolAttrs
 .data          0x000409d0      0x2b8 /media/disk/OE/work/ti/ti-codec-engine-tree/packages/ti/sdo/ce/ipc/dsplink/lib/release/ipc_dsplink_3530.av5T(Processor_dsplink_linkcfg_OMAP3530.ov5T)
 .data.rel.local
                0x00040c88       0x5c /media/disk/OE/work/ti/ti-codec-engine-tree/packages/ti/sdo/ce/ipc/dsplink/lib/release/ipc_dsplink_3530.av5T(Processor_dsplink_linkcfg_OMAP3530.ov5T)
                0x00040c88                LINKCFG_dspConfig
 .data.rel      0x00040ce4       0x3c /media/disk/OE/work/ti/ti-codec-engine-tree/packages/ti/sdo/ce/ipc/dsplink/lib/release/ipc_dsplink_3530.av5T(Processor_dsplink_linkcfg_OMAP3530.ov5T)
                0x00040ce4                ti_sdo_ce_ipc_Processor_linkcfg
 .data          0x00040d20       0x20 /media/disk/OE/work/ti/ti-codec-engine-tree/packages/ti/sdo/ce/ipc/dsplink/lib/release/ipc_dsplink_3530.av5T(Processor_dsplink_linkcfg_OS.ov5T)
 .data.rel.local
                0x00040d40        0xc /media/disk/OE/work/ti/ti-codec-engine-tree/packages/ti/sdo/ce/ipc/dsplink/lib/release/ipc_dsplink_3530.av5T(Processor_dsplink_linkcfg_OS.ov5T)
                0x00040d40                ti_sdo_ce_ipc_Processor_linkcfg_OS
 .data          0x00040d4c        0x0 /media/disk/OE/work/ti/ti-codec-engine-tree/packages/ti/sdo/ce/osal/linux/lib/release/osal_linux_470.av5T(LockMP_posix.ov5T)
 .data          0x00040d4c        0x0 /media/disk/OE/work/ti/ti-codec-engine-tree/packages/ti/sdo/ce/osal/linux/lib/release/osal_linux_470.av5T(Queue_posix.ov5T)
 .data          0x00040d4c        0x0 /media/disk/OE/work/ti/ti-codec-engine-tree/packages/ti/sdo/ce/osal/linux/lib/release/osal_linux_470.av5T(GT_config_libC.ov5T)
 .data          0x00040d4c        0x0 /media/disk/OE/work/ti/ti-codec-engine-tree/packages/ti/sdo/ce/osal/linux/lib/release/osal_linux_470.av5T(File_posix.ov5T)
 .data          0x00040d4c       0x10 /media/disk/OE/work/ti/ti-codec-engine-tree/packages/ti/sdo/ce/osal/linux/lib/release/osal_linux_470.av5T(Memory_cmem.ov5T)
                0x00040d4c                Memory_DEFAULTPARAMS