******************************************************************************
               TMS320C6x Linker Unix v6.1.9                    
******************************************************************************
>> Linked Mon May 31 23:08:39 2010

OUTPUT FILE NAME:   <cvDFT_unitserver_evm3530.x64P>
ENTRY POINT SYMBOL: "_c_int00"  address: 87a995a0


MEMORY CONFIGURATION

         name            origin    length      used     unused   attr    fill
----------------------  --------  ---------  --------  --------  ----  --------
  IRAM                  107f8000   00008000  00000000  00008000  RWIX
  CACHE_L2              10800000   00010000  00000000  00010000  RWIX
  CACHE_L1P             10e00000   00008000  00000000  00008000  RWIX
  L1DSRAM               10f04000   00010000  00010000  00000000  RWIX
  CACHE_L1D             10f14000   00004000  00000000  00004000  RWIX
  L4CORE                48000000   01000000  00000000  01000000  RWIX
  L4PER                 49000000   00100000  00000000  00100000  RWIX
  DDRALGHEAP            86800000   01200000  01200000  00000000  RWIX
  DDR2                  87a00000   00400000  000ba9cb  00345635  RWIX
  DSPLINKMEM            87e00000   00100000  00000000  00100000  RWIX
  RESET_VECTOR          87f00000   00001000  00000000  00001000  RWIX


SECTION ALLOCATION MAP

 output                                  attributes/
section   page    origin      length       input sections
--------  ----  ----------  ----------   ----------------
xdc.meta   0    00000000    00000107     COPY SECTION
                  00000000    00000107     cvDFT_unitserver_evm3530_x64P.o64P (xdc.meta)

.vers      0    00000000    00000054     COPY SECTION
                  00000000    00000054     cvDFT_unitserver_evm3530_x64Pcfg.o64P (.vers)

.pinit     0    87a00000    00000000     UNINITIALIZED

.L1DSRAM$heap 
*          0    10f04000    00010000     UNINITIALIZED
                  10f04000    00010000     --HOLE--

.DDRALGHEAP$heap 
*          0    86800000    01200000     UNINITIALIZED
                  86800000    01200000     --HOLE--

.far       0    87a00000    0004196c     UNINITIALIZED
                  87a00000    00040bd8     cvDFT_unitserver_evm3530_x64P.o64P (.far)
                  87a40bd8    000002d0     dskt2.a64P : dskt2_lock.o64P (.far)
                  87a40ea8    00000194     rts64plus.lib : defs.obj (.far)
                  87a4103c    00000004     acpy3.a64P : acpy3_init.o64P (.far)
                  87a41040    00000120     dsplink.lib : ips.obj (.far)
                  87a41160    000000d8     bios.a64P : knl.o64P (.far)
                  87a41238    000000d0     rts64plus.lib : trgdrv.obj (.far)
                  87a41308    000000cc                   : lowlev.obj (.far)
                  87a413d4    00000004     bios.a64P : mem_defi.o64P (.far)
                  87a413d8    000000a8     pwrm.a64P : pwrm.o64P (.far)
                  87a41480    00000080     dsplinkpool.lib : dsplinkpool.obj (.far)
                  87a41500    00000060     bios3430.a64P : pwrm_rdb3430.o64P (.far)
                  87a41560    0000005c     bios.a64P : tsk.o64P (.far)
                  87a415bc    00000004     bios3430.a64P : bcache_wait.o64P (.far)
                  87a415c0    00000054     bios.a64P : obj_init.o64P (.far)
                  87a41614    00000050               : tsk_stup.o64P (.far)
                  87a41664    00000004     bios3430.a64P : clk2430_data.o64P (.far)
                  87a41668    0000003c     bios.a64P : sys_stri.o64P (.far)
                  87a416a4    00000004     cvDFT_unitserver_evm3530_x64Pcfg.o64P (.far)
                  87a416a8    00000030     ce.a64P : Engine.o64P (.far)
                  87a416d8    0000002c     cvDFT_gsoc.l64P : cvDFT_gsoc_vt.o64P (.far)
                  87a41704    00000004     dsplink.lib : shm_drv.obj (.far)
                  87a41708    00000020     bios.a64P : sys.o64P (.far)
                  87a41728    0000001c     osal_bios.a64P : Thread_BIOS.o64P (.far)
                  87a41744    00000018                    : Memory_BIOS.o64P (.far)
                  87a4175c    00000016     dsplinkmsg.lib : zcpy_mqt.obj (.far)
                  87a41772    00000002     dsplink.lib : dsplink.obj (.far)
                  87a41774    00000014     bios.a64P : swi_seta.o64P (.far)
                  87a41788    00000014     ce.a64P : package_ti.sdo.ce.o64P (.far)
                  87a4179c    00000014             : rms.o64P (.far)
                  87a417b0    00000014     dsplink.lib : hal_interrupt.obj (.far)
                  87a417c4    00000004     dsplinkdata.lib : dsplinkdata.obj (.far)
                  87a417c8    00000014     ipc_bios.a64P : Processor_noOS.o64P (.far)
                  87a417dc    00000004     dsplinkmpcs.lib : mpcs.obj (.far)
                  87a417e0    00000012     cvDFT_gsoc.l64P : cvDFT_gsoc_ialg.o64P (.far)
                  87a417f2    00000002     --HOLE--
                  87a417f4    00000010     bios.a64P : exc.o64P (.far)
                  87a41804    00000010               : knl_tick.o64P (.far)
                  87a41814    00000010               : tsk_setp.o64P (.far)
                  87a41824    00000010               : tsk_yiel.o64P (.far)
                  87a41834    00000004     dsplinkmsg.lib : dsplinkmqt.obj (.far)
                  87a41838    00000010     dskt2.a64P : dskt2_scratch.o64P (.far)
                  87a41848    00000010     osal_bios.a64P : Global_BIOS.o64P (.far)
                  87a41858    00000010                    : Lock_BIOS.o64P (.far)
                  87a41868    0000000c     bios.a64P : hwi_disp.o64P (.far)
                  87a41874    0000000c               : utl_putc.o64P (.far)
                  87a41880    0000000c     bios3430.a64P : bcache_table.o64P (.far)
                  87a4188c    0000000c                   : pwrm_getld.o64P (.far)
                  87a41898    0000000c     ipc_bios.a64P : Comm_BIOS.o64P (.far)
                  87a418a4    0000000c     node.a64P : node_crea.o64P (.far)
                  87a418b0    0000000c     rts64plus.lib : exit.obj (.far)
                  87a418bc    0000000c     universal.a64P : universal_skel.o64P (.far)
                  87a418c8    00000008     Algorithm_BIOS.a64P : Algorithm_BIOS.o64P (.far)
                  87a418d0    00000008     XdmUtils.a64P : XdmUtils.o64P (.far)
                  87a418d8    00000008     bios.a64P : sem_crea.o64P (.far)
                  87a418e0    00000008     bioslog.a64P : LogServer.o64P (.far)
                  87a418e8    00000008     ce.a64P : Server.o64P (.far)
                  87a418f0    00000008             : visa.o64P (.far)
                  87a418f8    00000008     dman3Cfg.a64P : dman3_api.o64P (.far)
                  87a41900    00000008     dskt2.a64P : dskt2crea.o64P (.far)
                  87a41908    00000008     dsplinkmpcs.lib : _mpcs.obj (.far)
                  87a41910    00000008     dsplinkmplist.lib : _mplist.obj (.far)
                  87a41918    00000008     dsplinknotify.lib : _notify.obj (.far)
                  87a41920    00000008     dsplinkringio.lib : ringio.obj (.far)
                  87a41928    00000008     main.o64P (.far)
                  87a41930    00000008     node.a64P : node_init.o64P (.far)
                  87a41938    00000008     osal_bios.a64P : Sem_BIOS.o64P (.far)
                  87a41940    00000008     rts64plus.lib : _lock.obj (.far)
                  87a41948    00000008                   : divd.obj (.far)
                  87a41950    00000008                   : divf.obj (.far)
                  87a41958    00000008     universal.a64P : universal.o64P (.far)
                  87a41960    00000004     gt.a64P : CBuf.o64P (.far)
                  87a41964    00000004     osal_bios.a64P : Queue_BIOS.o64P (.far)
                  87a41968    00000004     rts64plus.lib : fopen.obj (.far)

.hst       0    87a00000    00000000     UNINITIALIZED

.pip       0    87a00000    00000000     UNINITIALIZED

.sys       0    87a4196c    00000010     UNINITIALIZED
                  87a4196c    00000010     cvDFT_unitserver_evm3530_x64Pcfg.o64P (.sys)

.mem       0    87a4197c    00000004     UNINITIALIZED
                  87a4197c    00000004     cvDFT_unitserver_evm3530_x64Pcfg.o64P (.mem)

.text      0    87a41980    000231a0     
                  87a41980    000041e0     ce.a64P : Engine.o64P (.text)
                  87a45b60    00002ec0     dsplinkringio.lib : _ringio.obj (.text)
                  87a48a20    000016e0     ce.a64P : visa.o64P (.text)
                  87a4a100    00001600             : rms.o64P (.text)
                  87a4b700    00000dc0     osal_bios.a64P : Memory_BIOS.o64P (.text)
                  87a4c4c0    00000d80     dsplink.lib : ips.obj (.text)
                  87a4d240    00000d40     dsplinkmpcs.lib : mpcs.obj (.text)
                  87a4df80    00000cc0     ce.a64P : Server.o64P (.text)
                  87a4ec40    00000c00     bioslog.a64P : LogServer.o64P (.text)
                  87a4f840    00000b60     gt.a64P : gt.o64P (.text:__GT_trace)
                  87a503a0    00000ae0     XdmUtils.a64P : XdmUtils.o64P (.text)
                  87a50e80    00000a40     Algorithm_BIOS.a64P : Algorithm_BIOS.o64P (.text)
                  87a518c0    00000960     universal.a64P : universal.o64P (.text)
                  87a52220    000007c0     rts64plus.lib : divd.obj (.text:__divd)
                  87a529e0    000007a0     osal_bios.a64P : Global_BIOS.o64P (.text)
                  87a53180    00000700     dskt2.a64P : dskt2_scratch.o64P (.text:__DSKT2_initializeAndUseSharedScratch)
                  87a53880    00000660     dsplinkmsg.lib : zcpy_mqt.obj (.text)
                  87a53ee0    00000640     osal_bios.a64P : Thread_BIOS.o64P (.text)
                  87a54520    00000580     dsplinkmsg.lib : zcpy_mqt.obj (.text:ZCPYMQT_locate)
                  87a54aa0    00000580     dsplink.lib : dsplink.obj (.text)
                  87a55020    00000560     dsplinkpool.lib : sma_pool.obj (.text)
                  87a55580    00000520     dman3Cfg.a64P : dman3_api.o64P (.text:_createChannels)
                  87a55aa0    00000500     rts64plus.lib : divf.obj (.text:__divf)
                  87a55fa0    00000460                   : _printfi.obj (.text:__setfield)
                  87a56400    00000440                   : _printfi.obj (.text:__getarg_diouxp)
                  87a56840    00000440     universal.a64P : universal_skel.o64P (.text)
                  87a56c80    00000420     node.a64P : node_crea.o64P (.text)
                  87a570a0    00000400     dsplinkmpcs.lib : _mpcs.obj (.text)
                  87a574a0    000003e0     dskt2.a64P : dskt2_scratch.o64P (.text:__DSKT2_assignInstanceMemory)
                  87a57880    000003e0     dman3Cfg.a64P : dman3_api.o64P (.text:_initializeDMAN3)
                  87a57c60    000003a0     rts64plus.lib : _printfi.obj (.text:__printfi)
                  87a58000    00000340     gt.a64P : gt.o64P (.text:__GT_set)
                  87a58340    00000320     dman3Cfg.a64P : dman3_api.o64P (.text:DMAN3_grantDmaChannels:_DMAN3_grantDmaChannels)
                  87a58660    00000300     dskt2.a64P : dskt2crea.o64P (.text:_DSKT2_createAlg3)
                  87a58960    00000300     rts64plus.lib : _printfi.obj (.text:_ecvt)
                  87a58c60    00000300                   : _printfi.obj (.text:_fcvt)
                  87a58f60    00000300                   : fputs.obj (.text:_fputs)
                  87a59260    000002e0                   : _printfi.obj (.text:__pproc_fge)
                  87a59540    000002e0                   : _printfi.obj (.text:__pproc_fwp)
                  87a59820    000002c0     dskt2.a64P : dskt2_scratch.o64P (.text:_DSKT2_allocScratch)
                  87a59ae0    000002c0     bios3430.a64P : pwrm_getld.o64P (.text)
                  87a59da0    000002c0     node.a64P : node_exec.o64P (.text)
                  87a5a060    000002a0     rts64plus.lib : _printfi.obj (.text:__pconv_e)
                  87a5a300    00000280     dsplinkmsg.lib : zcpy_mqt.obj (.text:ZCPYMQT_open)
                  87a5a580    00000280     dskt2.a64P : dskt2_scratch.o64P (.text:__DSKT2_init)
                  87a5a800    00000260     rts64plus.lib : imath64.obj (.text:__divull)
                  87a5aa60    00000260                   : mpyd.obj (.text:__mpyd)
                  87a5acc0    00000240     dsplinkmsg.lib : zcpy_mqt.obj (.text:ZCPYMQT_msgXfer)
                  87a5af00    00000240     bios3430.a64P : _pwrm_cpuload.o64P (.text)
                  87a5b140    00000240     osal_bios.a64P : Sem_BIOS.o64P (.text)
                  87a5b380    00000220     rts64plus.lib : addd.obj (.text:__addd)
                  87a5b5a0    00000220                   : _printfi.obj (.text:__pproc_diouxp)
                  87a5b7c0    00000220                   : _printfi.obj (.text:__pproc_str)
                  87a5b9e0    00000220     dman3Cfg.a64P : rmm.o64P (.text:_freeBlock)
                  87a5bc00    00000220     gt.a64P : gt.o64P (.text:_setMask)
                  87a5be20    00000220     ipc_bios.a64P : Comm_BIOS.o64P (.text)
                  87a5c040    00000200     rts64plus.lib : frcaddd.obj (.text:__frcaddd)
                  87a5c240    00000200                   : mpyf.obj (.text:__mpyf)
                  87a5c440    00000200     dman3Cfg.a64P : dman3_api.o64P (.text:_createContext)
                  87a5c640    00000200                   : dman3_api.o64P (.text:_initQdmaConfiguration)
                  87a5c840    00000200     osal_bios.a64P : GT_config_BIOS.o64P (.text)
                  87a5ca40    000001e0     dskt2.a64P : dskt2_scratch.o64P (.text:__DSKT2_getScratchUsed)
                  87a5cc20    000001e0     rts64plus.lib : frcmpyd_div.obj (.text:__frcmpyd_div)
                  87a5ce00    000001e0     dsplinkmplist.lib : _mplist.obj (.text)
                  87a5cfe0    000001e0     utils.a64P : Load.o64P (.text)
                  87a5d1c0    000001c0     dman3Cfg.a64P : dman3_api.o64P (.text:DMAN3_freeChannels:_DMAN3_freeChannels)
                  87a5d380    000001c0     rts64plus.lib : _printfi.obj (.text:__mcpy)
                  87a5d540    000001c0     osal_bios.a64P : Lock_BIOS.o64P (.text)
                  87a5d700    000001a0     dsplink.lib : hal_interrupt.obj (.text:DSPLINK_init)
                  87a5d8a0    000001a0     rts64plus.lib : trgdrv.obj (.text:_HOSTrename)
                  87a5da40    000001a0                   : imath40.obj (.text:__divul)
                  87a5dbe0    000001a0                   : _printfi.obj (.text:__pconv_g)
                  87a5dd80    000001a0     gt.a64P : gt.o64P (.text:_addModName)
                  87a5df20    000001a0     rts64plus.lib : setvbuf.obj (.text:_setvbuf)
                  87a5e0c0    000001a0     bios3430.a64P : pwrm_rel3430.o64P (.text)
                  87a5e260    000001a0     osal_bios_pwrm.a64P : Global_BIOS_load_PWRM.o64P (.text)
                  87a5e400    00000180     dman3Cfg.a64P : rmm.o64P (.text:_RMM_create)
                  87a5e580    00000180     bios3430.a64P : pwrm_set3430.o64P (.text)
                  87a5e700    00000180     node.a64P : node_dele.o64P (.text)
                  87a5e880    00000160     dman3Cfg.a64P : dman3_api.o64P (.text:_getContext)
                  87a5e9e0    00000140     dsplinkmsg.lib : zcpy_mqt.obj (.text:ZCPYMQT_close)
                  87a5eb20    00000140     dskt2.a64P : dskt2actv.o64P (.text:_DSKT2_activateAlg)
                  87a5ec60    00000140     rts64plus.lib : fputc.obj (.text:_fputc)
                  87a5eda0    00000140                   : lowlev.obj (.text:_getdevice)
                  87a5eee0    00000140     bioslog.a64P : LogTracker.o64P (.text)
                  87a5f020    00000120     dman3Cfg.a64P : dman3_api.o64P (.text:DMAN3_releaseDmaChannels:_DMAN3_releaseDmaChannels)
                  87a5f140    00000120     dskt2.a64P : dskt2free.o64P (.text:_DSKT2_freeAlg)
                  87a5f260    00000120                : dskt2_scratch.o64P (.text:__DSKT2_getScratchRequestInfo)
                  87a5f380    00000120     rts64plus.lib : _printfi.obj (.text:__pproc_fflags)
                  87a5f4a0    00000120                   : fclose.obj (.text:_fclose)
                  87a5f5c0    00000120     dsplinknotify.lib : notify.obj (.text)
                  87a5f6e0    00000100     rts64plus.lib : trgdrv.obj (.text:_HOSTlseek)
                  87a5f7e0    00000100     dskt2.a64P : dskt2_scratch.o64P (.text:__DSKT2_exitScratch)
                  87a5f8e0    00000100     rts64plus.lib : frcmpyd.obj (.text:__frcmpyd)
                  87a5f9e0    00000100                   : _printfi.obj (.text:__ltostr)
                  87a5fae0    00000100     dskt2.a64P : dskt2_permute.o64P (.text:__rotateListElements)
                  87a5fbe0    00000100     rts64plus.lib : _io_perm.obj (.text:__wrt_ok)
                  87a5fce0    00000100     dman3Cfg.a64P : rmm.o64P (.text:_allocBlock)
                  87a5fde0    00000100     rts64plus.lib : fflush.obj (.text:_fflush)
                  87a5fee0    00000100     bios3430.a64P : _pwrm_rutl.o64P (.text)
                  87a5ffe0    00000100     dsplink.lib : hal_interrupt.obj (.text)
                  87a600e0    000000e0                 : shm_drv.obj (.text:DSPLINK_init)
                  87a601c0    000000e0     gt.a64P : CBuf.o64P (.text:_CBuf_get)
                  87a602a0    000000e0     dskt2.a64P : dskt2_scratch.o64P (.text:_DSKT2_freeScratch)
                  87a60380    000000e0                : dskt2_scratch.o64P (.text:_DSKT2_getMemRecs)
                  87a60460    000000e0                : dskt2_lock.o64P (.text:_DSKT2_initLocks)
                  87a60540    000000e0     rts64plus.lib : trgdrv.obj (.text:_HOSTopen)
                  87a60620    000000e0     dskt2.a64P : dskt2_scratch.o64P (.text:__DSKT2_allocateInInternal)
                  87a60700    000000e0                : dskt2_scratch.o64P (.text:__DSKT2_dequeueMemTab)
                  87a607e0    000000e0                : dskt2_scratch.o64P (.text:__DSKT2_spaceToSeg)
                  87a608c0    000000e0     rts64plus.lib : cmpd.obj (.text:__cmpd)
                  87a609a0    000000e0                   : divi.obj (.text:__divi)
                  87a60a80    000000e0                   : vsnprintf.obj (.text:__outs)
                  87a60b60    000000e0                   : atoi.obj (.text:_atoi)
                  87a60c40    000000e0                   : lowlev.obj (.text:_close)
                  87a60d20    000000e0     dman3Cfg.a64P : dman3_api.o64P (.text:_freeContext)
                  87a60e00    000000e0     rts64plus.lib : memset.obj (.text:_memset)
                  87a60ee0    000000e0     gt.a64P : gt.o64P (.text:_wildcardUpdate)
                  87a60fc0    000000e0     osal_bios.a64P : Trace.o64P (.text)
                  87a610a0    000000c0     dsplink.lib : dsplink.obj (.text:DSPLINK_init)
                  87a61160    000000c0     rts64plus.lib : trgdrv.obj (.text:_HOSTread)
                  87a61220    000000c0                   : trgdrv.obj (.text:_HOSTunlink)
                  87a612e0    000000c0                   : trgdrv.obj (.text:_HOSTwrite)
                  87a613a0    000000c0     dskt2.a64P : dskt2_scratch.o64P (.text:__DSKT2_freeAllocatedMemory)
                  87a61460    000000c0                : dskt2_scratch.o64P (.text:__DSKT2_isSharedScratchAddr)
                  87a61520    000000c0     rts64plus.lib : fopen.obj (.text:__cleanup)
                  87a615e0    000000c0                   : _printfi.obj (.text:__div)
                  87a616a0    000000c0                   : divu.obj (.text:__divu)
                  87a61760    000000c0                   : fflush.obj (.text:__doflush)
                  87a61820    000000c0     dman3Cfg.a64P : dman3_api.o64P (.text:_freeScratch)
                  87a618e0    000000c0     rts64plus.lib : fseek.obj (.text:_fseek)
                  87a619a0    000000c0     dman3Cfg.a64P : dman3_api.o64P (.text:_getNumAssignedTccs)
                  87a61a60    000000c0     rts64plus.lib : lowlev.obj (.text:_lseek)
                  87a61b20    000000c0                   : ltoa.obj (.text:_ltoa)
                  87a61be0    000000c0                   : lowlev.obj (.text:_write)
                  87a61ca0    000000c0     bios.a64P : tsk_stup.o64P (.text)
                  87a61d60    000000c0     dsplinknotify.lib : _notify.obj (.text)
                  87a61e20    000000a0     dsplink.lib : dsplinkips.obj (.text:DSPLINK_init)
                  87a61ec0    000000a0     dsplinkpool.lib : dsplinkpool.obj (.text:DSPLINK_init)
                  87a61f60    000000a0     dskt2.a64P : dskt2dact.o64P (.text:_DSKT2_deactivateAlg)
                  87a62000    000000a0     rts64plus.lib : trgdrv.obj (.text:_HOSTclose)
                  87a620a0    000000a0     dskt2.a64P : dskt2_scratch.o64P (.text:__DSKT2_allocateFromSharedScratch)
                  87a62140    000000a0                : dskt2_scratch.o64P (.text:__DSKT2_allocateInDesignatedSpace)
                  87a621e0    000000a0                : dskt2_scratch.o64P (.text:__DSKT2_enqueueMemTab)
                  87a62280    000000a0                : dskt2_scratch.o64P (.text:__DSKT2_freeInstanceMemory)
                  87a62320    000000a0                : dskt2_scratch.o64P (.text:__DSKT2_getReqScratchSize)
                  87a623c0    000000a0     rts64plus.lib : imath40.obj (.text:__divli)
                  87a62460    000000a0                   : _printfi.obj (.text:__ecpy)
                  87a62500    000000a0                   : _printfi.obj (.text:__fcpy)
                  87a625a0    000000a0                   : fixdli.obj (.text:__fixdli)
                  87a62640    000000a0                   : frcmpyf_div.obj (.text:__frcmpyf_div)
                  87a626e0    000000a0                   : _printfi.obj (.text:__pconv_f)
                  87a62780    000000a0                   : remu.obj (.text:__remu)
                  87a62820    000000a0     dman3Cfg.a64P : dman3_api.o64P (.text:_finalizeDMAN3)
                  87a628c0    000000a0     rts64plus.lib : lowlev.obj (.text:_finddevice)
                  87a62960    000000a0     dman3Cfg.a64P : dman3_api.o64P (.text:_initHandle)
                  87a62a00    000000a0     rts64plus.lib : memcpy64.obj (.text:_memcpy)
                  87a62aa0    000000a0     bios3430.a64P : _pwrm_hclk3430.o64P (.text)
                  87a62b40    000000a0     main.o64P (.text)
                  87a62be0    000000a0     pwrm.a64P : pwrm.o64P (.text)
                  87a62c80    00000080     cvDFT_unitserver_evm3530_x64P.o64P (.text:_CERuntime_init)
                  87a62d00    00000080     dskt2.a64P : dskt2_scratch.o64P (.text:_DSKT2_getNumMemRecs)
                  87a62d80    00000080                : dskt2_permute.o64P (.text:__DSKT2_Permute_iterateNext)
                  87a62e00    00000080                : dskt2_permute.o64P (.text:__DSKT2_Permute_setInitialState)
                  87a62e80    00000080     gt.a64P : gt.o64P (.text:__GT_create)
                  87a62f00    00000080     rts64plus.lib : cmpf.obj (.text:__cmpf)
                  87a62f80    00000080                   : fixdi.obj (.text:__fixdi)
                  87a63000    00000080                   : fixfu.obj (.text:__fixfu)
                  87a63080    00000080                   : fltlid.obj (.text:__fltlid)
                  87a63100    00000080                   : llshift.obj (.text:__llshl)
                  87a63180    00000080                   : sprintf.obj (.text:__outs)
                  87a63200    00000080                   : renormd.obj (.text:__renormd)
                  87a63280    00000080     dskt2.a64P : dskt2_permute.o64P (.text:__rotateSubgroup)
                  87a63300    00000080     gt.a64P : gt.o64P (.text:_applyOp)
                  87a63380    00000080     dman3Cfg.a64P : dman3_api.o64P (.text:_checkDMAN3Configuration)
                  87a63400    00000080     gt.a64P : gt.o64P (.text:_findElem)
                  87a63480    00000080     rts64plus.lib : fprintf.obj (.text:_fprintf)
                  87a63500    00000080     dman3Cfg.a64P : dman3_api.o64P (.text:_freeChannels)
                  87a63580    00000080     rts64plus.lib : trgmsg.obj (.text:_readmsg)
                  87a63600    00000080     dman3Cfg.a64P : dman3_api.o64P (.text:_shmAlloc)
                  87a63680    00000080     rts64plus.lib : strstr.obj (.text:_strstr)
                  87a63700    00000080                   : lowlev.obj (.text:_unlink)
                  87a63780    00000080                   : vsnprintf.obj (.text:_vsnprintf)
                  87a63800    00000080     node.a64P : node_start.o64P (.text)
                  87a63880    00000080               : node_stat.o64P (.text)
                  87a63900    00000080     osal_bios.a64P : Log_BIOS.o64P (.text)
                  87a63980    00000060     dman3Cfg.a64P : dman3_initImpl.o64P (.text:DMAN3_init:__DMAN3_initImpl)
                  87a639e0    00000060     gt.a64P : CBuf.o64P (.text:_CBuf_create)
                  87a63a40    00000060     dskt2.a64P : dskt2crea.o64P (.text:_DSKT2_createAlgExt)
                  87a63aa0    00000060                : dskt2_scratch.o64P (.text:__DSKT2_useSharedScratch)
                  87a63b00    00000060     rts64plus.lib : cvtfd.obj (.text:__cvtfd)
                  87a63b60    00000060                   : frcmpyf.obj (.text:__frcmpyf)
                  87a63bc0    00000060                   : llshift.obj (.text:__llshru)
                  87a63c20    00000060                   : imath64.obj (.text:__subcull)
                  87a63c80    00000060                   : memccpy.obj (.text:_memccpy)
                  87a63ce0    00000060                   : sprintf.obj (.text:_sprintf)
                  87a63d40    00000060     cvDFT_unitserver_evm3530_x64P.o64P (.text:_ti_sdo_ce_osal_bios_init)
                  87a63da0    00000060     dman3Cfg.a64P : dman3_api.o64P (.text:_updateTccAllocationTable)
                  87a63e00    00000060     rts64plus.lib : trgmsg.obj (.text:_writemsg)
                  87a63e60    00000060     bios3430.a64P : _pwrm_initclk3430.o64P (.text)
                  87a63ec0    00000060     osal_bios.a64P : Queue_BIOS.o64P (.text)
                  87a63f20    00000040     dsplinkdata.lib : dsplinkdata.obj (.text:DSPLINK_init)
                  87a63f60    00000040     dsplinkmsg.lib : dsplinkmqt.obj (.text:DSPLINK_init)
                  87a63fa0    00000040     gt.a64P : CBuf.o64P (.text:_CBuf_putc)
                  87a63fe0    00000040             : CBuf.o64P (.text:_CBuf_puts)
                  87a64020    00000040     cvDFT_unitserver_evm3530_x64P.o64P (.text:_DMAN3_CE_init)
                  87a64060    00000040     dskt2.a64P : dskt2_lock.o64P (.text:_DSKT2_acquireLock)
                  87a640a0    00000040                : dskt2crea.o64P (.text:_DSKT2_createAlg)
                  87a640e0    00000040                : dskt2_lock.o64P (.text:_DSKT2_getContext)
                  87a64120    00000040                : dskt2_lock.o64P (.text:_DSKT2_releaseLock)
                  87a64160    00000040                : dskt2_lock.o64P (.text:_DSKT2_setContext)
                  87a641a0    00000040     gt.a64P : gt.o64P (.text:_GT_curTime)
                  87a641e0    00000040             : gt.o64P (.text:_GT_init)
                  87a64220    00000040     dskt2.a64P : dskt2_scratch.o64P (.text:__DSKT2_decrScratchReferenceCount)
                  87a64260    00000040                : dskt2_scratch.o64P (.text:__DSKT2_incrScratchReferenceCount)
                  87a642a0    00000040                : dskt2_scratch.o64P (.text:__DSKT2_throwMPUMemException)
                  87a642e0    00000040                : dskt2_scratch.o64P (.text:__DSKT2_usesInternalScratch)
                  87a64320    00000040     rts64plus.lib : isinf.obj (.text:___isinf)
                  87a64360    00000040                   : _printfi.obj (.text:___isnan)
                  87a643a0    00000040                   : divd.obj (.text:___isnan)
                  87a643e0    00000040                   : assert.obj (.text:__abort_msg)
                  87a64420    00000040                   : fltuf.obj (.text:__fltuf)
                  87a64460    00000040                   : negd.obj (.text:__negd)
                  87a644a0    00000040                   : vsnprintf.obj (.text:__outc)
                  87a644e0    00000040                   : imath40.obj (.text:__remli)
                  87a64520    00000040                   : strasg.obj (.text:__strasgi_64plus)
                  87a64560    00000040                   : subd.obj (.text:__subd)
                  87a645a0    00000040     gt.a64P : gt.o64P (.text:_error)
                  87a645e0    00000040     bios3430.a64P : pwrm_getlm.o64P (.text)
                  87a64620    00000040     dsplink.lib : hal.obj (.text)
                  87a64660    00000040     node.a64P : node_init.o64P (.text)
                  87a646a0    00000040     osal_bios.a64P : SemMP_BIOS.o64P (.text)
                  87a646e0    00000040     utils.a64P : c64p_getltime.o64P (.text)
                  87a64720    00000020     acpy3.a64P : acpy3_init.o64P (.text:ACPY3_exit:_ACPY3_exit)
                  87a64740    00000020                : acpy3_init.o64P (.text:ACPY3_init:_ACPY3_init)
                  87a64760    00000020     dsplinkmsg.lib : zcpy_mqt.obj (.text:DSPLINK_init)
                  87a64780    00000020                    : zcpy_mqt.obj (.text:ZCPYMQT_release)
                  87a647a0    00000020     gt.a64P : CBuf.o64P (.text:_CBuf_getSize)
                  87a647c0    00000020             : CBuf.o64P (.text:_CBuf_lost)
                  87a647e0    00000020     cvDFT_unitserver_evm3530_x64P.o64P (.text:_DMAN3_CE_exit)
                  87a64800    00000020     dman3Cfg.a64P : dman3_initImpl.o64P (.text:_DMAN3_exit)
                  87a64820    00000020     gt.a64P : gt.o64P (.text:_GT_getModNameFlags)
                  87a64840    00000020     cvDFT_unitserver_evm3530_x64P.o64P (.text:_RMAN_activateAllResources)
                  87a64860    00000020     cvDFT_unitserver_evm3530_x64P.o64P (.text:_RMAN_assignResources)
                  87a64880    00000020     cvDFT_unitserver_evm3530_x64P.o64P (.text:_RMAN_deactivateAllResources)
                  87a648a0    00000020     cvDFT_unitserver_evm3530_x64P.o64P (.text:_RMAN_exit)
                  87a648c0    00000020     cvDFT_unitserver_evm3530_x64P.o64P (.text:_RMAN_freeResources)
                  87a648e0    00000020     cvDFT_unitserver_evm3530_x64P.o64P (.text:_RMAN_init)
                  87a64900    00000020     dman3Cfg.a64P : rmm.o64P (.text:_RMM_alloc)
                  87a64920    00000020                   : rmm.o64P (.text:_RMM_free)
                  87a64940    00000020     rts64plus.lib : divf.obj (.text:___isnanf)
                  87a64960    00000020                   : negll.obj (.text:__negll)
                  87a64980    00000020                   : _lock.obj (.text:__nop)
                  87a649a0    00000020                   : fprintf.obj (.text:__outc)
                  87a649c0    00000020                   : sprintf.obj (.text:__outc)
                  87a649e0    00000020                   : fprintf.obj (.text:__outs)
                  87a64a00    00000020                   : _lock.obj (.text:__register_lock)
                  87a64a20    00000020                   : _lock.obj (.text:__register_unlock)
                  87a64a40    00000020                   : exit.obj (.text:_abort)
                  87a64a60    00000020     gt.a64P : gt.o64P (.text:_getModNameFlagsAddr)
                  87a64a80    00000020     rts64plus.lib : remove.obj (.text:_remove)
                  87a64aa0    00000020     gt.a64P : gt.o64P (.text:_setModNameFlags)
                  87a64ac0    00000020     dman3Cfg.a64P : dman3_api.o64P (.text:_shmFree)
                  87a64ae0    00000020     ipc_bios.a64P : Processor_noOS.o64P (.text)
                  87a64b00    00000020     osal_bios.a64P : LockMP_noOS.o64P (.text)

.DDR2$heap 
*          0    87a64b20    00020000     UNINITIALIZED
                  87a64b20    00020000     --HOLE--

.bios      0    87a84b20    00006420     
                  87a84b20    000005c0     bios.a64P : sys_prin.o64P (.bios)
                  87a850e0    00000520               : exc.o64P (.bios)
                  87a85600    000004e0               : hwi_disp_asm.o64P (.bios)
                  87a85ae0    000004c0               : swi.o64P (.bios)
                  87a85fa0    00000380               : prd.o64P (.bios)
                  87a86320    00000340               : tsk_crea.o64P (.bios)
                  87a86660    000002a0               : malloc.o64P (.bios)
                  87a86900    00000240               : knl_run.o64P (.bios)
                  87a86b40    00000240               : mem_defi.o64P (.bios)
                  87a86d80    00000220               : mem_rede.o64P (.bios)
                  87a86fa0    00000200               : sem_pend.o64P (.bios)
                  87a871a0    00000200     bios3430.a64P : clk2430.o64P (.bios)
                  87a873a0    000001e0     bios.a64P : mem_allo.o64P (.bios:.near)
                  87a87580    000001e0               : c62_plug.o64P (.bios)
                  87a87760    000001e0               : exc_asm.o64P (.bios)
                  87a87940    000001e0               : knl_tick.o64P (.bios)
                  87a87b20    000001c0               : mem_free.o64P (.bios:.near)
                  87a87ce0    000001c0               : sem_dopo.o64P (.bios)
                  87a87ea0    000001c0               : tsk_dele.o64P (.bios)
                  87a88060    000001c0               : tsk_setp.o64P (.bios)
                  87a88220    000001c0     bios3430.a64P : clk.o64P (.bios)
                  87a883e0    000001a0     bios.a64P : tsk_setu.o64P (.bios)
                  87a88580    00000180               : knl_swit.o64P (.bios)
                  87a88700    00000140               : autoinit.o64P (.bios)
                  87a88840    00000140               : knl_read.o64P (.bios)
                  87a88980    00000140               : mem_stat.o64P (.bios)
                  87a88ac0    00000140               : msgq_open.o64P (.bios)
                  87a88c00    00000140               : tsk_exit.o64P (.bios)
                  87a88d40    00000140     bios3430.a64P : bcache_init.o64P (.bios)
                  87a88e80    00000140                   : clk2430_reconfig.o64P (.bios)
                  87a88fc0    00000120     bios.a64P : gbl_cacheinit64P.o64P (.bios)
                  87a890e0    00000120               : knl_chec.o64P (.bios)
                  87a89200    00000120               : tsk_stup.o64P (.bios)
                  87a89320    00000100               : msgq_locate.o64P (.bios)
                  87a89420    00000100               : msgq_stup.o64P (.bios)
                  87a89520    00000100     bios3430.a64P : bcache_block.o64P (.bios)
                  87a89620    000000e0     bios.a64P : msgq_locatelocal.o64P (.bios)
                  87a89700    000000e0               : sem_post_asm.o64P (.bios)
                  87a897e0    000000c0               : knl_exit.o64P (.bios)
                  87a898a0    000000c0               : msgq_alloc.o64P (.bios)
                  87a89960    000000c0               : tsk_yiel.o64P (.bios)
                  87a89a20    000000a0               : knl_star.o64P (.bios)
                  87a89ac0    000000a0               : msgq_close.o64P (.bios)
                  87a89b60    000000a0               : msgq_get.o64P (.bios)
                  87a89c00    000000a0               : msgq_put.o64P (.bios)
                  87a89ca0    000000a0               : sem_post.o64P (.bios)
                  87a89d40    000000a0               : swi_seta.o64P (.bios)
                  87a89de0    000000a0               : sys_exit.o64P (.bios)
                  87a89e80    000000a0               : tsk_stat.o64P (.bios)
                  87a89f20    000000a0     log8.a64P : log_ts.o64P (.bios)
                  87a89fc0    00000080     bios.a64P : atm.o64P (.bios)
                  87a8a040    00000080               : hwi_disp.o64P (.bios)
                  87a8a0c0    00000080               : hwi_eventmap64P.o64P (.bios)
                  87a8a140    00000080               : knl_ipos.o64P (.bios)
                  87a8a1c0    00000080               : knl_post.o64P (.bios)
                  87a8a240    00000080               : lck.o64P (.bios)
                  87a8a2c0    00000080               : obj_crea.o64P (.bios)
                  87a8a340    00000080               : sem_crea.o64P (.bios)
                  87a8a3c0    00000080               : swi_crea.o64P (.bios)
                  87a8a440    00000080               : tsk_disa.o64P (.bios)
                  87a8a4c0    00000080     bios3430.a64P : bcache_all.o64P (.bios)
                  87a8a540    00000080                   : bcache_wait.o64P (.bios)
                  87a8a5c0    00000080     log8.a64P : log5_ts.o64P (.bios)
                  87a8a640    00000080     pwrm.a64P : _pwrm_idleStopClk64P.o64P (.bios)
                  87a8a6c0    00000060     bios.a64P : mem_vall.o64P (.bios:.near)
                  87a8a720    00000060               : sys_erro.o64P (.bios:.near)
                  87a8a780    00000060               : fxn.o64P (.bios)
                  87a8a7e0    00000060               : hwi_c.o64P (.bios)
                  87a8a840    00000060               : msgq_release.o64P (.bios)
                  87a8a8a0    00000060               : obj_dele.o64P (.bios)
                  87a8a900    00000060               : sem_pend_binary.o64P (.bios)
                  87a8a960    00000060               : sem_pend_counting.o64P (.bios)
                  87a8a9c0    00000060               : sts.o64P (.bios)
                  87a8aa20    00000060               : swi_disable.o64P (.bios)
                  87a8aa80    00000060               : sys_abor.o64P (.bios)
                  87a8aae0    00000060               : trg.o64P (.bios)
                  87a8ab40    00000060               : utl_putc.o64P (.bios)
                  87a8aba0    00000040               : c62_c.o64P (.bios)
                  87a8abe0    00000040               : mem_getBaseAddress.o64P (.bios)
                  87a8ac20    00000040               : msgq_free.o64P (.bios)
                  87a8ac60    00000040               : msgq_getsrcqueue.o64P (.bios)
                  87a8aca0    00000040               : que_get.o64P (.bios)
                  87a8ace0    00000040               : utl_doab.o64P (.bios)
                  87a8ad20    00000040     pwrm.a64P : _pwrm_idle64P.o64P (.bios)
                  87a8ad60    00000020     bios.a64P : clk_countspms.o64P (.bios)
                  87a8ad80    00000020               : fxn_c.o64P (.bios)
                  87a8ada0    00000020               : gbl_vers.o64P (.bios)
                  87a8adc0    00000020               : hook_setenv.o64P (.bios)
                  87a8ade0    00000020               : idl.o64P (.bios)
                  87a8ae00    00000020               : sem_dele.o64P (.bios)
                  87a8ae20    00000020               : sts_set.o64P (.bios)
                  87a8ae40    00000020               : swi_dele.o64P (.bios)
                  87a8ae60    00000020               : swi_self.o64P (.bios)
                  87a8ae80    00000020               : sys_atex.o64P (.bios)
                  87a8aea0    00000020               : sys_one.o64P (.bios)
                  87a8aec0    00000020               : utl_doer.o64P (.bios)
                  87a8aee0    00000020               : utl_halt.o64P (.bios)
                  87a8af00    00000020     bios3430.a64P : clk2430_gethtime.o64P (.bios)
                  87a8af20    00000020     log8.a64P : log_printf4.o64P (.bios)

.const     0    87a8af40    00004d0d     
                  87a8af40    00000f4f     cvDFT_unitserver_evm3530_x64P.o64P (.const:.string)
                  87a8be8f    00000001     --HOLE-- [fill = 0]
                  87a8be90    00000f23     ce.a64P : Engine.o64P (.const)
                  87a8cdb3    000007b4             : visa.o64P (.const)
                  87a8d567    000004c2     Algorithm_BIOS.a64P : Algorithm_BIOS.o64P (.const)
                  87a8da29    00000455     XdmUtils.a64P : XdmUtils.o64P (.const)
                  87a8de7e    00000374     osal_bios.a64P : Memory_BIOS.o64P (.const)
                  87a8e1f2    00000374     universal.a64P : universal.o64P (.const)
                  87a8e566    000002a0     ce.a64P : rms.o64P (.const)
                  87a8e806    00000253     osal_bios.a64P : Global_BIOS.o64P (.const)
                  87a8ea59    00000206     ce.a64P : Server.o64P (.const)
                  87a8ec5f    00000001     --HOLE-- [fill = 0]
                  87a8ec60    000001f9     gt.a64P : gt.o64P (.const)
                  87a8ee59    00000003     rts64plus.lib : assert.obj (.const:.string)
                  87a8ee5c    000001f0     bios.a64P : sys_stri.o64P (.const)
                  87a8f04c    00000193               : exc.o64P (.const)
                  87a8f1df    0000018a     bioslog.a64P : LogServer.o64P (.const)
                  87a8f369    00000105     node.a64P : node_exec.o64P (.const)
                  87a8f46e    00000002     rts64plus.lib : fputs.obj (.const:.string)
                  87a8f470    00000101                   : ctype.obj (.const:__ctypes_)
                  87a8f571    000000e5     node.a64P : node_dele.o64P (.const)
                  87a8f656    00000082     dskt2.a64P : dskt2_scratch.o64P (.const)
                  87a8f6d8    0000007a     osal_bios.a64P : Thread_BIOS.o64P (.const)
                  87a8f752    00000078                    : Sem_BIOS.o64P (.const)
                  87a8f7ca    0000006a     node.a64P : node_crea.o64P (.const)
                  87a8f834    00000067     ce.a64P : package_ti.sdo.ce.o64P (.const)
                  87a8f89b    00000052     main.o64P (.const:.string)
                  87a8f8ed    0000004e     bios.a64P : pool_init.o64P (.const)
                  87a8f93b    0000004e               : tsk_stup.o64P (.const)
                  87a8f989    0000003b     node.a64P : node_start.o64P (.const)
                  87a8f9c4    00000032     bios.a64P : mem_rede.o64P (.const)
                  87a8f9f6    00000032     ipc_bios.a64P : Comm_BIOS.o64P (.const)
                  87a8fa28    0000002c     bios.a64P : msgq_init.o64P (.const)
                  87a8fa54    00000027     bios3430.a64P : pwrm_rel3430.o64P (.const)
                  87a8fa7b    00000024     bios.a64P : msgq_stup.o64P (.const)
                  87a8fa9f    00000023     rts64plus.lib : _printfi.obj (.const:.string)
                  87a8fac2    00000023     bios.a64P : utl_doab.o64P (.const)
                  87a8fae5    00000023     bios3430.a64P : pwrm_set3430.o64P (.const)
                  87a8fb08    00000022     bios.a64P : utl_doer.o64P (.const)
                  87a8fb2a    00000019     dsplinkmplist.lib : _mplist.obj (.const:.string)
                  87a8fb43    00000019     dsplinkringio.lib : _ringio.obj (.const:.string)
                  87a8fb5c    00000004     bios.a64P : mem_allo.o64P (.const)
                  87a8fb60    00000018     dskt2.a64P : dskt2_scratch.o64P (.const:_$P$T0$2)
                  87a8fb78    00000018     bios.a64P : msgq.o64P (.const)
                  87a8fb90    00000012     dsplinkmpcs.lib : _mpcs.obj (.const:.string)
                  87a8fba2    00000012                     : mpcs.obj (.const:.string)
                  87a8fbb4    00000012     dsplinkmsg.lib : zcpy_mqt.obj (.const:.string)
                  87a8fbc6    00000012     dsplinkpool.lib : sma_pool.obj (.const:.string)
                  87a8fbd8    00000012     osal_bios.a64P : GT_config_BIOS.o64P (.const)
                  87a8fbea    00000005     dsplink.lib : dsplink.obj (.const:.string)
                  87a8fbef    00000001     --HOLE-- [fill = 0]
                  87a8fbf0    00000011     ce.a64P : rms.o64P (.const:_digtohex$2)
                  87a8fc01    00000007     bios.a64P : sys_prin.o64P (.const)
                  87a8fc08    00000011               : sys_prin.o64P (.const:_digtohex)
                  87a8fc19    00000003     node.a64P : node_init.o64P (.const)
                  87a8fc1c    00000010     dsplinkpool.lib : sma_pool.obj (.const)
                  87a8fc2c    00000004     bios.a64P : mem_free.o64P (.const)
                  87a8fc30    0000000c     ce.a64P : Engine.o64P (.const:_$P$T0$2)
                  87a8fc3c    00000009     ipc_bios.a64P : Processor_noOS.o64P (.const)
                  87a8fc45    00000003     --HOLE-- [fill = 0]
                  87a8fc48    00000001     bios.a64P : sem_crea.o64P (.const)
                  87a8fc49    00000003     --HOLE-- [fill = 0]
                  87a8fc4c    00000001               : tsk.o64P (.const)

.printf    0    87a8fc4d    00000084     COPY SECTION
                  87a8fc4d    00000084     cvDFT_unitserver_evm3530_x64Pcfg.o64P (.printf)

.trace     0    87a8fc50    00000200     
                  87a8fc50    00000200     --HOLE-- [fill = 00000000]

.cio       0    87a8fe50    00000120     UNINITIALIZED
                  87a8fe50    00000120     rts64plus.lib : trgmsg.obj (.cio)

.log       0    87a8ff70    00000078     
                  87a8ff70    00000078     cvDFT_unitserver_evm3530_x64Pcfg.o64P (.log)

.idl       0    87a8ffe8    0000000c     UNINITIALIZED
                  87a8ffe8    0000000c     cvDFT_unitserver_evm3530_x64Pcfg.o64P (.idl)

.idlcal    0    87a8fff4    0000000c     UNINITIALIZED
                  87a8fff4    0000000c     cvDFT_unitserver_evm3530_x64Pcfg.o64P (.idlcal)

.ti_sdo_ce_bioslog_track$buf 
*          0    87a90000    00004000     UNINITIALIZED
                  87a90000    00004000     cvDFT_unitserver_evm3530_x64Pcfg.o64P (.ti_sdo_ce_bioslog_track$buf)

.cinit     0    87a94000    00001e24     
                  87a94000    000005a4     cvDFT_unitserver_evm3530_x64P.o64P (.cinit)
                  87a945a4    00000004     --HOLE-- [fill = 0]
                  87a945a8    000004f4     cvDFT_unitserver_evm3530_x64Pcfg.o64P (.cinit)
                  87a94a9c    00000004     --HOLE-- [fill = 0]
                  87a94aa0    0000026c     bios.a64P : biosdata.o64P (.cinit)
                  87a94d0c    00000004     --HOLE-- [fill = 0]
                  87a94d10    000001a4               : knl.o64P (.cinit)
                  87a94eb4    00000004     --HOLE-- [fill = 0]
                  87a94eb8    00000108     pwrm.a64P : pwrm.o64P (.cinit)
                  87a94fc0    000000b0     bios.a64P : swi.o64P (.cinit)
                  87a95070    0000009c     ce.a64P : Engine.o64P (.cinit)
                  87a9510c    00000004     --HOLE-- [fill = 0]
                  87a95110    0000009c     dskt2.a64P : dskt2_scratch.o64P (.cinit)
                  87a951ac    00000004     --HOLE-- [fill = 0]
                  87a951b0    00000084     ce.a64P : rms.o64P (.cinit)
                  87a95234    00000004     --HOLE-- [fill = 0]
                  87a95238    0000007c     gt.a64P : gt.o64P (.cinit)
                  87a952b4    00000004     --HOLE-- [fill = 0]
                  87a952b8    0000007c     utils.a64P : Load.o64P (.cinit)
                  87a95334    00000004     --HOLE-- [fill = 0]
                  87a95338    00000070     bios.a64P : tsk.o64P (.cinit)
                  87a953a8    0000006a     pwrm.a64P : pwrm_ini.o64P (.cinit)
                  87a95412    00000006     --HOLE-- [fill = 0]
                  87a95418    00000068     bios3430.a64P : pwrm_rdb3430.o64P (.cinit)
                  87a95480    00000060     bios.a64P : tsk_stup.o64P (.cinit)
                  87a954e0    0000005c     rts64plus.lib : defs.obj (.cinit)
                  87a9553c    00000004     --HOLE-- [fill = 0]
                  87a95540    0000005c                   : lowlev.obj (.cinit)
                  87a9559c    00000004     --HOLE-- [fill = 0]
                  87a955a0    0000004c     dman3Cfg.a64P : dman3_api.o64P (.cinit)
                  87a955ec    00000004     --HOLE-- [fill = 0]
                  87a955f0    0000004a     osal_bios.a64P : Global_BIOS.o64P (.cinit)
                  87a9563a    00000006     --HOLE-- [fill = 0]
                  87a95640    00000044     bios.a64P : sys_stri.o64P (.cinit)
                  87a95684    00000004     --HOLE-- [fill = 0]
                  87a95688    0000003c               : exc.o64P (.cinit)
                  87a956c4    00000004     --HOLE-- [fill = 0]
                  87a956c8    0000003c     bios3430.a64P : _pwrm_cpuload.o64P (.cinit)
                  87a95704    00000004     --HOLE-- [fill = 0]
                  87a95708    0000003c     bioslog.a64P : LogServer.o64P (.cinit)
                  87a95744    00000004     --HOLE-- [fill = 0]
                  87a95748    00000038     osal_bios.a64P : Thread_BIOS.o64P (.cinit)
                  87a95780    00000034     bios.a64P : hwi.o64P (.cinit)
                  87a957b4    00000004     --HOLE-- [fill = 0]
                  87a957b8    00000034     bios3430.a64P : pwrm_getld.o64P (.cinit)
                  87a957ec    00000004     --HOLE-- [fill = 0]
                  87a957f0    00000034     ce.a64P : package_ti.sdo.ce.o64P (.cinit)
                  87a95824    00000004     --HOLE-- [fill = 0]
                  87a95828    00000034     cvDFT_gsoc.l64P : cvDFT_gsoc_vt.o64P (.cinit)
                  87a9585c    00000004     --HOLE-- [fill = 0]
                  87a95860    0000002c     bios.a64P : utl_putc.o64P (.cinit)
                  87a9588c    00000004     --HOLE-- [fill = 0]
                  87a95890    0000002c     osal_bios.a64P : GT_config_BIOS.o64P (.cinit)
                  87a958bc    00000004     --HOLE-- [fill = 0]
                  87a958c0    0000002c     osal_bios_pwrm.a64P : Global_BIOS_load_PWRM.o64P (.cinit)
                  87a958ec    00000004     --HOLE-- [fill = 0]
                  87a958f0    0000002c     rts64plus.lib : exit.obj (.cinit)
                  87a9591c    00000004     --HOLE-- [fill = 0]
                  87a95920    0000002a     dsplinkmsg.lib : zcpy_mqt.obj (.cinit)
                  87a9594a    00000006     --HOLE-- [fill = 0]
                  87a95950    0000002a     osal_bios.a64P : Lock_BIOS.o64P (.cinit)
                  87a9597a    00000006     --HOLE-- [fill = 0]
                  87a95980    00000028     dsplink.lib : ips.obj (.cinit)
                  87a959a8    00000024     bios.a64P : obj_init.o64P (.cinit)
                  87a959cc    00000004     --HOLE-- [fill = 0]
                  87a959d0    00000024     ipc_bios.a64P : Processor_noOS.o64P (.cinit)
                  87a959f4    00000004     --HOLE-- [fill = 0]
                  87a959f8    00000022     cvDFT_gsoc.l64P : cvDFT_gsoc_ialg.o64P (.cinit)
                  87a95a1a    00000006     --HOLE-- [fill = 0]
                  87a95a20    00000022     osal_bios.a64P : Memory_BIOS.o64P (.cinit)
                  87a95a42    00000006     --HOLE-- [fill = 0]
                  87a95a48    00000020                    : Sem_BIOS.o64P (.cinit)
                  87a95a68    0000001c     bios.a64P : exc_asm.o64P (.cinit)
                  87a95a84    00000004     --HOLE-- [fill = 0]
                  87a95a88    0000001c               : mem_defi.o64P (.cinit)
                  87a95aa4    00000004     --HOLE-- [fill = 0]
                  87a95aa8    0000001c               : swi_seta.o64P (.cinit)
                  87a95ac4    00000004     --HOLE-- [fill = 0]
                  87a95ac8    0000001c               : sys.o64P (.cinit)
                  87a95ae4    00000004     --HOLE-- [fill = 0]
                  87a95ae8    0000001c     dsplinkmpcs.lib : _mpcs.obj (.cinit)
                  87a95b04    00000004     --HOLE-- [fill = 0]
                  87a95b08    0000001c     dsplinkmplist.lib : _mplist.obj (.cinit)
                  87a95b24    00000004     --HOLE-- [fill = 0]
                  87a95b28    0000001c     dsplinknotify.lib : _notify.obj (.cinit)
                  87a95b44    00000004     --HOLE-- [fill = 0]
                  87a95b48    0000001c     dsplinkringio.lib : ringio.obj (.cinit)
                  87a95b64    00000004     --HOLE-- [fill = 0]
                  87a95b68    0000001c     rts64plus.lib : _lock.obj (.cinit)
                  87a95b84    00000004     --HOLE-- [fill = 0]
                  87a95b88    0000001a     ce.a64P : Server.o64P (.cinit)
                  87a95ba2    00000006     --HOLE-- [fill = 0]
                  87a95ba8    0000001a     universal.a64P : universal.o64P (.cinit)
                  87a95bc2    00000006     --HOLE-- [fill = 0]
                  87a95bc8    00000018     bios.a64P : knl_tick.o64P (.cinit)
                  87a95be0    00000018               : tsk_setp.o64P (.cinit)
                  87a95bf8    00000018               : tsk_yiel.o64P (.cinit)
                  87a95c10    00000014               : hwi_disp.o64P (.cinit)
                  87a95c24    00000004     --HOLE-- [fill = 0]
                  87a95c28    00000014     bios3430.a64P : bcache_table.o64P (.cinit)
                  87a95c3c    00000004     --HOLE-- [fill = 0]
                  87a95c40    00000014     node.a64P : node_crea.o64P (.cinit)
                  87a95c54    00000004     --HOLE-- [fill = 0]
                  87a95c58    00000014     universal.a64P : universal_skel.o64P (.cinit)
                  87a95c6c    00000004     --HOLE-- [fill = 0]
                  87a95c70    00000010     bios.a64P : sem_crea.o64P (.cinit)
                  87a95c80    00000010     ce.a64P : visa.o64P (.cinit)
                  87a95c90    00000010     main.o64P (.cinit)
                  87a95ca0    00000010     rts64plus.lib : divd.obj (.cinit)
                  87a95cb0    00000010                   : divf.obj (.cinit)
                  87a95cc0    0000000e     dskt2.a64P : dskt2crea.o64P (.cinit)
                  87a95cce    00000002     --HOLE-- [fill = 0]
                  87a95cd0    0000000c     acpy3.a64P : acpy3_init.o64P (.cinit)
                  87a95cdc    00000004     --HOLE-- [fill = 0]
                  87a95ce0    0000000c     bios.a64P : knl_star.o64P (.cinit)
                  87a95cec    00000004     --HOLE-- [fill = 0]
                  87a95cf0    0000000c               : knl_swit.o64P (.cinit)
                  87a95cfc    00000004     --HOLE-- [fill = 0]
                  87a95d00    0000000c               : msgq.o64P (.cinit)
                  87a95d0c    00000004     --HOLE-- [fill = 0]
                  87a95d10    0000000c               : pool.o64P (.cinit)
                  87a95d1c    00000004     --HOLE-- [fill = 0]
                  87a95d20    0000000c               : tsk_disa.o64P (.cinit)
                  87a95d2c    00000004     --HOLE-- [fill = 0]
                  87a95d30    0000000c     bios3430.a64P : _pwrm_initclk3430.o64P (.cinit)
                  87a95d3c    00000004     --HOLE-- [fill = 0]
                  87a95d40    0000000c                   : bcache_wait.o64P (.cinit)
                  87a95d4c    00000004     --HOLE-- [fill = 0]
                  87a95d50    0000000c     dman3Cfg.a64P : dman3_initImpl.o64P (.cinit)
                  87a95d5c    00000004     --HOLE-- [fill = 0]
                  87a95d60    0000000c     dsplink.lib : shm_drv.obj (.cinit)
                  87a95d6c    00000004     --HOLE-- [fill = 0]
                  87a95d70    0000000c     dsplinkmsg.lib : dsplinkmqt.obj (.cinit)
                  87a95d7c    00000004     --HOLE-- [fill = 0]
                  87a95d80    0000000c     ipc_bios.a64P : Comm_BIOS.o64P (.cinit)
                  87a95d8c    00000004     --HOLE-- [fill = 0]
                  87a95d90    0000000c     osal_bios.a64P : Trace.o64P (.cinit)
                  87a95d9c    00000004     --HOLE-- [fill = 0]
                  87a95da0    0000000c     rts64plus.lib : fopen.obj (.cinit)
                  87a95dac    00000004     --HOLE-- [fill = 0]
                  87a95db0    0000000a     Algorithm_BIOS.a64P : Algorithm_BIOS.o64P (.cinit)
                  87a95dba    00000006     --HOLE-- [fill = 0]
                  87a95dc0    0000000a     XdmUtils.a64P : XdmUtils.o64P (.cinit)
                  87a95dca    00000006     --HOLE-- [fill = 0]
                  87a95dd0    0000000a     bios.a64P : msgq_init.o64P (.cinit)
                  87a95dda    00000006     --HOLE-- [fill = 0]
                  87a95de0    0000000a               : msgq_stup.o64P (.cinit)
                  87a95dea    00000006     --HOLE-- [fill = 0]
                  87a95df0    0000000a               : pool_init.o64P (.cinit)
                  87a95dfa    00000006     --HOLE-- [fill = 0]
                  87a95e00    0000000a     dsplink.lib : dsplink.obj (.cinit)
                  87a95e0a    00000006     --HOLE-- [fill = 0]
                  87a95e10    0000000a     node.a64P : node_init.o64P (.cinit)
                  87a95e1a    00000006     --HOLE-- [fill = 0]
                  87a95e20    00000004     (.pad.cinit) [fill = 0]

.TSK_idle$stk 
*          0    87a95e28    00001000     UNINITIALIZED
                  87a95e28    00001000     cvDFT_unitserver_evm3530_x64Pcfg.o64P (.TSK_idle$stk)

.stack     0    87a96e28    00001000     UNINITIALIZED
                  87a96e28    00001000     --HOLE--

.args      0    87a97e28    00000100     
                  87a97e28    00000100     --HOLE-- [fill = 0]

.trcdata   0    87a97f28    0000000c     
                  87a97f28    0000000c     bios.a64P : trc.o64P (.trcdata)

.clk       0    87a97f34    00000008     UNINITIALIZED
                  87a97f34    00000008     cvDFT_unitserver_evm3530_x64Pcfg.o64P (.clk)

.hwi       0    87a97f40    00000060     
                  87a97f40    00000060     cvDFT_unitserver_evm3530_x64Pcfg.o64P (.hwi)

.text:algAlloc 
*          0    87a97fa0    00000060     
                  87a97fa0    00000060     cvDFT_gsoc.l64P : cvDFT_gsoc_ialg.o64P (.text:algAlloc)

.ti_sdo_ce_bioslog_create$buf 
*          0    87a98000    00001000     UNINITIALIZED
                  87a98000    00001000     cvDFT_unitserver_evm3530_x64Pcfg.o64P (.ti_sdo_ce_bioslog_create$buf)

.sysinit   0    87a99000    000007a0     
                  87a99000    00000340     cvDFT_unitserver_evm3530_x64Pcfg.o64P (.sysinit)
                  87a99340    00000140     bios.a64P : msgq_init.o64P (.sysinit)
                  87a99480    00000120               : pool_init.o64P (.sysinit)
                  87a995a0    000000c0               : boot.o64P (.sysinit)
                  87a99660    000000a0               : mem_init.o64P (.sysinit)
                  87a99700    00000060               : tsk_init.o64P (.sysinit)
                  87a99760    00000020               : obj_init.o64P (.sysinit)
                  87a99780    00000020     pwrm.a64P : pwrm_ini.o64P (.sysinit)

.bss       0    87a997a0    00000562     UNINITIALIZED
                  87a997a0    00000100     bios.a64P : hwi_disp_asm.o64P (.bss)
                  87a998a0    000000cc               : biosdata.o64P (.bss)
                  87a9996c    0000009c               : swi.o64P (.bss)
                  87a99a08    00000048               : knl.o64P (.bss)
                  87a99a50    00000040     cvDFT_unitserver_evm3530_x64P.o64P (.bss)
                  87a99a90    00000030     cvDFT_unitserver_evm3530_x64Pcfg.o64P (.bss)
                  87a99ac0    0000002c     bios3430.a64P : _pwrm_cpuload.o64P (.bss)
                  87a99aec    0000002c     dskt2.a64P : dskt2_scratch.o64P (.bss)
                  87a99b18    00000028     dman3Cfg.a64P : dman3_api.o64P (.bss)
                  87a99b40    00000024     pwrm.a64P : pwrm.o64P (.bss)
                  87a99b64    00000004     bios.a64P : clk_data2.o64P (.bss)
                  87a99b68    00000020               : exc_asm.o64P (.bss)
                  87a99b88    00000020     ce.a64P : Engine.o64P (.bss)
                  87a99ba8    00000020     utils.a64P : Load.o64P (.bss)
                  87a99bc8    0000001c     ce.a64P : rms.o64P (.bss)
                  87a99be4    0000001a     pwrm.a64P : pwrm_ini.o64P (.bss)
                  87a99bfe    00000002     Algorithm_BIOS.a64P : Algorithm_BIOS.o64P (.bss)
                  87a99c00    00000018     bios.a64P : hwi.o64P (.bss)
                  87a99c18    00000018     bioslog.a64P : LogServer.o64P (.bss)
                  87a99c30    00000018     gt.a64P : gt.o64P (.bss)
                  87a99c48    00000014     bios3430.a64P : pwrm_getld.o64P (.bss)
                  87a99c5c    00000010     bios.a64P : exc.o64P (.bss)
                  87a99c6c    0000000c               : tsk.o64P (.bss)
                  87a99c78    0000000c     dman3Cfg.a64P : dman3_initImpl.o64P (.bss)
                  87a99c84    0000000c     osal_bios.a64P : GT_config_BIOS.o64P (.bss)
                  87a99c90    0000000c                    : Global_BIOS.o64P (.bss)
                  87a99c9c    0000000c     osal_bios_pwrm.a64P : Global_BIOS_load_PWRM.o64P (.bss)
                  87a99ca8    00000008     bios.a64P : clk_data.o64P (.bss)
                  87a99cb0    00000008               : sys.o64P (.bss)
                  87a99cb8    00000008     ce.a64P : package_ti.sdo.ce.o64P (.bss)
                  87a99cc0    00000006     osal_bios.a64P : Lock_BIOS.o64P (.bss)
                  87a99cc6    00000002     XdmUtils.a64P : XdmUtils.o64P (.bss)
                  87a99cc8    00000004     bios.a64P : knl_star.o64P (.bss)
                  87a99ccc    00000004               : mem_asm.o64P (.bss)
                  87a99cd0    00000004               : mem_defi.o64P (.bss)
                  87a99cd4    00000004               : msgq.o64P (.bss)
                  87a99cd8    00000004               : pool.o64P (.bss)
                  87a99cdc    00000004               : tsk_disa.o64P (.bss)
                  87a99ce0    00000004     bios3430.a64P : _pwrm_initclk3430.o64P (.bss)
                  87a99ce4    00000004                   : pwrm_rdb3430.o64P (.bss)
                  87a99ce8    00000004     ce.a64P : Server.o64P (.bss)
                  87a99cec    00000004     osal_bios.a64P : Thread_BIOS.o64P (.bss)
                  87a99cf0    00000004                    : Trace.o64P (.bss)
                  87a99cf4    00000002     bios.a64P : msgq_init.o64P (.bss)
                  87a99cf6    00000002               : msgq_stup.o64P (.bss)
                  87a99cf8    00000002               : pool_init.o64P (.bss)
                  87a99cfa    00000002     node.a64P : node_init.o64P (.bss)
                  87a99cfc    00000002     osal_bios.a64P : Memory_BIOS.o64P (.bss)
                  87a99cfe    00000002                    : Sem_BIOS.o64P (.bss)
                  87a99d00    00000002     universal.a64P : universal.o64P (.bss)

.switch    0    87a99d04    000000f0     
                  87a99d04    00000044     ce.a64P : rms.o64P (.switch)
                  87a99d48    00000040             : Server.o64P (.switch)
                  87a99d88    0000003c     dskt2.a64P : dskt2_scratch.o64P (.switch)
                  87a99dc4    00000010     bios3430.a64P : _pwrm_cpuload.o64P (.switch)
                  87a99dd4    00000010     dsplinkringio.lib : _ringio.obj (.switch)
                  87a99de4    00000010     gt.a64P : gt.o64P (.switch)

.ti_sdo_ce_bioslog_synch$buf 
*          0    87a99e00    00000100     UNINITIALIZED
                  87a99e00    00000100     cvDFT_unitserver_evm3530_x64Pcfg.o64P (.ti_sdo_ce_bioslog_synch$buf)

.text:filter 
*          0    87a99f00    000000e0     
                  87a99f00    000000e0     cvDFT_gsoc.l64P : cvDFT_gsoc_filter.o64P (.text:filter)

.prd       0    87a99fe0    00000020     UNINITIALIZED
                  87a99fe0    00000020     cvDFT_unitserver_evm3530_x64Pcfg.o64P (.prd)

.ti_sdo_ce_osal_LOG_Buffer$buf 
*          0    87a9a000    00000400     UNINITIALIZED
                  87a9a000    00000400     cvDFT_unitserver_evm3530_x64Pcfg.o64P (.ti_sdo_ce_osal_LOG_Buffer$buf)

.hwi_vec   0    87a9a400    00000200     
                  87a9a400    00000200     cvDFT_unitserver_evm3530_x64Pcfg.o64P (.hwi_vec)

.data      0    87a9a600    00000084     UNINITIALIZED
                  87a9a600    00000084     dsplink.lib : dsplink.obj (.data:DSPLINK_shmBaseAddress)

.text:algControl 
*          0    87a9a6a0    00000060     
                  87a9a6a0    00000060     cvDFT_gsoc.l64P : cvDFT_gsoc_xdm.o64P (.text:algControl)

.text:algFree 
*          0    87a9a700    00000060     
                  87a9a700    00000060     cvDFT_gsoc.l64P : cvDFT_gsoc_ialg.o64P (.text:algFree)

.text:algInit 
*          0    87a9a760    00000060     
                  87a9a760    00000060     cvDFT_gsoc.l64P : cvDFT_gsoc_ialg.o64P (.text:algInit)

.tsk       0    87a9a7c0    00000060     UNINITIALIZED
                  87a9a7c0    00000060     cvDFT_unitserver_evm3530_x64Pcfg.o64P (.tsk)

.gblinit   0    87a9a820    00000058     
                  87a9a820    00000058     cvDFT_unitserver_evm3530_x64Pcfg.o64P (.gblinit)

.swi       0    87a9a878    00000058     UNINITIALIZED
                  87a9a878    00000058     cvDFT_unitserver_evm3530_x64Pcfg.o64P (.swi)

.text:algOrigControl 
*          0    87a9a8e0    00000040     
                  87a9a8e0    00000040     cvDFT_gsoc.l64P : cvDFT_gsoc_ialg.o64P (.text:algOrigControl)

.text:algProcess 
*          0    87a9a920    00000040     
                  87a9a920    00000040     cvDFT_gsoc.l64P : cvDFT_gsoc_xdm.o64P (.text:algProcess)

.sts       0    87a9a960    00000030     
                  87a9a960    00000030     cvDFT_unitserver_evm3530_x64Pcfg.o64P (.sts)

.text:algActivate 
*          0    87a9a9a0    00000020     
                  87a9a9a0    00000020     cvDFT_gsoc.l64P : cvDFT_gsoc_ialg.o64P (.text:algActivate)

.text:algDeactivate 
*          0    87a9a9c0    00000020     
                  87a9a9c0    00000020     cvDFT_gsoc.l64P : cvDFT_gsoc_ialg.o64P (.text:algDeactivate)

.text:algMoved 
*          0    87a9a9e0    00000020     
                  87a9a9e0    00000020     cvDFT_gsoc.l64P : cvDFT_gsoc_ialg.o64P (.text:algMoved)

.text:algNumAlloc 
*          0    87a9aa00    00000020     
                  87a9aa00    00000020     cvDFT_gsoc.l64P : cvDFT_gsoc_ialg.o64P (.text:algNumAlloc)

.LOG_system$buf 
*          0    87aa0000    00020000     UNINITIALIZED
                  87aa0000    00020000     cvDFT_unitserver_evm3530_x64Pcfg.o64P (.LOG_system$buf)


GLOBAL SYMBOLS: SORTED ALPHABETICALLY BY Name 

address    name
--------   ----
87a997a0   $bss
87a997a0   .bss
87a9a600   .data
87a41980   .text
87a99000   BIOS_init
87a99294   BIOS_start
00000000   BUF$
00000001   BUF_ENABLED
87a64a40   C$$EXIT
87a63e58   C$$IO$$
ffffffff   CACHE_L1D
ffffffff   CACHE_L1P
ffffffff   CACHE_L2
00000001   CLK$
87a97f34   CLK_A_TABBEG
00000001   CLK_CALDIV
00000001   CLK_CALMULT
00057e40   CLK_COUNTSPMS
00000005   CLK_COUNTSPMSHIGH
87a998c8   CLK_D_idletime
87a998c4   CLK_D_isrhook
87a998c0   CLK_D_tabbeg
87a998bc   CLK_D_timefxn
00000001   CLK_ENABLEHTIME
87a88220   CLK_F_getltime
87a88230   CLK_F_isr
87a88380   CLK_F_itime
87a85600   CLK_HOOKFXN
00000001   CLK_HTIMEDIV
00000001   CLK_HTIMEMULT
00057e40   CLK_HTIMEPERLTIME
00004b00   CLK_INPUTCLK
00004000   CLK_INTBIT
00000001   CLK_LTIMEDIV
00057e40   CLK_LTIMEMULT
000003e8   CLK_MICROSECS
00004b00   CLK_PRD
00000000   CLK_PRDHIGH
49038000   CLK_REGS
00000000   CLK_RESETTIMER
87a998b8   CLK_R_time
00000020   CLK_TCR
00000000   CLK_TDDR
00000000   CLK_TDDRHIGH
87a8af00   CLK_TIMEFXN
00000000   CLK_TIMERNUM
00000005   CLK_TIMMODE
00000001   CLK_USETIMER
87a97f38   CLK_null
87a99ab8   DDR2
87a64b20   DDR2$B
00020000   DDR2$L
87a99ab4   DDRALGHEAP
86800000   DDRALGHEAP$B
01200000   DDRALGHEAP$L
00000000   DEV$
00000000   DGN$
00000000   DHL$
00000000   DHL_gChannelsAvailable
00000000   DIO$
00000000   DIO_NUMSWIBASE
00000000   DIO_NUMTSKBASE
00000000   DIO_STATIC
00000000   DPI$
ffffffff   DSPLINKMEM
00000000   ECM$
00000000   ECM_ENABLE
ffffffff   ECM_EVTMASK0
ffffffff   ECM_EVTMASK1
ffffffff   ECM_EVTMASK2
ffffffff   ECM_EVTMASK3
0000000a   EVENT10
00000064   EVENT100
00000065   EVENT101
00000066   EVENT102
00000067   EVENT103
00000068   EVENT104
00000069   EVENT105
0000006a   EVENT106
0000006b   EVENT107
0000006c   EVENT108
0000006d   EVENT109
0000000b   EVENT11
0000006e   EVENT110
0000006f   EVENT111
00000070   EVENT112
00000071   EVENT113
00000072   EVENT114
00000073   EVENT115
00000074   EVENT116
00000075   EVENT117
00000076   EVENT118
00000077   EVENT119
0000000c   EVENT12
00000078   EVENT120
00000079   EVENT121
0000007a   EVENT122
0000007b   EVENT123
0000007c   EVENT124
0000007d   EVENT125
0000007e   EVENT126
0000007f   EVENT127
0000000d   EVENT13
0000000e   EVENT14
0000000f   EVENT15
00000010   EVENT16
00000011   EVENT17
00000012   EVENT18
00000013   EVENT19
00000014   EVENT20
00000015   EVENT21
00000016   EVENT22
00000017   EVENT23
00000018   EVENT24
00000019   EVENT25
0000001a   EVENT26
0000001b   EVENT27
0000001c   EVENT28
0000001d   EVENT29
0000001e   EVENT30
0000001f   EVENT31
00000020   EVENT32
00000021   EVENT33
00000022   EVENT34
00000023   EVENT35
00000024   EVENT36
00000025   EVENT37
00000026   EVENT38
00000027   EVENT39
00000004   EVENT4
00000028   EVENT40
00000029   EVENT41
0000002a   EVENT42
0000002b   EVENT43
0000002c   EVENT44
0000002d   EVENT45
0000002e   EVENT46
0000002f   EVENT47
00000030   EVENT48
00000031   EVENT49
00000005   EVENT5
00000032   EVENT50
00000033   EVENT51
00000034   EVENT52
00000035   EVENT53
00000036   EVENT54
00000037   EVENT55
00000038   EVENT56
00000039   EVENT57
0000003a   EVENT58
0000003b   EVENT59
00000006   EVENT6
0000003c   EVENT60
0000003d   EVENT61
0000003e   EVENT62
0000003f   EVENT63
00000040   EVENT64
00000041   EVENT65
00000042   EVENT66
00000043   EVENT67
00000044   EVENT68
00000045   EVENT69
00000007   EVENT7
00000046   EVENT70
00000047   EVENT71
00000048   EVENT72
00000049   EVENT73
0000004a   EVENT74
0000004b   EVENT75
0000004c   EVENT76
0000004d   EVENT77
0000004e   EVENT78
0000004f   EVENT79
00000008   EVENT8
00000050   EVENT80
00000051   EVENT81
00000052   EVENT82
00000053   EVENT83
00000054   EVENT84
00000055   EVENT85
00000056   EVENT86
00000057   EVENT87
00000058   EVENT88
00000059   EVENT89
00000009   EVENT9
0000005a   EVENT90
0000005b   EVENT91
0000005c   EVENT92
0000005d   EVENT93
0000005e   EVENT94
0000005f   EVENT95
00000060   EVENT96
00000061   EVENT97
00000062   EVENT98
00000063   EVENT99
87a8a780   FXN_F_nop
87a8a784   FXN_F_run
87a8a7c0   FXN_F_zero
00000001   GBL$
00005205   GBL_A_VERSION
00000000   GBL_BCACHEREADADDR0
00000000   GBL_BCACHEREADADDR1
00000000   GBL_BCACHEREADADDR2
00000000   GBL_BIGENDIAN
00000000   GBL_CACHE
00000000   GBL_CALLCSLCFGINIT
00004e20   GBL_CLKIN
00000d66   GBL_CLKTYPE
00001963   GBL_DSPSUBTYPE
0000003e   GBL_DSPTYPE
00000000   GBL_ENABLEINST
00000000   GBL_ENABLE_SK
00000042   GBL_FOOTPRINT
00057e40   GBL_FREQ
00000000   GBL_GEMTRUECOMPEN
00000003   GBL_L1DMODE
00000007   GBL_L1PMODE
00000001   GBL_L2CONFIGURE
00000000   GBL_L2MAR0_31
0000ffff   GBL_L2MAR128_159
00000000   GBL_L2MAR160_191
00000000   GBL_L2MAR192_223
00000000   GBL_L2MAR224_255
00000000   GBL_L2MAR32_63
00000000   GBL_L2MAR64_95
00000000   GBL_L2MAR96_127
00000002   GBL_L2MODE
00000000   GBL_NULL
00000000   GBL_PROCID
00000000   GBL_ROM
00000000   GBL_SUPPORTCSL
0000dbef   GBL_TRCMASKVALUE
00000000   GBL_USERINIT
87a8ad80   GBL_USERINITFXN
00000001   GBL_boot
87a97f30   GBL_initdone
87a96e28   GBL_stackbeg
87a97e27   GBL_stackend
00000000   GIO$
87a8ad80   GIO_CREATEFXN
87a8ad80   GIO_DELETEFXN
87a8ad80   GIO_PENDFXN
87a8ad80   GIO_POSTFXN
00000000   HOOK$
00000000   HOOK_KNLID
00000000   HST$
87a00000   HST_A_TABBEG
87a00000   HST_A_TABEND
00000000   HST_DSM
87a99ab8   HST_DSMBUFSEG
00000400   HST_DSMMEMSIZE
87a99934   HST_D_chanmask
87a99938   HST_D_tabbeg
87a9993c   HST_D_tabend
00000100   HST_MAXFRAMEALLOWED
00000000   HST_MAXFRAMESET
00000001   HST_NONE
00000000   HST_RTDX
00000001   HWI$
87a9a400   HWI_A_VECS
00004000   HWI_CFGDISPATCHED
87a99c10   HWI_D_bss
87a99c14   HWI_D_ccmask
87a99c00   HWI_D_spsave
00000001   HWI_ENABLE_EXC
87a85600   HWI_F_dispatch
00000000   HWI_GENERATE_RESET_VEC
0000000a   HWI_INT10
00000000   HWI_INT10$hwi
0000000b   HWI_INT11
00000000   HWI_INT11$hwi
0000000c   HWI_INT12
00000000   HWI_INT12$hwi
0000000d   HWI_INT13
00000000   HWI_INT13$hwi
0000000e   HWI_INT14
00000000   HWI_INT14$hwi
0000000f   HWI_INT15
00000000   HWI_INT15$hwi
00000004   HWI_INT4
00000000   HWI_INT4$hwi
00000005   HWI_INT5
00000000   HWI_INT5$hwi
00000006   HWI_INT6
00000000   HWI_INT6$hwi
00000007   HWI_INT7
00000000   HWI_INT7$hwi
00000008   HWI_INT8
00000000   HWI_INT8$hwi
00000009   HWI_INT9
00000000   HWI_INT9$hwi
07060504   HWI_INTRMUX1
0a0a0908   HWI_INTRMUX2
34330d0b   HWI_INTRMUX3
00000001   HWI_NMI
00000000   HWI_NMI$hwi
00000000   HWI_POLARITYMASK
00000002   HWI_RESERVED0
00000000   HWI_RESERVED0$hwi
00000003   HWI_RESERVED1
00000000   HWI_RESERVED1$hwi
00000000   HWI_RESET
00000000   HWI_RESET$hwi
00000000   HWI_ZEROTAB
00000001   IDL$
87a8fff4   IDL_A_CALBEG
87a8ffe8   IDL_A_TABBEG
00000000   IDL_CALIBRERROR
00000000   IDL_CALIBRFXN
87a998a8   IDL_D_calbeg
87a998a4   IDL_D_calibrate
87a998a0   IDL_D_tabbeg
87a8fff0   IDL_END
87a8fffc   IDL_END$
87a8ade0   IDL_F_loop
00000000   IDL_USECLKIDLTIME
ffffffff   IRAM
00000001   ISRC$
87a886d8   KNL_glue
87a9a878   KNL_swi
00000001   KNL_swi$dorta
00000000   KNL_swi$ord
00000000   KNL_swi$pri
87a9a974   KNL_swi$sts
87a8fc7a   KNL_swi$sts$avgfmt
00000002   KNL_swi$sts$filter
00000001   KNL_swi$sts$filtmaxmult
00000001   KNL_swi$sts$filtsummult
87a8fc6a   KNL_swi$sts$maxfmt
87a9a970   KNL_swi$sts$stsobj
87a8fc72   KNL_swi$sts$sumfmt
00000000   KNL_swi$sts$unittype
00000000   KNL_swi$swi
87a99abc   L1DSRAM
10f04000   L1DSRAM$B
00010000   L1DSRAM$L
ffffffff   L4CORE
ffffffff   L4PER
00000001   LCK$
00000001   LOG$
87a8ff70   LOG_A_TABBEG
87a8ffe8   LOG_A_TABEND
00000005   LOG_A_TABLEN
87a998ac   LOG_D_system
00000001   LOG_ENABLED
87a89f20   LOG_F_event
87a8ff70   LOG_system
87aa0000   LOG_system$buf
00000000   LOG_system$datatype
00000000   LOG_system$log
00008000   LOG_system$size
87a8ffe8   Load_cpuloadIdlObj
87a8fff4   Load_cpuloadIdlObj$
00000000   MBX$
00000001   MEM$
87a99ab8   MEM_MALLOCSEG
00000000   MEM_NULL
87a99ab8   MEM_SEGZERO
00000000   MEM_USEMPC
00000003   MEM_gNumHeap
00000001   MSGQ$
00000001   MSGQ_USEMSGQ
00000000   OBJ$
00000000   PIP$
87a00000   PIP_A_TABBEG
87a00000   PIP_A_TABEND
00000000   PIP_A_TABLEN
87a998b0   PIP_D_tabbeg
87a998b4   PIP_D_tablen
00000064   PIP_OBJSIZE
00000000   PIP_gNextId
00000000   PIP_gNumEmbed
00000001   POOL$
00000001   POOL_USEPOOL
00000001   PRD$
87a99fe0   PRD_A_TABBEG
87a9a000   PRD_A_TABEND
00000001   PRD_A_TABLEN
87a998f0   PRD_D_cur
87a998f4   PRD_D_elapsed
87a998f8   PRD_D_prevtim
87a998fc   PRD_D_scalar
87a99900   PRD_D_swihandle
87a99904   PRD_D_tabbeg
87a99908   PRD_D_tablen
87a9990c   PRD_D_thook
87a998ec   PRD_D_tick
87a85fa0   PRD_F_swi
87a86224   PRD_F_tick
00000002   PRD_SCALAR
87a9a8a4   PRD_SWIHANDLE
87a87b0c   PRD_THOOKFXN
87a97f34   PRD_clock
87a9a8a4   PRD_swi
00000001   PRD_swi$dorta
00000000   PRD_swi$ord
00000001   PRD_swi$pri
87a9a984   PRD_swi$sts
87a8fc94   PRD_swi$sts$avgfmt
00000002   PRD_swi$sts$filter
00000001   PRD_swi$sts$filtmaxmult
00000001   PRD_swi$sts$filtsummult
87a8fc84   PRD_swi$sts$maxfmt
87a9a980   PRD_swi$sts$stsobj
87a8fc8c   PRD_swi$sts$sumfmt
00000000   PRD_swi$sts$unittype
00000000   PRD_swi$swi
00000001   PWRM$
00000800   PWRM_PWRM_CAPSMASK
00000032   PWRM_PWRM_CLKTICKSPERSLOT
00000001   PWRM_PWRM_ENABLE
00000001   PWRM_PWRM_LOADENABLE
0000000b   PWRM_PWRM_NUMSLOTS
00000000   PWRM_PWRM_RESOURCETRACKING
00000000   PWRM_PWRM_SCALING
87a8ad80   PWRM_PWRM_SHAREDRESOURCEFXN
87a8ad80   PWRM_PWRM_SLOTHOOKFXN
00000000   PWRM_PWRM_TIMERIDNUM
00000000   PWRM_PWRM_TIMERINTRMASK
00000000   PWRM_PWRM_TIMERWUGENMASK
00000000   PWRM_PWRM_USERRESOURCES
00000000   PWRM_PWRM_USETIMER
87a8ffec   PWRM_idleCPU
87a8fff8   PWRM_idleCPU$
87a99fe0   PWRM_slotFinalizer
87a99ffc   PWRM_slotFinalizer$aaa
00000000   PWRM_slotFinalizer$mode
00000000   PWRM_slotFinalizer$ord
00000032   PWRM_slotFinalizer$period
00000000   PWRM_slotFinalizer$prd
87a9a964   PWRM_slotFinalizer$sts
87a8fc5f   PWRM_slotFinalizer$sts$avgfmt
00000000   PWRM_slotFinalizer$sts$filter
87a8fc4d   PWRM_slotFinalizer$sts$maxfmt
87a9a960   PWRM_slotFinalizer$sts$stsobj
87a8fc56   PWRM_slotFinalizer$sts$sumfmt
00000002   PWRM_slotFinalizer$sts$unittype
00000001   QUE$
ffffffff   RESET_VECTOR
87a99910   RTA_D_fromHost
87a99918   RTA_D_logval
87a99928   RTA_D_stsval
87a99914   RTA_D_toHost
00000000   RTDX$
00000408   RTDX_BUFMEMSIZE
87a99ab8   RTDX_DATAMEMSEG
00000000   RTDX_MODE
00000000   RTDX_USERTDX
00000000   RTDX_USERTEXECUTION
00000000   SEM$
00000000   SIO$
00000000   STS$
87a9a960   STS_A_TABBEG
87a9a990   STS_A_TABEND
87a8a9ec   STS_F_add
87a8a9c0   STS_F_delta
87a8aa08   STS_F_reset
00000001   SWI$
87a9a878   SWI_A_TABBEG
87a9a8d0   SWI_A_TABEND
00000002   SWI_A_TABLEN
87a99984   SWI_D_curfxn
87a99974   SWI_D_curmask
87a99980   SWI_D_curmbox
87a99978   SWI_D_curset
87a99970   SWI_D_execaddr
87a9998c   SWI_D_inswi
87a9997c   SWI_D_lock
87a99988   SWI_D_rdybeg
87a99990   SWI_D_rdytab
87a9996c   SWI_D_runaddr
00000000   SWI_EHOOKFXN
87a85cc4   SWI_EXECFXN
87a85ae0   SWI_F_enable
87a85cc4   SWI_F_exec
87a85cec   SWI_F_iexec
87a85b50   SWI_F_post
87a85d6c   SWI_F_run
00000000   SWI_IHOOKFXN
87a85d6c   SWI_RUNFXN
00000001   SYS$
87a4196c   SYS$config
87a8ace0   SYS_ABORTFXN
87a8aec0   SYS_ERRORFXN
87a8aee0   SYS_EXITFXN
87a8ab40   SYS_PUTCFXN
87a97f2c   TRC_R_mask
87a97f28   TRC_cinit
00000001   TSK$
00000000   TSK_NUM_HOOKS
00000001   TSK_PRIORITY
00000000   TSK_READYFXN
87a99ab8   TSK_STACKSEG
00001000   TSK_STACKSIZE
00000000   TSK_SWITCHFXN
87a5ef20   TSK_VCREATEFXN
87a8ad80   TSK_VDELETEFXN
87a8ad80   TSK_VEXITFXN
87a9a7cc   TSK_idle
00000000   TSK_idle$ord
00000000   TSK_idle$pri
87a95e28   TSK_idle$stack
87a96dc0   TSK_idle$stkptr
00000000   TSK_idle$tsk
00000000   UDEV$
87a64720   _ACPY3_exit
87a64740   _ACPY3_init
87a89fc0   _ATM_andi
87a89fc0   _ATM_andu
87a89fd0   _ATM_cleari
87a89fd0   _ATM_clearu
87a89fe0   _ATM_deci
87a89fe0   _ATM_decu
87a89ff0   _ATM_inci
87a89ff0   _ATM_incu
87a8a004   _ATM_ori
87a8a004   _ATM_oru
87a8a014   _ATM_seti
87a8a014   _ATM_setu
87a517c0   _Algorithm_acquireLock
87a516b8   _Algorithm_activate
87a51300   _Algorithm_create
87a511f4   _Algorithm_deactivate
87a51030   _Algorithm_delete
87a50ff4   _Algorithm_exit
87a50fec   _Algorithm_getAlgHandle
87a50fe4   _Algorithm_getMemRecs
87a50fdc   _Algorithm_getNumRecs
87a50f80   _Algorithm_init
87a50e80   _Algorithm_releaseLock
87a88dd4   _BCACHE_bootInit
87a88e54   _BCACHE_getMar
87a88e04   _BCACHE_getSize
87a89610   _BCACHE_inv
87a8a530   _BCACHE_invL1pAll
87a88dd4   _BCACHE_setCacheToSram
87a88d84   _BCACHE_setMar
87a88d40   _BCACHE_setSize
87a8a540   _BCACHE_wait
87a89600   _BCACHE_wb
87a8a520   _BCACHE_wbAll
87a895ec   _BCACHE_wbInv
87a8a50c   _BCACHE_wbInvAll
87a99000   _BIOS_init
87a99294   _BIOS_start
87a8abcc   _C62_clearIFR
[...]
87a5e580   _PWRM_setDependency
87a5e700   _NODE_delete
87a5eb20   _DSKT2_activateAlg
87a5ec60   _fputc
87a5ec60   _putc
87a5eee0   _LogTracker_track
87a5ef20   TSK_VCREATEFXN
87a5ef20   _LogTracker_createHook
87a5efec   _LogTracker_configEmifCounter
87a5f020   _DMAN3_releaseDmaChannels
87a5f140   _DSKT2_freeAlg
87a5f260   __DSKT2_getScratchRequestInfo
87a5f4a0   _fclose
87a5f5c0   _NOTIFY_unregister
87a5f614   _NOTIFY_register
87a5f678   _NOTIFY_notify
87a5f6e0   _HOSTlseek
87a5f8e0   __frcmpyd
87a5fbe0   __wrt_ok
87a5fde0   _fflush
87a5fee0   __PWRM_validateRsrc
87a5fef0   __PWRM_setRefCount
87a5ff20   __PWRM_hasSpecialHandler
87a5ff70   __PWRM_getRefCount
87a5ffa0   __PWRM_callSpecialHandler
87a5ffe0   _HAL_intWaitClear
87a60050   _HAL_intSend
87a60060   _HAL_intEnable
87a6008c   _HAL_intDisable
87a600b8   _HAL_intClear
87a600e0   _SHMDRV_init
87a600f4   _SHMDRV_handshake
87a601c0   _CBuf_get
87a602a0   _DSKT2_freeScratch
87a60380   _DSKT2_getMemRecs
87a60460   _DSKT2_initLocks
87a60540   _HOSTopen
87a60700   __DSKT2_dequeueMemTab
87a607e0   __DSKT2_spaceToSeg
87a608c0   __cmpd
87a609a0   __divi
87a60b60   _atoi
87a60c40   _close
87a60e00   _memset
87a60fc0   _Trace_vprint
87a61034   _Trace_putc
87a61058   _Trace_print
87a61084   _Trace_init
87a61088   _Trace_getTrace
87a61090   _Trace_bind
87a610a0   _DSPLINK_init
87a61160   _HOSTread
87a61220   _HOSTunlink
87a612e0   _HOSTwrite
87a61520   __cleanup
87a616a0   __divu
87a61760   __doflush
87a618e0   _fseek
87a61a60   _lseek
87a61b20   _ltoa
87a61be0   _write
87a61d60   _NOTIFY_init
87a61e20   _DSPLINKIPS_init
87a61ec0   _DSPLINKPOOL_init
87a61f60   _DSKT2_deactivateAlg
87a62000   _HOSTclose
87a621e0   __DSKT2_enqueueMemTab
87a62280   __DSKT2_freeInstanceMemory
87a62320   __DSKT2_getReqScratchSize
87a623c0   __divli
87a625a0   __fixdli
87a62640   __frcmpyf_div
87a62780   __remu
87a62a00   _memcpy
87a62aa0   __PWRM_handlerCLK
87a62b40   _main
87a62be0   __PWRM_delayCompletion9
87a62bf0   __PWRM_delayCompletion8
87a62c00   __PWRM_delayCompletion7
87a62c10   __PWRM_delayCompletion6
87a62c20   __PWRM_delayCompletion5
87a62c30   __PWRM_delayCompletion4
87a62c40   __PWRM_delayCompletion3
87a62c50   __PWRM_delayCompletion2
87a62c60   __PWRM_delayCompletion1
87a62c70   __PWRM_delayCompletion0
87a62c80   _CERuntime_init
87a62c80   _ti_sdo_ce_CERuntime_init__F
87a62d00   _DSKT2_getNumMemRecs
87a62d80   __DSKT2_Permute_iterateNext
87a62e00   __DSKT2_Permute_setInitialState
87a62e80   __GT_create
87a62f00   __cmpf
87a62f80   __fixdi
87a63000   __fixfu
87a63080   __fltlid
87a63100   __llshl
87a63200   __renormd
87a63480   _fprintf
87a63580   _readmsg
87a63680   _strstr
87a63700   _unlink
87a63780   _vsnprintf
87a63800   _NODE_start
87a63880   _NODE_stat
87a63900   _Log_printf
87a63958   _Log_init
87a63960   _Log_event
87a63980   __DMAN3_initImpl
87a639e0   _CBuf_create
87a63a40   _DSKT2_createAlgExt
87a63aa0   __DSKT2_useSharedScratch
87a63b00   __cvtfd
87a63b60   __frcmpyf
87a63bc0   __llshru
87a63c20   __subcull
87a63c80   _memccpy
87a63ce0   _sprintf
87a63d40   _ti_sdo_ce_osal_bios_init
87a63e00   _writemsg
87a63e58   C$$IO$$
87a63e60   __PWRM_initDependencyCLK
87a63ec0   _Queue_put
87a63ec8   _Queue_init
87a63ecc   _Queue_get
87a63ed4   _Queue_extract
87a63f14   _Queue_exit
87a63f20   _DSPLINKDATA_init
87a63f60   _DSPLINKMQT_init
87a63fa0   _CBuf_putc
87a63fe0   _CBuf_puts
87a64020   _DMAN3_CE_init
87a64060   _DSKT2_acquireLock
87a640a0   _DSKT2_createAlg
87a640e0   _DSKT2_getContext
87a64120   _DSKT2_releaseLock
87a64160   _DSKT2_setContext
87a641a0   _GT_curTime
87a641e0   _GT_init
87a642a0   __DSKT2_throwMPUMemException
87a64320   ___isinf
87a643e0   __abort_msg
87a64420   __fltuf
87a64460   __negd
87a644e0   __remli
87a64520   __strasgi_64plus
87a64560   __subd
87a645e0   _PWRM_getLoadMonitorInfo
87a64620   _HAL_init
87a64648   _HAL_exit
87a64660   _NODE_init
87a64690   _NODE_exit
87a646a0   _SemMP_post
87a646a8   _SemMP_pend
87a646b0   _SemMP_init
87a646b4   _SemMP_getRefCount
87a646b8   _SemMP_getCount
87a646c4   _SemMP_delete
87a646d4   _SemMP_create
87a646e0   _C64P_getltime
87a646f4   _C64P_getltime8
87a64720   _ACPY3_exit
87a64740   _ACPY3_init
87a64760   _ZCPYMQT_init
87a647a0   _CBuf_getSize
87a647c0   _CBuf_lost
87a647e0   _DMAN3_CE_exit
87a64800   _DMAN3_exit
87a64820   _GT_getModNameFlags
87a64840   _RMAN_activateAllResources
87a64860   _RMAN_assignResources
87a64880   _RMAN_deactivateAllResources
87a648a0   _RMAN_exit
87a648c0   _RMAN_freeResources
87a648e0   _RMAN_init
87a64900   _RMM_alloc
87a64920   _RMM_free
87a64960   __negll
87a64980   __nop
87a64a00   __register_lock
87a64a20   __register_unlock
87a64a40   C$$EXIT
87a64a40   _abort
87a64a80   _remove
87a64ae0   _Processor_wait
87a64ae8   _Processor_init
87a64aec   _Processor_delete
87a64af0   _Processor_create
87a64b00   _LockMP_release
87a64b04   _LockMP_init
87a64b08   _LockMP_getRefCount
87a64b0c   _LockMP_getCount
87a64b10   _LockMP_delete
87a64b14   _LockMP_create
87a64b18   _LockMP_acquire
87a64b20   DDR2$B
87a64b20   _DDR2_base
87a64b20   ___etext__
87a64b20   etext
87a84c20   _SYS_vsprintf
87a85054   _SYS_vprintf
87a85064   _SYS_sprintf
87a85090   _SYS_printf
87a850e0   _EXC_nmi
87a85114   _EXC_internal
87a853c0   _EXC_init
87a85400   _EXC_getLastStatus
87a85420   _EXC_external
87a85454   _EXC_exceptionHandler
87a855d0   _EXC_clearLastStatus
87a85600   CLK_HOOKFXN
87a85600   HWI_F_dispatch
87a85600   _HWI_F_dispatch
87a85600   __HWI_lat1beg
87a85788   __HWI_lat1end
87a85788   __HWI_lat2beg
87a858f0   __HWI_lat2end2
87a85920   __HWI_lat3end2
87a85964   __HWI_lat2end1
87a85980   __HWI_lat3beg
87a85ae0   SWI_F_enable
87a85ae0   __SWI_lat3beg
87a85b4c   __SWI_lat3end
87a85b50   SWI_F_post
87a85b50   _SWI_post
87a85c58   __SWI_lat1beg
87a85cc4   SWI_EXECFXN
87a85cc4   SWI_F_exec
87a85cec   SWI_F_iexec
87a85d04   __SWI_lat1end
87a85d08   __SWI_lat2beg
87a85d68   __SWI_lat2end
87a85d6c   SWI_F_run
87a85d6c   SWI_RUNFXN
87a85fa0   PRD_F_swi
87a86224   PRD_F_tick
87a86320   _TSK_create
87a86660   _free
87a86688   _malloc
87a866ec   _realloc
87a867b8   _memalign
87a86898   _calloc
87a86900   _KNL_run
87a86b40   _MEM_define
87a86d80   _MEM_redefine
87a86fa0   _SEM_pendEnterKnl
87a871a0   _CLK_stop
87a87204   _CLK_start
87a873a0   _MEM_alloc
87a87580   _C62_plug
87a87580   _C64_plug
87a87588   _C62_dispatchPlug
87a87588   _C64_dispatchPlug
87a87760   _EXC_dispatch
87a87924   _EXC_setReturnPtr
87a87b0c   PRD_THOOKFXN
87a87b0c   _KNL_tick
87a87b20   _MEM_free
87a87ce0   __SEM_dopost
87a87ea0   _TSK_delete
87a88190   _TSK_setpri
87a88220   CLK_F_getltime
87a88230   CLK_F_isr
87a88380   CLK_F_itime
87a88380   _CLK_F_itime
87a88380   _CLK_itime
87a8839c   __CLK_lat1beg
87a883c0   __CLK_lat1end
87a883e0   _TSK_setup
87a88580   _KNL_saveIsrFrame
87a8862c   _KNL_switch
87a886d8   KNL_glue
87a88700   __auto_init
87a88840   _KNL_ready
87a88980   _MEM_stat
87a88ac0   _MSGQ_open
87a88c00   _TSK_exit
87a88d40   _BCACHE_setSize
87a88d84   _BCACHE_setMar
87a88dd4   _BCACHE_bootInit
87a88dd4   _BCACHE_setCacheToSram
87a88e04   _BCACHE_getSize
87a88e54   _BCACHE_getMar
87a88eac   _CLK_reconfig
87a89024   _GBL_cacheInit64P
87a890e0   _KNL_check
87a8912c   __KNL_lat1beg
87a891a8   _KNL_idle
87a891a8   __KNL_lat1end
87a891d0   _KNL_max
87a892a4   _TSK_startup
87a89320   _MSGQ_locate
87a89420   _MSGQ_startup
87a895ec   _BCACHE_wbInv
87a89600   _BCACHE_wb
87a89610   _BCACHE_inv
87a89620   _MSGQ_locateLocal
87a89700   _SEM_post
87a89700   _SEM_postBinary
87a897e0   _KNL_exit
87a89820   _KNL_enter
87a898a0   _MSGQ_alloc
87a899a0   _TSK_yield
87a89a20   _KNL_start
87a89ac0   _MSGQ_close
87a89b60   _MSGQ_get
87a89c00   _MSGQ_put
87a89ca0   _SEM_postEnterKnl
87a89d40   _SWI_setattrs
87a89de0   _SYS_exit
87a89e80   _TSK_stat
87a89f20   LOG_F_event
87a89f20   _LOG_event
87a89f20   __LOG_lat1beg
87a89fc0   _ATM_andi
87a89fc0   _ATM_andu
87a89fd0   _ATM_cleari
87a89fd0   _ATM_clearu
87a89fe0   _ATM_deci
87a89fe0   _ATM_decu
87a89ff0   _ATM_inci
87a89ff0   _ATM_incu
87a8a004   _ATM_ori
87a8a004   _ATM_oru
87a8a014   _ATM_seti
87a8a014   _ATM_setu
87a8a040   _HWI_dispatchPlug
87a8a0c0   _HWI_eventMap
87a8a140   _KNL_ipost
87a8a1c0   _KNL_post
87a8a240   _LCK_post
87a8a260   _LCK_pend
87a8a2c0   _OBJ_create
87a8a340   _SEM_create
87a8a3c0   _SWI_create
87a8a440   _TSK_enable
87a8a464   _TSK_disable
87a8a50c   _BCACHE_wbInvAll
87a8a520   _BCACHE_wbAll
87a8a530   _BCACHE_invL1pAll
87a8a540   _BCACHE_wait
87a8a5c0   _LOG_event5
87a8a640   __PWRM_F_idleStopClk
87a8a6c0   _MEM_valloc
87a8a720   _SYS_error
87a8a780   FXN_F_nop
87a8a784   FXN_F_run
87a8a784   _FXN_F_run
87a8a7c0   FXN_F_zero
87a8a7c0   _FXN_F_zero
87a8a7e0   _HWI_disable
87a8a7f8   _HWI_enable
87a8a80c   _HWI_restore
87a8a840   _MSGQ_release
87a8a8a0   _OBJ_delete
87a8a900   _SEM_pendBinary
87a8a960   _SEM_pend
87a8a9c0   STS_F_delta
87a8a9c0   _STS_delta
87a8a9ec   STS_F_add
87a8a9ec   _STS_add
87a8aa08   STS_F_reset
87a8aa08   _STS_reset
87a8aa20   _SWI_disable
87a8aa44   _SWI_enable
87a8aa80   _SYS_abort
87a8aae0   _TRG_stkused
87a8ab40   SYS_PUTCFXN
87a8ab40   _UTL_doPutc
87a8aba0   _C62_disableIER
87a8aba0   _C64_disableIER
87a8abb8   _C62_enableIER
87a8abb8   _C64_enableIER
87a8abcc   _C62_clearIFR
87a8abcc   _C64_clearIFR
87a8abe0   _MEM_getBaseAddress
87a8ac20   _MSGQ_free
87a8ac60   _MSGQ_getSrcQueue
87a8aca0   _QUE_get
87a8aca0   __QUE_lat1beg
87a8acc0   __QUE_lat1end
87a8acc8   _QUE_put
87a8acc8   __QUE_lat2beg
87a8acd4   __QUE_lat2end
87a8ace0   SYS_ABORTFXN
87a8ace0   _UTL_doAbort
87a8ad20   __PWRM_doIdle
87a8ad44   __PWRM_readTSC
87a8ad50   __PWRM_startTSC
87a8ad60   _CLK_countspms
87a8ad80   GBL_USERINITFXN
87a8ad80   GIO_CREATEFXN
87a8ad80   GIO_DELETEFXN
87a8ad80   GIO_PENDFXN
87a8ad80   GIO_POSTFXN
87a8ad80   PWRM_PWRM_SHAREDRESOURCEFXN
87a8ad80   PWRM_PWRM_SLOTHOOKFXN
87a8ad80   TSK_VDELETEFXN
87a8ad80   TSK_VEXITFXN
87a8ad80   _FXN_F_nop
87a8ada0   _GBL_getVersion
87a8adc0   _HOOK_setenv
87a8ade0   IDL_F_loop
87a8ade0   _IDL_loop
87a8ae00   _SEM_delete
87a8ae20   _STS_set
87a8ae40   _SWI_delete
87a8ae60   _SWI_self
87a8ae80   _SYS_atexit
87a8aea0   _SYS_zero
87a8aea8   _SYS_one
87a8aec0   SYS_ERRORFXN
87a8aec0   _UTL_doError
87a8aee0   SYS_EXITFXN
87a8aee0   _UTL_halt
87a8af00   CLK_TIMEFXN
87a8af00   _CLK_gethtime
87a8af20   _LOG_printf4
87a8f470   __ctypes_
87a8fb78   _MSGQ_ATTRS
87a8fb84   _MSGQ_LOCATEATTRS
87a8fb88   _MSGQ_LOCATEASYNCATTRS
87a8fc1c   _SMAPOOL_FXNS
87a8fc4d   PWRM_slotFinalizer$sts$maxfmt
87a8fc50   _SYS_PUTCBEG
87a8fc56   PWRM_slotFinalizer$sts$sumfmt
87a8fc5f   PWRM_slotFinalizer$sts$avgfmt
87a8fc6a   KNL_swi$sts$maxfmt
87a8fc72   KNL_swi$sts$sumfmt
87a8fc7a   KNL_swi$sts$avgfmt
87a8fc84   PRD_swi$sts$maxfmt
87a8fc8c   PRD_swi$sts$sumfmt
87a8fc94   PRD_swi$sts$avgfmt
87a8fc9e   ti_sdo_ce_bioslog_create$fmtstr
87a8fcaf   ti_sdo_ce_bioslog_synch$fmtstr
87a8fcc0   ti_sdo_ce_bioslog_track$fmtstr
87a8fe4f   _SYS_PUTCEND
87a8fe50   __CIOBUF_
87a8ff70   LOG_A_TABBEG
87a8ff70   LOG_system
87a8ff70   _LOG_A_TABBEG
87a8ff70   _LOG_system
87a8ff88   _ti_sdo_ce_osal_LOG_Buffer
87a8ff88   ti_sdo_ce_osal_LOG_Buffer
87a8ffa0   _ti_sdo_ce_bioslog_create
87a8ffa0   ti_sdo_ce_bioslog_create
87a8ffb8   _ti_sdo_ce_bioslog_synch
87a8ffb8   ti_sdo_ce_bioslog_synch
87a8ffd0   _ti_sdo_ce_bioslog_track
87a8ffd0   ti_sdo_ce_bioslog_track
87a8ffe8   IDL_A_TABBEG
87a8ffe8   LOG_A_TABEND
87a8ffe8   Load_cpuloadIdlObj
87a8ffe8   _LOG_A_TABEND
87a8ffe8   _Load_cpuloadIdlObj
87a8ffec   PWRM_idleCPU
87a8ffec   _PWRM_idleCPU
87a8fff0   IDL_END
87a8fff4   IDL_A_CALBEG
87a8fff4   Load_cpuloadIdlObj$
87a8fff8   PWRM_idleCPU$
87a8fffc   IDL_END$
87a90000   ti_sdo_ce_bioslog_track$buf
87a94000   ___cinit__
87a94000   cinit
87a95e28   TSK_idle$stack
87a96dc0   TSK_idle$stkptr
87a96e28   GBL_stackbeg
87a96e28   _HWI_STKTOP
87a96e28   __stack
87a97e20   _HWI_STKBOTTOM
87a97e27   GBL_stackend
87a97f28   TRC_cinit
87a97f2c   TRC_R_mask
87a97f2c   _TRC_R_mask
87a97f30   GBL_initdone
87a97f34   CLK_A_TABBEG
87a97f34   PRD_clock
87a97f34   _PRD_clock
87a97f38   CLK_null
87a97fa0   _CVDFT_GSOC_alloc
87a98000   ti_sdo_ce_bioslog_create$buf
87a99000   BIOS_init
87a99000   _BIOS_init
87a99294   BIOS_start
87a99294   _BIOS_start
87a99340   _MSGQ_init
87a99480   _POOL_init
87a995a0   _c_int00
87a99660   _MEM_init
87a99700   _TSK_init
87a99760   _OBJ_init
87a99780   __PWRM_initialize
87a997a0   $bss
87a997a0   .bss
87a997a0   _HWI_dispatchTab
87a997a0   ___bss__
87a998a0   IDL_D_tabbeg
87a998a4   IDL_D_calibrate
87a998a8   IDL_D_calbeg
87a998ac   LOG_D_system
87a998ac   _LOG_D_system
87a998b0   PIP_D_tabbeg
87a998b4   PIP_D_tablen
87a998b8   CLK_R_time
87a998bc   CLK_D_timefxn
87a998c0   CLK_D_tabbeg
87a998c4   CLK_D_isrhook
87a998c8   CLK_D_idletime
87a998cc   _CLK_htimeDiv
87a998d0   _CLK_htimeMult
87a998d4   _CLK_ltimeDiv
87a998d8   _CLK_ltimeMult
87a998dc   _CLK_D_dirty
87a998e0   _CLK_D_prd
87a998e4   _CLK_D_tddr
87a998e8   _CLK_D_countspms
87a998ec   PRD_D_tick
87a998ec   _PRD_D_tick
87a998f0   PRD_D_cur
87a998f4   PRD_D_elapsed
87a998f8   PRD_D_prevtim
87a998fc   PRD_D_scalar
87a99900   PRD_D_swihandle
87a99904   PRD_D_tabbeg
87a99908   PRD_D_tablen
87a9990c   PRD_D_thook
87a99910   RTA_D_fromHost
87a99914   RTA_D_toHost
87a99918   RTA_D_logval
87a99928   RTA_D_stsval
87a99934   HST_D_chanmask
87a99938   HST_D_tabbeg
87a9993c   HST_D_tabend
87a99940   _GBL_procId
87a99944   _GBL_clkIn
87a99948   _GBL_freq
87a9994c   _MEM_D_NUMSEGMENTS
87a99950   _MEM_D_memtab
87a99954   _MEM_D_freelist
87a99958   _MEM_D_lockaddr
87a9995c   _MEM_D_unlockaddr
87a99960   _SYS
87a99964   __HOOK_knlId
87a99968   __HOOK_NUMHOOKS
87a9996c   SWI_D_runaddr
87a9996c   _SWI_D_runaddr
87a9996c   _SWI_data
87a99970   SWI_D_execaddr
87a99970   _SWI_D_execaddr
87a99974   SWI_D_curmask
87a99974   _SWI_D_curmask
87a99978   SWI_D_curset
87a99978   _SWI_D_curset
87a9997c   SWI_D_lock
87a9997c   _SWI_D_lock
87a99980   SWI_D_curmbox
87a99984   SWI_D_curfxn
87a99984   _SWI_D_curfxn
87a99988   SWI_D_rdybeg
87a99988   _SWI_D_rdybeg
87a9998c   SWI_D_inswi
87a9998c   _SWI_D_inswi
87a99990   SWI_D_rdytab
87a99a08   _KNL_wFlag
87a99a0c   _KNL_wList
87a99a10   _KNL_alarm
87a99a14   _KNL_setpri
87a99a18   _KNL_inactive
87a99a1c   _KNL_priority
87a99a20   _KNL_set
87a99a24   _KNL_curtask
87a99a28   _KNL_prevtask
87a99a2c   _KNL_curtime
87a99a30   _KNL_swiptr
87a99a34   _KNL_curqueue
87a99a38   _KNL_maxqueue
87a99a3c   _KNL_tswitchfxn
87a99a40   _KNL_tcreatefxn
87a99a44   _KNL_tdeletefxn
87a99a48   _KNL_treadyfxn
87a99a4c   _KNL_idlefxn
87a99a50   _Memory_skipVirtualAddressTranslation
87a99a54   _LogServer_stackSize
87a99a58   _ti_sdo_ce_Engine_noCommName
87a99a5c   _Global_useLinkArbiter
87a99a60   _VISA_checked
87a99a64   _DSKT2_cacheWBInvFxn
87a99a68   __DSKT2_ALLOW_EXTERNAL_SCRATCH
87a99a6c   _ti_sdo_fc_multiProcess
87a99a70   _NODE
87a99a74   _Comm_MSGSIZE
87a99a78   _ti_sdo_ce_osal_alg_ALG_useHeap
87a99a7c   _ti_sdo_ce_osal_alg_ALG_useCache
87a99a80   _ti_sdo_ce_osal_alg_ALG_maxGroups
87a99a84   _ti_sdo_ce_alg_ipcKey
87a99a88   _Memory_numHeaps
87a99a8c   _Global_traceBufferSize
87a99a90   _MEM_memtab
87a99ab4   DDRALGHEAP
87a99ab4   _DDRALGHEAP
87a99ab4   __DSKT_EPROG
87a99ab4   __DSKT_ESDATA
87a99ab8   DDR2
87a99ab8   HST_DSMBUFSEG
87a99ab8   MEM_MALLOCSEG
87a99ab8   MEM_SEGZERO
87a99ab8   RTDX_DATAMEMSEG
87a99ab8   TSK_STACKSEG
87a99ab8   _DDR
87a99ab8   _DDR2
87a99ab8   _Memory_SEGID
87a99ab8   __DSKT2_HEAP
87a99abc   L1DSRAM
87a99abc   _L1DHEAP
87a99abc   _L1DSRAM
87a99abc   __DSKT_DARAM0
87a99abc   __DSKT_DARAM1
87a99abc   __DSKT_DARAM2
87a99abc   __DSKT_IPROG
87a99abc   __DSKT_SARAM0
87a99abc   __DSKT_SARAM1
87a99abc   __DSKT_SARAM2
87a99ac0   __PWRM_numSlots
87a99ac4   __PWRM_ticksPerSlot
87a99ac8   __PWRM_timerIntr
87a99acc   __PWRM_timerInputClk
87a99ad0   __PWRM_timerPeriod
87a99ad4   __PWRM_slotArray
87a99ad8   __PWRM_SLOTHOOKFXN
87a99adc   __PWRM_loadSwi
87a99ae0   __PWRM_doCpuLoadMonitor
87a99ae4   __PWRM_resTimerId
87a99ae8   __PWRM_useTimer
87a99aec   __DSKT2_memTabList
87a99af0   __DSKT2_activeAlg
87a99af4   __DSKT2_lastActiveAlg
87a99af8   __DSKT2_scratchShareRefCount
87a99afc   __DSKT2_heapId
87a99b00   __DSKT2_createCallbackFxn
87a99b04   __DSKT2_algReferenceCount
87a99b08   __DSKT2_NumYielded
87a99b0c   __DSKT2_yielded
87a99b1c   __DMAN3_data
87a99b34   __DMAN3_paRamAddr
87a99b38   __DMAN3_edma3Addr
87a99b3c   __DMAN3_nullPaRam
87a99b40   __PWRM_currentSP
87a99b44   __PWRM_nextSP
87a99b48   __PWRM_previousSP
87a99b4c   __PWRM_CAPSMASK
87a99b50   __PWRM_busyStartTs
87a99b54   __PWRM_busyAcc
87a99b58   __PWRM_idleFlag
87a99b5c   __PWRM_numUserRsrcs
87a99b60   __PWRM_RTCALLOUTFXN
87a99b64   _CLK_htimePerLtime
87a99b68   _EXC_sysTrapTable
87a99b70   _EXC_returnPtr
87a99b8a   _Engine_alwaysCollectDspTrace
87a99b8c   _Engine_ceDebugDspTraceMask
87a99be4   __PWRM_allowedSPmask
87a99be8   __PWRM_allowedSPpre
87a99bec   __PWRM_allowedSPpost
87a99bf0   __PWRM_setpointArray
87a99bf4   __PWRM_maxSP
87a99bf8   __PWRM_userRsrcArray
87a99bfc   __PWRM_busy
87a99c00   HWI_D_spsave
87a99c00   _HWI_D_spsave
87a99c00   _HWI_data
87a99c0c   _HWI_D_inhwi
87a99c10   HWI_D_bss
87a99c14   HWI_D_ccmask
87a99c48   __PWRM_activeSlot
87a99c4c   __PWRM_recentSlot
87a99c50   __PWRM_lastSlotTime
87a99c54   __PWRM_resetSync
87a99c58   __PWRM_slotTotalCycles
87a99c5c   _EXC_exceptionHook
87a99c60   _EXC_internalHook
87a99c64   _EXC_externalHook
87a99c68   _EXC_nmiHook
87a99c6c   _TSK_nTasks
87a99c70   _TSK_pid
87a99c74   _TSK
87a99ca8   _CLK_DFLTMICROSECS
87a99cac   _CLK_D_microseconds
87a99cb0   _SYS_exitStackPtr
87a99cb4   _SYS_exitStackTop
87a99cb8   _ti_sdo_ce__versionString
87a99cbc   _ti_sdo_ce__whatString
87a99cc0   _Lock_system
87a99ccc   _MEM
87a99cd0   _MEM_staticMemtab
87a99cd4   _MSGQ
87a99cd8   _POOL
87a99ce0   __PWRM_resourceIDCLK
87a99ce4   __PWRM_DATABASE
87a99ce8   _Server_holdingTraceToken
87a99cf0   _Trace_system
87a99d02   ___end__
87a99d02   end
87a99e00   ti_sdo_ce_bioslog_synch$buf
87a99f64   _CVDFT_GSOC_filter
87a99fe0   PRD_A_TABBEG
87a99fe0   PWRM_slotFinalizer
87a99fe0   _PWRM_slotFinalizer
87a99ffc   PWRM_slotFinalizer$aaa
87a9a000   PRD_A_TABEND
87a9a000   ti_sdo_ce_osal_LOG_Buffer$buf
87a9a400   HWI_A_VECS
87a9a400   hwi0
87a9a420   hwi1
87a9a440   hwi2
87a9a460   hwi3
87a9a480   hwi4
87a9a4a0   hwi5
87a9a4c0   hwi6
87a9a4e0   hwi7
87a9a500   hwi8
87a9a520   hwi9
87a9a540   hwi10
87a9a560   hwi11
87a9a580   hwi12
87a9a5a0   hwi13
87a9a5c0   hwi14
87a9a5e0   hwi15
87a9a600   .data
87a9a600   _DSPLINK_shmBaseAddress
87a9a600   ___data__
87a9a608   _DSPLINK_shmBaseAddress_pad
87a9a684   ___edata__
87a9a684   edata
87a9a6a0   _CVDFT_GSOC_xdmControl
87a9a700   _CVDFT_GSOC_free
87a9a760   _CVDFT_GSOC_initObj
87a9a7cc   TSK_idle
87a9a7cc   _TSK_idle
87a9a878   KNL_swi
87a9a878   SWI_A_TABBEG
87a9a878   _KNL_swi
87a9a8a4   PRD_SWIHANDLE
87a9a8a4   PRD_swi
87a9a8a4   _PRD_swi
87a9a8d0   SWI_A_TABEND
87a9a8e0   _CVDFT_GSOC_control
87a9a920   _CVDFT_GSOC_process
87a9a960   PWRM_slotFinalizer$sts$stsobj
87a9a960   STS_A_TABBEG
87a9a960   _STS_A_TABBEG
87a9a964   PWRM_slotFinalizer$sts
87a9a970   KNL_swi$sts$stsobj
87a9a974   KNL_swi$sts
87a9a980   PRD_swi$sts$stsobj
87a9a984   PRD_swi$sts
87a9a990   STS_A_TABEND
87a9a990   _STS_A_TABEND
87a9a9a0   _CVDFT_GSOC_activate
87a9a9c0   _CVDFT_GSOC_deactivate
87a9a9e0   _CVDFT_GSOC_moved
87a9aa00   _CVDFT_GSOC_numAlloc
87aa0000   LOG_system$buf
ffffffff   CACHE_L1D
ffffffff   CACHE_L1P
ffffffff   CACHE_L2
ffffffff   DSPLINKMEM
ffffffff   ECM_EVTMASK0
ffffffff   ECM_EVTMASK1
ffffffff   ECM_EVTMASK2
ffffffff   ECM_EVTMASK3
ffffffff   IRAM
ffffffff   L4CORE
ffffffff   L4PER
ffffffff   RESET_VECTOR
ffffffff   _CACHE_L1D
ffffffff   _CACHE_L1P
ffffffff   _CACHE_L2
ffffffff   _DSPLINKMEM
ffffffff   _IRAM
ffffffff   _L4CORE
ffffffff   _L4PER
ffffffff   _RESET_VECTOR
ffffffff   ___TI_pprof_out_hndl
ffffffff   ___TI_prof_data_size
ffffffff   ___TI_prof_data_start
ffffffff   ___binit__
ffffffff   ___c_args__
ffffffff   ___pinit__
ffffffff   binit
ffffffff   pinit

[1675 symbols]
