Archive member included because of file (symbol)

/media/disk/OE/work/ti/ti-codec-engine-tree/packages/ti/sdo/ce/universal/lib/release/universal.av5T(universal_stubs.ov5T)
                              /media/disk/OE/dspacceleration/opencv-dsp-acceleration/dsp_opencv/beagle/apps/opencv/cfg/linux/remote_ti_platforms_evm3530/package/cfg/remote_ti_platforms_evm3530_xv5T.ov5T (UNIVERSAL_STUBS)
/media/disk/OE/work/ti/ti-codec-engine-tree/packages/ti/sdo/ce/universal/lib/release/universal.av5T(universal.ov5T)
                              /media/disk/OE/work/ti/ti-codec-engine-tree/packages/ti/sdo/ce/universal/lib/release/universal.av5T(universal_stubs.ov5T) (ti_sdo_ce_universal_UNIVERSAL_curTrace)
/media/disk/OE/work/ti/ti-codec-engine-tree/packages/ti/sdo/ce/lib/release/ce.av5T(Server.ov5T)
                              /media/disk/OE/dspacceleration/opencv-dsp-acceleration/dsp_opencv/beagle/apps/opencv/cfg/linux/remote_ti_platforms_evm3530/package/cfg/remote_ti_platforms_evm3530_xv5T.ov5T (Server_init)
/media/disk/OE/work/ti/ti-codec-engine-tree/packages/ti/sdo/ce/lib/release/ce.av5T(Engine.ov5T)
                              /media/disk/OE/work/ti/ti-codec-engine-tree/packages/ti/sdo/ce/lib/release/ce.av5T(Server.ov5T) (Engine_setTrace)
/media/disk/OE/work/ti/ti-codec-engine-tree/packages/ti/sdo/ce/lib/release/ce.av5T(visa.ov5T)
                              /media/disk/OE/work/ti/ti-codec-engine-tree/packages/ti/sdo/ce/universal/lib/release/universal.av5T(universal.ov5T) (VISA_getAlgFxns)
/media/disk/OE/work/ti/ti-codec-engine-tree/packages/ti/sdo/ce/lib/release/ce.av5T(package_ti.sdo.ce.ov5T)
                              /media/disk/OE/work/ti/ti-codec-engine-tree/packages/ti/sdo/ce/lib/release/ce.av5T(Engine.ov5T) (ti_sdo_ce__versionString)
/media/disk/OE/work/ti/ti-codec-engine-tree/packages/ti/sdo/ce/alg/lib/release/Algorithm_noOS.av5T(Algorithm_noOS.ov5T)
                              /media/disk/OE/work/ti/ti-codec-engine-tree/packages/ti/sdo/ce/lib/release/ce.av5T(visa.ov5T) (Algorithm_getAlgHandle)
/media/disk/OE/work/ti/ti-codec-engine-tree/packages/ti/sdo/ce/alg/lib/release/alg.av5T(alg_create.ov5T)
                              /media/disk/OE/work/ti/ti-codec-engine-tree/packages/ti/sdo/ce/alg/lib/release/Algorithm_noOS.av5T(Algorithm_noOS.ov5T) (ALG_delete)
/media/disk/OE/work/ti/ti-codec-engine-tree/packages/ti/sdo/ce/alg/lib/release/alg.av5T(alg_malloc.ov5T)
                              /media/disk/OE/work/ti/ti-codec-engine-tree/packages/ti/sdo/ce/alg/lib/release/alg.av5T(alg_create.ov5T) (_ALG_freeMemory)
/media/disk/OE/work/ti/ti-codec-engine-tree/packages/ti/sdo/ce/ipc/dsplink/lib/release/ipc_dsplink_3530.av5T(Processor_dsplink.ov5T)
                              /media/disk/OE/dspacceleration/opencv-dsp-acceleration/dsp_opencv/beagle/apps/opencv/cfg/linux/remote_ti_platforms_evm3530/package/cfg/remote_ti_platforms_evm3530_xv5T.ov5T (Processor_init)
/media/disk/OE/work/ti/ti-codec-engine-tree/packages/ti/sdo/ce/ipc/dsplink/lib/release/ipc_dsplink_3530.av5T(Power_dsplink.ov5T)
                              /media/disk/OE/work/ti/ti-codec-engine-tree/packages/ti/sdo/ce/ipc/dsplink/lib/release/ipc_dsplink_3530.av5T(Processor_dsplink.ov5T) (Power_disconnect)
/media/disk/OE/work/ti/ti-codec-engine-tree/packages/ti/sdo/ce/ipc/dsplink/lib/release/ipc_dsplink_3530.av5T(Comm_dsplink.ov5T)
                              /media/disk/OE/work/ti/ti-codec-engine-tree/packages/ti/sdo/ce/lib/release/ce.av5T(visa.ov5T) (Comm_getMsgSize)
/media/disk/OE/work/ti/ti-codec-engine-tree/packages/ti/sdo/ce/ipc/dsplink/lib/release/ipc_dsplink_3530.av5T(Processor_dsplink_linkcfg_OMAP3530.ov5T)
                              /media/disk/OE/work/ti/ti-codec-engine-tree/packages/ti/sdo/ce/ipc/dsplink/lib/release/ipc_dsplink_3530.av5T(Processor_dsplink.ov5T) (ti_sdo_ce_ipc_Processor_linkcfg)
/media/disk/OE/work/ti/ti-codec-engine-tree/packages/ti/sdo/ce/ipc/dsplink/lib/release/ipc_dsplink_3530.av5T(Processor_dsplink_linkcfg_OS.ov5T)
                              /media/disk/OE/work/ti/ti-codec-engine-tree/packages/ti/sdo/ce/ipc/dsplink/lib/release/ipc_dsplink_3530.av5T(Processor_dsplink_linkcfg_OMAP3530.ov5T) (ti_sdo_ce_ipc_Processor_linkcfg_OS)
/media/disk/OE/work/ti/ti-codec-engine-tree/packages/ti/sdo/ce/osal/linux/lib/release/osal_linux_470.av5T(LockMP_posix.ov5T)
                              /media/disk/OE/dspacceleration/opencv-dsp-acceleration/dsp_opencv/beagle/apps/opencv/cfg/linux/remote_ti_platforms_evm3530/package/cfg/remote_ti_platforms_evm3530_xv5T.ov5T (LockMP_init)
/media/disk/OE/work/ti/ti-codec-engine-tree/packages/ti/sdo/ce/osal/linux/lib/release/osal_linux_470.av5T(Queue_posix.ov5T)
                              /media/disk/OE/dspacceleration/opencv-dsp-acceleration/dsp_opencv/beagle/apps/opencv/cfg/linux/remote_ti_platforms_evm3530/package/cfg/remote_ti_platforms_evm3530_xv5T.ov5T (Queue_init)
[...]
Memory Configuration

Name             Origin             Length             Attributes
*default*        0x00000000         0xffffffff

Linker script and memory map

LOAD /media/disk/openembedded/build/tmp-angstrom_2008_1/sysroots/armv7a-angstrom-linux-gnueabi/usr/lib/crt1.o
LOAD /media/disk/openembedded/build/tmp-angstrom_2008_1/sysroots/armv7a-angstrom-linux-gnueabi/usr/lib/crti.o
LOAD /media/disk/openembedded/build/tmp-angstrom_2008_1/cross/armv7a/lib/gcc/arm-angstrom-linux-gnueabi/4.3.3/crtbegin.o
LOAD /media/disk/openembedded/build/tmp-angstrom_2008_1/sysroots/armv7a-angstrom-linux-gnueabi/usr/lib/libpthread.so
START GROUP
LOAD /media/disk/openembedded/build/tmp-angstrom_2008_1/sysroots/armv7a-angstrom-linux-gnueabi/lib/libpthread.so.0
LOAD /media/disk/openembedded/build/tmp-angstrom_2008_1/sysroots/armv7a-angstrom-linux-gnueabi/usr/lib/libpthread_nonshared.a
END GROUP
LOAD /media/disk/openembedded/build/tmp-angstrom_2008_1/sysroots/armv7a-angstrom-linux-gnueabi/usr/lib/libm.so
LOAD /media/disk/openembedded/build/tmp-angstrom_2008_1/sysroots/armv7a-angstrom-linux-gnueabi/usr/lib/libopencv_ml.so
LOAD /media/disk/openembedded/build/tmp-angstrom_2008_1/sysroots/armv7a-angstrom-linux-gnueabi/usr/lib/libopencv_highgui.so
LOAD /media/disk/openembedded/build/tmp-angstrom_2008_1/sysroots/armv7a-angstrom-linux-gnueabi/usr/lib/libopencv_core.so
LOAD /media/disk/openembedded/build/tmp-angstrom_2008_1/sysroots/armv7a-angstrom-linux-gnueabi/usr/lib/libopencv_calib3d.so
LOAD /media/disk/openembedded/build/tmp-angstrom_2008_1/sysroots/armv7a-angstrom-linux-gnueabi/usr/lib/libopencv_contrib.so
LOAD /media/disk/openembedded/build/tmp-angstrom_2008_1/sysroots/armv7a-angstrom-linux-gnueabi/usr/lib/libopencv_features2d.so
LOAD /media/disk/openembedded/build/tmp-angstrom_2008_1/sysroots/armv7a-angstrom-linux-gnueabi/usr/lib/libopencv_imgproc.so
LOAD /media/disk/openembedded/build/tmp-angstrom_2008_1/sysroots/armv7a-angstrom-linux-gnueabi/usr/lib/libopencv_legacy.so
LOAD /media/disk/openembedded/build/tmp-angstrom_2008_1/sysroots/armv7a-angstrom-linux-gnueabi/usr/lib/libopencv_objdetect.so
LOAD /media/disk/openembedded/build/tmp-angstrom_2008_1/sysroots/armv7a-angstrom-linux-gnueabi/usr/lib/libopencv_video.so
LOAD beagle_opencv_API.evm3530.ov5T
LOAD linux/app.evm3530.ov5T
LOAD cfg/linux/remote_ti_platforms_evm3530/linker.cmd
LOAD /media/disk/OE/dspacceleration/opencv-dsp-acceleration/dsp_opencv/beagle/apps/opencv/cfg/linux/remote_ti_platforms_evm3530/package/cfg/remote_ti_platforms_evm3530_xv5T.ov5T
LOAD /media/disk/OE/work/ti/ti-codec-engine-tree/packages/ti/sdo/ce/universal/lib/release/universal.av5T
LOAD /media/disk/OE/work/ti/ti-codec-engine-tree/packages/ti/sdo/ce/lib/release/ce.av5T
LOAD /media/disk/OE/work/ti/ti-codec-engine-tree/packages/ti/sdo/ce/alg/lib/release/Algorithm_noOS.av5T
LOAD /media/disk/OE/work/ti/ti-codec-engine-tree/packages/ti/sdo/ce/alg/lib/release/alg.av5T
LOAD /media/disk/OE/work/ti/ti-codec-engine-tree/packages/ti/sdo/ce/ipc/dsplink/lib/release/ipc_dsplink_3530.av5T
LOAD /media/disk/OE/work/ti/ti-codec-engine-tree/packages/ti/sdo/ce/osal/linux/lib/release/osal_linux_470.av5T
LOAD /media/disk/OE/work/ti/ti-framework-components-tree/packages/ti/sdo/fc/acpy3/lib/release/acpy3.a470MV
LOAD /media/disk/OE/work/ti/ti-framework-components-tree/packages/ti/sdo/fc/dman3/lib/release/dman3Cfg.a470MV
LOAD /media/disk/OE/work/ti/ti-framework-components-tree/packages/ti/sdo/fc/utils/lib/release/rmm.a470MV
LOAD /media/disk/OE/work/ti/ti-framework-components-tree/packages/ti/sdo/fc/utils/lib/release/smgr.a470MV
LOAD /media/disk/OE/work/ti/ti-framework-components-tree/packages/ti/sdo/fc/utils/lib/release/rmmp.a470MV
LOAD /media/disk/OE/work/ti/ti-framework-components-tree/packages/ti/sdo/fc/utils/lib/release/smgrmp.a470MV
LOAD /media/disk/OE/work/ti/ti-framework-components-tree/packages/ti/sdo/fc/utils/lib/release/shm.a470MV
LOAD /media/disk/OE/work/ti/ti-framework-components-tree/packages/ti/sdo/fc/memutils/lib/release/memutils.av5T
LOAD /media/disk/OE/work/ti/ti-codec-engine-tree/packages/ti/sdo/ce/utils/xdm/lib/release/XdmUtils.av5T
LOAD /media/disk/OE/work/ti/ti-codec-engine-tree/packages/ti/sdo/ce/node/lib/release/node.av5T
LOAD /media/disk/OE/work/ti/ti-framework-components-tree/packages/ti/sdo/utils/trace/lib/release/gt.av5T
LOAD /media/disk/OE/work/ti/ti-local-power-manager-tree/packages/ti/bios/power/lib/release/lpm_linux.av5T
LOAD /media/disk/OE/work/ti/ti-linuxutils-tree/packages/ti/sdo/linuxutils/cmem/lib/cmem.a470MV
LOAD /media/disk/OE/work/ti/ti-dsplink-tree/packages/dsplink/gpp/export/BIN/Linux/OMAP3530/RELEASE/dsplink.lib
LOAD /media/disk/OE/work/ti/ti-xdctools-tree/packages/gnu/targets/arm/rtsv5T/lib/gnu.targets.arm.rtsv5T.av5T

xdc.meta        0x00000000      0x118
 *(xdc.meta)
 xdc.meta       0x00000000      0x118 /media/disk/OE/dspacceleration/opencv-dsp-acceleration/dsp_opencv/beagle/apps/opencv/cfg/linux/remote_ti_platforms_evm3530/package/cfg/remote_ti_platforms_evm3530_xv5T.ov5T
                0x000000f0                __TARG__
                0x000000cc                __PLAT__
                0x000000b8                __ISA__
                0x00000000                __ASM__
LOAD lib/opencv_dsp_evm3530.lv5T
LOAD /media/disk/openembedded/build/tmp-angstrom_2008_1/cross/armv7a/lib/gcc/arm-angstrom-linux-gnueabi/4.3.3/libgcc.a
LOAD /media/disk/openembedded/build/tmp-angstrom_2008_1/cross/armv7a/lib/gcc/arm-angstrom-linux-gnueabi/4.3.3/../../../../arm-angstrom-linux-gnueabi/lib/libgcc_s.so
LOAD /media/disk/openembedded/build/tmp-angstrom_2008_1/sysroots/armv7a-angstrom-linux-gnueabi/usr/lib/libc.so
START GROUP
LOAD /media/disk/openembedded/build/tmp-angstrom_2008_1/sysroots/armv7a-angstrom-linux-gnueabi/lib/libc.so.6
LOAD /media/disk/openembedded/build/tmp-angstrom_2008_1/sysroots/armv7a-angstrom-linux-gnueabi/usr/lib/libc_nonshared.a
LOAD /media/disk/openembedded/build/tmp-angstrom_2008_1/sysroots/armv7a-angstrom-linux-gnueabi/lib/ld-linux.so.3
END GROUP
LOAD /media/disk/openembedded/build/tmp-angstrom_2008_1/cross/armv7a/lib/gcc/arm-angstrom-linux-gnueabi/4.3.3/libgcc.a
LOAD /media/disk/openembedded/build/tmp-angstrom_2008_1/cross/armv7a/lib/gcc/arm-angstrom-linux-gnueabi/4.3.3/../../../../arm-angstrom-linux-gnueabi/lib/libgcc_s.so
LOAD /media/disk/openembedded/build/tmp-angstrom_2008_1/cross/armv7a/lib/gcc/arm-angstrom-linux-gnueabi/4.3.3/crtend.o
LOAD /media/disk/openembedded/build/tmp-angstrom_2008_1/sysroots/armv7a-angstrom-linux-gnueabi/usr/lib/crtn.o
                0x00008000                PROVIDE (__executable_start, 0x8000)
                0x00008134                . = (0x8000 + SIZEOF_HEADERS)

.interp         0x00008134       0x13
 *(.interp)
 .interp        0x00008134       0x13 /media/disk/openembedded/build/tmp-angstrom_2008_1/sysroots/armv7a-angstrom-linux-gnueabi/usr/lib/crti.o

.note.ABI-tag   0x00008148       0x20
 .note.ABI-tag  0x00008148       0x20 /media/disk/openembedded/build/tmp-angstrom_2008_1/sysroots/armv7a-angstrom-linux-gnueabi/usr/lib/crt1.o

.note.gnu.build-id
 *(.note.gnu.build-id)

.hash           0x00008168      0x680
 *(.hash)
 .hash          0x00008168      0x680 /media/disk/openembedded/build/tmp-angstrom_2008_1/sysroots/armv7a-angstrom-linux-gnueabi/usr/lib/crti.o

.gnu.hash
 *(.gnu.hash)

.dynsym         0x000087e8      0xd90
 *(.dynsym)
 .dynsym        0x000087e8      0xd90 /media/disk/openembedded/build/tmp-angstrom_2008_1/sysroots/armv7a-angstrom-linux-gnueabi/usr/lib/crti.o

.dynstr         0x00009578      0xc9e
 *(.dynstr)
 .dynstr        0x00009578      0xc9e /media/disk/openembedded/build/tmp-angstrom_2008_1/sysroots/armv7a-angstrom-linux-gnueabi/usr/lib/crti.o

.gnu.version    0x0000a216      0x1b2
 *(.gnu.version)
 .gnu.version   0x0000a216      0x1b2 /media/disk/openembedded/build/tmp-angstrom_2008_1/sysroots/armv7a-angstrom-linux-gnueabi/usr/lib/crti.o

.gnu.version_d  0x0000a3c8        0x0
 *(.gnu.version_d)
 .gnu.version_d
                0x00000000        0x0 /media/disk/openembedded/build/tmp-angstrom_2008_1/sysroots/armv7a-angstrom-linux-gnueabi/usr/lib/crti.o

.gnu.version_r  0x0000a3c8       0x60
 *(.gnu.version_r)
 .gnu.version_r
                0x0000a3c8       0x60 /media/disk/openembedded/build/tmp-angstrom_2008_1/sysroots/armv7a-angstrom-linux-gnueabi/usr/lib/crti.o

.rel.dyn        0x0000a428      0x188
 *(.rel.init)
 *(.rel.text .rel.text.* .rel.gnu.linkonce.t.*)
 *(.rel.fini)
 *(.rel.rodata .rel.rodata.* .rel.gnu.linkonce.r.*)
 *(.rel.data.rel.ro* .rel.gnu.linkonce.d.rel.ro.*)
 *(.rel.data .rel.data.* .rel.gnu.linkonce.d.*)
 *(.rel.tdata .rel.tdata.* .rel.gnu.linkonce.td.*)
 *(.rel.tbss .rel.tbss.* .rel.gnu.linkonce.tb.*)
 *(.rel.ctors)
 *(.rel.dtors)
 *(.rel.got)
 .rel.got       0x0000a428      0x180 /media/disk/openembedded/build/tmp-angstrom_2008_1/sysroots/armv7a-angstrom-linux-gnueabi/usr/lib/crti.o
 *(.rel.bss .rel.bss.* .rel.gnu.linkonce.b.*)
 .rel.bss       0x0000a5a8        0x8 /media/disk/openembedded/build/tmp-angstrom_2008_1/sysroots/armv7a-angstrom-linux-gnueabi/usr/lib/crti.o

.rela.dyn
 *(.rela.init)
 *(.rela.text .rela.text.* .rela.gnu.linkonce.t.*)
 *(.rela.fini)
 *(.rela.rodata .rela.rodata.* .rela.gnu.linkonce.r.*)
 *(.rela.data .rela.data.* .rela.gnu.linkonce.d.*)
 *(.rela.tdata .rela.tdata.* .rela.gnu.linkonce.td.*)
 *(.rela.tbss .rela.tbss.* .rela.gnu.linkonce.tb.*)
 *(.rela.ctors)
 *(.rela.dtors)
 *(.rela.got)
 *(.rela.bss .rela.bss.* .rela.gnu.linkonce.b.*)

.rel.plt        0x0000a5b0      0x4d8
 *(.rel.plt)
 .rel.plt       0x0000a5b0      0x4d8 /media/disk/openembedded/build/tmp-angstrom_2008_1/sysroots/armv7a-angstrom-linux-gnueabi/usr/lib/crti.o

.rela.plt
 *(.rela.plt)

.init           0x0000aa88       0x14
 *(.init)
 .init          0x0000aa88        0xc /media/disk/openembedded/build/tmp-angstrom_2008_1/sysroots/armv7a-angstrom-linux-gnueabi/usr/lib/crti.o
                0x0000aa88                _init
 .init          0x0000aa94        0x8 /media/disk/openembedded/build/tmp-angstrom_2008_1/sysroots/armv7a-angstrom-linux-gnueabi/usr/lib/crtn.o

.plt            0x0000aa9c      0x758
 *(.plt)
 .plt           0x0000aa9c      0x758 /media/disk/openembedded/build/tmp-angstrom_2008_1/sysroots/armv7a-angstrom-linux-gnueabi/usr/lib/crti.o
                0x0000aab0                sem_destroy@@GLIBC_2.4
                0x0000aabc                _IO_getc@@GLIBC_2.4
                0x0000aac8                cvFindChessboardCorners
                0x0000aad4                pthread_mutex_lock@@GLIBC_2.4
                0x0000aae0                cvColorToScalar
                0x0000aaec                pthread_mutex_init@@GLIBC_2.4
                0x0000aaf8                cvCreateSubdiv2D
                0x0000ab04                cvDestroyWindow
                0x0000ab10                cvPerspectiveTransform
                0x0000ab1c                getpid@@GLIBC_2.4
                0x0000ab28                log@@GLIBC_2.4
                0x0000ab34                gettimeofday@@GLIBC_2.4
                0x0000ab40                cvEllipse
                0x0000ab4c                cvFindFundamentalMat
                0x0000ab58                cvReleaseImage
                0x0000ab64                free@@GLIBC_2.4
                0x0000ab70                cvCircle
                0x0000ab7c                pthread_mutexattr_init@@GLIBC_2.4
                0x0000ab88                pthread_mutexattr_destroy@@GLIBC_2.4
                0x0000ab94                strncmp@@GLIBC_2.4
                0x0000aba0                pthread_key_delete@@GLIBC_2.4
                0x0000abac                pthread_exit@@GLIBC_2.4
                0x0000abb8                pthread_attr_getschedparam@@GLIBC_2.4
                0x0000abc4                pthread_join@@GLIBC_2.4
                0x0000abd0                cvFree_
                0x0000abdc                cvBoundingRect
                0x0000abe8                cvInvert
                0x0000abf4                cvReleaseGraphScanner
                0x0000ac00                exit@@GLIBC_2.4
                0x0000ac0c                printf@@GLIBC_2.4
                0x0000ac18                strerror@@GLIBC_2.4
                0x0000ac24                pthread_setschedparam@@GLIBC_2.4
                0x0000ac30                puts@@GLIBC_2.4
                0x0000ac3c                perror@@GLIBC_2.4
                0x0000ac48                cvRead
                0x0000ac54                cvPolyLine
                0x0000ac60                cvUndistort2
                0x0000ac6c                cvCreateGraphScanner
                0x0000ac78                cvGetElemType
                0x0000ac84                lrint@@GLIBC_2.4
                0x0000ac90                sigfillset@@GLIBC_2.4
                0x0000ac9c                cvShowImage
                0x0000aca8                cvLoadImage
                0x0000acb4                exp@@GLIBC_2.4
                0x0000acc0                semctl@@GLIBC_2.4
                0x0000accc                nanosleep@@GLIBC_2.4
                0x0000acd8                memset@@GLIBC_2.4
                0x0000ace4                pthread_self@@GLIBC_2.4
                0x0000acf0                cvCreateCameraCapture
                0x0000acfc                fcntl@@GLIBC_2.4
                0x0000ad08                pthread_sigmask@@GLIBC_2.4
                0x0000ad14                cvSeqSlice
                0x0000ad20                close@@GLIBC_2.4
                0x0000ad2c                fopen@@GLIBC_2.4
                0x0000ad38                read@@GLIBC_2.4
                0x0000ad44                abort@@GLIBC_2.4
                0x0000ad50                vfprintf@@GLIBC_2.4
                0x0000ad5c                cvHoughLines2
                0x0000ad68                cvFindExtrinsicCameraParams2
                0x0000ad74                ioctl@@GLIBC_2.4
                0x0000ad80                cvSet
                0x0000ad8c                strcpy@@GLIBC_2.4
                0x0000ad98                cvGetCols
                0x0000ada4                cvFitLine
                0x0000adb0                mmap@@GLIBC_2.4
                0x0000adbc                __assert_fail@@GLIBC_2.4
                0x0000adc8                pthread_attr_getstacksize@@GLIBC_2.4
                0x0000add4                open@@GLIBC_2.4
                0x0000ade0                cvError
                0x0000adec                pthread_mutex_destroy@@GLIBC_2.4
                0x0000adf8                cvTransform
                0x0000ae04                pthread_setcanceltype@@GLIBC_2.4
                0x0000ae10                semget@@GLIBC_2.4
                0x0000ae1c                getpagesize@@GLIBC_2.4
                0x0000ae28                pthread_getspecific@@GLIBC_2.4
                0x0000ae34                semop@@GLIBC_2.4
                0x0000ae40                fileno@@GLIBC_2.4
                0x0000ae4c                cvReshape
                0x0000ae58                cvRandArr
                0x0000ae64                cvProjectPoints2
                0x0000ae70                __cxa_atexit@@GLIBC_2.4
                0x0000ae7c                cvSetAdd
                0x0000ae88                sem_init@@GLIBC_2.4
                0x0000ae94                cvAvg
                0x0000aea0                pthread_key_create@@GLIBC_2.4
                0x0000aeac                cvCalibrateCamera2
                0x0000aeb8                cvCartToPolar
                0x0000aec4                pthread_cancel@@GLIBC_2.4
                0x0000aed0                sleep@@GLIBC_2.4
                0x0000aedc                raise@@GLIBC_2.4
                0x0000aee8                sigaction@@GLIBC_2.4
                0x0000aef4                pthread_attr_init@@GLIBC_2.4
                0x0000af00                calloc@@GLIBC_2.4
                0x0000af0c                cvGetSeqElem
                0x0000af18                cvInitFont
                0x0000af24                cvRodrigues2
                0x0000af30                cvKMeans2
                0x0000af3c                cvQueryFrame
                0x0000af48                cvLine
                0x0000af54                cvArcLength
                0x0000af60                __strtol_internal@@GLIBC_2.4
                0x0000af6c                sem_post@@GLIBC_2.4
                0x0000af78                fputc@@GLIBC_2.4
                0x0000af84                setvbuf@@GLIBC_2.4
                0x0000af90                fwrite@@GLIBC_2.4
                0x0000af9c                cvGetFileNodeByName
                0x0000afa8                memcpy@@GLIBC_2.4
                0x0000afb4                malloc@@GLIBC_2.4
                0x0000afc0                strlen@@GLIBC_2.4
                0x0000afcc                pthread_setspecific@@GLIBC_2.4
                0x0000afd8                munmap@@GLIBC_2.4
                0x0000afe4                usleep@@GLIBC_2.4
                0x0000aff0                fprintf@@GLIBC_2.4
                0x0000affc                fclose@@GLIBC_2.4
                0x0000b008                cvCreateMat
                0x0000b014                cvSum
                0x0000b020                sprintf@@GLIBC_2.4
                0x0000b02c                cvReleaseMat
                0x0000b038                __xstat@@GLIBC_2.4
                0x0000b044                cvFitEllipse2
                0x0000b050                cvSaveImage
                0x0000b05c                cvInitSubdivDelaunay2D
                0x0000b068                cvPow
                0x0000b074                pthread_create@@GLIBC_2.4
                0x0000b080                strcmp@@GLIBC_2.4
                0x0000b08c                cvGetRows
                0x0000b098                pthread_mutexattr_settype@@GLIBC_2.4
                0x0000b0a4                cvCalcEMD2
                0x0000b0b0                __errno_location@@GLIBC_2.4
                0x0000b0bc                strncpy@@GLIBC_2.4
                0x0000b0c8                fflush@@GLIBC_2.4
                0x0000b0d4                memcmp@@GLIBC_2.4
                0x0000b0e0                cvWaitKey
                0x0000b0ec                cvCvtColor
                0x0000b0f8                sigemptyset@@GLIBC_2.4
                0x0000b104                cvAlloc
                0x0000b110                cvNamedWindow
                0x0000b11c                cvBoxPoints
                0x0000b128                cvCalcArrHist
                0x0000b134                fputs@@GLIBC_2.4
                0x0000b140                getenv@@GLIBC_2.4
                0x0000b14c                __libc_start_main@@GLIBC_2.4
                0x0000b158                cvGetRawData
                0x0000b170                cvMinAreaRect2
                0x0000b17c                cvAddS
                0x0000b188                sem_wait@@GLIBC_2.4
                0x0000b194                strchr@@GLIBC_2.4
                0x0000b1a0                pthread_mutex_unlock@@GLIBC_2.4
                0x0000b1ac                cvConvexHull2
                0x0000b1b8                cvCreateImage
                0x0000b1c4                sem_getvalue@@GLIBC_2.4
                0x0000b1d0                ftok@@GLIBC_2.4
                0x0000b1dc                sched_yield@@GLIBC_2.4
                0x0000b1e8                cvAvgSdv

.text           0x0000b1f8    0x316cc
 *(.text .stub .text.* .gnu.linkonce.t.*)
 .text          0x0000b1f8       0x38 /media/disk/openembedded/build/tmp-angstrom_2008_1/sysroots/armv7a-angstrom-linux-gnueabi/usr/lib/crt1.o
                0x0000b1f8                _start
 .text          0x0000b230       0x24 /media/disk/openembedded/build/tmp-angstrom_2008_1/sysroots/armv7a-angstrom-linux-gnueabi/usr/lib/crti.o
 .text          0x0000b254       0x54 /media/disk/openembedded/build/tmp-angstrom_2008_1/cross/armv7a/lib/gcc/arm-angstrom-linux-gnueabi/4.3.3/crtbegin.o
 .text          0x0000b2a8     0x51c0 beagle_opencv_API.evm3530.ov5T
                0x00010180                OPENCVTEST_main
 .text          0x00010468     0x4e28 linux/app.evm3530.ov5T
                0x00014d40                main
 .text          0x00015290      0x248 /media/disk/OE/dspacceleration/opencv-dsp-acceleration/dsp_opencv/beagle/apps/opencv/cfg/linux/remote_ti_platforms_evm3530/package/cfg/remote_ti_platforms_evm3530_xv5T.ov5T
                0x000152e4                RMAN_deactivateAllResources
                0x000152c4                DMAN3_grantDmaChannels
                0x00015308                CERuntime_init
                0x00015294                LAD_connect
                0x0001529c                LAD_disconnect
                0x000152ac                LAD_releaseDsp
                0x000152a4                LAD_getDspStatus
                0x000152cc                DMAN3_releaseDmaChannels
                0x000154d4                ti_sdo_ce_CERuntime_init__F
                0x000152c0                DMAN3_CE_exit
                0x000152f4                RMAN_init
                0x000152b4                LAD_startupDsp
                0x000152d4                RMAN_activateAllResources
                0x000152ec                RMAN_freeResources
                0x00015290                IPC_generatedInit
                0x000152bc                DMAN3_CE_init
                0x000152fc                RMAN_exit
                0x00015304                CERuntime_exit
                0x000152dc                RMAN_assignResources
 .text          0x000154d8      0xc64 /media/disk/OE/work/ti/ti-codec-engine-tree/packages/ti/sdo/ce/universal/lib/release/universal.av5T(universal_stubs.ov5T)
                0x00015d64                UNIVERSAL_processWait
                0x00015f9c                UNIVERSAL_processAsync
 .text          0x0001613c      0x7f4 /media/disk/OE/work/ti/ti-codec-engine-tree/packages/ti/sdo/ce/universal/lib/release/universal.av5T(universal.ov5T)
                0x0001613c                UNIVERSAL_control
                0x0001644c                UNIVERSAL_delete
                0x000164e8                UNIVERSAL_create
                0x000165f0                UNIVERSAL_process
 .text          0x00016930      0xa80 /media/disk/OE/work/ti/ti-codec-engine-tree/packages/ti/sdo/ce/lib/release/ce.av5T(Server.ov5T)
                0x00016dfc                Server_getNumMemSegs
                0x00017178                Server_disconnectTrace
                0x00016bc4                Server_redefineHeap
                0x0001728c                Server_connectTrace
                0x00017018                Server_getCpuLoad
                0x00016a04                Server_setTrace
                0x000170b8                Server_fwriteTrace
                0x00016d14                Server_init
                0x00016ac0                Server_restoreHeap
                0x00016f10                Server_getMemStat
 .text          0x000173b0     0x2ef8 /media/disk/OE/work/ti/ti-codec-engine-tree/packages/ti/sdo/ce/lib/release/ce.av5T(Engine.ov5T)
                0x00017464                Engine_getServer
                0x000173b8                Engine_getLastError
                0x00018120                Engine_getMemStat
                0x00019fec                Engine_getLocalEngine
                0x000179a8                Engine_requestTraceToken
                0x00018de8                Engine_createNode2
                0x00017cfc                Engine_getAlgNumRecs
                0x00017a88                Engine_redefineHeap
                0x0001801c                Engine_getNumMemSegs
                0x0001742c                Engine_getNodeQueues
                0x00017458                Engine_hasServer
                0x00017e34                Engine_getAlgMemRecs
                0x000184dc                Engine_init
                0x000173cc                Engine_getRemoteVisa
                0x0001a0c0                Engine_getMemId
                0x00019510                Engine_createNode
                0x00018c70                Engine_deleteNode
                0x00018b54                Engine_callAsync
                0x00019758                Engine_open
                0x000173b0                Engine_getEngine
                0x000173c0                Engine_getName
                0x00018398                Engine_getAlgInfo
                0x000175c4                Engine_setTrace
                0x000182dc                Engine_getNumAlgs
                0x0001a1d4                Engine_getConstName
                0x00017c10                Engine_getCpuLoad
                0x0001a0e0                Engine_getFxns
                0x00017a20                Engine_releaseTraceToken
                0x000195b4                Engine_close
                0x00017838                Engine_restoreHeap
                0x000174e0                Engine_ctrlNode
                0x00018bbc                Engine_call
                0x000186e4                Engine_fwriteTrace
                0x0001a040                Engine_getCodecClassConfig
                0x00017754                Engine_getUsedMem
                0x00018afc                Engine_callWait
 .text          0x0001a2a8     0x10cc /media/disk/OE/work/ti/ti-codec-engine-tree/packages/ti/sdo/ce/lib/release/ce.av5T(visa.ov5T)
                0x0001aa84                VISA_callAsync
                0x0001a2a8                VISA_getAlgFxns
                0x0001a468                VISA_getAlgMemRecs
                0x0001a2b0                VISA_getAlgorithmHandle
                0x0001a944                VISA_wait
                0x0001b2b4                VISA_create
                0x0001a6a8                VISA_enter
                0x0001a2cc                VISA_getCodecClassConfig
                0x0001a2d4                VISA_isLocal
                0x0001a2b8                VISA_getContext
                0x0001ac28                VISA_create2
                0x0001a5d8                VISA_exit
                0x0001a340                VISA_allocMsg
                0x0001ab54                VISA_call
                0x0001a4d0                VISA_freeMsg
                0x0001a4b4                VISA_getAlgHandle
                0x0001a2c4                VISA_setContext
                0x0001a2dc                VISA_getMaxMsgSize
                0x0001a780                VISA_delete
                0x0001a420                VISA_getAlgNumRecs
 .text          0x0001b374        0x0 /media/disk/OE/work/ti/ti-codec-engine-tree/packages/ti/sdo/ce/lib/release/ce.av5T(package_ti.sdo.ce.ov5T)
 .text          0x0001b374      0x800 /media/disk/OE/work/ti/ti-codec-engine-tree/packages/ti/sdo/ce/alg/lib/release/Algorithm_noOS.av5T(Algorithm_noOS.ov5T)
                0x0001b37c                Algorithm_getMemRecs
                0x0001b91c                Algorithm_activate
                0x0001b384                Algorithm_getNumRecs
                0x0001b480                Algorithm_delete
                0x0001b374                Algorithm_getAlgHandle
                0x0001b9d0                Algorithm_releaseLock
                0x0001b68c                Algorithm_create
                0x0001b3f0                Algorithm_exit
                0x0001b594                Algorithm_deactivate
                0x0001b38c                Algorithm_init
                0x0001bac4                Algorithm_acquireLock
 .text          0x0001bb74      0x388 /media/disk/OE/work/ti/ti-codec-engine-tree/packages/ti/sdo/ce/alg/lib/release/alg.av5T(alg_create.ov5T)
                0x0001bbe4                ALG_create
                0x0001bb74                ALG_delete
 .text          0x0001befc      0x628 /media/disk/OE/work/ti/ti-codec-engine-tree/packages/ti/sdo/ce/alg/lib/release/alg.av5T(alg_malloc.ov5T)
                0x0001c228                ALG_exit
                0x0001c35c                ALG_releaseLock
                0x0001c2b4                ALG_deactivate
                0x0001c494                ALG_acquireLock
                0x0001bfa8                _ALG_allocMemory
                0x0001befc                _ALG_freeMemory
                0x0001c3e8                ALG_activate
                0x0001c084                ALG_init
 .text          0x0001c524     0x3770 /media/disk/OE/work/ti/ti-codec-engine-tree/packages/ti/sdo/ce/ipc/dsplink/lib/release/ipc_dsplink_3530.av5T(Processor_dsplink.ov5T)
                0x0001c52c                dumpLinkCfgObj
                0x0001faa8                Processor_create
                0x0001e544                Processor_init
                0x0001f97c                Processor_delete
                0x0001c524                Processor_wait
 .text          0x0001fc94      0x5a4 /media/disk/OE/work/ti/ti-codec-engine-tree/packages/ti/sdo/ce/ipc/dsplink/lib/release/ipc_dsplink_3530.av5T(Power_dsplink.ov5T)
                0x0001fc94                Power_disconnect
                0x000201ac                Power_init
                0x0001fd98                Power_connect
                0x0002000c                Power_on
                0x0001fe9c                Power_off
 .text          0x00020238      0xe10 /media/disk/OE/work/ti/ti-codec-engine-tree/packages/ti/sdo/ce/ipc/dsplink/lib/release/ipc_dsplink_3530.av5T(Comm_dsplink.ov5T)
                0x000204f4                Comm_locate
                0x00020238                Comm_getMsgSize
                0x0002032c                Comm_release
                0x00020860                Comm_get
                0x000202a8                Comm_setSrcQueue
                0x00020a2c                Comm_free
                0x00020b04                Comm_exit
                0x00020cfc                Comm_create
                0x000207e0                Comm_getSrcQueue
                0x00020b9c                Comm_delete
                0x000206d4                Comm_init
                0x00020ec8                Comm_alloc
                0x00020404                Comm_put
 .text          0x00021048        0x0 /media/disk/OE/work/ti/ti-codec-engine-tree/packages/ti/sdo/ce/ipc/dsplink/lib/release/ipc_dsplink_3530.av5T(Processor_dsplink_linkcfg_OMAP3530.ov5T)
 .text          0x00021048        0x0 /media/disk/OE/work/ti/ti-codec-engine-tree/packages/ti/sdo/ce/ipc/dsplink/lib/release/ipc_dsplink_3530.av5T(Processor_dsplink_linkcfg_OS.ov5T)
 .text          0x00021048      0x548 /media/disk/OE/work/ti/ti-codec-engine-tree/packages/ti/sdo/ce/osal/linux/lib/release/osal_linux_470.av5T(LockMP_posix.ov5T)
                0x00021460                LockMP_acquire
                0x0002132c                LockMP_create
                0x0002127c                LockMP_getRefCount
                0x00021048                LockMP_getCount
                0x000210b8                LockMP_release
                0x00021224                LockMP_init
                0x00021284                LockMP_delete
 .text          0x00021590       0xe8 /media/disk/OE/work/ti/ti-codec-engine-tree/packages/ti/sdo/ce/osal/linux/lib/release/osal_linux_470.av5T(Queue_posix.ov5T)
                0x000215e4                Queue_put
                0x0002159c                Queue_extract
                0x00021630                Queue_get
                0x00021594                Queue_init
                0x00021590                Queue_exit
 .text          0x00021678       0xec /media/disk/OE/work/ti/ti-codec-engine-tree/packages/ti/sdo/ce/osal/linux/lib/release/osal_linux_470.av5T(GT_config_libC.ov5T)
                0x00021680                GTConfig_error
                0x00021760                GTConfig_libcMalloc
                0x00021708                GTConfig_vprintf
                0x0002175c                GTConfig_libcFree
                0x00021678                GTConfig_nop
 .text          0x00021764       0x2c /media/disk/OE/work/ti/ti-codec-engine-tree/packages/ti/sdo/ce/osal/linux/lib/release/osal_linux_470.av5T(File_posix.ov5T)
                0x00021768                File_stat
                0x00021764                File_init
 .text          0x00021790     0x14a0 /media/disk/OE/work/ti/ti-codec-engine-tree/packages/ti/sdo/ce/osal/linux/lib/release/osal_linux_470.av5T(Memory_cmem.ov5T)
                0x000217cc                Memory_exit
                0x00021cfc                Memory_free
                0x000217dc                Memory_dumpKnownContigBufsList
                0x00021914                Memory_cacheWb
                0x00022084                Memory_contigFree
                0x00021910                Memory_cacheWbInv
                0x00021e0c                Memory_segFree
                0x00021f5c                Memory_unregisterContigBuf
                0x0002191c                Memory_getBufferVirtualAddress
                0x00022c24                Memory_contigAlloc
                0x00021b58                Memory_init
                0x000217c4                Memory_restoreHeap
                0x000217d0                Memory_contigStat
                0x000217ac                Memory_getHeapId
                0x00021918                Memory_cacheInv
                0x000225c0                Memory_registerContigBuf
                0x000217bc                Memory_redefine
                0x00022104                Memory_alloc
                0x000225c4                Memory_getBufferPhysicalAddress
                0x00021894                Memory_segStat
                0x000220fc                Memory_segAlloc
                0x000217b4                Memory_getNumHeaps
 .text          0x00022c30      0x2dc /media/disk/OE/work/ti/ti-codec-engine-tree/packages/ti/sdo/ce/osal/linux/lib/release/osal_linux_470.av5T(Global_noOS.ov5T)
                0x00022e04                Global_atexit
                0x00022c30                Global_getCpuLoad
                0x00022eb8                Global_abort
                0x00022d34                Global_getenv
                0x00022c38                Global_setSpecialTrace
                0x00022d30                Global_getProcessId
                0x00022c3c                Global_init
                0x00022d38                Global_exit
 .text          0x00022f0c      0x920 /media/disk/OE/work/ti/ti-codec-engine-tree/packages/ti/sdo/ce/osal/linux/lib/release/osal_linux_470.av5T(Thread_posix.ov5T)
                0x00022f0c                Thread_getenv
                0x00023334                Thread_init
                0x000233d0                Thread_exit
                0x00023264                Thread_join
                0x000230b8                Thread_stat
                0x00023050                Thread_yield
                0x00022f78                Thread_getname
                0x000231f4                Thread_self
                0x000235d0                Thread_create
                0x0002314c                Thread_setpri
                0x00023460                Thread_delete
                0x00022fe4                Thread_getpri
 .text          0x0002382c       0x14 /media/disk/OE/work/ti/ti-codec-engine-tree/packages/ti/sdo/ce/osal/linux/lib/release/osal_linux_470.av5T(Log_noOS.ov5T)
                0x0002382c                Log_init
                0x00023834                Log_printf
                0x00023830                Log_event
 .text          0x00023840      0x13c /media/disk/OE/work/ti/ti-codec-engine-tree/packages/ti/sdo/ce/osal/linux/lib/release/osal_linux_470.av5T(Lock_posix.ov5T)
                0x000238d0                Lock_create
                0x00023840                Lock_release
                0x00023978                Lock_acquire
                0x00023924                Lock_init
                0x00023844                Lock_delete
 .text          0x0002397c      0x3bc /media/disk/OE/work/ti/ti-codec-engine-tree/packages/ti/sdo/ce/osal/linux/lib/release/osal_linux_470.av5T(GT_config_posix.ov5T)
                0x000239cc                GTConfig_gettimeofday
                0x00023acc                GT_config_setOutTrace
                0x000239a4                GTConfig_pthreadLock
                0x00023a5c                GTConfig_tracePrintf
                0x00023a58                GTConfig_threadId
                0x0002397c                GTConfig_pthreadUnlock
                0x00023b00                GTConfig_posixInit
 .text          0x00023d38      0xbb4 /media/disk/OE/work/ti/ti-codec-engine-tree/packages/ti/sdo/ce/osal/linux/lib/release/osal_linux_470.av5T(SemMP_posix.ov5T)
                0x000242d4                SemMP_delete
                0x00024194                SemMP_getRefCount
                0x00023db0                SemMP_post
                0x0002400c                SemMP_init
                0x000241a4                SemMP_getCount
                0x00024554                SemMP_create
                0x00023e9c                SemMP_pend
 .text          0x000248ec      0x47c /media/disk/OE/work/ti/ti-codec-engine-tree/packages/ti/sdo/ce/osal/linux/lib/release/osal_linux_470.av5T(Sem_posix.ov5T)
                0x00024c44                Sem_create
                0x00024ae0                Sem_init
                0x00024ba8                Sem_delete
                0x00024a00                Sem_pend
                0x00024960                Sem_post
                0x00024b38                Sem_getCount
 .text          0x00024d68      0x828 /media/disk/OE/work/ti/ti-codec-engine-tree/packages/ti/sdo/ce/utils/xdm/lib/release/XdmUtils.av5T(XdmUtils.ov5T)
                0x00024d68                XdmUtils_validateVideo1BufDesc
                0x00025420                XdmUtils_validateExtendedStruct
                0x00025550                XdmUtils_init
                0x000252cc                XdmUtils_validateSparseBufDesc
                0x00025170                XdmUtils_validateSparseBufDesc1
                0x00024f6c                XdmUtils_validateVideoBufDesc
 .text          0x00025590      0xf5c /media/disk/OE/work/ti/ti-framework-components-tree/packages/ti/sdo/utils/trace/lib/release/gt.av5T(gt.ov5T)
                0x000255cc                GT_disable
                0x00026484                _GT_create
                0x0002560c                GT_enable
                0x00025590                GT_curTime
                0x00025fcc                GT_getModNameFlags
                0x00025724                _GT_trace
                0x0002623c                _GT_set
                0x0002562c                GT_init
 .text          0x000264ec      0x218 /media/disk/OE/work/ti/ti-local-power-manager-tree/packages/ti/bios/power/lib/release/lpm_linux.av5T(lpm_api.ov5T)
                0x000264f0                LPM_init
                0x000264fc                LPM_regExtPowerOn
                0x00026640                LPM_clear
                0x00026504                LPM_setPowerState
                0x000265c8                LPM_off
                0x000266e4                LPM_close
                0x00026544                LPM_resume
                0x0002656c                LPM_on
                0x00026524                LPM_set
                0x00026660                LPM_open
                0x000265f0                LPM_disconnect
                0x000264ec                LPM_exit
                0x00026618                LPM_connect
                0x000264f4                LPM_regExtPowerOff
 .text          0x00026704      0xa78 /media/disk/OE/work/ti/ti-linuxutils-tree/packages/ti/sdo/linuxutils/cmem/lib/cmem.a470MV(cmem.o470MV)
                0x00026db8                CMEM_allocPool2
                0x0002700c                CMEM_alloc2
                0x00026b94                CMEM_getPool
                0x00027020                CMEM_init
                0x00026794                CMEM_exit
                0x00026dbc                CMEM_allocPool
                0x00026c6c                CMEM_unregister
                0x00026b90                CMEM_getPool2
                0x00026dcc                CMEM_registerAlloc
                0x0002688c                CMEM_getBlock
                0x0002689c                CMEM_getVersion
                0x00026990                CMEM_cacheWbInv
                0x0002690c                CMEM_cacheInv
                0x00026a98                CMEM_getPhys
                0x00026a14                CMEM_cacheWb
                0x00026ba0                CMEM_free
                0x00027010                CMEM_alloc
                0x00026884                CMEM_getBlockAttrs
 .text          0x0002717c    0x14640 /media/disk/OE/work/ti/ti-dsplink-tree/packages/dsplink/gpp/export/BIN/Linux/OMAP3530/RELEASE/dsplink.lib
                0x000278f8                _MPCS_open
                0x00039a7c                RingIO_cancel
                0x000271d4                _IDM_USR_exit
                0x00032334                MPLIST_isEmpty
                0x00035398                PROC_setup
                0x00027e04                _MPLIST_moduleInit
                0x00028204                _MPLIST_init
                0x00033b20                MSGQ_locate
                0x0002de4c                CHNL_issue
                0x0002ffd0                DRV_ProtectInit
                0x0002e02c                CHNL_idle
                0x00033a98                MSGQ_close
                0x00034638                NOTIFY_notify
                0x00036d54                PROC_stop
                0x0002c6d4                _RingIO_releaseAttribute
                0x0003aed0                RingIO_sendNotify
                0x00028790                _NOTIFY_exit
                0x00029f70                _RingIO_writerRelease
                0x00031d30                MPLIST_open
                0x0002e290                DRV_Initialize
                0x0003a4ac                RingIO_flush
                0x0002df44                CHNL_reclaim
                0x00027768                _MPCS_exit
                0x0002adec                _RingIO_writerFlush
                0x0002c380                _RingIO_getFirstAcquiredAttr
                0x00037c48                RingIO_delete
                0x0002d30c                _SYNC_USR_createCS
                0x000357b0                PROC_destroy
                0x00035b9c                PROC_attach
                0x0002cfa8                _RingIO_releaseLock
                0x000347c4                POOL_open
                0x00031928                MPLIST_delete
                0x00027430                _MEM_USR_init
                0x0002cc38                _RingIO_updateAttributes
                0x000371ac                RingIO_create
                0x0002cf60                _RingIO_acquireLock
                0x00037084                PROC_resetCurStatus
                0x00034498                NOTIFY_unregister
                0x00036f3c                PROC_GetSymbolAddress
                0x0002be0c                _RingIO_callNotifier
                0x0002c8e0                _RingIO_getContiguousDataSize
                0x00034200                NOTIFY_register
                0x00036788                PROC_load
                0x0002c0c4                _RingIO_checkNotifier
                0x0002d8c4                _SYNC_USR_sleep
                0x00032aa8                MPLIST_removeElement
                0x0002745c                _MEM_USR_exit
                0x00029084                _RingIO_moduleExit
                0x00032da8                MPLIST_first
                0x00034d5c                POOL_translateAddr
                0x00027518                _MEM_USR_calloc
                0x0003108c                MPCS_enter
                0x00027488                _MEM_USR_alloc
                0x0002717c                _IDM_USR_init
                0x0003b180                RingIO_getEmptySize
                0x0002bd0c                _RingIO_readerCancel
                0x00033f4c                MSGQ_get
                0x00033eac                MSGQ_put
                0x00037184                PROC_Setup
                0x000302d4                DRV_ProtectLeave
                0x0002db74                CHNL_delete
                0x0002da08                CHNL_create
                0x00036118                PROC_detach
                0x00030f0c                MPCS_close
                0x0002cb8c                RingIO_notifyCallback
                0x000273c0                _IDM_USR_releaseId
                0x00039374                RingIO_acquire
                0x00031474                MPLIST_create
                0x000272b8                _IDM_USR_delete
                0x0002a47c                _RingIO_writerSetvAttribute
                0x00030a7c                MPCS_delete
                0x00036a6c                PROC_write
                0x00027614                _MPCS_init
                0x000305f0                MPCS_create
                0x00027c84                _MPCS_OS_open
                0x0003a1a8                RingIO_setvAttribute
                0x00032fa8                MPLIST_next
                0x00028bc8                _POOL_xltBuf
                0x00034038                MSGQ_getSrcQueue
                0x0002e71c                DRV_Invoke
                0x0002731c                _IDM_USR_acquireId
                0x00032114                MPLIST_close
                0x0003a8e4                RingIO_setNotifier
                0x0002e0f0                CHNL_flush
                0x00038d64                RingIO_close
                0x00028ae8                _POOL_exit
                0x0002dc38                CHNL_allocateBuffer
                0x00032444                MPLIST_insertBefore
                0x0002d988                _SYNC_USR_stateObjInit
                0x00028060                _MPLIST_moduleExit
                0x00035098                POOL_writeback
                0x00033584                MSGQ_transportOpen
                0x00028dec                _RingIO_moduleInit
                0x0002722c                _IDM_USR_create
                0x000295b4                _RingIO_writerAcquire
                0x0003418c                MSGQ_setErrorHandler
                0x0002d6a0                _SYNC_USR_enterCS
                0x000301b4                DRV_ProtectEnter
                0x00033ccc                MSGQ_release
                0x00034ca4                POOL_free
                0x00033e2c                MSGQ_free
                0x00028374                _MPLIST_exit
                0x0002b454                _RingIO_readerFlush
                0x0003af6c                RingIO_getValidSize
                0x00039e94                RingIO_getvAttribute
                0x000312ec                MPCS_leave
                0x00029264                _RingIO_init
                0x00039e04                RingIO_setAttribute
                0x0003b5a8                RingIO_getEmptyAttrSize
                0x000339b0                MSGQ_open
                0x000384a8                RingIO_open
                0x000396b8                RingIO_release
                0x00036fec                PROC_control
                0x0002e5a0                DRV_Finalize
                0x00034e84                POOL_getPoolId
                0x000340dc                MSGQ_count
                0x0002cff0                _SYNC_USR_init
                0x00039d80                RingIO_getAttribute
                0x00033d54                MSGQ_alloc
                0x0002a1ec                _RingIO_readerRelease
                0x0002d5a4                _SYNC_USR_deleteCS
                0x0003696c                PROC_loadSection
                0x0002dd4c                CHNL_freeBuffer
                0x0002a908                _RingIO_readerGetvAttribute
                0x00030dec                MPCS_open
                0x000369b0                PROC_read
                0x0002e1b4                CHNL_control
                0x00034a04                POOL_close
                0x0003277c                MPLIST_putTail
                0x000337c8                MSGQ_transportClose
                0x00036578                PROC_getState
                0x00033240                MPLIST_getHead
                0x00036b28                PROC_start
                0x0002caac                _RingIO_isOffsetInBetween
                0x0002c21c                _RingIO_initInstance
                0x00030118                DRV_ProtectExit
                0x0002c504                _RingIO_getFirstAttr
                0x0003b394                RingIO_getValidAttrSize
                0x00027d50                _MPCS_OS_close
                0x000284f8                _NOTIFY_init
                0x00034bec                POOL_alloc
                0x00033bec                MSGQ_locateAsync
                0x000293f4                _RingIO_exit
                0x0002d7bc                _SYNC_USR_leaveCS
                0x00035218                POOL_invalidate
                0x00028a08                _POOL_init
                0x000275ac                _MEM_USR_free
                0x0002d194                _SYNC_USR_exit
                0x0002ba2c                _RingIO_writerCancel
                0x0002992c                _RingIO_readerAcquire
 .text          0x0003b7bc       0xc4 /media/disk/openembedded/build/tmp-angstrom_2008_1/cross/armv7a/lib/gcc/arm-angstrom-linux-gnueabi/4.3.3/libgcc.a(_udivsi3.o)
                0x0003b7bc                __udivsi3
                0x0003b868                __aeabi_uidivmod
                0x0003b7bc                __aeabi_uidiv
 .text          0x0003b880      0x3b8 /media/disk/openembedded/build/tmp-angstrom_2008_1/cross/armv7a/lib/gcc/arm-angstrom-linux-gnueabi/4.3.3/libgcc.a(_addsubdf3.o)
                0x0003bb38                __aeabi_ui2d
                0x0003bbc4                __aeabi_ul2d
                0x0003bb5c                __floatsidf
                0x0003b888                __subdf3
                0x0003bb38                __floatunsidf
                0x0003b88c                __adddf3
                0x0003bbd8                __floatdidf
                0x0003b888                __aeabi_dsub
                0x0003bb84                __extendsfdf2
                0x0003bbd8                __aeabi_l2d
                0x0003bb84                __aeabi_f2d
                0x0003bbc4                __floatundidf
                0x0003b88c                __aeabi_dadd
                0x0003bb5c                __aeabi_i2d
                0x0003b880                __aeabi_drsub
 .text          0x0003bc38      0x470 /media/disk/openembedded/build/tmp-angstrom_2008_1/cross/armv7a/lib/gcc/arm-angstrom-linux-gnueabi/4.3.3/libgcc.a(_muldivdf3.o)
                0x0003bc38                __muldf3
                0x0003bea4                __aeabi_ddiv
                0x0003bc38                __aeabi_dmul
                0x0003bea4                __divdf3
 .text          0x0003c0a8      0x128 /media/disk/openembedded/build/tmp-angstrom_2008_1/cross/armv7a/lib/gcc/arm-angstrom-linux-gnueabi/4.3.3/libgcc.a(_cmpdf2.o)
                0x0003c13c                __aeabi_cdrcmple
                0x0003c1bc                __aeabi_dcmpgt
                0x0003c0b0                __ltdf2
                0x0003c0a8                __gedf2
                0x0003c194                __aeabi_dcmple
                0x0003c158                __aeabi_cdcmple
                0x0003c158                __aeabi_cdcmpeq
                0x0003c1a8                __aeabi_dcmpge
                0x0003c0a8                __gtdf2
                0x0003c180                __aeabi_dcmplt
                0x0003c0b8                __eqdf2
                0x0003c16c                __aeabi_dcmpeq
                0x0003c0b0                __ledf2
                0x0003c0b8                __cmpdf2
                0x0003c0b8                __nedf2
 .text          0x0003c1d0       0x5c /media/disk/openembedded/build/tmp-angstrom_2008_1/cross/armv7a/lib/gcc/arm-angstrom-linux-gnueabi/4.3.3/libgcc.a(_fixdfsi.o)
                0x0003c1d0                __aeabi_d2iz
                0x0003c1d0                __fixdfsi
 .text          0x0003c22c       0xa0 /media/disk/openembedded/build/tmp-angstrom_2008_1/cross/armv7a/lib/gcc/arm-angstrom-linux-gnueabi/4.3.3/libgcc.a(_truncdfsf2.o)
                0x0003c22c                __truncdfsf2
                0x0003c22c                __aeabi_d2f
 .text          0x0003c2cc      0x250 /media/disk/openembedded/build/tmp-angstrom_2008_1/cross/armv7a/lib/gcc/arm-angstrom-linux-gnueabi/4.3.3/libgcc.a(_addsubsf3.o)
                0x0003c470                __floatsisf
                0x0003c2d4                __subsf3
                0x0003c468                __aeabi_ui2f
                0x0003c2cc                __aeabi_frsub
                0x0003c2d4                __aeabi_fsub
                0x0003c490                __floatundisf
                0x0003c4a0                __floatdisf
                0x0003c470                __aeabi_i2f
                0x0003c2d8                __addsf3
                0x0003c2d8                __aeabi_fadd
                0x0003c4a0                __aeabi_l2f
                0x0003c490                __aeabi_ul2f
                0x0003c468                __floatunsisf
 .text          0x0003c51c      0x2f8 /media/disk/openembedded/build/tmp-angstrom_2008_1/cross/armv7a/lib/gcc/arm-angstrom-linux-gnueabi/4.3.3/libgcc.a(_muldivsf3.o)
                0x0003c6b4                __divsf3
                0x0003c51c                __mulsf3
                0x0003c6b4                __aeabi_fdiv
                0x0003c51c                __aeabi_fmul
 .text          0x0003c814       0x10 /media/disk/openembedded/build/tmp-angstrom_2008_1/cross/armv7a/lib/gcc/arm-angstrom-linux-gnueabi/4.3.3/libgcc.a(_dvmd_lnx.o)
                0x0003c814                __div0
 .text          0x0003c824       0x78 /media/disk/openembedded/build/tmp-angstrom_2008_1/sysroots/armv7a-angstrom-linux-gnueabi/usr/lib/libc_nonshared.a(elf-init.oS)
                0x0003c828                __libc_csu_init
                0x0003c824                __libc_csu_fini
 .text          0x0003c89c       0x28 /media/disk/openembedded/build/tmp-angstrom_2008_1/sysroots/armv7a-angstrom-linux-gnueabi/usr/lib/libc_nonshared.a(atexit.oS)
                0x0003c89c                atexit
 .text          0x0003c8c4        0x0 /media/disk/openembedded/build/tmp-angstrom_2008_1/cross/armv7a/lib/gcc/arm-angstrom-linux-gnueabi/4.3.3/crtend.o
 .text          0x0003c8c4        0x0 /media/disk/openembedded/build/tmp-angstrom_2008_1/sysroots/armv7a-angstrom-linux-gnueabi/usr/lib/crtn.o
 *(.gnu.warning)
 *(.glue_7t)
 .glue_7t       0x0003c8c4        0x0 /media/disk/openembedded/build/tmp-angstrom_2008_1/sysroots/armv7a-angstrom-linux-gnueabi/usr/lib/crt1.o
 .glue_7t       0x0003c8c4        0x0 /media/disk/openembedded/build/tmp-angstrom_2008_1/sysroots/armv7a-angstrom-linux-gnueabi/usr/lib/crti.o
 .glue_7t       0x0003c8c4        0x0 /media/disk/openembedded/build/tmp-angstrom_2008_1/cross/armv7a/lib/gcc/arm-angstrom-linux-gnueabi/4.3.3/crtbegin.o
 .glue_7t       0x0003c8c4        0x0 /media/disk/openembedded/build/tmp-angstrom_2008_1/sysroots/armv7a-angstrom-linux-gnueabi/lib/libpthread.so.0
 .glue_7t       0x0003c8c4        0x0 /media/disk/openembedded/build/tmp-angstrom_2008_1/sysroots/armv7a-angstrom-linux-gnueabi/usr/lib/libm.so
 .glue_7t       0x0003c8c4        0x0 /media/disk/openembedded/build/tmp-angstrom_2008_1/sysroots/armv7a-angstrom-linux-gnueabi/usr/lib/libopencv_ml.so
 .glue_7t       0x0003c8c4        0x0 /media/disk/openembedded/build/tmp-angstrom_2008_1/sysroots/armv7a-angstrom-linux-gnueabi/usr/lib/libopencv_highgui.so
 .glue_7t       0x0003c8c4        0x0 /media/disk/openembedded/build/tmp-angstrom_2008_1/sysroots/armv7a-angstrom-linux-gnueabi/usr/lib/libopencv_core.so
 .glue_7t       0x0003c8c4        0x0 /media/disk/openembedded/build/tmp-angstrom_2008_1/sysroots/armv7a-angstrom-linux-gnueabi/usr/lib/libopencv_calib3d.so
 .glue_7t       0x0003c8c4        0x0 /media/disk/openembedded/build/tmp-angstrom_2008_1/sysroots/armv7a-angstrom-linux-gnueabi/usr/lib/libopencv_contrib.so
 .glue_7t       0x0003c8c4        0x0 /media/disk/openembedded/build/tmp-angstrom_2008_1/sysroots/armv7a-angstrom-linux-gnueabi/usr/lib/libopencv_features2d.so
 .glue_7t       0x0003c8c4        0x0 /media/disk/openembedded/build/tmp-angstrom_2008_1/sysroots/armv7a-angstrom-linux-gnueabi/usr/lib/libopencv_imgproc.so
 .glue_7t       0x0003c8c4        0x0 /media/disk/openembedded/build/tmp-angstrom_2008_1/sysroots/armv7a-angstrom-linux-gnueabi/usr/lib/libopencv_legacy.so
 .glue_7t       0x0003c8c4        0x0 /media/disk/openembedded/build/tmp-angstrom_2008_1/sysroots/armv7a-angstrom-linux-gnueabi/usr/lib/libopencv_objdetect.so
 .glue_7t       0x0003c8c4        0x0 /media/disk/openembedded/build/tmp-angstrom_2008_1/sysroots/armv7a-angstrom-linux-gnueabi/usr/lib/libopencv_video.so
 .glue_7t       0x0003c8c4        0x0 beagle_opencv_API.evm3530.ov5T
 .glue_7t       0x0003c8c4        0x0 linux/app.evm3530.ov5T
 .glue_7t       0x0003c8c4        0x0 /media/disk/OE/dspacceleration/opencv-dsp-acceleration/dsp_opencv/beagle/apps/opencv/cfg/linux/remote_ti_platforms_evm3530/package/cfg/remote_ti_platforms_evm3530_xv5T.ov5T
 .glue_7t       0x0003c8c4        0x0 /media/disk/OE/work/ti/ti-codec-engine-tree/packages/ti/sdo/ce/universal/lib/release/universal.av5T(universal_stubs.ov5T)
 .glue_7t       0x0003c8c4        0x0 /media/disk/OE/work/ti/ti-codec-engine-tree/packages/ti/sdo/ce/universal/lib/release/universal.av5T(universal.ov5T)
 .glue_7t       0x0003c8c4        0x0 /media/disk/OE/work/ti/ti-codec-engine-tree/packages/ti/sdo/ce/lib/release/ce.av5T(Server.ov5T)
 .glue_7t       0x0003c8c4        0x0 /media/disk/OE/work/ti/ti-codec-engine-tree/packages/ti/sdo/ce/lib/release/ce.av5T(Engine.ov5T)
 .glue_7t       0x0003c8c4        0x0 /media/disk/OE/work/ti/ti-codec-engine-tree/packages/ti/sdo/ce/lib/release/ce.av5T(visa.ov5T)
 .glue_7t       0x0003c8c4        0x0 /media/disk/OE/work/ti/ti-codec-engine-tree/packages/ti/sdo/ce/lib/release/ce.av5T(package_ti.sdo.ce.ov5T)
 .glue_7t       0x0003c8c4        0x0 /media/disk/OE/work/ti/ti-codec-engine-tree/packages/ti/sdo/ce/alg/lib/release/Algorithm_noOS.av5T(Algorithm_noOS.ov5T)
 .glue_7t       0x0003c8c4        0x0 /media/disk/OE/work/ti/ti-codec-engine-tree/packages/ti/sdo/ce/alg/lib/release/alg.av5T(alg_create.ov5T)
 .glue_7t       0x0003c8c4        0x0 /media/disk/OE/work/ti/ti-codec-engine-tree/packages/ti/sdo/ce/alg/lib/release/alg.av5T(alg_malloc.ov5T)
 .glue_7t       0x0003c8c4        0x0 /media/disk/OE/work/ti/ti-codec-engine-tree/packages/ti/sdo/ce/ipc/dsplink/lib/release/ipc_dsplink_3530.av5T(Processor_dsplink.ov5T)
 .glue_7t       0x0003c8c4        0x0 /media/disk/OE/work/ti/ti-codec-engine-tree/packages/ti/sdo/ce/ipc/dsplink/lib/release/ipc_dsplink_3530.av5T(Power_dsplink.ov5T)
 .glue_7t       0x0003c8c4        0x0 /media/disk/OE/work/ti/ti-codec-engine-tree/packages/ti/sdo/ce/ipc/dsplink/lib/release/ipc_dsplink_3530.av5T(Comm_dsplink.ov5T)
 .glue_7t       0x0003c8c4        0x0 /media/disk/OE/work/ti/ti-codec-engine-tree/packages/ti/sdo/ce/ipc/dsplink/lib/release/ipc_dsplink_3530.av5T(Processor_dsplink_linkcfg_OMAP3530.ov5T)
 .glue_7t       0x0003c8c4        0x0 /media/disk/OE/work/ti/ti-codec-engine-tree/packages/ti/sdo/ce/ipc/dsplink/lib/release/ipc_dsplink_3530.av5T(Processor_dsplink_linkcfg_OS.ov5T)
 .glue_7t       0x0003c8c4        0x0 /media/disk/OE/work/ti/ti-codec-engine-tree/packages/ti/sdo/ce/osal/linux/lib/release/osal_linux_470.av5T(LockMP_posix.ov5T)
 .glue_7t       0x0003c8c4        0x0 /media/disk/OE/work/ti/ti-codec-engine-tree/packages/ti/sdo/ce/osal/linux/lib/release/osal_linux_470.av5T(Queue_posix.ov5T)
 .glue_7t       0x0003c8c4        0x0 /media/disk/OE/work/ti/ti-codec-engine-tree/packages/ti/sdo/ce/osal/linux/lib/release/osal_linux_470.av5T(GT_config_libC.ov5T)
 .glue_7t       0x0003c8c4        0x0 /media/disk/OE/work/ti/ti-codec-engine-tree/packages/ti/sdo/ce/osal/linux/lib/release/osal_linux_470.av5T(File_posix.ov5T)
 .glue_7t       0x0003c8c4        0x0 /media/disk/OE/work/ti/ti-codec-engine-tree/packages/ti/sdo/ce/osal/linux/lib/release/osal_linux_470.av5T(Memory_cmem.ov5T)
 .glue_7t       0x0003c8c4        0x0 /media/disk/OE/work/ti/ti-codec-engine-tree/packages/ti/sdo/ce/osal/linux/lib/release/osal_linux_470.av5T(Global_noOS.ov5T)
 .glue_7t       0x0003c8c4        0x0 /media/disk/OE/work/ti/ti-codec-engine-tree/packages/ti/sdo/ce/osal/linux/lib/release/osal_linux_470.av5T(Thread_posix.ov5T)
 .glue_7t       0x0003c8c4        0x0 /media/disk/OE/work/ti/ti-codec-engine-tree/packages/ti/sdo/ce/osal/linux/lib/release/osal_linux_470.av5T(Log_noOS.ov5T)
 .glue_7t       0x0003c8c4        0x0 /media/disk/OE/work/ti/ti-codec-engine-tree/packages/ti/sdo/ce/osal/linux/lib/release/osal_linux_470.av5T(Lock_posix.ov5T)
 .glue_7t       0x0003c8c4        0x0 /media/disk/OE/work/ti/ti-codec-engine-tree/packages/ti/sdo/ce/osal/linux/lib/release/osal_linux_470.av5T(GT_config_posix.ov5T)
 .glue_7t       0x0003c8c4        0x0 /media/disk/OE/work/ti/ti-codec-engine-tree/packages/ti/sdo/ce/osal/linux/lib/release/osal_linux_470.av5T(SemMP_posix.ov5T)
 .glue_7t       0x0003c8c4        0x0 /media/disk/OE/work/ti/ti-codec-engine-tree/packages/ti/sdo/ce/osal/linux/lib/release/osal_linux_470.av5T(Sem_posix.ov5T)
 .glue_7t       0x0003c8c4        0x0 /media/disk/OE/work/ti/ti-codec-engine-tree/packages/ti/sdo/ce/utils/xdm/lib/release/XdmUtils.av5T(XdmUtils.ov5T)
 .glue_7t       0x0003c8c4        0x0 /media/disk/OE/work/ti/ti-framework-components-tree/packages/ti/sdo/utils/trace/lib/release/gt.av5T(gt.ov5T)
 .glue_7t       0x0003c8c4        0x0 /media/disk/OE/work/ti/ti-local-power-manager-tree/packages/ti/bios/power/lib/release/lpm_linux.av5T(lpm_api.ov5T)
 .glue_7t       0x0003c8c4        0x0 /media/disk/OE/work/ti/ti-linuxutils-tree/packages/ti/sdo/linuxutils/cmem/lib/cmem.a470MV(cmem.o470MV)
 .glue_7t       0x0003c8c4        0x0 /media/disk/OE/work/ti/ti-dsplink-tree/packages/dsplink/gpp/export/BIN/Linux/OMAP3530/RELEASE/dsplink.lib
 .glue_7t       0x0003c8c4        0x0 lib/opencv_dsp_evm3530.lv5T
 .glue_7t       0x0003c8c4        0x0 /media/disk/openembedded/build/tmp-angstrom_2008_1/cross/armv7a/lib/gcc/arm-angstrom-linux-gnueabi/4.3.3/libgcc.a(_udivsi3.o)
 .glue_7t       0x0003c8c4        0x0 /media/disk/openembedded/build/tmp-angstrom_2008_1/cross/armv7a/lib/gcc/arm-angstrom-linux-gnueabi/4.3.3/libgcc.a(_addsubdf3.o)
 .glue_7t       0x0003c8c4        0x0 /media/disk/openembedded/build/tmp-angstrom_2008_1/cross/armv7a/lib/gcc/arm-angstrom-linux-gnueabi/4.3.3/libgcc.a(_muldivdf3.o)
 .glue_7t       0x0003c8c4        0x0 /media/disk/openembedded/build/tmp-angstrom_2008_1/cross/armv7a/lib/gcc/arm-angstrom-linux-gnueabi/4.3.3/libgcc.a(_cmpdf2.o)
 .glue_7t       0x0003c8c4        0x0 /media/disk/openembedded/build/tmp-angstrom_2008_1/cross/armv7a/lib/gcc/arm-angstrom-linux-gnueabi/4.3.3/libgcc.a(_fixdfsi.o)
 .glue_7t       0x0003c8c4        0x0 /media/disk/openembedded/build/tmp-angstrom_2008_1/cross/armv7a/lib/gcc/arm-angstrom-linux-gnueabi/4.3.3/libgcc.a(_truncdfsf2.o)
 .glue_7t       0x0003c8c4        0x0 /media/disk/openembedded/build/tmp-angstrom_2008_1/cross/armv7a/lib/gcc/arm-angstrom-linux-gnueabi/4.3.3/libgcc.a(_addsubsf3.o)
 .glue_7t       0x0003c8c4        0x0 /media/disk/openembedded/build/tmp-angstrom_2008_1/cross/armv7a/lib/gcc/arm-angstrom-linux-gnueabi/4.3.3/libgcc.a(_muldivsf3.o)
 .glue_7t       0x0003c8c4        0x0 /media/disk/openembedded/build/tmp-angstrom_2008_1/cross/armv7a/lib/gcc/arm-angstrom-linux-gnueabi/4.3.3/libgcc.a(_dvmd_lnx.o)
 .glue_7t       0x0003c8c4        0x0 /media/disk/openembedded/build/tmp-angstrom_2008_1/cross/armv7a/lib/gcc/arm-angstrom-linux-gnueabi/4.3.3/../../../../arm-angstrom-linux-gnueabi/lib/libgcc_s.so
 .glue_7t       0x0003c8c4        0x0 /media/disk/openembedded/build/tmp-angstrom_2008_1/sysroots/armv7a-angstrom-linux-gnueabi/lib/libc.so.6
 .glue_7t       0x0003c8c4        0x0 /media/disk/openembedded/build/tmp-angstrom_2008_1/sysroots/armv7a-angstrom-linux-gnueabi/usr/lib/libc_nonshared.a(elf-init.oS)
 .glue_7t       0x0003c8c4        0x0 /media/disk/openembedded/build/tmp-angstrom_2008_1/sysroots/armv7a-angstrom-linux-gnueabi/usr/lib/libc_nonshared.a(atexit.oS)
 .glue_7t       0x0003c8c4        0x0 /media/disk/openembedded/build/tmp-angstrom_2008_1/sysroots/armv7a-angstrom-linux-gnueabi/lib/ld-linux.so.3
 .glue_7t       0x0003c8c4        0x0 /media/disk/openembedded/build/tmp-angstrom_2008_1/cross/armv7a/lib/gcc/arm-angstrom-linux-gnueabi/4.3.3/../../../../arm-angstrom-linux-gnueabi/lib/libgcc_s.so
 .glue_7t       0x0003c8c4        0x0 /media/disk/openembedded/build/tmp-angstrom_2008_1/cross/armv7a/lib/gcc/arm-angstrom-linux-gnueabi/4.3.3/crtend.o
 .glue_7t       0x0003c8c4        0x0 /media/disk/openembedded/build/tmp-angstrom_2008_1/sysroots/armv7a-angstrom-linux-gnueabi/usr/lib/crtn.o
 *(.glue_7)
 .glue_7        0x0003c8c4        0x0 /media/disk/openembedded/build/tmp-angstrom_2008_1/sysroots/armv7a-angstrom-linux-gnueabi/usr/lib/crt1.o
 .glue_7        0x0003c8c4        0x0 /media/disk/openembedded/build/tmp-angstrom_2008_1/sysroots/armv7a-angstrom-linux-gnueabi/usr/lib/crti.o
 .glue_7        0x0003c8c4        0x0 /media/disk/openembedded/build/tmp-angstrom_2008_1/cross/armv7a/lib/gcc/arm-angstrom-linux-gnueabi/4.3.3/crtbegin.o
 .glue_7        0x0003c8c4        0x0 /media/disk/openembedded/build/tmp-angstrom_2008_1/sysroots/armv7a-angstrom-linux-gnueabi/lib/libpthread.so.0
 .glue_7        0x0003c8c4        0x0 /media/disk/openembedded/build/tmp-angstrom_2008_1/sysroots/armv7a-angstrom-linux-gnueabi/usr/lib/libm.so
 .glue_7        0x0003c8c4        0x0 /media/disk/openembedded/build/tmp-angstrom_2008_1/sysroots/armv7a-angstrom-linux-gnueabi/usr/lib/libopencv_ml.so
 .glue_7        0x0003c8c4        0x0 /media/disk/openembedded/build/tmp-angstrom_2008_1/sysroots/armv7a-angstrom-linux-gnueabi/usr/lib/libopencv_highgui.so
 .glue_7        0x0003c8c4        0x0 /media/disk/openembedded/build/tmp-angstrom_2008_1/sysroots/armv7a-angstrom-linux-gnueabi/usr/lib/libopencv_core.so
 .glue_7        0x0003c8c4        0x0 /media/disk/openembedded/build/tmp-angstrom_2008_1/sysroots/armv7a-angstrom-linux-gnueabi/usr/lib/libopencv_calib3d.so
 .glue_7        0x0003c8c4        0x0 /media/disk/openembedded/build/tmp-angstrom_2008_1/sysroots/armv7a-angstrom-linux-gnueabi/usr/lib/libopencv_contrib.so
 .glue_7        0x0003c8c4        0x0 /media/disk/openembedded/build/tmp-angstrom_2008_1/sysroots/armv7a-angstrom-linux-gnueabi/usr/lib/libopencv_features2d.so
 .glue_7        0x0003c8c4        0x0 /media/disk/openembedded/build/tmp-angstrom_2008_1/sysroots/armv7a-angstrom-linux-gnueabi/usr/lib/libopencv_imgproc.so
 .glue_7        0x0003c8c4        0x0 /media/disk/openembedded/build/tmp-angstrom_2008_1/sysroots/armv7a-angstrom-linux-gnueabi/usr/lib/libopencv_legacy.so
 .glue_7        0x0003c8c4        0x0 /media/disk/openembedded/build/tmp-angstrom_2008_1/sysroots/armv7a-angstrom-linux-gnueabi/usr/lib/libopencv_objdetect.so
 .glue_7        0x0003c8c4        0x0 /media/disk/openembedded/build/tmp-angstrom_2008_1/sysroots/armv7a-angstrom-linux-gnueabi/usr/lib/libopencv_video.so
 .glue_7        0x0003c8c4        0x0 beagle_opencv_API.evm3530.ov5T
 .glue_7        0x0003c8c4        0x0 linux/app.evm3530.ov5T
 .glue_7        0x0003c8c4        0x0 /media/disk/OE/dspacceleration/opencv-dsp-acceleration/dsp_opencv/beagle/apps/opencv/cfg/linux/remote_ti_platforms_evm3530/package/cfg/remote_ti_platforms_evm3530_xv5T.ov5T
 .glue_7        0x0003c8c4        0x0 /media/disk/OE/work/ti/ti-codec-engine-tree/packages/ti/sdo/ce/universal/lib/release/universal.av5T(universal_stubs.ov5T)
 .glue_7        0x0003c8c4        0x0 /media/disk/OE/work/ti/ti-codec-engine-tree/packages/ti/sdo/ce/universal/lib/release/universal.av5T(universal.ov5T)
 .glue_7        0x0003c8c4        0x0 /media/disk/OE/work/ti/ti-codec-engine-tree/packages/ti/sdo/ce/lib/release/ce.av5T(Server.ov5T)
 .glue_7        0x0003c8c4        0x0 /media/disk/OE/work/ti/ti-codec-engine-tree/packages/ti/sdo/ce/lib/release/ce.av5T(Engine.ov5T)
 .glue_7        0x0003c8c4        0x0 /media/disk/OE/work/ti/ti-codec-engine-tree/packages/ti/sdo/ce/lib/release/ce.av5T(visa.ov5T)
 .glue_7        0x0003c8c4        0x0 /media/disk/OE/work/ti/ti-codec-engine-tree/packages/ti/sdo/ce/lib/release/ce.av5T(package_ti.sdo.ce.ov5T)
 .glue_7        0x0003c8c4        0x0 /media/disk/OE/work/ti/ti-codec-engine-tree/packages/ti/sdo/ce/alg/lib/release/Algorithm_noOS.av5T(Algorithm_noOS.ov5T)
 .glue_7        0x0003c8c4        0x0 /media/disk/OE/work/ti/ti-codec-engine-tree/packages/ti/sdo/ce/alg/lib/release/alg.av5T(alg_create.ov5T)
 .glue_7        0x0003c8c4        0x0 /media/disk/OE/work/ti/ti-codec-engine-tree/packages/ti/sdo/ce/alg/lib/release/alg.av5T(alg_malloc.ov5T)
 .glue_7        0x0003c8c4        0x0 /media/disk/OE/work/ti/ti-codec-engine-tree/packages/ti/sdo/ce/ipc/dsplink/lib/release/ipc_dsplink_3530.av5T(Processor_dsplink.ov5T)
 .glue_7        0x0003c8c4        0x0 /media/disk/OE/work/ti/ti-codec-engine-tree/packages/ti/sdo/ce/ipc/dsplink/lib/release/ipc_dsplink_3530.av5T(Power_dsplink.ov5T)
 .glue_7        0x0003c8c4        0x0 /media/disk/OE/work/ti/ti-codec-engine-tree/packages/ti/sdo/ce/ipc/dsplink/lib/release/ipc_dsplink_3530.av5T(Comm_dsplink.ov5T)
 .glue_7        0x0003c8c4        0x0 /media/disk/OE/work/ti/ti-codec-engine-tree/packages/ti/sdo/ce/ipc/dsplink/lib/release/ipc_dsplink_3530.av5T(Processor_dsplink_linkcfg_OMAP3530.ov5T)
 .glue_7        0x0003c8c4        0x0 /media/disk/OE/work/ti/ti-codec-engine-tree/packages/ti/sdo/ce/ipc/dsplink/lib/release/ipc_dsplink_3530.av5T(Processor_dsplink_linkcfg_OS.ov5T)
 .glue_7        0x0003c8c4        0x0 /media/disk/OE/work/ti/ti-codec-engine-tree/packages/ti/sdo/ce/osal/linux/lib/release/osal_linux_470.av5T(LockMP_posix.ov5T)
 .glue_7        0x0003c8c4        0x0 /media/disk/OE/work/ti/ti-codec-engine-tree/packages/ti/sdo/ce/osal/linux/lib/release/osal_linux_470.av5T(Queue_posix.ov5T)
 .glue_7        0x0003c8c4        0x0 /media/disk/OE/work/ti/ti-codec-engine-tree/packages/ti/sdo/ce/osal/linux/lib/release/osal_linux_470.av5T(GT_config_libC.ov5T)
 .glue_7        0x0003c8c4        0x0 /media/disk/OE/work/ti/ti-codec-engine-tree/packages/ti/sdo/ce/osal/linux/lib/release/osal_linux_470.av5T(File_posix.ov5T)
 .glue_7        0x0003c8c4        0x0 /media/disk/OE/work/ti/ti-codec-engine-tree/packages/ti/sdo/ce/osal/linux/lib/release/osal_linux_470.av5T(Memory_cmem.ov5T)
 .glue_7        0x0003c8c4        0x0 /media/disk/OE/work/ti/ti-codec-engine-tree/packages/ti/sdo/ce/osal/linux/lib/release/osal_linux_470.av5T(Global_noOS.ov5T)
 .glue_7        0x0003c8c4        0x0 /media/disk/OE/work/ti/ti-codec-engine-tree/packages/ti/sdo/ce/osal/linux/lib/release/osal_linux_470.av5T(Thread_posix.ov5T)
 .glue_7        0x0003c8c4        0x0 /media/disk/OE/work/ti/ti-codec-engine-tree/packages/ti/sdo/ce/osal/linux/lib/release/osal_linux_470.av5T(Log_noOS.ov5T)
 .glue_7        0x0003c8c4        0x0 /media/disk/OE/work/ti/ti-codec-engine-tree/packages/ti/sdo/ce/osal/linux/lib/release/osal_linux_470.av5T(Lock_posix.ov5T)
 .glue_7        0x0003c8c4        0x0 /media/disk/OE/work/ti/ti-codec-engine-tree/packages/ti/sdo/ce/osal/linux/lib/release/osal_linux_470.av5T(GT_config_posix.ov5T)
 .glue_7        0x0003c8c4        0x0 /media/disk/OE/work/ti/ti-codec-engine-tree/packages/ti/sdo/ce/osal/linux/lib/release/osal_linux_470.av5T(SemMP_posix.ov5T)
 .glue_7        0x0003c8c4        0x0 /media/disk/OE/work/ti/ti-codec-engine-tree/packages/ti/sdo/ce/osal/linux/lib/release/osal_linux_470.av5T(Sem_posix.ov5T)
 .glue_7        0x0003c8c4        0x0 /media/disk/OE/work/ti/ti-codec-engine-tree/packages/ti/sdo/ce/utils/xdm/lib/release/XdmUtils.av5T(XdmUtils.ov5T)
 .glue_7        0x0003c8c4        0x0 /media/disk/OE/work/ti/ti-framework-components-tree/packages/ti/sdo/utils/trace/lib/release/gt.av5T(gt.ov5T)
 .glue_7        0x0003c8c4        0x0 /media/disk/OE/work/ti/ti-local-power-manager-tree/packages/ti/bios/power/lib/release/lpm_linux.av5T(lpm_api.ov5T)
 .glue_7        0x0003c8c4        0x0 /media/disk/OE/work/ti/ti-linuxutils-tree/packages/ti/sdo/linuxutils/cmem/lib/cmem.a470MV(cmem.o470MV)
 .glue_7        0x0003c8c4        0x0 /media/disk/OE/work/ti/ti-dsplink-tree/packages/dsplink/gpp/export/BIN/Linux/OMAP3530/RELEASE/dsplink.lib
 .glue_7        0x0003c8c4        0x0 lib/opencv_dsp_evm3530.lv5T
 .glue_7        0x0003c8c4        0x0 /media/disk/openembedded/build/tmp-angstrom_2008_1/cross/armv7a/lib/gcc/arm-angstrom-linux-gnueabi/4.3.3/libgcc.a(_udivsi3.o)
 .glue_7        0x0003c8c4        0x0 /media/disk/openembedded/build/tmp-angstrom_2008_1/cross/armv7a/lib/gcc/arm-angstrom-linux-gnueabi/4.3.3/libgcc.a(_addsubdf3.o)
 .glue_7        0x0003c8c4        0x0 /media/disk/openembedded/build/tmp-angstrom_2008_1/cross/armv7a/lib/gcc/arm-angstrom-linux-gnueabi/4.3.3/libgcc.a(_muldivdf3.o)
 .glue_7        0x0003c8c4        0x0 /media/disk/openembedded/build/tmp-angstrom_2008_1/cross/armv7a/lib/gcc/arm-angstrom-linux-gnueabi/4.3.3/libgcc.a(_cmpdf2.o)
 .glue_7        0x0003c8c4        0x0 /media/disk/openembedded/build/tmp-angstrom_2008_1/cross/armv7a/lib/gcc/arm-angstrom-linux-gnueabi/4.3.3/libgcc.a(_fixdfsi.o)
 .glue_7        0x0003c8c4        0x0 /media/disk/openembedded/build/tmp-angstrom_2008_1/cross/armv7a/lib/gcc/arm-angstrom-linux-gnueabi/4.3.3/libgcc.a(_truncdfsf2.o)
 .glue_7        0x0003c8c4        0x0 /media/disk/openembedded/build/tmp-angstrom_2008_1/cross/armv7a/lib/gcc/arm-angstrom-linux-gnueabi/4.3.3/libgcc.a(_addsubsf3.o)
 .glue_7        0x0003c8c4        0x0 /media/disk/openembedded/build/tmp-angstrom_2008_1/cross/armv7a/lib/gcc/arm-angstrom-linux-gnueabi/4.3.3/libgcc.a(_muldivsf3.o)
 .glue_7        0x0003c8c4        0x0 /media/disk/openembedded/build/tmp-angstrom_2008_1/cross/armv7a/lib/gcc/arm-angstrom-linux-gnueabi/4.3.3/libgcc.a(_dvmd_lnx.o)
 .glue_7        0x0003c8c4        0x0 /media/disk/openembedded/build/tmp-angstrom_2008_1/cross/armv7a/lib/gcc/arm-angstrom-linux-gnueabi/4.3.3/../../../../arm-angstrom-linux-gnueabi/lib/libgcc_s.so
 .glue_7        0x0003c8c4        0x0 /media/disk/openembedded/build/tmp-angstrom_2008_1/sysroots/armv7a-angstrom-linux-gnueabi/lib/libc.so.6
 .glue_7        0x0003c8c4        0x0 /media/disk/openembedded/build/tmp-angstrom_2008_1/sysroots/armv7a-angstrom-linux-gnueabi/usr/lib/libc_nonshared.a(elf-init.oS)
 .glue_7        0x0003c8c4        0x0 /media/disk/openembedded/build/tmp-angstrom_2008_1/sysroots/armv7a-angstrom-linux-gnueabi/usr/lib/libc_nonshared.a(atexit.oS)
 .glue_7        0x0003c8c4        0x0 /media/disk/openembedded/build/tmp-angstrom_2008_1/sysroots/armv7a-angstrom-linux-gnueabi/lib/ld-linux.so.3
 .glue_7        0x0003c8c4        0x0 /media/disk/openembedded/build/tmp-angstrom_2008_1/cross/armv7a/lib/gcc/arm-angstrom-linux-gnueabi/4.3.3/../../../../arm-angstrom-linux-gnueabi/lib/libgcc_s.so
 .glue_7        0x0003c8c4        0x0 /media/disk/openembedded/build/tmp-angstrom_2008_1/cross/armv7a/lib/gcc/arm-angstrom-linux-gnueabi/4.3.3/crtend.o
 .glue_7        0x0003c8c4        0x0 /media/disk/openembedded/build/tmp-angstrom_2008_1/sysroots/armv7a-angstrom-linux-gnueabi/usr/lib/crtn.o
 *(.vfp11_veneer)
 .vfp11_veneer  0x0003c8c4        0x0 /media/disk/openembedded/build/tmp-angstrom_2008_1/sysroots/armv7a-angstrom-linux-gnueabi/usr/lib/crt1.o
 .vfp11_veneer  0x0003c8c4        0x0 /media/disk/openembedded/build/tmp-angstrom_2008_1/sysroots/armv7a-angstrom-linux-gnueabi/usr/lib/crti.o
 .vfp11_veneer  0x0003c8c4        0x0 /media/disk/openembedded/build/tmp-angstrom_2008_1/cross/armv7a/lib/gcc/arm-angstrom-linux-gnueabi/4.3.3/crtbegin.o
 .vfp11_veneer  0x0003c8c4        0x0 /media/disk/openembedded/build/tmp-angstrom_2008_1/sysroots/armv7a-angstrom-linux-gnueabi/lib/libpthread.so.0
 .vfp11_veneer  0x0003c8c4        0x0 /media/disk/openembedded/build/tmp-angstrom_2008_1/sysroots/armv7a-angstrom-linux-gnueabi/usr/lib/libm.so
 .vfp11_veneer  0x0003c8c4        0x0 /media/disk/openembedded/build/tmp-angstrom_2008_1/sysroots/armv7a-angstrom-linux-gnueabi/usr/lib/libopencv_ml.so
 .vfp11_veneer  0x0003c8c4        0x0 /media/disk/openembedded/build/tmp-angstrom_2008_1/sysroots/armv7a-angstrom-linux-gnueabi/usr/lib/libopencv_highgui.so
 .vfp11_veneer  0x0003c8c4        0x0 /media/disk/openembedded/build/tmp-angstrom_2008_1/sysroots/armv7a-angstrom-linux-gnueabi/usr/lib/libopencv_core.so
 .vfp11_veneer  0x0003c8c4        0x0 /media/disk/openembedded/build/tmp-angstrom_2008_1/sysroots/armv7a-angstrom-linux-gnueabi/usr/lib/libopencv_calib3d.so
 .vfp11_veneer  0x0003c8c4        0x0 /media/disk/openembedded/build/tmp-angstrom_2008_1/sysroots/armv7a-angstrom-linux-gnueabi/usr/lib/libopencv_contrib.so
 .vfp11_veneer  0x0003c8c4        0x0 /media/disk/openembedded/build/tmp-angstrom_2008_1/sysroots/armv7a-angstrom-linux-gnueabi/usr/lib/libopencv_features2d.so
 .vfp11_veneer  0x0003c8c4        0x0 /media/disk/openembedded/build/tmp-angstrom_2008_1/sysroots/armv7a-angstrom-linux-gnueabi/usr/lib/libopencv_imgproc.so
 .vfp11_veneer  0x0003c8c4        0x0 /media/disk/openembedded/build/tmp-angstrom_2008_1/sysroots/armv7a-angstrom-linux-gnueabi/usr/lib/libopencv_legacy.so
 .vfp11_veneer  0x0003c8c4        0x0 /media/disk/openembedded/build/tmp-angstrom_2008_1/sysroots/armv7a-angstrom-linux-gnueabi/usr/lib/libopencv_objdetect.so
 .vfp11_veneer  0x0003c8c4        0x0 /media/disk/openembedded/build/tmp-angstrom_2008_1/sysroots/armv7a-angstrom-linux-gnueabi/usr/lib/libopencv_video.so
 .vfp11_veneer  0x0003c8c4        0x0 beagle_opencv_API.evm3530.ov5T
 .vfp11_veneer  0x0003c8c4        0x0 linux/app.evm3530.ov5T
 .vfp11_veneer  0x0003c8c4        0x0 /media/disk/OE/dspacceleration/opencv-dsp-acceleration/dsp_opencv/beagle/apps/opencv/cfg/linux/remote_ti_platforms_evm3530/package/cfg/remote_ti_platforms_evm3530_xv5T.ov5T
 .vfp11_veneer  0x0003c8c4        0x0 /media/disk/OE/work/ti/ti-codec-engine-tree/packages/ti/sdo/ce/universal/lib/release/universal.av5T(universal_stubs.ov5T)
 .vfp11_veneer  0x0003c8c4        0x0 /media/disk/OE/work/ti/ti-codec-engine-tree/packages/ti/sdo/ce/universal/lib/release/universal.av5T(universal.ov5T)
 .vfp11_veneer  0x0003c8c4        0x0 /media/disk/OE/work/ti/ti-codec-engine-tree/packages/ti/sdo/ce/lib/release/ce.av5T(Server.ov5T)
 .vfp11_veneer  0x0003c8c4        0x0 /media/disk/OE/work/ti/ti-codec-engine-tree/packages/ti/sdo/ce/lib/release/ce.av5T(Engine.ov5T)
 .vfp11_veneer  0x0003c8c4        0x0 /media/disk/OE/work/ti/ti-codec-engine-tree/packages/ti/sdo/ce/lib/release/ce.av5T(visa.ov5T)
 .vfp11_veneer  0x0003c8c4        0x0 /media/disk/OE/work/ti/ti-codec-engine-tree/packages/ti/sdo/ce/lib/release/ce.av5T(package_ti.sdo.ce.ov5T)
 .vfp11_veneer  0x0003c8c4        0x0 /media/disk/OE/work/ti/ti-codec-engine-tree/packages/ti/sdo/ce/alg/lib/release/Algorithm_noOS.av5T(Algorithm_noOS.ov5T)
 .vfp11_veneer  0x0003c8c4        0x0 /media/disk/OE/work/ti/ti-codec-engine-tree/packages/ti/sdo/ce/alg/lib/release/alg.av5T(alg_create.ov5T)
 .vfp11_veneer  0x0003c8c4        0x0 /media/disk/OE/work/ti/ti-codec-engine-tree/packages/ti/sdo/ce/alg/lib/release/alg.av5T(alg_malloc.ov5T)
 .vfp11_veneer  0x0003c8c4        0x0 /media/disk/OE/work/ti/ti-codec-engine-tree/packages/ti/sdo/ce/ipc/dsplink/lib/release/ipc_dsplink_3530.av5T(Processor_dsplink.ov5T)
 .vfp11_veneer  0x0003c8c4        0x0 /media/disk/OE/work/ti/ti-codec-engine-tree/packages/ti/sdo/ce/ipc/dsplink/lib/release/ipc_dsplink_3530.av5T(Power_dsplink.ov5T)
 .vfp11_veneer  0x0003c8c4        0x0 /media/disk/OE/work/ti/ti-codec-engine-tree/packages/ti/sdo/ce/ipc/dsplink/lib/release/ipc_dsplink_3530.av5T(Comm_dsplink.ov5T)
 .vfp11_veneer  0x0003c8c4        0x0 /media/disk/OE/work/ti/ti-codec-engine-tree/packages/ti/sdo/ce/ipc/dsplink/lib/release/ipc_dsplink_3530.av5T(Processor_dsplink_linkcfg_OMAP3530.ov5T)
 .vfp11_veneer  0x0003c8c4        0x0 /media/disk/OE/work/ti/ti-codec-engine-tree/packages/ti/sdo/ce/ipc/dsplink/lib/release/ipc_dsplink_3530.av5T(Processor_dsplink_linkcfg_OS.ov5T)
 .vfp11_veneer  0x0003c8c4        0x0 /media/disk/OE/work/ti/ti-codec-engine-tree/packages/ti/sdo/ce/osal/linux/lib/release/osal_linux_470.av5T(LockMP_posix.ov5T)
 .vfp11_veneer  0x0003c8c4        0x0 /media/disk/OE/work/ti/ti-codec-engine-tree/packages/ti/sdo/ce/osal/linux/lib/release/osal_linux_470.av5T(Queue_posix.ov5T)
 .vfp11_veneer  0x0003c8c4        0x0 /media/disk/OE/work/ti/ti-codec-engine-tree/packages/ti/sdo/ce/osal/linux/lib/release/osal_linux_470.av5T(GT_config_libC.ov5T)
 .vfp11_veneer  0x0003c8c4        0x0 /media/disk/OE/work/ti/ti-codec-engine-tree/packages/ti/sdo/ce/osal/linux/lib/release/osal_linux_470.av5T(File_posix.ov5T)
 .vfp11_veneer  0x0003c8c4        0x0 /media/disk/OE/work/ti/ti-codec-engine-tree/packages/ti/sdo/ce/osal/linux/lib/release/osal_linux_470.av5T(Memory_cmem.ov5T)
 .vfp11_veneer  0x0003c8c4        0x0 /media/disk/OE/work/ti/ti-codec-engine-tree/packages/ti/sdo/ce/osal/linux/lib/release/osal_linux_470.av5T(Global_noOS.ov5T)
 .vfp11_veneer  0x0003c8c4        0x0 /media/disk/OE/work/ti/ti-codec-engine-tree/packages/ti/sdo/ce/osal/linux/lib/release/osal_linux_470.av5T(Thread_posix.ov5T)
 .vfp11_veneer  0x0003c8c4        0x0 /media/disk/OE/work/ti/ti-codec-engine-tree/packages/ti/sdo/ce/osal/linux/lib/release/osal_linux_470.av5T(Log_noOS.ov5T)
 .vfp11_veneer  0x0003c8c4        0x0 /media/disk/OE/work/ti/ti-codec-engine-tree/packages/ti/sdo/ce/osal/linux/lib/release/osal_linux_470.av5T(Lock_posix.ov5T)
 .vfp11_veneer  0x0003c8c4        0x0 /media/disk/OE/work/ti/ti-codec-engine-tree/packages/ti/sdo/ce/osal/linux/lib/release/osal_linux_470.av5T(GT_config_posix.ov5T)
 .vfp11_veneer  0x0003c8c4        0x0 /media/disk/OE/work/ti/ti-codec-engine-tree/packages/ti/sdo/ce/osal/linux/lib/release/osal_linux_470.av5T(SemMP_posix.ov5T)
 .vfp11_veneer  0x0003c8c4        0x0 /media/disk/OE/work/ti/ti-codec-engine-tree/packages/ti/sdo/ce/osal/linux/lib/release/osal_linux_470.av5T(Sem_posix.ov5T)
 .vfp11_veneer  0x0003c8c4        0x0 /media/disk/OE/work/ti/ti-codec-engine-tree/packages/ti/sdo/ce/utils/xdm/lib/release/XdmUtils.av5T(XdmUtils.ov5T)
 .vfp11_veneer  0x0003c8c4        0x0 /media/disk/OE/work/ti/ti-framework-components-tree/packages/ti/sdo/utils/trace/lib/release/gt.av5T(gt.ov5T)
 .vfp11_veneer  0x0003c8c4        0x0 /media/disk/OE/work/ti/ti-local-power-manager-tree/packages/ti/bios/power/lib/release/lpm_linux.av5T(lpm_api.ov5T)
 .vfp11_veneer  0x0003c8c4        0x0 /media/disk/OE/work/ti/ti-linuxutils-tree/packages/ti/sdo/linuxutils/cmem/lib/cmem.a470MV(cmem.o470MV)
 .vfp11_veneer  0x0003c8c4        0x0 /media/disk/OE/work/ti/ti-dsplink-tree/packages/dsplink/gpp/export/BIN/Linux/OMAP3530/RELEASE/dsplink.lib
 .vfp11_veneer  0x0003c8c4        0x0 lib/opencv_dsp_evm3530.lv5T
 .vfp11_veneer  0x0003c8c4        0x0 /media/disk/openembedded/build/tmp-angstrom_2008_1/cross/armv7a/lib/gcc/arm-angstrom-linux-gnueabi/4.3.3/libgcc.a(_udivsi3.o)
 .vfp11_veneer  0x0003c8c4        0x0 /media/disk/openembedded/build/tmp-angstrom_2008_1/cross/armv7a/lib/gcc/arm-angstrom-linux-gnueabi/4.3.3/libgcc.a(_addsubdf3.o)
 .vfp11_veneer  0x0003c8c4        0x0 /media/disk/openembedded/build/tmp-angstrom_2008_1/cross/armv7a/lib/gcc/arm-angstrom-linux-gnueabi/4.3.3/libgcc.a(_muldivdf3.o)
 .vfp11_veneer  0x0003c8c4        0x0 /media/disk/openembedded/build/tmp-angstrom_2008_1/cross/armv7a/lib/gcc/arm-angstrom-linux-gnueabi/4.3.3/libgcc.a(_cmpdf2.o)
 .vfp11_veneer  0x0003c8c4        0x0 /media/disk/openembedded/build/tmp-angstrom_2008_1/cross/armv7a/lib/gcc/arm-angstrom-linux-gnueabi/4.3.3/libgcc.a(_fixdfsi.o)
 .vfp11_veneer  0x0003c8c4        0x0 /media/disk/openembedded/build/tmp-angstrom_2008_1/cross/armv7a/lib/gcc/arm-angstrom-linux-gnueabi/4.3.3/libgcc.a(_truncdfsf2.o)
 .vfp11_veneer  0x0003c8c4        0x0 /media/disk/openembedded/build/tmp-angstrom_2008_1/cross/armv7a/lib/gcc/arm-angstrom-linux-gnueabi/4.3.3/libgcc.a(_addsubsf3.o)
 .vfp11_veneer  0x0003c8c4        0x0 /media/disk/openembedded/build/tmp-angstrom_2008_1/cross/armv7a/lib/gcc/arm-angstrom-linux-gnueabi/4.3.3/libgcc.a(_muldivsf3.o)
 .vfp11_veneer  0x0003c8c4        0x0 /media/disk/openembedded/build/tmp-angstrom_2008_1/cross/armv7a/lib/gcc/arm-angstrom-linux-gnueabi/4.3.3/libgcc.a(_dvmd_lnx.o)
 .vfp11_veneer  0x0003c8c4        0x0 /media/disk/openembedded/build/tmp-angstrom_2008_1/cross/armv7a/lib/gcc/arm-angstrom-linux-gnueabi/4.3.3/../../../../arm-angstrom-linux-gnueabi/lib/libgcc_s.so
 .vfp11_veneer  0x0003c8c4        0x0 /media/disk/openembedded/build/tmp-angstrom_2008_1/sysroots/armv7a-angstrom-linux-gnueabi/lib/libc.so.6
 .vfp11_veneer  0x0003c8c4        0x0 /media/disk/openembedded/build/tmp-angstrom_2008_1/sysroots/armv7a-angstrom-linux-gnueabi/usr/lib/libc_nonshared.a(elf-init.oS)
 .vfp11_veneer  0x0003c8c4        0x0 /media/disk/openembedded/build/tmp-angstrom_2008_1/sysroots/armv7a-angstrom-linux-gnueabi/usr/lib/libc_nonshared.a(atexit.oS)
 .vfp11_veneer  0x0003c8c4        0x0 /media/disk/openembedded/build/tmp-angstrom_2008_1/sysroots/armv7a-angstrom-linux-gnueabi/lib/ld-linux.so.3
 .vfp11_veneer  0x0003c8c4        0x0 /media/disk/openembedded/build/tmp-angstrom_2008_1/cross/armv7a/lib/gcc/arm-angstrom-linux-gnueabi/4.3.3/../../../../arm-angstrom-linux-gnueabi/lib/libgcc_s.so
 .vfp11_veneer  0x0003c8c4        0x0 /media/disk/openembedded/build/tmp-angstrom_2008_1/cross/armv7a/lib/gcc/arm-angstrom-linux-gnueabi/4.3.3/crtend.o
 .vfp11_veneer  0x0003c8c4        0x0 /media/disk/openembedded/build/tmp-angstrom_2008_1/sysroots/armv7a-angstrom-linux-gnueabi/usr/lib/crtn.o
 *(.v4_bx)
 .v4_bx         0x0003c8c4        0x0 /media/disk/openembedded/build/tmp-angstrom_2008_1/sysroots/armv7a-angstrom-linux-gnueabi/usr/lib/crt1.o
 .v4_bx         0x0003c8c4        0x0 /media/disk/openembedded/build/tmp-angstrom_2008_1/sysroots/armv7a-angstrom-linux-gnueabi/usr/lib/crti.o
 .v4_bx         0x0003c8c4        0x0 /media/disk/openembedded/build/tmp-angstrom_2008_1/cross/armv7a/lib/gcc/arm-angstrom-linux-gnueabi/4.3.3/crtbegin.o
 .v4_bx         0x0003c8c4        0x0 /media/disk/openembedded/build/tmp-angstrom_2008_1/sysroots/armv7a-angstrom-linux-gnueabi/lib/libpthread.so.0
 .v4_bx         0x0003c8c4        0x0 /media/disk/openembedded/build/tmp-angstrom_2008_1/sysroots/armv7a-angstrom-linux-gnueabi/usr/lib/libm.so
 .v4_bx         0x0003c8c4        0x0 /media/disk/openembedded/build/tmp-angstrom_2008_1/sysroots/armv7a-angstrom-linux-gnueabi/usr/lib/libopencv_ml.so
 .v4_bx         0x0003c8c4        0x0 /media/disk/openembedded/build/tmp-angstrom_2008_1/sysroots/armv7a-angstrom-linux-gnueabi/usr/lib/libopencv_highgui.so
 .v4_bx         0x0003c8c4        0x0 /media/disk/openembedded/build/tmp-angstrom_2008_1/sysroots/armv7a-angstrom-linux-gnueabi/usr/lib/libopencv_core.so
 .v4_bx         0x0003c8c4        0x0 /media/disk/openembedded/build/tmp-angstrom_2008_1/sysroots/armv7a-angstrom-linux-gnueabi/usr/lib/libopencv_calib3d.so
 .v4_bx         0x0003c8c4        0x0 /media/disk/openembedded/build/tmp-angstrom_2008_1/sysroots/armv7a-angstrom-linux-gnueabi/usr/lib/libopencv_contrib.so
 .v4_bx         0x0003c8c4        0x0 /media/disk/openembedded/build/tmp-angstrom_2008_1/sysroots/armv7a-angstrom-linux-gnueabi/usr/lib/libopencv_features2d.so
 .v4_bx         0x0003c8c4        0x0 /media/disk/openembedded/build/tmp-angstrom_2008_1/sysroots/armv7a-angstrom-linux-gnueabi/usr/lib/libopencv_imgproc.so
 .v4_bx         0x0003c8c4        0x0 /media/disk/openembedded/build/tmp-angstrom_2008_1/sysroots/armv7a-angstrom-linux-gnueabi/usr/lib/libopencv_legacy.so
 .v4_bx         0x0003c8c4        0x0 /media/disk/openembedded/build/tmp-angstrom_2008_1/sysroots/armv7a-angstrom-linux-gnueabi/usr/lib/libopencv_objdetect.so
 .v4_bx         0x0003c8c4        0x0 /media/disk/openembedded/build/tmp-angstrom_2008_1/sysroots/armv7a-angstrom-linux-gnueabi/usr/lib/libopencv_video.so
 .v4_bx         0x0003c8c4        0x0 beagle_opencv_API.evm3530.ov5T
 .v4_bx         0x0003c8c4        0x0 linux/app.evm3530.ov5T
 .v4_bx         0x0003c8c4        0x0 /media/disk/OE/dspacceleration/opencv-dsp-acceleration/dsp_opencv/beagle/apps/opencv/cfg/linux/remote_ti_platforms_evm3530/package/cfg/remote_ti_platforms_evm3530_xv5T.ov5T
 .v4_bx         0x0003c8c4        0x0 /media/disk/OE/work/ti/ti-codec-engine-tree/packages/ti/sdo/ce/universal/lib/release/universal.av5T(universal_stubs.ov5T)
 .v4_bx         0x0003c8c4        0x0 /media/disk/OE/work/ti/ti-codec-engine-tree/packages/ti/sdo/ce/universal/lib/release/universal.av5T(universal.ov5T)
 .v4_bx         0x0003c8c4        0x0 /media/disk/OE/work/ti/ti-codec-engine-tree/packages/ti/sdo/ce/lib/release/ce.av5T(Server.ov5T)
 .v4_bx         0x0003c8c4        0x0 /media/disk/OE/work/ti/ti-codec-engine-tree/packages/ti/sdo/ce/lib/release/ce.av5T(Engine.ov5T)
 .v4_bx         0x0003c8c4        0x0 /media/disk/OE/work/ti/ti-codec-engine-tree/packages/ti/sdo/ce/lib/release/ce.av5T(visa.ov5T)
 .v4_bx         0x0003c8c4        0x0 /media/disk/OE/work/ti/ti-codec-engine-tree/packages/ti/sdo/ce/lib/release/ce.av5T(package_ti.sdo.ce.ov5T)
 .v4_bx         0x0003c8c4        0x0 /media/disk/OE/work/ti/ti-codec-engine-tree/packages/ti/sdo/ce/alg/lib/release/Algorithm_noOS.av5T(Algorithm_noOS.ov5T)
 .v4_bx         0x0003c8c4        0x0 /media/disk/OE/work/ti/ti-codec-engine-tree/packages/ti/sdo/ce/alg/lib/release/alg.av5T(alg_create.ov5T)
 .v4_bx         0x0003c8c4        0x0 /media/disk/OE/work/ti/ti-codec-engine-tree/packages/ti/sdo/ce/alg/lib/release/alg.av5T(alg_malloc.ov5T)
 .v4_bx         0x0003c8c4        0x0 /media/disk/OE/work/ti/ti-codec-engine-tree/packages/ti/sdo/ce/ipc/dsplink/lib/release/ipc_dsplink_3530.av5T(Processor_dsplink.ov5T)
 .v4_bx         0x0003c8c4        0x0 /media/disk/OE/work/ti/ti-codec-engine-tree/packages/ti/sdo/ce/ipc/dsplink/lib/release/ipc_dsplink_3530.av5T(Power_dsplink.ov5T)
 .v4_bx         0x0003c8c4        0x0 /media/disk/OE/work/ti/ti-codec-engine-tree/packages/ti/sdo/ce/ipc/dsplink/lib/release/ipc_dsplink_3530.av5T(Comm_dsplink.ov5T)
 .v4_bx         0x0003c8c4        0x0 /media/disk/OE/work/ti/ti-codec-engine-tree/packages/ti/sdo/ce/ipc/dsplink/lib/release/ipc_dsplink_3530.av5T(Processor_dsplink_linkcfg_OMAP3530.ov5T)
 .v4_bx         0x0003c8c4        0x0 /media/disk/OE/work/ti/ti-codec-engine-tree/packages/ti/sdo/ce/ipc/dsplink/lib/release/ipc_dsplink_3530.av5T(Processor_dsplink_linkcfg_OS.ov5T)
 .v4_bx         0x0003c8c4        0x0 /media/disk/OE/work/ti/ti-codec-engine-tree/packages/ti/sdo/ce/osal/linux/lib/release/osal_linux_470.av5T(LockMP_posix.ov5T)
 .v4_bx         0x0003c8c4        0x0 /media/disk/OE/work/ti/ti-codec-engine-tree/packages/ti/sdo/ce/osal/linux/lib/release/osal_linux_470.av5T(Queue_posix.ov5T)
 .v4_bx         0x0003c8c4        0x0 /media/disk/OE/work/ti/ti-codec-engine-tree/packages/ti/sdo/ce/osal/linux/lib/release/osal_linux_470.av5T(GT_config_libC.ov5T)
 .v4_bx         0x0003c8c4        0x0 /media/disk/OE/work/ti/ti-codec-engine-tree/packages/ti/sdo/ce/osal/linux/lib/release/osal_linux_470.av5T(File_posix.ov5T)
 .v4_bx         0x0003c8c4        0x0 /media/disk/OE/work/ti/ti-codec-engine-tree/packages/ti/sdo/ce/osal/linux/lib/release/osal_linux_470.av5T(Memory_cmem.ov5T)
 .v4_bx         0x0003c8c4        0x0 /media/disk/OE/work/ti/ti-codec-engine-tree/packages/ti/sdo/ce/osal/linux/lib/release/osal_linux_470.av5T(Global_noOS.ov5T)
 .v4_bx         0x0003c8c4        0x0 /media/disk/OE/work/ti/ti-codec-engine-tree/packages/ti/sdo/ce/osal/linux/lib/release/osal_linux_470.av5T(Thread_posix.ov5T)
 .v4_bx         0x0003c8c4        0x0 /media/disk/OE/work/ti/ti-codec-engine-tree/packages/ti/sdo/ce/osal/linux/lib/release/osal_linux_470.av5T(Log_noOS.ov5T)
 .v4_bx         0x0003c8c4        0x0 /media/disk/OE/work/ti/ti-codec-engine-tree/packages/ti/sdo/ce/osal/linux/lib/release/osal_linux_470.av5T(Lock_posix.ov5T)
 .v4_bx         0x0003c8c4        0x0 /media/disk/OE/work/ti/ti-codec-engine-tree/packages/ti/sdo/ce/osal/linux/lib/release/osal_linux_470.av5T(GT_config_posix.ov5T)
 .v4_bx         0x0003c8c4        0x0 /media/disk/OE/work/ti/ti-codec-engine-tree/packages/ti/sdo/ce/osal/linux/lib/release/osal_linux_470.av5T(SemMP_posix.ov5T)
 .v4_bx         0x0003c8c4        0x0 /media/disk/OE/work/ti/ti-codec-engine-tree/packages/ti/sdo/ce/osal/linux/lib/release/osal_linux_470.av5T(Sem_posix.ov5T)
 .v4_bx         0x0003c8c4        0x0 /media/disk/OE/work/ti/ti-codec-engine-tree/packages/ti/sdo/ce/utils/xdm/lib/release/XdmUtils.av5T(XdmUtils.ov5T)
 .v4_bx         0x0003c8c4        0x0 /media/disk/OE/work/ti/ti-framework-components-tree/packages/ti/sdo/utils/trace/lib/release/gt.av5T(gt.ov5T)
 .v4_bx         0x0003c8c4        0x0 /media/disk/OE/work/ti/ti-local-power-manager-tree/packages/ti/bios/power/lib/release/lpm_linux.av5T(lpm_api.ov5T)
 .v4_bx         0x0003c8c4        0x0 /media/disk/OE/work/ti/ti-linuxutils-tree/packages/ti/sdo/linuxutils/cmem/lib/cmem.a470MV(cmem.o470MV)
 .v4_bx         0x0003c8c4        0x0 /media/disk/OE/work/ti/ti-dsplink-tree/packages/dsplink/gpp/export/BIN/Linux/OMAP3530/RELEASE/dsplink.lib
 .v4_bx         0x0003c8c4        0x0 lib/opencv_dsp_evm3530.lv5T
 .v4_bx         0x0003c8c4        0x0 /media/disk/openembedded/build/tmp-angstrom_2008_1/cross/armv7a/lib/gcc/arm-angstrom-linux-gnueabi/4.3.3/libgcc.a(_udivsi3.o)
 .v4_bx         0x0003c8c4        0x0 /media/disk/openembedded/build/tmp-angstrom_2008_1/cross/armv7a/lib/gcc/arm-angstrom-linux-gnueabi/4.3.3/libgcc.a(_addsubdf3.o)
 .v4_bx         0x0003c8c4        0x0 /media/disk/openembedded/build/tmp-angstrom_2008_1/cross/armv7a/lib/gcc/arm-angstrom-linux-gnueabi/4.3.3/libgcc.a(_muldivdf3.o)
 .v4_bx         0x0003c8c4        0x0 /media/disk/openembedded/build/tmp-angstrom_2008_1/cross/armv7a/lib/gcc/arm-angstrom-linux-gnueabi/4.3.3/libgcc.a(_cmpdf2.o)
 .v4_bx         0x0003c8c4        0x0 /media/disk/openembedded/build/tmp-angstrom_2008_1/cross/armv7a/lib/gcc/arm-angstrom-linux-gnueabi/4.3.3/libgcc.a(_fixdfsi.o)
 .v4_bx         0x0003c8c4        0x0 /media/disk/openembedded/build/tmp-angstrom_2008_1/cross/armv7a/lib/gcc/arm-angstrom-linux-gnueabi/4.3.3/libgcc.a(_truncdfsf2.o)