Archive member included because of file (symbol)

/media/disk/OE/work/ti/ti-codec-engine-tree/packages/ti/sdo/ce/universal/lib/release/universal.av5T(universal_stubs.ov5T)
                              /media/disk/OE/dspacceleration/opencv-dsp-acceleration/dsp_opencv/beagle/apps/opencv/cfg/linux/remote_ti_platforms_evm3530/package/cfg/remote_ti_platforms_evm3530_xv5T.ov5T (UNIVERSAL_STUBS)
/media/disk/OE/work/ti/ti-codec-engine-tree/packages/ti/sdo/ce/universal/lib/release/universal.av5T(universal.ov5T)
                              /media/disk/OE/work/ti/ti-codec-engine-tree/packages/ti/sdo/ce/universal/lib/release/universal.av5T(universal_stubs.ov5T) (ti_sdo_ce_universal_UNIVERSAL_curTrace)
/media/disk/OE/work/ti/ti-codec-engine-tree/packages/ti/sdo/ce/lib/release/ce.av5T(Server.ov5T)
                              /media/disk/OE/dspacceleration/opencv-dsp-acceleration/dsp_opencv/beagle/apps/opencv/cfg/linux/remote_ti_platforms_evm3530/package/cfg/remote_ti_platforms_evm3530_xv5T.ov5T (Server_init)
/media/disk/OE/work/ti/ti-codec-engine-tree/packages/ti/sdo/ce/lib/release/ce.av5T(Engine.ov5T)
                              /media/disk/OE/work/ti/ti-codec-engine-tree/packages/ti/sdo/ce/lib/release/ce.av5T(Server.ov5T) (Engine_setTrace)
/media/disk/OE/work/ti/ti-codec-engine-tree/packages/ti/sdo/ce/lib/release/ce.av5T(visa.ov5T)
                              /media/disk/OE/work/ti/ti-codec-engine-tree/packages/ti/sdo/ce/universal/lib/release/universal.av5T(universal.ov5T) (VISA_getAlgFxns)
/media/disk/OE/work/ti/ti-codec-engine-tree/packages/ti/sdo/ce/lib/release/ce.av5T(package_ti.sdo.ce.ov5T)
                              /media/disk/OE/work/ti/ti-codec-engine-tree/packages/ti/sdo/ce/lib/release/ce.av5T(Engine.ov5T) (ti_sdo_ce__versionString)
/media/disk/OE/work/ti/ti-codec-engine-tree/packages/ti/sdo/ce/alg/lib/release/Algorithm_noOS.av5T(Algorithm_noOS.ov5T)
                              /media/disk/OE/work/ti/ti-codec-engine-tree/packages/ti/sdo/ce/lib/release/ce.av5T(visa.ov5T) (Algorithm_getAlgHandle)
/media/disk/OE/work/ti/ti-codec-engine-tree/packages/ti/sdo/ce/alg/lib/release/alg.av5T(alg_create.ov5T)
                              /media/disk/OE/work/ti/ti-codec-engine-tree/packages/ti/sdo/ce/alg/lib/release/Algorithm_noOS.av5T(Algorithm_noOS.ov5T) (ALG_delete)
/media/disk/OE/work/ti/ti-codec-engine-tree/packages/ti/sdo/ce/alg/lib/release/alg.av5T(alg_malloc.ov5T)
                              /media/disk/OE/work/ti/ti-codec-engine-tree/packages/ti/sdo/ce/alg/lib/release/alg.av5T(alg_create.ov5T) (_ALG_freeMemory)
/media/disk/OE/work/ti/ti-codec-engine-tree/packages/ti/sdo/ce/ipc/dsplink/lib/release/ipc_dsplink_3530.av5T(Processor_dsplink.ov5T)
                              /media/disk/OE/dspacceleration/opencv-dsp-acceleration/dsp_opencv/beagle/apps/opencv/cfg/linux/remote_ti_platforms_evm3530/package/cfg/remote_ti_platforms_evm3530_xv5T.ov5T (Processor_init)
/media/disk/OE/work/ti/ti-codec-engine-tree/packages/ti/sdo/ce/ipc/dsplink/lib/release/ipc_dsplink_3530.av5T(Power_dsplink.ov5T)
                              /media/disk/OE/work/ti/ti-codec-engine-tree/packages/ti/sdo/ce/ipc/dsplink/lib/release/ipc_dsplink_3530.av5T(Processor_dsplink.ov5T) (Power_disconnect)
/media/disk/OE/work/ti/ti-codec-engine-tree/packages/ti/sdo/ce/ipc/dsplink/lib/release/ipc_dsplink_3530.av5T(Comm_dsplink.ov5T)
                              /media/disk/OE/work/ti/ti-codec-engine-tree/packages/ti/sdo/ce/lib/release/ce.av5T(visa.ov5T) (Comm_getMsgSize)
/media/disk/OE/work/ti/ti-codec-engine-tree/packages/ti/sdo/ce/ipc/dsplink/lib/release/ipc_dsplink_3530.av5T(Processor_dsplink_linkcfg_OMAP3530.ov5T)
                              /media/disk/OE/work/ti/ti-codec-engine-tree/packages/ti/sdo/ce/ipc/dsplink/lib/release/ipc_dsplink_3530.av5T(Processor_dsplink.ov5T) (ti_sdo_ce_ipc_Processor_linkcfg)
/media/disk/OE/work/ti/ti-codec-engine-tree/packages/ti/sdo/ce/ipc/dsplink/lib/release/ipc_dsplink_3530.av5T(Processor_dsplink_linkcfg_OS.ov5T)
                              /media/disk/OE/work/ti/ti-codec-engine-tree/packages/ti/sdo/ce/ipc/dsplink/lib/release/ipc_dsplink_3530.av5T(Processor_dsplink_linkcfg_OMAP3530.ov5T) (ti_sdo_ce_ipc_Processor_linkcfg_OS)
/media/disk/OE/work/ti/ti-codec-engine-tree/packages/ti/sdo/ce/osal/linux/lib/release/osal_linux_470.av5T(LockMP_posix.ov5T)
                              /media/disk/OE/dspacceleration/opencv-dsp-acceleration/dsp_opencv/beagle/apps/opencv/cfg/linux/remote_ti_platforms_evm3530/package/cfg/remote_ti_platforms_evm3530_xv5T.ov5T (LockMP_init)
/media/disk/OE/work/ti/ti-codec-engine-tree/packages/ti/sdo/ce/osal/linux/lib/release/osal_linux_470.av5T(Queue_posix.ov5T)
                              /media/disk/OE/dspacceleration/opencv-dsp-acceleration/dsp_opencv/beagle/apps/opencv/cfg/linux/remote_ti_platforms_evm3530/package/cfg/remote_ti_platforms_evm3530_xv5T.ov5T (Queue_init)
[...]
Memory Configuration

Name             Origin             Length             Attributes
*default*        0x00000000         0xffffffff

Linker script and memory map

LOAD /media/disk/openembedded/build/tmp-angstrom_2008_1/sysroots/armv7a-angstrom-linux-gnueabi/usr/lib/crt1.o
LOAD /media/disk/openembedded/build/tmp-angstrom_2008_1/sysroots/armv7a-angstrom-linux-gnueabi/usr/lib/crti.o
LOAD /media/disk/openembedded/build/tmp-angstrom_2008_1/cross/armv7a/lib/gcc/arm-angstrom-linux-gnueabi/4.3.3/crtbegin.o
LOAD /media/disk/openembedded/build/tmp-angstrom_2008_1/sysroots/armv7a-angstrom-linux-gnueabi/usr/lib/libpthread.so
START GROUP
LOAD /media/disk/openembedded/build/tmp-angstrom_2008_1/sysroots/armv7a-angstrom-linux-gnueabi/lib/libpthread.so.0
LOAD /media/disk/openembedded/build/tmp-angstrom_2008_1/sysroots/armv7a-angstrom-linux-gnueabi/usr/lib/libpthread_nonshared.a
END GROUP
LOAD /media/disk/openembedded/build/tmp-angstrom_2008_1/sysroots/armv7a-angstrom-linux-gnueabi/usr/lib/libm.so
LOAD /media/disk/openembedded/build/tmp-angstrom_2008_1/sysroots/armv7a-angstrom-linux-gnueabi/usr/lib/libopencv_ml.so
LOAD /media/disk/openembedded/build/tmp-angstrom_2008_1/sysroots/armv7a-angstrom-linux-gnueabi/usr/lib/libopencv_highgui.so
LOAD /media/disk/openembedded/build/tmp-angstrom_2008_1/sysroots/armv7a-angstrom-linux-gnueabi/usr/lib/libopencv_core.so
LOAD /media/disk/openembedded/build/tmp-angstrom_2008_1/sysroots/armv7a-angstrom-linux-gnueabi/usr/lib/libopencv_calib3d.so
LOAD /media/disk/openembedded/build/tmp-angstrom_2008_1/sysroots/armv7a-angstrom-linux-gnueabi/usr/lib/libopencv_contrib.so
LOAD /media/disk/openembedded/build/tmp-angstrom_2008_1/sysroots/armv7a-angstrom-linux-gnueabi/usr/lib/libopencv_features2d.so
LOAD /media/disk/openembedded/build/tmp-angstrom_2008_1/sysroots/armv7a-angstrom-linux-gnueabi/usr/lib/libopencv_imgproc.so
LOAD /media/disk/openembedded/build/tmp-angstrom_2008_1/sysroots/armv7a-angstrom-linux-gnueabi/usr/lib/libopencv_legacy.so
LOAD /media/disk/openembedded/build/tmp-angstrom_2008_1/sysroots/armv7a-angstrom-linux-gnueabi/usr/lib/libopencv_objdetect.so
LOAD /media/disk/openembedded/build/tmp-angstrom_2008_1/sysroots/armv7a-angstrom-linux-gnueabi/usr/lib/libopencv_video.so
LOAD linux/app.evm3530.ov5T
LOAD cfg/linux/remote_ti_platforms_evm3530/linker.cmd
LOAD /media/disk/OE/dspacceleration/opencv-dsp-acceleration/dsp_opencv/beagle/apps/opencv/cfg/linux/remote_ti_platforms_evm3530/package/cfg/remote_ti_platforms_evm3530_xv5T.ov5T
LOAD /media/disk/OE/work/ti/ti-codec-engine-tree/packages/ti/sdo/ce/universal/lib/release/universal.av5T
LOAD /media/disk/OE/work/ti/ti-codec-engine-tree/packages/ti/sdo/ce/lib/release/ce.av5T
LOAD /media/disk/OE/work/ti/ti-codec-engine-tree/packages/ti/sdo/ce/alg/lib/release/Algorithm_noOS.av5T
LOAD /media/disk/OE/work/ti/ti-codec-engine-tree/packages/ti/sdo/ce/alg/lib/release/alg.av5T
LOAD /media/disk/OE/work/ti/ti-codec-engine-tree/packages/ti/sdo/ce/ipc/dsplink/lib/release/ipc_dsplink_3530.av5T
LOAD /media/disk/OE/work/ti/ti-codec-engine-tree/packages/ti/sdo/ce/osal/linux/lib/release/osal_linux_470.av5T
LOAD /media/disk/OE/work/ti/ti-framework-components-tree/packages/ti/sdo/fc/acpy3/lib/release/acpy3.a470MV
LOAD /media/disk/OE/work/ti/ti-framework-components-tree/packages/ti/sdo/fc/dman3/lib/release/dman3Cfg.a470MV
LOAD /media/disk/OE/work/ti/ti-framework-components-tree/packages/ti/sdo/fc/utils/lib/release/rmm.a470MV
LOAD /media/disk/OE/work/ti/ti-framework-components-tree/packages/ti/sdo/fc/utils/lib/release/smgr.a470MV
LOAD /media/disk/OE/work/ti/ti-framework-components-tree/packages/ti/sdo/fc/utils/lib/release/rmmp.a470MV
LOAD /media/disk/OE/work/ti/ti-framework-components-tree/packages/ti/sdo/fc/utils/lib/release/smgrmp.a470MV
LOAD /media/disk/OE/work/ti/ti-framework-components-tree/packages/ti/sdo/fc/utils/lib/release/shm.a470MV
LOAD /media/disk/OE/work/ti/ti-framework-components-tree/packages/ti/sdo/fc/memutils/lib/release/memutils.av5T
LOAD /media/disk/OE/work/ti/ti-codec-engine-tree/packages/ti/sdo/ce/utils/xdm/lib/release/XdmUtils.av5T
LOAD /media/disk/OE/work/ti/ti-codec-engine-tree/packages/ti/sdo/ce/node/lib/release/node.av5T
LOAD /media/disk/OE/work/ti/ti-framework-components-tree/packages/ti/sdo/utils/trace/lib/release/gt.av5T
LOAD /media/disk/OE/work/ti/ti-local-power-manager-tree/packages/ti/bios/power/lib/release/lpm_linux.av5T
LOAD /media/disk/OE/work/ti/ti-linuxutils-tree/packages/ti/sdo/linuxutils/cmem/lib/cmem.a470MV
LOAD /media/disk/OE/work/ti/ti-dsplink-tree/packages/dsplink/gpp/export/BIN/Linux/OMAP3530/RELEASE/dsplink.lib
LOAD /media/disk/OE/work/ti/ti-xdctools-tree/packages/gnu/targets/arm/rtsv5T/lib/gnu.targets.arm.rtsv5T.av5T

xdc.meta        0x00000000      0x118
 *(xdc.meta)
 xdc.meta       0x00000000      0x118 /media/disk/OE/dspacceleration/opencv-dsp-acceleration/dsp_opencv/beagle/apps/opencv/cfg/linux/remote_ti_platforms_evm3530/package/cfg/remote_ti_platforms_evm3530_xv5T.ov5T
                0x000000f0                __TARG__
                0x000000cc                __PLAT__
                0x000000b8                __ISA__
                0x00000000                __ASM__
LOAD /media/disk/OE/dspacceleration/opencv-dsp-acceleration/dsp_opencv/beagle/server/opencv_unitserver_evm3530/../../library/opencv/lib/libopencv.a
LOAD /media/disk/openembedded/build/tmp-angstrom_2008_1/cross/armv7a/lib/gcc/arm-angstrom-linux-gnueabi/4.3.3/libgcc.a
LOAD /media/disk/openembedded/build/tmp-angstrom_2008_1/cross/armv7a/lib/gcc/arm-angstrom-linux-gnueabi/4.3.3/../../../../arm-angstrom-linux-gnueabi/lib/libgcc_s.so
LOAD /media/disk/openembedded/build/tmp-angstrom_2008_1/sysroots/armv7a-angstrom-linux-gnueabi/usr/lib/libc.so
START GROUP
LOAD /media/disk/openembedded/build/tmp-angstrom_2008_1/sysroots/armv7a-angstrom-linux-gnueabi/lib/libc.so.6
LOAD /media/disk/openembedded/build/tmp-angstrom_2008_1/sysroots/armv7a-angstrom-linux-gnueabi/usr/lib/libc_nonshared.a
LOAD /media/disk/openembedded/build/tmp-angstrom_2008_1/sysroots/armv7a-angstrom-linux-gnueabi/lib/ld-linux.so.3
END GROUP
LOAD /media/disk/openembedded/build/tmp-angstrom_2008_1/cross/armv7a/lib/gcc/arm-angstrom-linux-gnueabi/4.3.3/libgcc.a
LOAD /media/disk/openembedded/build/tmp-angstrom_2008_1/cross/armv7a/lib/gcc/arm-angstrom-linux-gnueabi/4.3.3/../../../../arm-angstrom-linux-gnueabi/lib/libgcc_s.so
LOAD /media/disk/openembedded/build/tmp-angstrom_2008_1/cross/armv7a/lib/gcc/arm-angstrom-linux-gnueabi/4.3.3/crtend.o
LOAD /media/disk/openembedded/build/tmp-angstrom_2008_1/sysroots/armv7a-angstrom-linux-gnueabi/usr/lib/crtn.o
                0x00008000                PROVIDE (__executable_start, 0x8000)
                0x00008134                . = (0x8000 + SIZEOF_HEADERS)

.interp         0x00008134       0x13
 *(.interp)
 .interp        0x00008134       0x13 /media/disk/openembedded/build/tmp-angstrom_2008_1/sysroots/armv7a-angstrom-linux-gnueabi/usr/lib/crti.o

.note.ABI-tag   0x00008148       0x20
 .note.ABI-tag  0x00008148       0x20 /media/disk/openembedded/build/tmp-angstrom_2008_1/sysroots/armv7a-angstrom-linux-gnueabi/usr/lib/crt1.o

.note.gnu.build-id
 *(.note.gnu.build-id)

.hash           0x00008168      0x680
 *(.hash)
 .hash          0x00008168      0x680 /media/disk/openembedded/build/tmp-angstrom_2008_1/sysroots/armv7a-angstrom-linux-gnueabi/usr/lib/crti.o

.gnu.hash
 *(.gnu.hash)

.dynsym         0x000087e8      0xd90
 *(.dynsym)
 .dynsym        0x000087e8      0xd90 /media/disk/openembedded/build/tmp-angstrom_2008_1/sysroots/armv7a-angstrom-linux-gnueabi/usr/lib/crti.o

.dynstr         0x00009578      0xc82
 *(.dynstr)
 .dynstr        0x00009578      0xc82 /media/disk/openembedded/build/tmp-angstrom_2008_1/sysroots/armv7a-angstrom-linux-gnueabi/usr/lib/crti.o

.gnu.version    0x0000a1fa      0x1b2
 *(.gnu.version)
 .gnu.version   0x0000a1fa      0x1b2 /media/disk/openembedded/build/tmp-angstrom_2008_1/sysroots/armv7a-angstrom-linux-gnueabi/usr/lib/crti.o

.gnu.version_d  0x0000a3ac        0x0
 *(.gnu.version_d)
 .gnu.version_d
                0x00000000        0x0 /media/disk/openembedded/build/tmp-angstrom_2008_1/sysroots/armv7a-angstrom-linux-gnueabi/usr/lib/crti.o

.gnu.version_r  0x0000a3ac       0x60
 *(.gnu.version_r)
 .gnu.version_r
                0x0000a3ac       0x60 /media/disk/openembedded/build/tmp-angstrom_2008_1/sysroots/armv7a-angstrom-linux-gnueabi/usr/lib/crti.o

.rel.dyn        0x0000a40c      0x188
 *(.rel.init)
 *(.rel.text .rel.text.* .rel.gnu.linkonce.t.*)
 *(.rel.fini)
 *(.rel.rodata .rel.rodata.* .rel.gnu.linkonce.r.*)
 *(.rel.data.rel.ro* .rel.gnu.linkonce.d.rel.ro.*)
 *(.rel.data .rel.data.* .rel.gnu.linkonce.d.*)
 *(.rel.tdata .rel.tdata.* .rel.gnu.linkonce.td.*)
 *(.rel.tbss .rel.tbss.* .rel.gnu.linkonce.tb.*)
 *(.rel.ctors)
 *(.rel.dtors)
 *(.rel.got)
 .rel.got       0x0000a40c      0x180 /media/disk/openembedded/build/tmp-angstrom_2008_1/sysroots/armv7a-angstrom-linux-gnueabi/usr/lib/crti.o
 *(.rel.bss .rel.bss.* .rel.gnu.linkonce.b.*)
 .rel.bss       0x0000a58c        0x8 /media/disk/openembedded/build/tmp-angstrom_2008_1/sysroots/armv7a-angstrom-linux-gnueabi/usr/lib/crti.o

.rela.dyn
 *(.rela.init)
 *(.rela.text .rela.text.* .rela.gnu.linkonce.t.*)
 *(.rela.fini)
 *(.rela.rodata .rela.rodata.* .rela.gnu.linkonce.r.*)
 *(.rela.data .rela.data.* .rela.gnu.linkonce.d.*)
 *(.rela.tdata .rela.tdata.* .rela.gnu.linkonce.td.*)
 *(.rela.tbss .rela.tbss.* .rela.gnu.linkonce.tb.*)
 *(.rela.ctors)
 *(.rela.dtors)
 *(.rela.got)
 *(.rela.bss .rela.bss.* .rela.gnu.linkonce.b.*)

.rel.plt        0x0000a594      0x4d8
 *(.rel.plt)
 .rel.plt       0x0000a594      0x4d8 /media/disk/openembedded/build/tmp-angstrom_2008_1/sysroots/armv7a-angstrom-linux-gnueabi/usr/lib/crti.o

.rela.plt
 *(.rela.plt)

.init           0x0000aa6c       0x14
 *(.init)
 .init          0x0000aa6c        0xc /media/disk/openembedded/build/tmp-angstrom_2008_1/sysroots/armv7a-angstrom-linux-gnueabi/usr/lib/crti.o
                0x0000aa6c                _init
 .init          0x0000aa78        0x8 /media/disk/openembedded/build/tmp-angstrom_2008_1/sysroots/armv7a-angstrom-linux-gnueabi/usr/lib/crtn.o

.plt            0x0000aa80      0x758
 *(.plt)
 .plt           0x0000aa80      0x758 /media/disk/openembedded/build/tmp-angstrom_2008_1/sysroots/armv7a-angstrom-linux-gnueabi/usr/lib/crti.o
                0x0000aa94                sem_destroy@@GLIBC_2.4
                0x0000aaa0                _IO_getc@@GLIBC_2.4
                0x0000aaac                cvFindChessboardCorners
                0x0000aab8                pthread_mutex_lock@@GLIBC_2.4
                0x0000aac4                cvColorToScalar
                0x0000aad0                pthread_mutex_init@@GLIBC_2.4
                0x0000aadc                cvCreateSubdiv2D
                0x0000aae8                cvDestroyWindow
                0x0000aaf4                cvPerspectiveTransform
                0x0000ab00                getpid@@GLIBC_2.4
                0x0000ab0c                log@@GLIBC_2.4
                0x0000ab18                gettimeofday@@GLIBC_2.4
                0x0000ab24                cvEllipse
                0x0000ab30                cvFindFundamentalMat
                0x0000ab3c                cvReleaseImage
                0x0000ab48                free@@GLIBC_2.4
                0x0000ab54                cvCircle
                0x0000ab60                pthread_mutexattr_init@@GLIBC_2.4
                0x0000ab6c                pthread_mutexattr_destroy@@GLIBC_2.4
                0x0000ab78                strncmp@@GLIBC_2.4
                0x0000ab84                pthread_key_delete@@GLIBC_2.4
                0x0000ab90                pthread_exit@@GLIBC_2.4
                0x0000ab9c                pthread_attr_getschedparam@@GLIBC_2.4
                0x0000aba8                pthread_join@@GLIBC_2.4
                0x0000abb4                cvFree_
                0x0000abc0                cvBoundingRect
                0x0000abcc                cvInvert
                0x0000abd8                cvReleaseGraphScanner
                0x0000abe4                exit@@GLIBC_2.4
                0x0000abf0                printf@@GLIBC_2.4
                0x0000abfc                strerror@@GLIBC_2.4
                0x0000ac08                pthread_setschedparam@@GLIBC_2.4
                0x0000ac14                puts@@GLIBC_2.4
                0x0000ac20                perror@@GLIBC_2.4
                0x0000ac2c                cvRead
                0x0000ac38                cvPolyLine
                0x0000ac44                cvUndistort2
                0x0000ac50                cvCreateGraphScanner
                0x0000ac5c                cvGetElemType
                0x0000ac68                lrint@@GLIBC_2.4
                0x0000ac74                sigfillset@@GLIBC_2.4
                0x0000ac80                cvShowImage
                0x0000ac8c                cvLoadImage
                0x0000ac98                exp@@GLIBC_2.4
                0x0000aca4                semctl@@GLIBC_2.4
                0x0000acb0                nanosleep@@GLIBC_2.4
                0x0000acbc                memset@@GLIBC_2.4
                0x0000acc8                pthread_self@@GLIBC_2.4
                0x0000acd4                cvCreateCameraCapture
                0x0000ace0                fcntl@@GLIBC_2.4
                0x0000acec                pthread_sigmask@@GLIBC_2.4
                0x0000acf8                cvSeqSlice
                0x0000ad04                close@@GLIBC_2.4
                0x0000ad10                fopen@@GLIBC_2.4
                0x0000ad1c                read@@GLIBC_2.4
                0x0000ad28                abort@@GLIBC_2.4
                0x0000ad34                vfprintf@@GLIBC_2.4
                0x0000ad40                cvHoughLines2
                0x0000ad4c                cvFindExtrinsicCameraParams2
                0x0000ad58                ioctl@@GLIBC_2.4
                0x0000ad64                cvSet
                0x0000ad70                strcpy@@GLIBC_2.4
                0x0000ad7c                cvGetCols
                0x0000ad88                cvFitLine
                0x0000ad94                mmap@@GLIBC_2.4
                0x0000ada0                __assert_fail@@GLIBC_2.4
                0x0000adac                pthread_attr_getstacksize@@GLIBC_2.4
                0x0000adb8                open@@GLIBC_2.4
                0x0000adc4                cvError
                0x0000add0                pthread_mutex_destroy@@GLIBC_2.4
                0x0000addc                cvTransform
                0x0000ade8                pthread_setcanceltype@@GLIBC_2.4
                0x0000adf4                semget@@GLIBC_2.4
                0x0000ae00                getpagesize@@GLIBC_2.4
                0x0000ae0c                pthread_getspecific@@GLIBC_2.4
                0x0000ae18                semop@@GLIBC_2.4
                0x0000ae24                fileno@@GLIBC_2.4
                0x0000ae30                cvReshape
                0x0000ae3c                cvRandArr
                0x0000ae48                cvProjectPoints2
                0x0000ae54                __cxa_atexit@@GLIBC_2.4
                0x0000ae60                cvSetAdd
                0x0000ae6c                sem_init@@GLIBC_2.4
                0x0000ae78                cvAvg
                0x0000ae84                pthread_key_create@@GLIBC_2.4
                0x0000ae90                cvCalibrateCamera2
                0x0000ae9c                cvCartToPolar
                0x0000aea8                pthread_cancel@@GLIBC_2.4
                0x0000aeb4                sleep@@GLIBC_2.4
                0x0000aec0                raise@@GLIBC_2.4
                0x0000aecc                sigaction@@GLIBC_2.4
                0x0000aed8                pthread_attr_init@@GLIBC_2.4
                0x0000aee4                calloc@@GLIBC_2.4
                0x0000aef0                cvGetSeqElem
                0x0000aefc                cvInitFont
                0x0000af08                cvRodrigues2
                0x0000af14                cvKMeans2
                0x0000af20                cvQueryFrame
                0x0000af2c                cvLine
                0x0000af38                cvArcLength
                0x0000af44                __strtol_internal@@GLIBC_2.4
                0x0000af50                sem_post@@GLIBC_2.4
                0x0000af5c                fputc@@GLIBC_2.4
                0x0000af68                setvbuf@@GLIBC_2.4
                0x0000af74                fwrite@@GLIBC_2.4
                0x0000af80                cvGetFileNodeByName
                0x0000af8c                memcpy@@GLIBC_2.4
                0x0000af98                malloc@@GLIBC_2.4
                0x0000afa4                strlen@@GLIBC_2.4
                0x0000afb0                pthread_setspecific@@GLIBC_2.4
                0x0000afbc                munmap@@GLIBC_2.4
                0x0000afc8                usleep@@GLIBC_2.4
                0x0000afd4                fprintf@@GLIBC_2.4
                0x0000afe0                fclose@@GLIBC_2.4
                0x0000afec                cvCreateMat
                0x0000aff8                cvSum
                0x0000b004                sprintf@@GLIBC_2.4
                0x0000b010                cvReleaseMat
                0x0000b01c                __xstat@@GLIBC_2.4
                0x0000b028                cvFitEllipse2
                0x0000b034                cvSaveImage
                0x0000b040                cvInitSubdivDelaunay2D
                0x0000b04c                cvPow
                0x0000b058                pthread_create@@GLIBC_2.4
                0x0000b064                strcmp@@GLIBC_2.4
                0x0000b070                cvGetRows
                0x0000b07c                pthread_mutexattr_settype@@GLIBC_2.4
                0x0000b088                cvCalcEMD2
                0x0000b094                __errno_location@@GLIBC_2.4
                0x0000b0a0                strncpy@@GLIBC_2.4
                0x0000b0ac                fflush@@GLIBC_2.4
                0x0000b0b8                memcmp@@GLIBC_2.4
                0x0000b0c4                cvWaitKey
                0x0000b0d0                cvCvtColor
                0x0000b0dc                sigemptyset@@GLIBC_2.4
                0x0000b0e8                cvAlloc
                0x0000b0f4                cvNamedWindow
                0x0000b100                cvBoxPoints
                0x0000b10c                cvCalcArrHist
                0x0000b118                fputs@@GLIBC_2.4
                0x0000b124                getenv@@GLIBC_2.4
                0x0000b130                __libc_start_main@@GLIBC_2.4
                0x0000b13c                cvGetRawData
                0x0000b154                cvMinAreaRect2
                0x0000b160                cvAddS
                0x0000b16c                sem_wait@@GLIBC_2.4
                0x0000b178                strchr@@GLIBC_2.4
                0x0000b184                pthread_mutex_unlock@@GLIBC_2.4
                0x0000b190                cvConvexHull2
                0x0000b19c                cvCreateImage
                0x0000b1a8                sem_getvalue@@GLIBC_2.4
                0x0000b1b4                ftok@@GLIBC_2.4
                0x0000b1c0                sched_yield@@GLIBC_2.4
                0x0000b1cc                cvAvgSdv

.text           0x0000b1d8    0x31728
 *(.text .stub .text.* .gnu.linkonce.t.*)
 .text          0x0000b1d8       0x38 /media/disk/openembedded/build/tmp-angstrom_2008_1/sysroots/armv7a-angstrom-linux-gnueabi/usr/lib/crt1.o
                0x0000b1d8                _start
 .text          0x0000b210       0x24 /media/disk/openembedded/build/tmp-angstrom_2008_1/sysroots/armv7a-angstrom-linux-gnueabi/usr/lib/crti.o
 .text          0x0000b234       0x54 /media/disk/openembedded/build/tmp-angstrom_2008_1/cross/armv7a/lib/gcc/arm-angstrom-linux-gnueabi/4.3.3/crtbegin.o
 .text          0x0000b288     0x4d28 linux/app.evm3530.ov5T
                0x0000fb60                main
 .text          0x0000ffb0      0x248 /media/disk/OE/dspacceleration/opencv-dsp-acceleration/dsp_opencv/beagle/apps/opencv/cfg/linux/remote_ti_platforms_evm3530/package/cfg/remote_ti_platforms_evm3530_xv5T.ov5T
                0x00010004                RMAN_deactivateAllResources
                0x0000ffe4                DMAN3_grantDmaChannels
                0x00010028                CERuntime_init
                0x0000ffb4                LAD_connect
                0x0000ffbc                LAD_disconnect
                0x0000ffcc                LAD_releaseDsp
                0x0000ffc4                LAD_getDspStatus
                0x0000ffec                DMAN3_releaseDmaChannels
                0x000101f4                ti_sdo_ce_CERuntime_init__F
                0x0000ffe0                DMAN3_CE_exit
                0x00010014                RMAN_init
                0x0000ffd4                LAD_startupDsp
                0x0000fff4                RMAN_activateAllResources
                0x0001000c                RMAN_freeResources
                0x0000ffb0                IPC_generatedInit
                0x0000ffdc                DMAN3_CE_init
                0x0001001c                RMAN_exit
                0x00010024                CERuntime_exit
                0x0000fffc                RMAN_assignResources
 .text          0x000101f8      0xc64 /media/disk/OE/work/ti/ti-codec-engine-tree/packages/ti/sdo/ce/universal/lib/release/universal.av5T(universal_stubs.ov5T)
                0x00010a84                UNIVERSAL_processWait
                0x00010cbc                UNIVERSAL_processAsync
 .text          0x00010e5c      0x7f4 /media/disk/OE/work/ti/ti-codec-engine-tree/packages/ti/sdo/ce/universal/lib/release/universal.av5T(universal.ov5T)
                0x00010e5c                UNIVERSAL_control
                0x0001116c                UNIVERSAL_delete
                0x00011208                UNIVERSAL_create
                0x00011310                UNIVERSAL_process
 .text          0x00011650      0xa80 /media/disk/OE/work/ti/ti-codec-engine-tree/packages/ti/sdo/ce/lib/release/ce.av5T(Server.ov5T)
                0x00011b1c                Server_getNumMemSegs
                0x00011e98                Server_disconnectTrace
                0x000118e4                Server_redefineHeap
                0x00011fac                Server_connectTrace
                0x00011d38                Server_getCpuLoad
                0x00011724                Server_setTrace
                0x00011dd8                Server_fwriteTrace
                0x00011a34                Server_init
                0x000117e0                Server_restoreHeap
                0x00011c30                Server_getMemStat
 .text          0x000120d0     0x2ef8 /media/disk/OE/work/ti/ti-codec-engine-tree/packages/ti/sdo/ce/lib/release/ce.av5T(Engine.ov5T)
                0x00012184                Engine_getServer
                0x000120d8                Engine_getLastError
                0x00012e40                Engine_getMemStat
                0x00014d0c                Engine_getLocalEngine
                0x000126c8                Engine_requestTraceToken
                0x00013b08                Engine_createNode2
                0x00012a1c                Engine_getAlgNumRecs
                0x000127a8                Engine_redefineHeap
                0x00012d3c                Engine_getNumMemSegs
                0x0001214c                Engine_getNodeQueues
                0x00012178                Engine_hasServer
                0x00012b54                Engine_getAlgMemRecs
                0x000131fc                Engine_init
                0x000120ec                Engine_getRemoteVisa
                0x00014de0                Engine_getMemId
                0x00014230                Engine_createNode
                0x00013990                Engine_deleteNode
                0x00013874                Engine_callAsync
                0x00014478                Engine_open
                0x000120d0                Engine_getEngine
                0x000120e0                Engine_getName
                0x000130b8                Engine_getAlgInfo
                0x000122e4                Engine_setTrace
                0x00012ffc                Engine_getNumAlgs
                0x00014ef4                Engine_getConstName
                0x00012930                Engine_getCpuLoad
                0x00014e00                Engine_getFxns
                0x00012740                Engine_releaseTraceToken
                0x000142d4                Engine_close
                0x00012558                Engine_restoreHeap
                0x00012200                Engine_ctrlNode
                0x000138dc                Engine_call
                0x00013404                Engine_fwriteTrace
                0x00014d60                Engine_getCodecClassConfig
                0x00012474                Engine_getUsedMem
                0x0001381c                Engine_callWait
 .text          0x00014fc8     0x10cc /media/disk/OE/work/ti/ti-codec-engine-tree/packages/ti/sdo/ce/lib/release/ce.av5T(visa.ov5T)
                0x000157a4                VISA_callAsync
                0x00014fc8                VISA_getAlgFxns
                0x00015188                VISA_getAlgMemRecs
                0x00014fd0                VISA_getAlgorithmHandle
                0x00015664                VISA_wait
                0x00015fd4                VISA_create
                0x000153c8                VISA_enter
                0x00014fec                VISA_getCodecClassConfig
                0x00014ff4                VISA_isLocal
                0x00014fd8                VISA_getContext
                0x00015948                VISA_create2
                0x000152f8                VISA_exit
                0x00015060                VISA_allocMsg
                0x00015874                VISA_call
                0x000151f0                VISA_freeMsg
                0x000151d4                VISA_getAlgHandle
                0x00014fe4                VISA_setContext
                0x00014ffc                VISA_getMaxMsgSize
                0x000154a0                VISA_delete
                0x00015140                VISA_getAlgNumRecs
 .text          0x00016094        0x0 /media/disk/OE/work/ti/ti-codec-engine-tree/packages/ti/sdo/ce/lib/release/ce.av5T(package_ti.sdo.ce.ov5T)
 .text          0x00016094      0x800 /media/disk/OE/work/ti/ti-codec-engine-tree/packages/ti/sdo/ce/alg/lib/release/Algorithm_noOS.av5T(Algorithm_noOS.ov5T)
                0x0001609c                Algorithm_getMemRecs
                0x0001663c                Algorithm_activate
                0x000160a4                Algorithm_getNumRecs
                0x000161a0                Algorithm_delete
                0x00016094                Algorithm_getAlgHandle
                0x000166f0                Algorithm_releaseLock
                0x000163ac                Algorithm_create
                0x00016110                Algorithm_exit
                0x000162b4                Algorithm_deactivate
                0x000160ac                Algorithm_init
                0x000167e4                Algorithm_acquireLock
 .text          0x00016894      0x388 /media/disk/OE/work/ti/ti-codec-engine-tree/packages/ti/sdo/ce/alg/lib/release/alg.av5T(alg_create.ov5T)
                0x00016904                ALG_create
                0x00016894                ALG_delete
 .text          0x00016c1c      0x628 /media/disk/OE/work/ti/ti-codec-engine-tree/packages/ti/sdo/ce/alg/lib/release/alg.av5T(alg_malloc.ov5T)
                0x00016f48                ALG_exit
                0x0001707c                ALG_releaseLock
                0x00016fd4                ALG_deactivate
                0x000171b4                ALG_acquireLock
                0x00016cc8                _ALG_allocMemory
                0x00016c1c                _ALG_freeMemory
                0x00017108                ALG_activate
                0x00016da4                ALG_init
 .text          0x00017244     0x3770 /media/disk/OE/work/ti/ti-codec-engine-tree/packages/ti/sdo/ce/ipc/dsplink/lib/release/ipc_dsplink_3530.av5T(Processor_dsplink.ov5T)
                0x0001724c                dumpLinkCfgObj
                0x0001a7c8                Processor_create
                0x00019264                Processor_init
                0x0001a69c                Processor_delete
                0x00017244                Processor_wait
 .text          0x0001a9b4      0x5a4 /media/disk/OE/work/ti/ti-codec-engine-tree/packages/ti/sdo/ce/ipc/dsplink/lib/release/ipc_dsplink_3530.av5T(Power_dsplink.ov5T)
                0x0001a9b4                Power_disconnect
                0x0001aecc                Power_init
                0x0001aab8                Power_connect
                0x0001ad2c                Power_on
                0x0001abbc                Power_off
 .text          0x0001af58      0xe10 /media/disk/OE/work/ti/ti-codec-engine-tree/packages/ti/sdo/ce/ipc/dsplink/lib/release/ipc_dsplink_3530.av5T(Comm_dsplink.ov5T)
                0x0001b214                Comm_locate
                0x0001af58                Comm_getMsgSize
                0x0001b04c                Comm_release
                0x0001b580                Comm_get
                0x0001afc8                Comm_setSrcQueue
                0x0001b74c                Comm_free
                0x0001b824                Comm_exit
                0x0001ba1c                Comm_create
                0x0001b500                Comm_getSrcQueue
                0x0001b8bc                Comm_delete
                0x0001b3f4                Comm_init
                0x0001bbe8                Comm_alloc
                0x0001b124                Comm_put
 .text          0x0001bd68        0x0 /media/disk/OE/work/ti/ti-codec-engine-tree/packages/ti/sdo/ce/ipc/dsplink/lib/release/ipc_dsplink_3530.av5T(Processor_dsplink_linkcfg_OMAP3530.ov5T)
 .text          0x0001bd68        0x0 /media/disk/OE/work/ti/ti-codec-engine-tree/packages/ti/sdo/ce/ipc/dsplink/lib/release/ipc_dsplink_3530.av5T(Processor_dsplink_linkcfg_OS.ov5T)
 .text          0x0001bd68      0x548 /media/disk/OE/work/ti/ti-codec-engine-tree/packages/ti/sdo/ce/osal/linux/lib/release/osal_linux_470.av5T(LockMP_posix.ov5T)
                0x0001c180                LockMP_acquire
                0x0001c04c                LockMP_create
                0x0001bf9c                LockMP_getRefCount
                0x0001bd68                LockMP_getCount
                0x0001bdd8                LockMP_release
                0x0001bf44                LockMP_init
                0x0001bfa4                LockMP_delete
 .text          0x0001c2b0       0xe8 /media/disk/OE/work/ti/ti-codec-engine-tree/packages/ti/sdo/ce/osal/linux/lib/release/osal_linux_470.av5T(Queue_posix.ov5T)
                0x0001c304                Queue_put
                0x0001c2bc                Queue_extract
                0x0001c350                Queue_get
                0x0001c2b4                Queue_init
                0x0001c2b0                Queue_exit
 .text          0x0001c398       0xec /media/disk/OE/work/ti/ti-codec-engine-tree/packages/ti/sdo/ce/osal/linux/lib/release/osal_linux_470.av5T(GT_config_libC.ov5T)
                0x0001c3a0                GTConfig_error
                0x0001c480                GTConfig_libcMalloc
                0x0001c428                GTConfig_vprintf
                0x0001c47c                GTConfig_libcFree
                0x0001c398                GTConfig_nop
 .text          0x0001c484       0x2c /media/disk/OE/work/ti/ti-codec-engine-tree/packages/ti/sdo/ce/osal/linux/lib/release/osal_linux_470.av5T(File_posix.ov5T)
                0x0001c488                File_stat
                0x0001c484                File_init
 .text          0x0001c4b0     0x14a0 /media/disk/OE/work/ti/ti-codec-engine-tree/packages/ti/sdo/ce/osal/linux/lib/release/osal_linux_470.av5T(Memory_cmem.ov5T)
                0x0001c4ec                Memory_exit
                0x0001ca1c                Memory_free
                0x0001c4fc                Memory_dumpKnownContigBufsList
                0x0001c634                Memory_cacheWb
                0x0001cda4                Memory_contigFree
                0x0001c630                Memory_cacheWbInv
                0x0001cb2c                Memory_segFree
                0x0001cc7c                Memory_unregisterContigBuf
                0x0001c63c                Memory_getBufferVirtualAddress
                0x0001d944                Memory_contigAlloc
                0x0001c878                Memory_init
                0x0001c4e4                Memory_restoreHeap
                0x0001c4f0                Memory_contigStat
                0x0001c4cc                Memory_getHeapId
                0x0001c638                Memory_cacheInv
                0x0001d2e0                Memory_registerContigBuf
                0x0001c4dc                Memory_redefine
                0x0001ce24                Memory_alloc
                0x0001d2e4                Memory_getBufferPhysicalAddress
                0x0001c5b4                Memory_segStat
                0x0001ce1c                Memory_segAlloc
                0x0001c4d4                Memory_getNumHeaps
 .text          0x0001d950      0x2dc /media/disk/OE/work/ti/ti-codec-engine-tree/packages/ti/sdo/ce/osal/linux/lib/release/osal_linux_470.av5T(Global_noOS.ov5T)
                0x0001db24                Global_atexit
                0x0001d950                Global_getCpuLoad
                0x0001dbd8                Global_abort
                0x0001da54                Global_getenv
                0x0001d958                Global_setSpecialTrace
                0x0001da50                Global_getProcessId
                0x0001d95c                Global_init
                0x0001da58                Global_exit
 .text          0x0001dc2c      0x920 /media/disk/OE/work/ti/ti-codec-engine-tree/packages/ti/sdo/ce/osal/linux/lib/release/osal_linux_470.av5T(Thread_posix.ov5T)
                0x0001dc2c                Thread_getenv
                0x0001e054                Thread_init
                0x0001e0f0                Thread_exit
                0x0001df84                Thread_join
                0x0001ddd8                Thread_stat
                0x0001dd70                Thread_yield
                0x0001dc98                Thread_getname
                0x0001df14                Thread_self
                0x0001e2f0                Thread_create
                0x0001de6c                Thread_setpri
                0x0001e180                Thread_delete
                0x0001dd04                Thread_getpri
 .text          0x0001e54c       0x14 /media/disk/OE/work/ti/ti-codec-engine-tree/packages/ti/sdo/ce/osal/linux/lib/release/osal_linux_470.av5T(Log_noOS.ov5T)
                0x0001e54c                Log_init
                0x0001e554                Log_printf
                0x0001e550                Log_event
 .text          0x0001e560      0x13c /media/disk/OE/work/ti/ti-codec-engine-tree/packages/ti/sdo/ce/osal/linux/lib/release/osal_linux_470.av5T(Lock_posix.ov5T)
                0x0001e5f0                Lock_create
                0x0001e560                Lock_release
                0x0001e698                Lock_acquire
                0x0001e644                Lock_init
                0x0001e564                Lock_delete
 .text          0x0001e69c      0x3bc /media/disk/OE/work/ti/ti-codec-engine-tree/packages/ti/sdo/ce/osal/linux/lib/release/osal_linux_470.av5T(GT_config_posix.ov5T)
                0x0001e6ec                GTConfig_gettimeofday
                0x0001e7ec                GT_config_setOutTrace
                0x0001e6c4                GTConfig_pthreadLock
                0x0001e77c                GTConfig_tracePrintf
                0x0001e778                GTConfig_threadId
                0x0001e69c                GTConfig_pthreadUnlock
                0x0001e820                GTConfig_posixInit
 .text          0x0001ea58      0xbb4 /media/disk/OE/work/ti/ti-codec-engine-tree/packages/ti/sdo/ce/osal/linux/lib/release/osal_linux_470.av5T(SemMP_posix.ov5T)
                0x0001eff4                SemMP_delete
                0x0001eeb4                SemMP_getRefCount
                0x0001ead0                SemMP_post
                0x0001ed2c                SemMP_init
                0x0001eec4                SemMP_getCount
                0x0001f274                SemMP_create
                0x0001ebbc                SemMP_pend
 .text          0x0001f60c      0x47c /media/disk/OE/work/ti/ti-codec-engine-tree/packages/ti/sdo/ce/osal/linux/lib/release/osal_linux_470.av5T(Sem_posix.ov5T)
                0x0001f964                Sem_create
                0x0001f800                Sem_init
                0x0001f8c8                Sem_delete
                0x0001f720                Sem_pend
                0x0001f680                Sem_post
                0x0001f858                Sem_getCount
 .text          0x0001fa88      0x828 /media/disk/OE/work/ti/ti-codec-engine-tree/packages/ti/sdo/ce/utils/xdm/lib/release/XdmUtils.av5T(XdmUtils.ov5T)
                0x0001fa88                XdmUtils_validateVideo1BufDesc
                0x00020140                XdmUtils_validateExtendedStruct
                0x00020270                XdmUtils_init
                0x0001ffec                XdmUtils_validateSparseBufDesc
                0x0001fe90                XdmUtils_validateSparseBufDesc1
                0x0001fc8c                XdmUtils_validateVideoBufDesc
 .text          0x000202b0      0xf5c /media/disk/OE/work/ti/ti-framework-components-tree/packages/ti/sdo/utils/trace/lib/release/gt.av5T(gt.ov5T)
                0x000202ec                GT_disable
                0x000211a4                _GT_create
                0x0002032c                GT_enable
                0x000202b0                GT_curTime
                0x00020cec                GT_getModNameFlags
                0x00020444                _GT_trace
                0x00020f5c                _GT_set
                0x0002034c                GT_init
 .text          0x0002120c      0x218 /media/disk/OE/work/ti/ti-local-power-manager-tree/packages/ti/bios/power/lib/release/lpm_linux.av5T(lpm_api.ov5T)
                0x00021210                LPM_init
                0x0002121c                LPM_regExtPowerOn
                0x00021360                LPM_clear
                0x00021224                LPM_setPowerState
                0x000212e8                LPM_off
                0x00021404                LPM_close
                0x00021264                LPM_resume
                0x0002128c                LPM_on
                0x00021244                LPM_set
                0x00021380                LPM_open
                0x00021310                LPM_disconnect
                0x0002120c                LPM_exit
                0x00021338                LPM_connect
                0x00021214                LPM_regExtPowerOff
 .text          0x00021424      0xa78 /media/disk/OE/work/ti/ti-linuxutils-tree/packages/ti/sdo/linuxutils/cmem/lib/cmem.a470MV(cmem.o470MV)
                0x00021ad8                CMEM_allocPool2
                0x00021d2c                CMEM_alloc2
                0x000218b4                CMEM_getPool
                0x00021d40                CMEM_init
                0x000214b4                CMEM_exit
                0x00021adc                CMEM_allocPool
                0x0002198c                CMEM_unregister
                0x000218b0                CMEM_getPool2
                0x00021aec                CMEM_registerAlloc
                0x000215ac                CMEM_getBlock
                0x000215bc                CMEM_getVersion
                0x000216b0                CMEM_cacheWbInv
                0x0002162c                CMEM_cacheInv
                0x000217b8                CMEM_getPhys
                0x00021734                CMEM_cacheWb
                0x000218c0                CMEM_free
                0x00021d30                CMEM_alloc
                0x000215a4                CMEM_getBlockAttrs
 .text          0x00021e9c    0x14640 /media/disk/OE/work/ti/ti-dsplink-tree/packages/dsplink/gpp/export/BIN/Linux/OMAP3530/RELEASE/dsplink.lib
                0x00022618                _MPCS_open
                0x0003479c                RingIO_cancel
                0x00021ef4                _IDM_USR_exit
                0x0002d054                MPLIST_isEmpty
                0x000300b8                PROC_setup
                0x00022b24                _MPLIST_moduleInit
                0x00022f24                _MPLIST_init
                0x0002e840                MSGQ_locate
                0x00028b6c                CHNL_issue
                0x0002acf0                DRV_ProtectInit
                0x00028d4c                CHNL_idle
                0x0002e7b8                MSGQ_close
                0x0002f358                NOTIFY_notify
                0x00031a74                PROC_stop
                0x000273f4                _RingIO_releaseAttribute
                0x00035bf0                RingIO_sendNotify
                0x000234b0                _NOTIFY_exit
                0x00024c90                _RingIO_writerRelease
                0x0002ca50                MPLIST_open
                0x00028fb0                DRV_Initialize
                0x000351cc                RingIO_flush
                0x00028c64                CHNL_reclaim
                0x00022488                _MPCS_exit
                0x00025b0c                _RingIO_writerFlush
                0x000270a0                _RingIO_getFirstAcquiredAttr
                0x00032968                RingIO_delete
                0x0002802c                _SYNC_USR_createCS
                0x000304d0                PROC_destroy
                0x000308bc                PROC_attach
                0x00027cc8                _RingIO_releaseLock
                0x0002f4e4                POOL_open
                0x0002c648                MPLIST_delete
                0x00022150                _MEM_USR_init
                0x00027958                _RingIO_updateAttributes
                0x00031ecc                RingIO_create
                0x00027c80                _RingIO_acquireLock
                0x00031da4                PROC_resetCurStatus
                0x0002f1b8                NOTIFY_unregister
                0x00031c5c                PROC_GetSymbolAddress
                0x00026b2c                _RingIO_callNotifier
                0x00027600                _RingIO_getContiguousDataSize
                0x0002ef20                NOTIFY_register
                0x000314a8                PROC_load
                0x00026de4                _RingIO_checkNotifier
                0x000285e4                _SYNC_USR_sleep
                0x0002d7c8                MPLIST_removeElement
                0x0002217c                _MEM_USR_exit
                0x00023da4                _RingIO_moduleExit
                0x0002dac8                MPLIST_first
                0x0002fa7c                POOL_translateAddr
                0x00022238                _MEM_USR_calloc
                0x0002bdac                MPCS_enter
                0x000221a8                _MEM_USR_alloc
                0x00021e9c                _IDM_USR_init
                0x00035ea0                RingIO_getEmptySize
                0x00026a2c                _RingIO_readerCancel
                0x0002ec6c                MSGQ_get
                0x0002ebcc                MSGQ_put
                0x00031ea4                PROC_Setup
                0x0002aff4                DRV_ProtectLeave
                0x00028894                CHNL_delete
                0x00028728                CHNL_create
                0x00030e38                PROC_detach
                0x0002bc2c                MPCS_close
                0x000278ac                RingIO_notifyCallback
                0x000220e0                _IDM_USR_releaseId
                0x00034094                RingIO_acquire
                0x0002c194                MPLIST_create
                0x00021fd8                _IDM_USR_delete
                0x0002519c                _RingIO_writerSetvAttribute
                0x0002b79c                MPCS_delete
                0x0003178c                PROC_write
                0x00022334                _MPCS_init
                0x0002b310                MPCS_create
                0x000229a4                _MPCS_OS_open
                0x00034ec8                RingIO_setvAttribute
                0x0002dcc8                MPLIST_next
                0x000238e8                _POOL_xltBuf
                0x0002ed58                MSGQ_getSrcQueue
                0x0002943c                DRV_Invoke
                0x0002203c                _IDM_USR_acquireId
                0x0002ce34                MPLIST_close
                0x00035604                RingIO_setNotifier
                0x00028e10                CHNL_flush
                0x00033a84                RingIO_close
                0x00023808                _POOL_exit
                0x00028958                CHNL_allocateBuffer
                0x0002d164                MPLIST_insertBefore
                0x000286a8                _SYNC_USR_stateObjInit
                0x00022d80                _MPLIST_moduleExit
                0x0002fdb8                POOL_writeback
                0x0002e2a4                MSGQ_transportOpen
                0x00023b0c                _RingIO_moduleInit
                0x00021f4c                _IDM_USR_create
                0x000242d4                _RingIO_writerAcquire
                0x0002eeac                MSGQ_setErrorHandler
                0x000283c0                _SYNC_USR_enterCS
                0x0002aed4                DRV_ProtectEnter
                0x0002e9ec                MSGQ_release
                0x0002f9c4                POOL_free
                0x0002eb4c                MSGQ_free
                0x00023094                _MPLIST_exit
                0x00026174                _RingIO_readerFlush
                0x00035c8c                RingIO_getValidSize
                0x00034bb4                RingIO_getvAttribute
                0x0002c00c                MPCS_leave
                0x00023f84                _RingIO_init
                0x00034b24                RingIO_setAttribute
                0x000362c8                RingIO_getEmptyAttrSize
                0x0002e6d0                MSGQ_open
                0x000331c8                RingIO_open
                0x000343d8                RingIO_release
                0x00031d0c                PROC_control
                0x000292c0                DRV_Finalize
                0x0002fba4                POOL_getPoolId
                0x0002edfc                MSGQ_count
                0x00027d10                _SYNC_USR_init
                0x00034aa0                RingIO_getAttribute
                0x0002ea74                MSGQ_alloc
                0x00024f0c                _RingIO_readerRelease
                0x000282c4                _SYNC_USR_deleteCS
                0x0003168c                PROC_loadSection
                0x00028a6c                CHNL_freeBuffer
                0x00025628                _RingIO_readerGetvAttribute
                0x0002bb0c                MPCS_open
                0x000316d0                PROC_read
                0x00028ed4                CHNL_control
                0x0002f724                POOL_close
                0x0002d49c                MPLIST_putTail
                0x0002e4e8                MSGQ_transportClose
                0x00031298                PROC_getState
                0x0002df60                MPLIST_getHead
                0x00031848                PROC_start
                0x000277cc                _RingIO_isOffsetInBetween
                0x00026f3c                _RingIO_initInstance
                0x0002ae38                DRV_ProtectExit
                0x00027224                _RingIO_getFirstAttr
                0x000360b4                RingIO_getValidAttrSize
                0x00022a70                _MPCS_OS_close
                0x00023218                _NOTIFY_init
                0x0002f90c                POOL_alloc
                0x0002e90c                MSGQ_locateAsync
                0x00024114                _RingIO_exit
                0x000284dc                _SYNC_USR_leaveCS
                0x0002ff38                POOL_invalidate
                0x00023728                _POOL_init
                0x000222cc                _MEM_USR_free
                0x00027eb4                _SYNC_USR_exit
                0x0002674c                _RingIO_writerCancel
                0x0002464c                _RingIO_readerAcquire
 *fill*         0x000364dc        0x4 00000000
 .text          0x000364e0     0x5318 /media/disk/OE/dspacceleration/opencv-dsp-acceleration/dsp_opencv/beagle/server/opencv_unitserver_evm3530/../../library/opencv/lib/libopencv.a(beagle_opencv_API.ov5T)
                0x0003b50c                OPENCVTEST_main
 .text          0x0003b7f8       0xc4 /media/disk/openembedded/build/tmp-angstrom_2008_1/cross/armv7a/lib/gcc/arm-angstrom-linux-gnueabi/4.3.3/libgcc.a(_udivsi3.o)
                0x0003b7f8                __udivsi3
                0x0003b8a4                __aeabi_uidivmod
                0x0003b7f8                __aeabi_uidiv
 .text          0x0003b8bc      0x3b8 /media/disk/openembedded/build/tmp-angstrom_2008_1/cross/armv7a/lib/gcc/arm-angstrom-linux-gnueabi/4.3.3/libgcc.a(_addsubdf3.o)
                0x0003bb74                __aeabi_ui2d
                0x0003bc00                __aeabi_ul2d
                0x0003bb98                __floatsidf
                0x0003b8c4                __subdf3
                0x0003bb74                __floatunsidf
                0x0003b8c8                __adddf3
                0x0003bc14                __floatdidf
                0x0003b8c4                __aeabi_dsub
                0x0003bbc0                __extendsfdf2
                0x0003bc14                __aeabi_l2d
                0x0003bbc0                __aeabi_f2d
                0x0003bc00                __floatundidf
                0x0003b8c8                __aeabi_dadd
                0x0003bb98                __aeabi_i2d
                0x0003b8bc                __aeabi_drsub
 .text          0x0003bc74      0x470 /media/disk/openembedded/build/tmp-angstrom_2008_1/cross/armv7a/lib/gcc/arm-angstrom-linux-gnueabi/4.3.3/libgcc.a(_muldivdf3.o)
                0x0003bc74                __muldf3
                0x0003bee0                __aeabi_ddiv
                0x0003bc74                __aeabi_dmul
                0x0003bee0                __divdf3
 .text          0x0003c0e4      0x128 /media/disk/openembedded/build/tmp-angstrom_2008_1/cross/armv7a/lib/gcc/arm-angstrom-linux-gnueabi/4.3.3/libgcc.a(_cmpdf2.o)
                0x0003c178                __aeabi_cdrcmple
                0x0003c1f8                __aeabi_dcmpgt
                0x0003c0ec                __ltdf2
                0x0003c0e4                __gedf2
                0x0003c1d0                __aeabi_dcmple
                0x0003c194                __aeabi_cdcmple
                0x0003c194                __aeabi_cdcmpeq
                0x0003c1e4                __aeabi_dcmpge
                0x0003c0e4                __gtdf2
                0x0003c1bc                __aeabi_dcmplt
                0x0003c0f4                __eqdf2
                0x0003c1a8                __aeabi_dcmpeq
                0x0003c0ec                __ledf2
                0x0003c0f4                __cmpdf2
                0x0003c0f4                __nedf2
 .text          0x0003c20c       0x5c /media/disk/openembedded/build/tmp-angstrom_2008_1/cross/armv7a/lib/gcc/arm-angstrom-linux-gnueabi/4.3.3/libgcc.a(_fixdfsi.o)
                0x0003c20c                __aeabi_d2iz
                0x0003c20c                __fixdfsi
 .text          0x0003c268       0xa0 /media/disk/openembedded/build/tmp-angstrom_2008_1/cross/armv7a/lib/gcc/arm-angstrom-linux-gnueabi/4.3.3/libgcc.a(_truncdfsf2.o)
                0x0003c268                __truncdfsf2
                0x0003c268                __aeabi_d2f
 .text          0x0003c308      0x250 /media/disk/openembedded/build/tmp-angstrom_2008_1/cross/armv7a/lib/gcc/arm-angstrom-linux-gnueabi/4.3.3/libgcc.a(_addsubsf3.o)
                0x0003c4ac                __floatsisf
                0x0003c310                __subsf3
                0x0003c4a4                __aeabi_ui2f
                0x0003c308                __aeabi_frsub
                0x0003c310                __aeabi_fsub
                0x0003c4cc                __floatundisf
                0x0003c4dc                __floatdisf
                0x0003c4ac                __aeabi_i2f
                0x0003c314                __addsf3
                0x0003c314                __aeabi_fadd
                0x0003c4dc                __aeabi_l2f
                0x0003c4cc                __aeabi_ul2f
                0x0003c4a4                __floatunsisf
 .text          0x0003c558      0x2f8 /media/disk/openembedded/build/tmp-angstrom_2008_1/cross/armv7a/lib/gcc/arm-angstrom-linux-gnueabi/4.3.3/libgcc.a(_muldivsf3.o)
                0x0003c6f0                __divsf3
                0x0003c558                __mulsf3
                0x0003c6f0                __aeabi_fdiv
                0x0003c558                __aeabi_fmul
 .text          0x0003c850       0x10 /media/disk/openembedded/build/tmp-angstrom_2008_1/cross/armv7a/lib/gcc/arm-angstrom-linux-gnueabi/4.3.3/libgcc.a(_dvmd_lnx.o)
                0x0003c850                __div0
 .text          0x0003c860       0x78 /media/disk/openembedded/build/tmp-angstrom_2008_1/sysroots/armv7a-angstrom-linux-gnueabi/usr/lib/libc_nonshared.a(elf-init.oS)
                0x0003c864                __libc_csu_init
                0x0003c860                __libc_csu_fini
 .text          0x0003c8d8       0x28 /media/disk/openembedded/build/tmp-angstrom_2008_1/sysroots/armv7a-angstrom-linux-gnueabi/usr/lib/libc_nonshared.a(atexit.oS)
                0x0003c8d8                atexit
 .text          0x0003c900        0x0 /media/disk/openembedded/build/tmp-angstrom_2008_1/cross/armv7a/lib/gcc/arm-angstrom-linux-gnueabi/4.3.3/crtend.o
 .text          0x0003c900        0x0 /media/disk/openembedded/build/tmp-angstrom_2008_1/sysroots/armv7a-angstrom-linux-gnueabi/usr/lib/crtn.o
 *(.gnu.warning)
 *(.glue_7t)
 .glue_7t       0x0003c900        0x0 /media/disk/openembedded/build/tmp-angstrom_2008_1/sysroots/armv7a-angstrom-linux-gnueabi/usr/lib/crt1.o
 .glue_7t       0x0003c900        0x0 /media/disk/openembedded/build/tmp-angstrom_2008_1/sysroots/armv7a-angstrom-linux-gnueabi/usr/lib/crti.o
 .glue_7t       0x0003c900        0x0 /media/disk/openembedded/build/tmp-angstrom_2008_1/cross/armv7a/lib/gcc/arm-angstrom-linux-gnueabi/4.3.3/crtbegin.o
 .glue_7t       0x0003c900        0x0 /media/disk/openembedded/build/tmp-angstrom_2008_1/sysroots/armv7a-angstrom-linux-gnueabi/lib/libpthread.so.0
 .glue_7t       0x0003c900        0x0 /media/disk/openembedded/build/tmp-angstrom_2008_1/sysroots/armv7a-angstrom-linux-gnueabi/usr/lib/libm.so
 .glue_7t       0x0003c900        0x0 /media/disk/openembedded/build/tmp-angstrom_2008_1/sysroots/armv7a-angstrom-linux-gnueabi/usr/lib/libopencv_ml.so
 .glue_7t       0x0003c900        0x0 /media/disk/openembedded/build/tmp-angstrom_2008_1/sysroots/armv7a-angstrom-linux-gnueabi/usr/lib/libopencv_highgui.so
 .glue_7t       0x0003c900        0x0 /media/disk/openembedded/build/tmp-angstrom_2008_1/sysroots/armv7a-angstrom-linux-gnueabi/usr/lib/libopencv_core.so
 .glue_7t       0x0003c900        0x0 /media/disk/openembedded/build/tmp-angstrom_2008_1/sysroots/armv7a-angstrom-linux-gnueabi/usr/lib/libopencv_calib3d.so
 .glue_7t       0x0003c900        0x0 /media/disk/openembedded/build/tmp-angstrom_2008_1/sysroots/armv7a-angstrom-linux-gnueabi/usr/lib/libopencv_contrib.so
 .glue_7t       0x0003c900        0x0 /media/disk/openembedded/build/tmp-angstrom_2008_1/sysroots/armv7a-angstrom-linux-gnueabi/usr/lib/libopencv_features2d.so
 .glue_7t       0x0003c900        0x0 /media/disk/openembedded/build/tmp-angstrom_2008_1/sysroots/armv7a-angstrom-linux-gnueabi/usr/lib/libopencv_imgproc.so
 .glue_7t       0x0003c900        0x0 /media/disk/openembedded/build/tmp-angstrom_2008_1/sysroots/armv7a-angstrom-linux-gnueabi/usr/lib/libopencv_legacy.so
 .glue_7t       0x0003c900        0x0 /media/disk/openembedded/build/tmp-angstrom_2008_1/sysroots/armv7a-angstrom-linux-gnueabi/usr/lib/libopencv_objdetect.so
 .glue_7t       0x0003c900        0x0 /media/disk/openembedded/build/tmp-angstrom_2008_1/sysroots/armv7a-angstrom-linux-gnueabi/usr/lib/libopencv_video.so
 .glue_7t       0x0003c900        0x0 linux/app.evm3530.ov5T
 .glue_7t       0x0003c900        0x0 /media/disk/OE/dspacceleration/opencv-dsp-acceleration/dsp_opencv/beagle/apps/opencv/cfg/linux/remote_ti_platforms_evm3530/package/cfg/remote_ti_platforms_evm3530_xv5T.ov5T
 .glue_7t       0x0003c900        0x0 /media/disk/OE/work/ti/ti-codec-engine-tree/packages/ti/sdo/ce/universal/lib/release/universal.av5T(universal_stubs.ov5T)
 .glue_7t       0x0003c900        0x0 /media/disk/OE/work/ti/ti-codec-engine-tree/packages/ti/sdo/ce/universal/lib/release/universal.av5T(universal.ov5T)
 .glue_7t       0x0003c900        0x0 /media/disk/OE/work/ti/ti-codec-engine-tree/packages/ti/sdo/ce/lib/release/ce.av5T(Server.ov5T)
 .glue_7t       0x0003c900        0x0 /media/disk/OE/work/ti/ti-codec-engine-tree/packages/ti/sdo/ce/lib/release/ce.av5T(Engine.ov5T)
 .glue_7t       0x0003c900        0x0 /media/disk/OE/work/ti/ti-codec-engine-tree/packages/ti/sdo/ce/lib/release/ce.av5T(visa.ov5T)
 .glue_7t       0x0003c900        0x0 /media/disk/OE/work/ti/ti-codec-engine-tree/packages/ti/sdo/ce/lib/release/ce.av5T(package_ti.sdo.ce.ov5T)
 .glue_7t       0x0003c900        0x0 /media/disk/OE/work/ti/ti-codec-engine-tree/packages/ti/sdo/ce/alg/lib/release/Algorithm_noOS.av5T(Algorithm_noOS.ov5T)
 .glue_7t       0x0003c900        0x0 /media/disk/OE/work/ti/ti-codec-engine-tree/packages/ti/sdo/ce/alg/lib/release/alg.av5T(alg_create.ov5T)
 .glue_7t       0x0003c900        0x0 /media/disk/OE/work/ti/ti-codec-engine-tree/packages/ti/sdo/ce/alg/lib/release/alg.av5T(alg_malloc.ov5T)
 .glue_7t       0x0003c900        0x0 /media/disk/OE/work/ti/ti-codec-engine-tree/packages/ti/sdo/ce/ipc/dsplink/lib/release/ipc_dsplink_3530.av5T(Processor_dsplink.ov5T)
 .glue_7t       0x0003c900        0x0 /media/disk/OE/work/ti/ti-codec-engine-tree/packages/ti/sdo/ce/ipc/dsplink/lib/release/ipc_dsplink_3530.av5T(Power_dsplink.ov5T)
 .glue_7t       0x0003c900        0x0 /media/disk/OE/work/ti/ti-codec-engine-tree/packages/ti/sdo/ce/ipc/dsplink/lib/release/ipc_dsplink_3530.av5T(Comm_dsplink.ov5T)
 .glue_7t       0x0003c900        0x0 /media/disk/OE/work/ti/ti-codec-engine-tree/packages/ti/sdo/ce/ipc/dsplink/lib/release/ipc_dsplink_3530.av5T(Processor_dsplink_linkcfg_OMAP3530.ov5T)
 .glue_7t       0x0003c900        0x0 /media/disk/OE/work/ti/ti-codec-engine-tree/packages/ti/sdo/ce/ipc/dsplink/lib/release/ipc_dsplink_3530.av5T(Processor_dsplink_linkcfg_OS.ov5T)
 .glue_7t       0x0003c900        0x0 /media/disk/OE/work/ti/ti-codec-engine-tree/packages/ti/sdo/ce/osal/linux/lib/release/osal_linux_470.av5T(LockMP_posix.ov5T)
 .glue_7t       0x0003c900        0x0 /media/disk/OE/work/ti/ti-codec-engine-tree/packages/ti/sdo/ce/osal/linux/lib/release/osal_linux_470.av5T(Queue_posix.ov5T)
 .glue_7t       0x0003c900        0x0 /media/disk/OE/work/ti/ti-codec-engine-tree/packages/ti/sdo/ce/osal/linux/lib/release/osal_linux_470.av5T(GT_config_libC.ov5T)
 .glue_7t       0x0003c900        0x0 /media/disk/OE/work/ti/ti-codec-engine-tree/packages/ti/sdo/ce/osal/linux/lib/release/osal_linux_470.av5T(File_posix.ov5T)
 .glue_7t       0x0003c900        0x0 /media/disk/OE/work/ti/ti-codec-engine-tree/packages/ti/sdo/ce/osal/linux/lib/release/osal_linux_470.av5T(Memory_cmem.ov5T)
 .glue_7t       0x0003c900        0x0 /media/disk/OE/work/ti/ti-codec-engine-tree/packages/ti/sdo/ce/osal/linux/lib/release/osal_linux_470.av5T(Global_noOS.ov5T)
 .glue_7t       0x0003c900        0x0 /media/disk/OE/work/ti/ti-codec-engine-tree/packages/ti/sdo/ce/osal/linux/lib/release/osal_linux_470.av5T(Thread_posix.ov5T)
 .glue_7t       0x0003c900        0x0 /media/disk/OE/work/ti/ti-codec-engine-tree/packages/ti/sdo/ce/osal/linux/lib/release/osal_linux_470.av5T(Log_noOS.ov5T)
 .glue_7t       0x0003c900        0x0 /media/disk/OE/work/ti/ti-codec-engine-tree/packages/ti/sdo/ce/osal/linux/lib/release/osal_linux_470.av5T(Lock_posix.ov5T)
 .glue_7t       0x0003c900        0x0 /media/disk/OE/work/ti/ti-codec-engine-tree/packages/ti/sdo/ce/osal/linux/lib/release/osal_linux_470.av5T(GT_config_posix.ov5T)
 .glue_7t       0x0003c900        0x0 /media/disk/OE/work/ti/ti-codec-engine-tree/packages/ti/sdo/ce/osal/linux/lib/release/osal_linux_470.av5T(SemMP_posix.ov5T)
 .glue_7t       0x0003c900        0x0 /media/disk/OE/work/ti/ti-codec-engine-tree/packages/ti/sdo/ce/osal/linux/lib/release/osal_linux_470.av5T(Sem_posix.ov5T)
 .glue_7t       0x0003c900        0x0 /media/disk/OE/work/ti/ti-codec-engine-tree/packages/ti/sdo/ce/utils/xdm/lib/release/XdmUtils.av5T(XdmUtils.ov5T)
 .glue_7t       0x0003c900        0x0 /media/disk/OE/work/ti/ti-framework-components-tree/packages/ti/sdo/utils/trace/lib/release/gt.av5T(gt.ov5T)
 .glue_7t       0x0003c900        0x0 /media/disk/OE/work/ti/ti-local-power-manager-tree/packages/ti/bios/power/lib/release/lpm_linux.av5T(lpm_api.ov5T)
 .glue_7t       0x0003c900        0x0 /media/disk/OE/work/ti/ti-linuxutils-tree/packages/ti/sdo/linuxutils/cmem/lib/cmem.a470MV(cmem.o470MV)
 .glue_7t       0x0003c900        0x0 /media/disk/OE/work/ti/ti-dsplink-tree/packages/dsplink/gpp/export/BIN/Linux/OMAP3530/RELEASE/dsplink.lib
 .glue_7t       0x0003c900        0x0 /media/disk/OE/dspacceleration/opencv-dsp-acceleration/dsp_opencv/beagle/server/opencv_unitserver_evm3530/../../library/opencv/lib/libopencv.a(beagle_opencv_API.ov5T)
 .glue_7t       0x0003c900        0x0 /media/disk/openembedded/build/tmp-angstrom_2008_1/cross/armv7a/lib/gcc/arm-angstrom-linux-gnueabi/4.3.3/libgcc.a(_udivsi3.o)
 .glue_7t       0x0003c900        0x0 /media/disk/openembedded/build/tmp-angstrom_2008_1/cross/armv7a/lib/gcc/arm-angstrom-linux-gnueabi/4.3.3/libgcc.a(_addsubdf3.o)
 .glue_7t       0x0003c900        0x0 /media/disk/openembedded/build/tmp-angstrom_2008_1/cross/armv7a/lib/gcc/arm-angstrom-linux-gnueabi/4.3.3/libgcc.a(_muldivdf3.o)
 .glue_7t       0x0003c900        0x0 /media/disk/openembedded/build/tmp-angstrom_2008_1/cross/armv7a/lib/gcc/arm-angstrom-linux-gnueabi/4.3.3/libgcc.a(_cmpdf2.o)
 .glue_7t       0x0003c900        0x0 /media/disk/openembedded/build/tmp-angstrom_2008_1/cross/armv7a/lib/gcc/arm-angstrom-linux-gnueabi/4.3.3/libgcc.a(_fixdfsi.o)
 .glue_7t       0x0003c900        0x0 /media/disk/openembedded/build/tmp-angstrom_2008_1/cross/armv7a/lib/gcc/arm-angstrom-linux-gnueabi/4.3.3/libgcc.a(_truncdfsf2.o)
 .glue_7t       0x0003c900        0x0 /media/disk/openembedded/build/tmp-angstrom_2008_1/cross/armv7a/lib/gcc/arm-angstrom-linux-gnueabi/4.3.3/libgcc.a(_addsubsf3.o)
 .glue_7t       0x0003c900        0x0 /media/disk/openembedded/build/tmp-angstrom_2008_1/cross/armv7a/lib/gcc/arm-angstrom-linux-gnueabi/4.3.3/libgcc.a(_muldivsf3.o)
 .glue_7t       0x0003c900        0x0 /media/disk/openembedded/build/tmp-angstrom_2008_1/cross/armv7a/lib/gcc/arm-angstrom-linux-gnueabi/4.3.3/libgcc.a(_dvmd_lnx.o)
 .glue_7t       0x0003c900        0x0 /media/disk/openembedded/build/tmp-angstrom_2008_1/cross/armv7a/lib/gcc/arm-angstrom-linux-gnueabi/4.3.3/../../../../arm-angstrom-linux-gnueabi/lib/libgcc_s.so
 .glue_7t       0x0003c900        0x0 /media/disk/openembedded/build/tmp-angstrom_2008_1/sysroots/armv7a-angstrom-linux-gnueabi/lib/libc.so.6
 .glue_7t       0x0003c900        0x0 /media/disk/openembedded/build/tmp-angstrom_2008_1/sysroots/armv7a-angstrom-linux-gnueabi/usr/lib/libc_nonshared.a(elf-init.oS)
 .glue_7t       0x0003c900        0x0 /media/disk/openembedded/build/tmp-angstrom_2008_1/sysroots/armv7a-angstrom-linux-gnueabi/usr/lib/libc_nonshared.a(atexit.oS)
 .glue_7t       0x0003c900        0x0 /media/disk/openembedded/build/tmp-angstrom_2008_1/sysroots/armv7a-angstrom-linux-gnueabi/lib/ld-linux.so.3
 .glue_7t       0x0003c900        0x0 /media/disk/openembedded/build/tmp-angstrom_2008_1/cross/armv7a/lib/gcc/arm-angstrom-linux-gnueabi/4.3.3/../../../../arm-angstrom-linux-gnueabi/lib/libgcc_s.so
 .glue_7t       0x0003c900        0x0 /media/disk/openembedded/build/tmp-angstrom_2008_1/cross/armv7a/lib/gcc/arm-angstrom-linux-gnueabi/4.3.3/crtend.o
 .glue_7t       0x0003c900        0x0 /media/disk/openembedded/build/tmp-angstrom_2008_1/sysroots/armv7a-angstrom-linux-gnueabi/usr/lib/crtn.o
 *(.glue_7)
 .glue_7        0x0003c900        0x0 /media/disk/openembedded/build/tmp-angstrom_2008_1/sysroots/armv7a-angstrom-linux-gnueabi/usr/lib/crt1.o
 .glue_7        0x0003c900        0x0 /media/disk/openembedded/build/tmp-angstrom_2008_1/sysroots/armv7a-angstrom-linux-gnueabi/usr/lib/crti.o
 .glue_7        0x0003c900        0x0 /media/disk/openembedded/build/tmp-angstrom_2008_1/cross/armv7a/lib/gcc/arm-angstrom-linux-gnueabi/4.3.3/crtbegin.o
 .glue_7        0x0003c900        0x0 /media/disk/openembedded/build/tmp-angstrom_2008_1/sysroots/armv7a-angstrom-linux-gnueabi/lib/libpthread.so.0
 .glue_7        0x0003c900        0x0 /media/disk/openembedded/build/tmp-angstrom_2008_1/sysroots/armv7a-angstrom-linux-gnueabi/usr/lib/libm.so
 .glue_7        0x0003c900        0x0 /media/disk/openembedded/build/tmp-angstrom_2008_1/sysroots/armv7a-angstrom-linux-gnueabi/usr/lib/libopencv_ml.so
 .glue_7        0x0003c900        0x0 /media/disk/openembedded/build/tmp-angstrom_2008_1/sysroots/armv7a-angstrom-linux-gnueabi/usr/lib/libopencv_highgui.so
 .glue_7        0x0003c900        0x0 /media/disk/openembedded/build/tmp-angstrom_2008_1/sysroots/armv7a-angstrom-linux-gnueabi/usr/lib/libopencv_core.so
 .glue_7        0x0003c900        0x0 /media/disk/openembedded/build/tmp-angstrom_2008_1/sysroots/armv7a-angstrom-linux-gnueabi/usr/lib/libopencv_calib3d.so
 .glue_7        0x0003c900        0x0 /media/disk/openembedded/build/tmp-angstrom_2008_1/sysroots/armv7a-angstrom-linux-gnueabi/usr/lib/libopencv_contrib.so
 .glue_7        0x0003c900        0x0 /media/disk/openembedded/build/tmp-angstrom_2008_1/sysroots/armv7a-angstrom-linux-gnueabi/usr/lib/libopencv_features2d.so
 .glue_7        0x0003c900        0x0 /media/disk/openembedded/build/tmp-angstrom_2008_1/sysroots/armv7a-angstrom-linux-gnueabi/usr/lib/libopencv_imgproc.so
 .glue_7        0x0003c900        0x0 /media/disk/openembedded/build/tmp-angstrom_2008_1/sysroots/armv7a-angstrom-linux-gnueabi/usr/lib/libopencv_legacy.so
 .glue_7        0x0003c900        0x0 /media/disk/openembedded/build/tmp-angstrom_2008_1/sysroots/armv7a-angstrom-linux-gnueabi/usr/lib/libopencv_objdetect.so
 .glue_7        0x0003c900        0x0 /media/disk/openembedded/build/tmp-angstrom_2008_1/sysroots/armv7a-angstrom-linux-gnueabi/usr/lib/libopencv_video.so
 .glue_7        0x0003c900        0x0 linux/app.evm3530.ov5T
 .glue_7        0x0003c900        0x0 /media/disk/OE/dspacceleration/opencv-dsp-acceleration/dsp_opencv/beagle/apps/opencv/cfg/linux/remote_ti_platforms_evm3530/package/cfg/remote_ti_platforms_evm3530_xv5T.ov5T
 .glue_7        0x0003c900        0x0 /media/disk/OE/work/ti/ti-codec-engine-tree/packages/ti/sdo/ce/universal/lib/release/universal.av5T(universal_stubs.ov5T)
 .glue_7        0x0003c900        0x0 /media/disk/OE/work/ti/ti-codec-engine-tree/packages/ti/sdo/ce/universal/lib/release/universal.av5T(universal.ov5T)
 .glue_7        0x0003c900        0x0 /media/disk/OE/work/ti/ti-codec-engine-tree/packages/ti/sdo/ce/lib/release/ce.av5T(Server.ov5T)
 .glue_7        0x0003c900        0x0 /media/disk/OE/work/ti/ti-codec-engine-tree/packages/ti/sdo/ce/lib/release/ce.av5T(Engine.ov5T)
 .glue_7        0x0003c900        0x0 /media/disk/OE/work/ti/ti-codec-engine-tree/packages/ti/sdo/ce/lib/release/ce.av5T(visa.ov5T)
 .glue_7        0x0003c900        0x0 /media/disk/OE/work/ti/ti-codec-engine-tree/packages/ti/sdo/ce/lib/release/ce.av5T(package_ti.sdo.ce.ov5T)
 .glue_7        0x0003c900        0x0 /media/disk/OE/work/ti/ti-codec-engine-tree/packages/ti/sdo/ce/alg/lib/release/Algorithm_noOS.av5T(Algorithm_noOS.ov5T)
 .glue_7        0x0003c900        0x0 /media/disk/OE/work/ti/ti-codec-engine-tree/packages/ti/sdo/ce/alg/lib/release/alg.av5T(alg_create.ov5T)
 .glue_7        0x0003c900        0x0 /media/disk/OE/work/ti/ti-codec-engine-tree/packages/ti/sdo/ce/alg/lib/release/alg.av5T(alg_malloc.ov5T)
 .glue_7        0x0003c900        0x0 /media/disk/OE/work/ti/ti-codec-engine-tree/packages/ti/sdo/ce/ipc/dsplink/lib/release/ipc_dsplink_3530.av5T(Processor_dsplink.ov5T)
 .glue_7        0x0003c900        0x0 /media/disk/OE/work/ti/ti-codec-engine-tree/packages/ti/sdo/ce/ipc/dsplink/lib/release/ipc_dsplink_3530.av5T(Power_dsplink.ov5T)
 .glue_7        0x0003c900        0x0 /media/disk/OE/work/ti/ti-codec-engine-tree/packages/ti/sdo/ce/ipc/dsplink/lib/release/ipc_dsplink_3530.av5T(Comm_dsplink.ov5T)
 .glue_7        0x0003c900        0x0 /media/disk/OE/work/ti/ti-codec-engine-tree/packages/ti/sdo/ce/ipc/dsplink/lib/release/ipc_dsplink_3530.av5T(Processor_dsplink_linkcfg_OMAP3530.ov5T)
 .glue_7        0x0003c900        0x0 /media/disk/OE/work/ti/ti-codec-engine-tree/packages/ti/sdo/ce/ipc/dsplink/lib/release/ipc_dsplink_3530.av5T(Processor_dsplink_linkcfg_OS.ov5T)
 .glue_7        0x0003c900        0x0 /media/disk/OE/work/ti/ti-codec-engine-tree/packages/ti/sdo/ce/osal/linux/lib/release/osal_linux_470.av5T(LockMP_posix.ov5T)
 .glue_7        0x0003c900        0x0 /media/disk/OE/work/ti/ti-codec-engine-tree/packages/ti/sdo/ce/osal/linux/lib/release/osal_linux_470.av5T(Queue_posix.ov5T)
 .glue_7        0x0003c900        0x0 /media/disk/OE/work/ti/ti-codec-engine-tree/packages/ti/sdo/ce/osal/linux/lib/release/osal_linux_470.av5T(GT_config_libC.ov5T)
 .glue_7        0x0003c900        0x0 /media/disk/OE/work/ti/ti-codec-engine-tree/packages/ti/sdo/ce/osal/linux/lib/release/osal_linux_470.av5T(File_posix.ov5T)
 .glue_7        0x0003c900        0x0 /media/disk/OE/work/ti/ti-codec-engine-tree/packages/ti/sdo/ce/osal/linux/lib/release/osal_linux_470.av5T(Memory_cmem.ov5T)
 .glue_7        0x0003c900        0x0 /media/disk/OE/work/ti/ti-codec-engine-tree/packages/ti/sdo/ce/osal/linux/lib/release/osal_linux_470.av5T(Global_noOS.ov5T)
 .glue_7        0x0003c900        0x0 /media/disk/OE/work/ti/ti-codec-engine-tree/packages/ti/sdo/ce/osal/linux/lib/release/osal_linux_470.av5T(Thread_posix.ov5T)
 .glue_7        0x0003c900        0x0 /media/disk/OE/work/ti/ti-codec-engine-tree/packages/ti/sdo/ce/osal/linux/lib/release/osal_linux_470.av5T(Log_noOS.ov5T)
 .glue_7        0x0003c900        0x0 /media/disk/OE/work/ti/ti-codec-engine-tree/packages/ti/sdo/ce/osal/linux/lib/release/osal_linux_470.av5T(Lock_posix.ov5T)
 .glue_7        0x0003c900        0x0 /media/disk/OE/work/ti/ti-codec-engine-tree/packages/ti/sdo/ce/osal/linux/lib/release/osal_linux_470.av5T(GT_config_posix.ov5T)
 .glue_7        0x0003c900        0x0 /media/disk/OE/work/ti/ti-codec-engine-tree/packages/ti/sdo/ce/osal/linux/lib/release/osal_linux_470.av5T(SemMP_posix.ov5T)
 .glue_7        0x0003c900        0x0 /media/disk/OE/work/ti/ti-codec-engine-tree/packages/ti/sdo/ce/osal/linux/lib/release/osal_linux_470.av5T(Sem_posix.ov5T)
 .glue_7        0x0003c900        0x0 /media/disk/OE/work/ti/ti-codec-engine-tree/packages/ti/sdo/ce/utils/xdm/lib/release/XdmUtils.av5T(XdmUtils.ov5T)
 .glue_7        0x0003c900        0x0 /media/disk/OE/work/ti/ti-framework-components-tree/packages/ti/sdo/utils/trace/lib/release/gt.av5T(gt.ov5T)
 .glue_7        0x0003c900        0x0 /media/disk/OE/work/ti/ti-local-power-manager-tree/packages/ti/bios/power/lib/release/lpm_linux.av5T(lpm_api.ov5T)
 .glue_7        0x0003c900        0x0 /media/disk/OE/work/ti/ti-linuxutils-tree/packages/ti/sdo/linuxutils/cmem/lib/cmem.a470MV(cmem.o470MV)
 .glue_7        0x0003c900        0x0 /media/disk/OE/work/ti/ti-dsplink-tree/packages/dsplink/gpp/export/BIN/Linux/OMAP3530/RELEASE/dsplink.lib
 .glue_7        0x0003c900        0x0 /media/disk/OE/dspacceleration/opencv-dsp-acceleration/dsp_opencv/beagle/server/opencv_unitserver_evm3530/../../library/opencv/lib/libopencv.a(beagle_opencv_API.ov5T)
 .glue_7        0x0003c900        0x0 /media/disk/openembedded/build/tmp-angstrom_2008_1/cross/armv7a/lib/gcc/arm-angstrom-linux-gnueabi/4.3.3/libgcc.a(_udivsi3.o)
 .glue_7        0x0003c900        0x0 /media/disk/openembedded/build/tmp-angstrom_2008_1/cross/armv7a/lib/gcc/arm-angstrom-linux-gnueabi/4.3.3/libgcc.a(_addsubdf3.o)
 .glue_7        0x0003c900        0x0 /media/disk/openembedded/build/tmp-angstrom_2008_1/cross/armv7a/lib/gcc/arm-angstrom-linux-gnueabi/4.3.3/libgcc.a(_muldivdf3.o)
 .glue_7        0x0003c900        0x0 /media/disk/openembedded/build/tmp-angstrom_2008_1/cross/armv7a/lib/gcc/arm-angstrom-linux-gnueabi/4.3.3/libgcc.a(_cmpdf2.o)
 .glue_7        0x0003c900        0x0 /media/disk/openembedded/build/tmp-angstrom_2008_1/cross/armv7a/lib/gcc/arm-angstrom-linux-gnueabi/4.3.3/libgcc.a(_fixdfsi.o)
 .glue_7        0x0003c900        0x0 /media/disk/openembedded/build/tmp-angstrom_2008_1/cross/armv7a/lib/gcc/arm-angstrom-linux-gnueabi/4.3.3/libgcc.a(_truncdfsf2.o)
 .glue_7        0x0003c900        0x0 /media/disk/openembedded/build/tmp-angstrom_2008_1/cross/armv7a/lib/gcc/arm-angstrom-linux-gnueabi/4.3.3/libgcc.a(_addsubsf3.o)
 .glue_7        0x0003c900        0x0 /media/disk/openembedded/build/tmp-angstrom_2008_1/cross/armv7a/lib/gcc/arm-angstrom-linux-gnueabi/4.3.3/libgcc.a(_muldivsf3.o)
 .glue_7        0x0003c900        0x0 /media/disk/openembedded/build/tmp-angstrom_2008_1/cross/armv7a/lib/gcc/arm-angstrom-linux-gnueabi/4.3.3/libgcc.a(_dvmd_lnx.o)
 .glue_7        0x0003c900        0x0 /media/disk/openembedded/build/tmp-angstrom_2008_1/cross/armv7a/lib/gcc/arm-angstrom-linux-gnueabi/4.3.3/../../../../arm-angstrom-linux-gnueabi/lib/libgcc_s.so
 .glue_7        0x0003c900        0x0 /media/disk/openembedded/build/tmp-angstrom_2008_1/sysroots/armv7a-angstrom-linux-gnueabi/lib/libc.so.6
 .glue_7        0x0003c900        0x0 /media/disk/openembedded/build/tmp-angstrom_2008_1/sysroots/armv7a-angstrom-linux-gnueabi/usr/lib/libc_nonshared.a(elf-init.oS)
 .glue_7        0x0003c900        0x0 /media/disk/openembedded/build/tmp-angstrom_2008_1/sysroots/armv7a-angstrom-linux-gnueabi/usr/lib/libc_nonshared.a(atexit.oS)
 .glue_7        0x0003c900        0x0 /media/disk/openembedded/build/tmp-angstrom_2008_1/sysroots/armv7a-angstrom-linux-gnueabi/lib/ld-linux.so.3
 .glue_7        0x0003c900        0x0 /media/disk/openembedded/build/tmp-angstrom_2008_1/cross/armv7a/lib/gcc/arm-angstrom-linux-gnueabi/4.3.3/../../../../arm-angstrom-linux-gnueabi/lib/libgcc_s.so
 .glue_7        0x0003c900        0x0 /media/disk/openembedded/build/tmp-angstrom_2008_1/cross/armv7a/lib/gcc/arm-angstrom-linux-gnueabi/4.3.3/crtend.o
 .glue_7        0x0003c900        0x0 /media/disk/openembedded/build/tmp-angstrom_2008_1/sysroots/armv7a-angstrom-linux-gnueabi/usr/lib/crtn.o
 *(.vfp11_veneer)
 .vfp11_veneer  0x0003c900        0x0 /media/disk/openembedded/build/tmp-angstrom_2008_1/sysroots/armv7a-angstrom-linux-gnueabi/usr/lib/crt1.o
 .vfp11_veneer  0x0003c900        0x0 /media/disk/openembedded/build/tmp-angstrom_2008_1/sysroots/armv7a-angstrom-linux-gnueabi/usr/lib/crti.o
 .vfp11_veneer  0x0003c900        0x0 /media/disk/openembedded/build/tmp-angstrom_2008_1/cross/armv7a/lib/gcc/arm-angstrom-linux-gnueabi/4.3.3/crtbegin.o
 .vfp11_veneer  0x0003c900        0x0 /media/disk/openembedded/build/tmp-angstrom_2008_1/sysroots/armv7a-angstrom-linux-gnueabi/lib/libpthread.so.0
 .vfp11_veneer  0x0003c900        0x0 /media/disk/openembedded/build/tmp-angstrom_2008_1/sysroots/armv7a-angstrom-linux-gnueabi/usr/lib/libm.so
 .vfp11_veneer  0x0003c900        0x0 /media/disk/openembedded/build/tmp-angstrom_2008_1/sysroots/armv7a-angstrom-linux-gnueabi/usr/lib/libopencv_ml.so
 .vfp11_veneer  0x0003c900        0x0 /media/disk/openembedded/build/tmp-angstrom_2008_1/sysroots/armv7a-angstrom-linux-gnueabi/usr/lib/libopencv_highgui.so
 .vfp11_veneer  0x0003c900        0x0 /media/disk/openembedded/build/tmp-angstrom_2008_1/sysroots/armv7a-angstrom-linux-gnueabi/usr/lib/libopencv_core.so
 .vfp11_veneer  0x0003c900        0x0 /media/disk/openembedded/build/tmp-angstrom_2008_1/sysroots/armv7a-angstrom-linux-gnueabi/usr/lib/libopencv_calib3d.so
 .vfp11_veneer  0x0003c900        0x0 /media/disk/openembedded/build/tmp-angstrom_2008_1/sysroots/armv7a-angstrom-linux-gnueabi/usr/lib/libopencv_contrib.so
 .vfp11_veneer  0x0003c900        0x0 /media/disk/openembedded/build/tmp-angstrom_2008_1/sysroots/armv7a-angstrom-linux-gnueabi/usr/lib/libopencv_features2d.so
 .vfp11_veneer  0x0003c900        0x0 /media/disk/openembedded/build/tmp-angstrom_2008_1/sysroots/armv7a-angstrom-linux-gnueabi/usr/lib/libopencv_imgproc.so
 .vfp11_veneer  0x0003c900        0x0 /media/disk/openembedded/build/tmp-angstrom_2008_1/sysroots/armv7a-angstrom-linux-gnueabi/usr/lib/libopencv_legacy.so
 .vfp11_veneer  0x0003c900        0x0 /media/disk/openembedded/build/tmp-angstrom_2008_1/sysroots/armv7a-angstrom-linux-gnueabi/usr/lib/libopencv_objdetect.so
 .vfp11_veneer  0x0003c900        0x0 /media/disk/openembedded/build/tmp-angstrom_2008_1/sysroots/armv7a-angstrom-linux-gnueabi/usr/lib/libopencv_video.so
 .vfp11_veneer  0x0003c900        0x0 linux/app.evm3530.ov5T
 .vfp11_veneer  0x0003c900        0x0 /media/disk/OE/dspacceleration/opencv-dsp-acceleration/dsp_opencv/beagle/apps/opencv/cfg/linux/remote_ti_platforms_evm3530/package/cfg/remote_ti_platforms_evm3530_xv5T.ov5T
 .vfp11_veneer  0x0003c900        0x0 /media/disk/OE/work/ti/ti-codec-engine-tree/packages/ti/sdo/ce/universal/lib/release/universal.av5T(universal_stubs.ov5T)
 .vfp11_veneer  0x0003c900        0x0 /media/disk/OE/work/ti/ti-codec-engine-tree/packages/ti/sdo/ce/universal/lib/release/universal.av5T(universal.ov5T)
 .vfp11_veneer  0x0003c900        0x0 /media/disk/OE/work/ti/ti-codec-engine-tree/packages/ti/sdo/ce/lib/release/ce.av5T(Server.ov5T)
 .vfp11_veneer  0x0003c900        0x0 /media/disk/OE/work/ti/ti-codec-engine-tree/packages/ti/sdo/ce/lib/release/ce.av5T(Engine.ov5T)
 .vfp11_veneer  0x0003c900        0x0 /media/disk/OE/work/ti/ti-codec-engine-tree/packages/ti/sdo/ce/lib/release/ce.av5T(visa.ov5T)
 .vfp11_veneer  0x0003c900        0x0 /media/disk/OE/work/ti/ti-codec-engine-tree/packages/ti/sdo/ce/lib/release/ce.av5T(package_ti.sdo.ce.ov5T)
 .vfp11_veneer  0x0003c900        0x0 /media/disk/OE/work/ti/ti-codec-engine-tree/packages/ti/sdo/ce/alg/lib/release/Algorithm_noOS.av5T(Algorithm_noOS.ov5T)
 .vfp11_veneer  0x0003c900        0x0 /media/disk/OE/work/ti/ti-codec-engine-tree/packages/ti/sdo/ce/alg/lib/release/alg.av5T(alg_create.ov5T)
 .vfp11_veneer  0x0003c900        0x0 /media/disk/OE/work/ti/ti-codec-engine-tree/packages/ti/sdo/ce/alg/lib/release/alg.av5T(alg_malloc.ov5T)
 .vfp11_veneer  0x0003c900        0x0 /media/disk/OE/work/ti/ti-codec-engine-tree/packages/ti/sdo/ce/ipc/dsplink/lib/release/ipc_dsplink_3530.av5T(Processor_dsplink.ov5T)
 .vfp11_veneer  0x0003c900        0x0 /media/disk/OE/work/ti/ti-codec-engine-tree/packages/ti/sdo/ce/ipc/dsplink/lib/release/ipc_dsplink_3530.av5T(Power_dsplink.ov5T)
 .vfp11_veneer  0x0003c900        0x0 /media/disk/OE/work/ti/ti-codec-engine-tree/packages/ti/sdo/ce/ipc/dsplink/lib/release/ipc_dsplink_3530.av5T(Comm_dsplink.ov5T)
 .vfp11_veneer  0x0003c900        0x0 /media/disk/OE/work/ti/ti-codec-engine-tree/packages/ti/sdo/ce/ipc/dsplink/lib/release/ipc_dsplink_3530.av5T(Processor_dsplink_linkcfg_OMAP3530.ov5T)
 .vfp11_veneer  0x0003c900        0x0 /media/disk/OE/work/ti/ti-codec-engine-tree/packages/ti/sdo/ce/ipc/dsplink/lib/release/ipc_dsplink_3530.av5T(Processor_dsplink_linkcfg_OS.ov5T)
 .vfp11_veneer  0x0003c900        0x0 /media/disk/OE/work/ti/ti-codec-engine-tree/packages/ti/sdo/ce/osal/linux/lib/release/osal_linux_470.av5T(LockMP_posix.ov5T)
 .vfp11_veneer  0x0003c900        0x0 /media/disk/OE/work/ti/ti-codec-engine-tree/packages/ti/sdo/ce/osal/linux/lib/release/osal_linux_470.av5T(Queue_posix.ov5T)
 .vfp11_veneer  0x0003c900        0x0 /media/disk/OE/work/ti/ti-codec-engine-tree/packages/ti/sdo/ce/osal/linux/lib/release/osal_linux_470.av5T(GT_config_libC.ov5T)
 .vfp11_veneer  0x0003c900        0x0 /media/disk/OE/work/ti/ti-codec-engine-tree/packages/ti/sdo/ce/osal/linux/lib/release/osal_linux_470.av5T(File_posix.ov5T)
 .vfp11_veneer  0x0003c900        0x0 /media/disk/OE/work/ti/ti-codec-engine-tree/packages/ti/sdo/ce/osal/linux/lib/release/osal_linux_470.av5T(Memory_cmem.ov5T)
 .vfp11_veneer  0x0003c900        0x0 /media/disk/OE/work/ti/ti-codec-engine-tree/packages/ti/sdo/ce/osal/linux/lib/release/osal_linux_470.av5T(Global_noOS.ov5T)
 .vfp11_veneer  0x0003c900        0x0 /media/disk/OE/work/ti/ti-codec-engine-tree/packages/ti/sdo/ce/osal/linux/lib/release/osal_linux_470.av5T(Thread_posix.ov5T)
 .vfp11_veneer  0x0003c900        0x0 /media/disk/OE/work/ti/ti-codec-engine-tree/packages/ti/sdo/ce/osal/linux/lib/release/osal_linux_470.av5T(Log_noOS.ov5T)
 .vfp11_veneer  0x0003c900        0x0 /media/disk/OE/work/ti/ti-codec-engine-tree/packages/ti/sdo/ce/osal/linux/lib/release/osal_linux_470.av5T(Lock_posix.ov5T)
 .vfp11_veneer  0x0003c900        0x0 /media/disk/OE/work/ti/ti-codec-engine-tree/packages/ti/sdo/ce/osal/linux/lib/release/osal_linux_470.av5T(GT_config_posix.ov5T)
 .vfp11_veneer  0x0003c900        0x0 /media/disk/OE/work/ti/ti-codec-engine-tree/packages/ti/sdo/ce/osal/linux/lib/release/osal_linux_470.av5T(SemMP_posix.ov5T)
 .vfp11_veneer  0x0003c900        0x0 /media/disk/OE/work/ti/ti-codec-engine-tree/packages/ti/sdo/ce/osal/linux/lib/release/osal_linux_470.av5T(Sem_posix.ov5T)
 .vfp11_veneer  0x0003c900        0x0 /media/disk/OE/work/ti/ti-codec-engine-tree/packages/ti/sdo/ce/utils/xdm/lib/release/XdmUtils.av5T(XdmUtils.ov5T)
 .vfp11_veneer  0x0003c900        0x0 /media/disk/OE/work/ti/ti-framework-components-tree/packages/ti/sdo/utils/trace/lib/release/gt.av5T(gt.ov5T)
 .vfp11_veneer  0x0003c900        0x0 /media/disk/OE/work/ti/ti-local-power-manager-tree/packages/ti/bios/power/lib/release/lpm_linux.av5T(lpm_api.ov5T)
 .vfp11_veneer  0x0003c900        0x0 /media/disk/OE/work/ti/ti-linuxutils-tree/packages/ti/sdo/linuxutils/cmem/lib/cmem.a470MV(cmem.o470MV)
 .vfp11_veneer  0x0003c900        0x0 /media/disk/OE/work/ti/ti-dsplink-tree/packages/dsplink/gpp/export/BIN/Linux/OMAP3530/RELEASE/dsplink.lib
 .vfp11_veneer  0x0003c900        0x0 /media/disk/OE/dspacceleration/opencv-dsp-acceleration/dsp_opencv/beagle/server/opencv_unitserver_evm3530/../../library/opencv/lib/libopencv.a(beagle_opencv_API.ov5T)
 .vfp11_veneer  0x0003c900        0x0 /media/disk/openembedded/build/tmp-angstrom_2008_1/cross/armv7a/lib/gcc/arm-angstrom-linux-gnueabi/4.3.3/libgcc.a(_udivsi3.o)
 .vfp11_veneer  0x0003c900        0x0 /media/disk/openembedded/build/tmp-angstrom_2008_1/cross/armv7a/lib/gcc/arm-angstrom-linux-gnueabi/4.3.3/libgcc.a(_addsubdf3.o)
 .vfp11_veneer  0x0003c900        0x0 /media/disk/openembedded/build/tmp-angstrom_2008_1/cross/armv7a/lib/gcc/arm-angstrom-linux-gnueabi/4.3.3/libgcc.a(_muldivdf3.o)
 .vfp11_veneer  0x0003c900        0x0 /media/disk/openembedded/build/tmp-angstrom_2008_1/cross/armv7a/lib/gcc/arm-angstrom-linux-gnueabi/4.3.3/libgcc.a(_cmpdf2.o)
 .vfp11_veneer  0x0003c900        0x0 /media/disk/openembedded/build/tmp-angstrom_2008_1/cross/armv7a/lib/gcc/arm-angstrom-linux-gnueabi/4.3.3/libgcc.a(_fixdfsi.o)
 .vfp11_veneer  0x0003c900        0x0 /media/disk/openembedded/build/tmp-angstrom_2008_1/cross/armv7a/lib/gcc/arm-angstrom-linux-gnueabi/4.3.3/libgcc.a(_truncdfsf2.o)
 .vfp11_veneer  0x0003c900        0x0 /media/disk/openembedded/build/tmp-angstrom_2008_1/cross/armv7a/lib/gcc/arm-angstrom-linux-gnueabi/4.3.3/libgcc.a(_addsubsf3.o)
 .vfp11_veneer  0x0003c900        0x0 /media/disk/openembedded/build/tmp-angstrom_2008_1/cross/armv7a/lib/gcc/arm-angstrom-linux-gnueabi/4.3.3/libgcc.a(_muldivsf3.o)
 .vfp11_veneer  0x0003c900        0x0 /media/disk/openembedded/build/tmp-angstrom_2008_1/cross/armv7a/lib/gcc/arm-angstrom-linux-gnueabi/4.3.3/libgcc.a(_dvmd_lnx.o)
 .vfp11_veneer  0x0003c900        0x0 /media/disk/openembedded/build/tmp-angstrom_2008_1/cross/armv7a/lib/gcc/arm-angstrom-linux-gnueabi/4.3.3/../../../../arm-angstrom-linux-gnueabi/lib/libgcc_s.so
 .vfp11_veneer  0x0003c900        0x0 /media/disk/openembedded/build/tmp-angstrom_2008_1/sysroots/armv7a-angstrom-linux-gnueabi/lib/libc.so.6
 .vfp11_veneer  0x0003c900        0x0 /media/disk/openembedded/build/tmp-angstrom_2008_1/sysroots/armv7a-angstrom-linux-gnueabi/usr/lib/libc_nonshared.a(elf-init.oS)
 .vfp11_veneer  0x0003c900        0x0 /media/disk/openembedded/build/tmp-angstrom_2008_1/sysroots/armv7a-angstrom-linux-gnueabi/usr/lib/libc_nonshared.a(atexit.oS)
 .vfp11_veneer  0x0003c900        0x0 /media/disk/openembedded/build/tmp-angstrom_2008_1/sysroots/armv7a-angstrom-linux-gnueabi/lib/ld-linux.so.3
 .vfp11_veneer  0x0003c900        0x0 /media/disk/openembedded/build/tmp-angstrom_2008_1/cross/armv7a/lib/gcc/arm-angstrom-linux-gnueabi/4.3.3/../../../../arm-angstrom-linux-gnueabi/lib/libgcc_s.so
 .vfp11_veneer  0x0003c900        0x0 /media/disk/openembedded/build/tmp-angstrom_2008_1/cross/armv7a/lib/gcc/arm-angstrom-linux-gnueabi/4.3.3/crtend.o
 .vfp11_veneer  0x0003c900        0x0 /media/disk/openembedded/build/tmp-angstrom_2008_1/sysroots/armv7a-angstrom-linux-gnueabi/usr/lib/crtn.o
 *(.v4_bx)
 .v4_bx         0x0003c900        0x0 /media/disk/openembedded/build/tmp-angstrom_2008_1/sysroots/armv7a-angstrom-linux-gnueabi/usr/lib/crt1.o
 .v4_bx         0x0003c900        0x0 /media/disk/openembedded/build/tmp-angstrom_2008_1/sysroots/armv7a-angstrom-linux-gnueabi/usr/lib/crti.o
 .v4_bx         0x0003c900        0x0 /media/disk/openembedded/build/tmp-angstrom_2008_1/cross/armv7a/lib/gcc/arm-angstrom-linux-gnueabi/4.3.3/crtbegin.o
 .v4_bx         0x0003c900        0x0 /media/disk/openembedded/build/tmp-angstrom_2008_1/sysroots/armv7a-angstrom-linux-gnueabi/lib/libpthread.so.0
 .v4_bx         0x0003c900        0x0 /media/disk/openembedded/build/tmp-angstrom_2008_1/sysroots/armv7a-angstrom-linux-gnueabi/usr/lib/libm.so
 .v4_bx         0x0003c900        0x0 /media/disk/openembedded/build/tmp-angstrom_2008_1/sysroots/armv7a-angstrom-linux-gnueabi/usr/lib/libopencv_ml.so
 .v4_bx         0x0003c900        0x0 /media/disk/openembedded/build/tmp-angstrom_2008_1/sysroots/armv7a-angstrom-linux-gnueabi/usr/lib/libopencv_highgui.so
 .v4_bx         0x0003c900        0x0 /media/disk/openembedded/build/tmp-angstrom_2008_1/sysroots/armv7a-angstrom-linux-gnueabi/usr/lib/libopencv_core.so
 .v4_bx         0x0003c900        0x0 /media/disk/openembedded/build/tmp-angstrom_2008_1/sysroots/armv7a-angstrom-linux-gnueabi/usr/lib/libopencv_calib3d.so
 .v4_bx         0x0003c900        0x0 /media/disk/openembedded/build/tmp-angstrom_2008_1/sysroots/armv7a-angstrom-linux-gnueabi/usr/lib/libopencv_contrib.so
 .v4_bx         0x0003c900        0x0 /media/disk/openembedded/build/tmp-angstrom_2008_1/sysroots/armv7a-angstrom-linux-gnueabi/usr/lib/libopencv_features2d.so
 .v4_bx         0x0003c900        0x0 /media/disk/openembedded/build/tmp-angstrom_2008_1/sysroots/armv7a-angstrom-linux-gnueabi/usr/lib/libopencv_imgproc.so
 .v4_bx         0x0003c900        0x0 /media/disk/openembedded/build/tmp-angstrom_2008_1/sysroots/armv7a-angstrom-linux-gnueabi/usr/lib/libopencv_legacy.so
 .v4_bx         0x0003c900        0x0 /media/disk/openembedded/build/tmp-angstrom_2008_1/sysroots/armv7a-angstrom-linux-gnueabi/usr/lib/libopencv_objdetect.so
 .v4_bx         0x0003c900        0x0 /media/disk/openembedded/build/tmp-angstrom_2008_1/sysroots/armv7a-angstrom-linux-gnueabi/usr/lib/libopencv_video.so
 .v4_bx         0x0003c900        0x0 linux/app.evm3530.ov5T
 .v4_bx         0x0003c900        0x0 /media/disk/OE/dspacceleration/opencv-dsp-acceleration/dsp_opencv/beagle/apps/opencv/cfg/linux/remote_ti_platforms_evm3530/package/cfg/remote_ti_platforms_evm3530_xv5T.ov5T
 .v4_bx         0x0003c900        0x0 /media/disk/OE/work/ti/ti-codec-engine-tree/packages/ti/sdo/ce/universal/lib/release/universal.av5T(universal_stubs.ov5T)
 .v4_bx         0x0003c900        0x0 /media/disk/OE/work/ti/ti-codec-engine-tree/packages/ti/sdo/ce/universal/lib/release/universal.av5T(universal.ov5T)
 .v4_bx         0x0003c900        0x0 /media/disk/OE/work/ti/ti-codec-engine-tree/packages/ti/sdo/ce/lib/release/ce.av5T(Server.ov5T)
 .v4_bx         0x0003c900        0x0 /media/disk/OE/work/ti/ti-codec-engine-tree/packages/ti/sdo/ce/lib/release/ce.av5T(Engine.ov5T)
 .v4_bx         0x0003c900        0x0 /media/disk/OE/work/ti/ti-codec-engine-tree/packages/ti/sdo/ce/lib/release/ce.av5T(visa.ov5T)
 .v4_bx         0x0003c900        0x0 /media/disk/OE/work/ti/ti-codec-engine-tree/packages/ti/sdo/ce/lib/release/ce.av5T(package_ti.sdo.ce.ov5T)
 .v4_bx         0x0003c900        0x0 /media/disk/OE/work/ti/ti-codec-engine-tree/packages/ti/sdo/ce/alg/lib/release/Algorithm_noOS.av5T(Algorithm_noOS.ov5T)
 .v4_bx         0x0003c900        0x0 /media/disk/OE/work/ti/ti-codec-engine-tree/packages/ti/sdo/ce/alg/lib/release/alg.av5T(alg_create.ov5T)
 .v4_bx         0x0003c900        0x0 /media/disk/OE/work/ti/ti-codec-engine-tree/packages/ti/sdo/ce/alg/lib/release/alg.av5T(alg_malloc.ov5T)
 .v4_bx         0x0003c900        0x0 /media/disk/OE/work/ti/ti-codec-engine-tree/packages/ti/sdo/ce/ipc/dsplink/lib/release/ipc_dsplink_3530.av5T(Processor_dsplink.ov5T)
 .v4_bx         0x0003c900        0x0 /media/disk/OE/work/ti/ti-codec-engine-tree/packages/ti/sdo/ce/ipc/dsplink/lib/release/ipc_dsplink_3530.av5T(Power_dsplink.ov5T)
 .v4_bx         0x0003c900        0x0 /media/disk/OE/work/ti/ti-codec-engine-tree/packages/ti/sdo/ce/ipc/dsplink/lib/release/ipc_dsplink_3530.av5T(Comm_dsplink.ov5T)
 .v4_bx         0x0003c900        0x0 /media/disk/OE/work/ti/ti-codec-engine-tree/packages/ti/sdo/ce/ipc/dsplink/lib/release/ipc_dsplink_3530.av5T(Processor_dsplink_linkcfg_OMAP3530.ov5T)
 .v4_bx         0x0003c900        0x0 /media/disk/OE/work/ti/ti-codec-engine-tree/packages/ti/sdo/ce/ipc/dsplink/lib/release/ipc_dsplink_3530.av5T(Processor_dsplink_linkcfg_OS.ov5T)
 .v4_bx         0x0003c900        0x0 /media/disk/OE/work/ti/ti-codec-engine-tree/packages/ti/sdo/ce/osal/linux/lib/release/osal_linux_470.av5T(LockMP_posix.ov5T)
 .v4_bx         0x0003c900        0x0 /media/disk/OE/work/ti/ti-codec-engine-tree/packages/ti/sdo/ce/osal/linux/lib/release/osal_linux_470.av5T(Queue_posix.ov5T)
 .v4_bx         0x0003c900        0x0 /media/disk/OE/work/ti/ti-codec-engine-tree/packages/ti/sdo/ce/osal/linux/lib/release/osal_linux_470.av5T(GT_config_libC.ov5T)
 .v4_bx         0x0003c900        0x0 /media/disk/OE/work/ti/ti-codec-engine-tree/packages/ti/sdo/ce/osal/linux/lib/release/osal_linux_470.av5T(File_posix.ov5T)
 .v4_bx         0x0003c900        0x0 /media/disk/OE/work/ti/ti-codec-engine-tree/packages/ti/sdo/ce/osal/linux/lib/release/osal_linux_470.av5T(Memory_cmem.ov5T)
 .v4_bx         0x0003c900        0x0 /media/disk/OE/work/ti/ti-codec-engine-tree/packages/ti/sdo/ce/osal/linux/lib/release/osal_linux_470.av5T(Global_noOS.ov5T)
 .v4_bx         0x0003c900        0x0 /media/disk/OE/work/ti/ti-codec-engine-tree/packages/ti/sdo/ce/osal/linux/lib/release/osal_linux_470.av5T(Thread_posix.ov5T)
 .v4_bx         0x0003c900        0x0 /media/disk/OE/work/ti/ti-codec-engine-tree/packages/ti/sdo/ce/osal/linux/lib/release/osal_linux_470.av5T(Log_noOS.ov5T)
 .v4_bx         0x0003c900        0x0 /media/disk/OE/work/ti/ti-codec-engine-tree/packages/ti/sdo/ce/osal/linux/lib/release/osal_linux_470.av5T(Lock_posix.ov5T)
 .v4_bx         0x0003c900        0x0 /media/disk/OE/work/ti/ti-codec-engine-tree/packages/ti/sdo/ce/osal/linux/lib/release/osal_linux_470.av5T(GT_config_posix.ov5T)
 .v4_bx         0x0003c900        0x0 /media/disk/OE/work/ti/ti-codec-engine-tree/packages/ti/sdo/ce/osal/linux/lib/release/osal_linux_470.av5T(SemMP_posix.ov5T)
 .v4_bx         0x0003c900        0x0 /media/disk/OE/work/ti/ti-codec-engine-tree/packages/ti/sdo/ce/osal/linux/lib/release/osal_linux_470.av5T(Sem_posix.ov5T)
 .v4_bx         0x0003c900        0x0 /media/disk/OE/work/ti/ti-codec-engine-tree/packages/ti/sdo/ce/utils/xdm/lib/release/XdmUtils.av5T(XdmUtils.ov5T)
 .v4_bx         0x0003c900        0x0 /media/disk/OE/work/ti/ti-framework-components-tree/packages/ti/sdo/utils/trace/lib/release/gt.av5T(gt.ov5T)
 .v4_bx         0x0003c900        0x0 /media/disk/OE/work/ti/ti-local-power-manager-tree/packages/ti/bios/power/lib/release/lpm_linux.av5T(lpm_api.ov5T)
 .v4_bx         0x0003c900        0x0 /media/disk/OE/work/ti/ti-linuxutils-tree/packages/ti/sdo/linuxutils/cmem/lib/cmem.a470MV(cmem.o470MV)
 .v4_bx         0x0003c900        0x0 /media/disk/OE/work/ti/ti-dsplink-tree/packages/dsplink/gpp/export/BIN/Linux/OMAP3530/RELEASE/dsplink.lib
 .v4_bx         0x0003c900        0x0 /media/disk/OE/dspacceleration/opencv-dsp-acceleration/dsp_opencv/beagle/server/opencv_unitserver_evm3530/../../library/opencv/lib/libopencv.a(beagle_opencv_API.ov5T)
 .v4_bx         0x0003c900        0x0 /media/disk/openembedded/build/tmp-angstrom_2008_1/cross/armv7a/lib/gcc/arm-angstrom-linux-gnueabi/4.3.3/libgcc.a(_udivsi3.o)
 .v4_bx         0x0003c900        0x0 /media/disk/openembedded/build/tmp-angstrom_2008_1/cross/armv7a/lib/gcc/arm-angstrom-linux-gnueabi/4.3.3/libgcc.a(_addsubdf3.o)
 .v4_bx         0x0003c900        0x0 /media/disk/openembedded/build/tmp-angstrom_2008_1/cross/armv7a/lib/gcc/arm-angstrom-linux-gnueabi/4.3.3/libgcc.a(_muldivdf3.o)