Archive member included because of file (symbol)

/media/disk/OE/work/ti/ti-codec-engine-tree/packages/ti/sdo/ce/universal/lib/release/universal.av5T(universal_stubs.ov5T)
                              /media/disk/test/opencv-dsp-acceleration/dsp_opencv/beagle/apps/opencv/cfg/linux/remote_ti_platforms_evm3530/package/cfg/remote_ti_platforms_evm3530_xv5T.ov5T (UNIVERSAL_STUBS)
/media/disk/OE/work/ti/ti-codec-engine-tree/packages/ti/sdo/ce/universal/lib/release/universal.av5T(universal.ov5T)
                              /media/disk/OE/work/ti/ti-codec-engine-tree/packages/ti/sdo/ce/universal/lib/release/universal.av5T(universal_stubs.ov5T) (ti_sdo_ce_universal_UNIVERSAL_curTrace)
/media/disk/OE/work/ti/ti-codec-engine-tree/packages/ti/sdo/ce/lib/release/ce.av5T(Server.ov5T)
                              /media/disk/test/opencv-dsp-acceleration/dsp_opencv/beagle/apps/opencv/cfg/linux/remote_ti_platforms_evm3530/package/cfg/remote_ti_platforms_evm3530_xv5T.ov5T (Server_init)
/media/disk/OE/work/ti/ti-codec-engine-tree/packages/ti/sdo/ce/lib/release/ce.av5T(Engine.ov5T)
                              /media/disk/OE/work/ti/ti-codec-engine-tree/packages/ti/sdo/ce/lib/release/ce.av5T(Server.ov5T) (Engine_setTrace)
/media/disk/OE/work/ti/ti-codec-engine-tree/packages/ti/sdo/ce/lib/release/ce.av5T(visa.ov5T)
                              /media/disk/OE/work/ti/ti-codec-engine-tree/packages/ti/sdo/ce/universal/lib/release/universal.av5T(universal.ov5T) (VISA_getAlgFxns)
/media/disk/OE/work/ti/ti-codec-engine-tree/packages/ti/sdo/ce/lib/release/ce.av5T(package_ti.sdo.ce.ov5T)
                              /media/disk/OE/work/ti/ti-codec-engine-tree/packages/ti/sdo/ce/lib/release/ce.av5T(Engine.ov5T) (ti_sdo_ce__versionString)
/media/disk/OE/work/ti/ti-codec-engine-tree/packages/ti/sdo/ce/alg/lib/release/Algorithm_noOS.av5T(Algorithm_noOS.ov5T)
                              /media/disk/OE/work/ti/ti-codec-engine-tree/packages/ti/sdo/ce/lib/release/ce.av5T(visa.ov5T) (Algorithm_getAlgHandle)
/media/disk/OE/work/ti/ti-codec-engine-tree/packages/ti/sdo/ce/alg/lib/release/alg.av5T(alg_create.ov5T)
                              /media/disk/OE/work/ti/ti-codec-engine-tree/packages/ti/sdo/ce/alg/lib/release/Algorithm_noOS.av5T(Algorithm_noOS.ov5T) (ALG_delete)
/media/disk/OE/work/ti/ti-codec-engine-tree/packages/ti/sdo/ce/alg/lib/release/alg.av5T(alg_malloc.ov5T)
                              /media/disk/OE/work/ti/ti-codec-engine-tree/packages/ti/sdo/ce/alg/lib/release/alg.av5T(alg_create.ov5T) (_ALG_freeMemory)
/media/disk/OE/work/ti/ti-codec-engine-tree/packages/ti/sdo/ce/ipc/dsplink/lib/release/ipc_dsplink_3530.av5T(Processor_dsplink.ov5T)
                              /media/disk/test/opencv-dsp-acceleration/dsp_opencv/beagle/apps/opencv/cfg/linux/remote_ti_platforms_evm3530/package/cfg/remote_ti_platforms_evm3530_xv5T.ov5T (Processor_init)
/media/disk/OE/work/ti/ti-codec-engine-tree/packages/ti/sdo/ce/ipc/dsplink/lib/release/ipc_dsplink_3530.av5T(Power_dsplink.ov5T)
                              /media/disk/OE/work/ti/ti-codec-engine-tree/packages/ti/sdo/ce/ipc/dsplink/lib/release/ipc_dsplink_3530.av5T(Processor_dsplink.ov5T) (Power_disconnect)
/media/disk/OE/work/ti/ti-codec-engine-tree/packages/ti/sdo/ce/ipc/dsplink/lib/release/ipc_dsplink_3530.av5T(Comm_dsplink.ov5T)
                              /media/disk/OE/work/ti/ti-codec-engine-tree/packages/ti/sdo/ce/lib/release/ce.av5T(visa.ov5T) (Comm_getMsgSize)
/media/disk/OE/work/ti/ti-codec-engine-tree/packages/ti/sdo/ce/ipc/dsplink/lib/release/ipc_dsplink_3530.av5T(Processor_dsplink_linkcfg_OMAP3530.ov5T)
                              /media/disk/OE/work/ti/ti-codec-engine-tree/packages/ti/sdo/ce/ipc/dsplink/lib/release/ipc_dsplink_3530.av5T(Processor_dsplink.ov5T) (ti_sdo_ce_ipc_Processor_linkcfg)
/media/disk/OE/work/ti/ti-codec-engine-tree/packages/ti/sdo/ce/ipc/dsplink/lib/release/ipc_dsplink_3530.av5T(Processor_dsplink_linkcfg_OS.ov5T)
                              /media/disk/OE/work/ti/ti-codec-engine-tree/packages/ti/sdo/ce/ipc/dsplink/lib/release/ipc_dsplink_3530.av5T(Processor_dsplink_linkcfg_OMAP3530.ov5T) (ti_sdo_ce_ipc_Processor_linkcfg_OS)
/media/disk/OE/work/ti/ti-codec-engine-tree/packages/ti/sdo/ce/osal/linux/lib/release/osal_linux_470.av5T(LockMP_posix.ov5T)
                              /media/disk/test/opencv-dsp-acceleration/dsp_opencv/beagle/apps/opencv/cfg/linux/remote_ti_platforms_evm3530/package/cfg/remote_ti_platforms_evm3530_xv5T.ov5T (LockMP_init)
/media/disk/OE/work/ti/ti-codec-engine-tree/packages/ti/sdo/ce/osal/linux/lib/release/osal_linux_470.av5T(Queue_posix.ov5T)
                              /media/disk/test/opencv-dsp-acceleration/dsp_opencv/beagle/apps/opencv/cfg/linux/remote_ti_platforms_evm3530/package/cfg/remote_ti_platforms_evm3530_xv5T.ov5T (Queue_init)
/media/disk/OE/work/ti/ti-codec-engine-tree/packages/ti/sdo/ce/osal/linux/lib/release/osal_linux_470.av5T(GT_config_libC.ov5T)
[...]
Memory Configuration

Name             Origin             Length             Attributes
*default*        0x00000000         0xffffffff

Linker script and memory map

LOAD /media/disk/openembedded/build/tmp-angstrom_2008_1/sysroots/armv7a-angstrom-linux-gnueabi/usr/lib/crt1.o
LOAD /media/disk/openembedded/build/tmp-angstrom_2008_1/sysroots/armv7a-angstrom-linux-gnueabi/usr/lib/crti.o
LOAD /media/disk/openembedded/build/tmp-angstrom_2008_1/cross/armv7a/lib/gcc/arm-angstrom-linux-gnueabi/4.3.3/crtbegin.o
LOAD /media/disk/openembedded/build/tmp-angstrom_2008_1/sysroots/armv7a-angstrom-linux-gnueabi/usr/lib/libpthread.so
START GROUP
LOAD /media/disk/openembedded/build/tmp-angstrom_2008_1/sysroots/armv7a-angstrom-linux-gnueabi/lib/libpthread.so.0
LOAD /media/disk/openembedded/build/tmp-angstrom_2008_1/sysroots/armv7a-angstrom-linux-gnueabi/usr/lib/libpthread_nonshared.a
END GROUP
LOAD /media/disk/openembedded/build/tmp-angstrom_2008_1/sysroots/armv7a-angstrom-linux-gnueabi/usr/lib/libm.so
LOAD /media/disk/openembedded/build/tmp-angstrom_2008_1/sysroots/armv7a-angstrom-linux-gnueabi/usr/lib/libopencv_ml.so
LOAD /media/disk/openembedded/build/tmp-angstrom_2008_1/sysroots/armv7a-angstrom-linux-gnueabi/usr/lib/libopencv_highgui.so
LOAD /media/disk/openembedded/build/tmp-angstrom_2008_1/sysroots/armv7a-angstrom-linux-gnueabi/usr/lib/libopencv_core.so
LOAD /media/disk/openembedded/build/tmp-angstrom_2008_1/sysroots/armv7a-angstrom-linux-gnueabi/usr/lib/libopencv_calib3d.so
LOAD /media/disk/openembedded/build/tmp-angstrom_2008_1/sysroots/armv7a-angstrom-linux-gnueabi/usr/lib/libopencv_contrib.so
LOAD /media/disk/openembedded/build/tmp-angstrom_2008_1/sysroots/armv7a-angstrom-linux-gnueabi/usr/lib/libopencv_features2d.so
LOAD /media/disk/openembedded/build/tmp-angstrom_2008_1/sysroots/armv7a-angstrom-linux-gnueabi/usr/lib/libopencv_imgproc.so
LOAD /media/disk/openembedded/build/tmp-angstrom_2008_1/sysroots/armv7a-angstrom-linux-gnueabi/usr/lib/libopencv_legacy.so
LOAD /media/disk/openembedded/build/tmp-angstrom_2008_1/sysroots/armv7a-angstrom-linux-gnueabi/usr/lib/libopencv_objdetect.so
LOAD /media/disk/openembedded/build/tmp-angstrom_2008_1/sysroots/armv7a-angstrom-linux-gnueabi/usr/lib/libopencv_video.so
LOAD linux/app.evm3530.ov5T
LOAD cfg/linux/remote_ti_platforms_evm3530/linker.cmd
LOAD /media/disk/test/opencv-dsp-acceleration/dsp_opencv/beagle/apps/opencv/cfg/linux/remote_ti_platforms_evm3530/package/cfg/remote_ti_platforms_evm3530_xv5T.ov5T
LOAD /media/disk/OE/work/ti/ti-codec-engine-tree/packages/ti/sdo/ce/universal/lib/release/universal.av5T
LOAD /media/disk/OE/work/ti/ti-codec-engine-tree/packages/ti/sdo/ce/lib/release/ce.av5T
LOAD /media/disk/OE/work/ti/ti-codec-engine-tree/packages/ti/sdo/ce/alg/lib/release/Algorithm_noOS.av5T
LOAD /media/disk/OE/work/ti/ti-codec-engine-tree/packages/ti/sdo/ce/alg/lib/release/alg.av5T
LOAD /media/disk/OE/work/ti/ti-codec-engine-tree/packages/ti/sdo/ce/ipc/dsplink/lib/release/ipc_dsplink_3530.av5T
LOAD /media/disk/OE/work/ti/ti-codec-engine-tree/packages/ti/sdo/ce/osal/linux/lib/release/osal_linux_470.av5T
LOAD /media/disk/OE/work/ti/ti-framework-components-tree/packages/ti/sdo/fc/acpy3/lib/release/acpy3.a470MV
LOAD /media/disk/OE/work/ti/ti-framework-components-tree/packages/ti/sdo/fc/dman3/lib/release/dman3Cfg.a470MV
LOAD /media/disk/OE/work/ti/ti-framework-components-tree/packages/ti/sdo/fc/utils/lib/release/rmm.a470MV
LOAD /media/disk/OE/work/ti/ti-framework-components-tree/packages/ti/sdo/fc/utils/lib/release/smgr.a470MV
LOAD /media/disk/OE/work/ti/ti-framework-components-tree/packages/ti/sdo/fc/utils/lib/release/rmmp.a470MV
LOAD /media/disk/OE/work/ti/ti-framework-components-tree/packages/ti/sdo/fc/utils/lib/release/smgrmp.a470MV
LOAD /media/disk/OE/work/ti/ti-framework-components-tree/packages/ti/sdo/fc/utils/lib/release/shm.a470MV
LOAD /media/disk/OE/work/ti/ti-framework-components-tree/packages/ti/sdo/fc/memutils/lib/release/memutils.av5T
LOAD /media/disk/OE/work/ti/ti-codec-engine-tree/packages/ti/sdo/ce/utils/xdm/lib/release/XdmUtils.av5T
LOAD /media/disk/OE/work/ti/ti-codec-engine-tree/packages/ti/sdo/ce/node/lib/release/node.av5T
LOAD /media/disk/OE/work/ti/ti-framework-components-tree/packages/ti/sdo/utils/trace/lib/release/gt.av5T
LOAD /media/disk/OE/work/ti/ti-local-power-manager-tree/packages/ti/bios/power/lib/release/lpm_linux.av5T
LOAD /media/disk/OE/work/ti/ti-linuxutils-tree/packages/ti/sdo/linuxutils/cmem/lib/cmem.a470MV
LOAD /media/disk/OE/work/ti/ti-dsplink-tree/packages/dsplink/gpp/export/BIN/Linux/OMAP3530/RELEASE/dsplink.lib
LOAD /media/disk/OE/work/ti/ti-xdctools-tree/packages/gnu/targets/arm/rtsv5T/lib/gnu.targets.arm.rtsv5T.av5T

xdc.meta        0x00000000      0x108
 *(xdc.meta)
 xdc.meta       0x00000000      0x108 /media/disk/test/opencv-dsp-acceleration/dsp_opencv/beagle/apps/opencv/cfg/linux/remote_ti_platforms_evm3530/package/cfg/remote_ti_platforms_evm3530_xv5T.ov5T
                0x000000e0                __TARG__
                0x000000bc                __PLAT__
                0x000000a8                __ISA__
                0x00000000                __ASM__
LOAD lib/libopencvdsp.so
LOAD /media/disk/openembedded/build/tmp-angstrom_2008_1/cross/armv7a/lib/gcc/arm-angstrom-linux-gnueabi/4.3.3/libgcc.a
LOAD /media/disk/openembedded/build/tmp-angstrom_2008_1/cross/armv7a/lib/gcc/arm-angstrom-linux-gnueabi/4.3.3/../../../../arm-angstrom-linux-gnueabi/lib/libgcc_s.so
LOAD /media/disk/openembedded/build/tmp-angstrom_2008_1/sysroots/armv7a-angstrom-linux-gnueabi/usr/lib/libc.so
START GROUP
LOAD /media/disk/openembedded/build/tmp-angstrom_2008_1/sysroots/armv7a-angstrom-linux-gnueabi/lib/libc.so.6
LOAD /media/disk/openembedded/build/tmp-angstrom_2008_1/sysroots/armv7a-angstrom-linux-gnueabi/usr/lib/libc_nonshared.a
LOAD /media/disk/openembedded/build/tmp-angstrom_2008_1/sysroots/armv7a-angstrom-linux-gnueabi/lib/ld-linux.so.3
END GROUP
LOAD /media/disk/openembedded/build/tmp-angstrom_2008_1/cross/armv7a/lib/gcc/arm-angstrom-linux-gnueabi/4.3.3/libgcc.a
LOAD /media/disk/openembedded/build/tmp-angstrom_2008_1/cross/armv7a/lib/gcc/arm-angstrom-linux-gnueabi/4.3.3/../../../../arm-angstrom-linux-gnueabi/lib/libgcc_s.so
LOAD /media/disk/openembedded/build/tmp-angstrom_2008_1/cross/armv7a/lib/gcc/arm-angstrom-linux-gnueabi/4.3.3/crtend.o
LOAD /media/disk/openembedded/build/tmp-angstrom_2008_1/sysroots/armv7a-angstrom-linux-gnueabi/usr/lib/crtn.o
                0x00008000                PROVIDE (__executable_start, 0x8000)
                0x00008134                . = (0x8000 + SIZEOF_HEADERS)

.interp         0x00008134       0x13
 *(.interp)
 .interp        0x00008134       0x13 /media/disk/openembedded/build/tmp-angstrom_2008_1/sysroots/armv7a-angstrom-linux-gnueabi/usr/lib/crti.o

.note.ABI-tag   0x00008148       0x20
 .note.ABI-tag  0x00008148       0x20 /media/disk/openembedded/build/tmp-angstrom_2008_1/sysroots/armv7a-angstrom-linux-gnueabi/usr/lib/crt1.o

.note.gnu.build-id
 *(.note.gnu.build-id)

.hash           0x00008168      0x6b4
 *(.hash)
 .hash          0x00008168      0x6b4 /media/disk/openembedded/build/tmp-angstrom_2008_1/sysroots/armv7a-angstrom-linux-gnueabi/usr/lib/crti.o

.gnu.hash
 *(.gnu.hash)

.dynsym         0x0000881c      0xe60
 *(.dynsym)
 .dynsym        0x0000881c      0xe60 /media/disk/openembedded/build/tmp-angstrom_2008_1/sysroots/armv7a-angstrom-linux-gnueabi/usr/lib/crti.o

.dynstr         0x0000967c      0xd49
 *(.dynstr)
 .dynstr        0x0000967c      0xd49 /media/disk/openembedded/build/tmp-angstrom_2008_1/sysroots/armv7a-angstrom-linux-gnueabi/usr/lib/crti.o

.gnu.version    0x0000a3c6      0x1cc
 *(.gnu.version)
 .gnu.version   0x0000a3c6      0x1cc /media/disk/openembedded/build/tmp-angstrom_2008_1/sysroots/armv7a-angstrom-linux-gnueabi/usr/lib/crti.o

.gnu.version_d  0x0000a594        0x0 load address 0x0000a592
 *(.gnu.version_d)
 .gnu.version_d
                0x00000000        0x0 /media/disk/openembedded/build/tmp-angstrom_2008_1/sysroots/armv7a-angstrom-linux-gnueabi/usr/lib/crti.o

.gnu.version_r  0x0000a594       0x60
 *(.gnu.version_r)
 .gnu.version_r
                0x0000a594       0x60 /media/disk/openembedded/build/tmp-angstrom_2008_1/sysroots/armv7a-angstrom-linux-gnueabi/usr/lib/crti.o

.rel.dyn        0x0000a5f4      0x188
 *(.rel.init)
 *(.rel.text .rel.text.* .rel.gnu.linkonce.t.*)
 *(.rel.fini)
 *(.rel.rodata .rel.rodata.* .rel.gnu.linkonce.r.*)
 *(.rel.data.rel.ro* .rel.gnu.linkonce.d.rel.ro.*)
 *(.rel.data .rel.data.* .rel.gnu.linkonce.d.*)
 *(.rel.tdata .rel.tdata.* .rel.gnu.linkonce.td.*)
 *(.rel.tbss .rel.tbss.* .rel.gnu.linkonce.tb.*)
 *(.rel.ctors)
 *(.rel.dtors)
 *(.rel.got)
 .rel.got       0x0000a5f4      0x180 /media/disk/openembedded/build/tmp-angstrom_2008_1/sysroots/armv7a-angstrom-linux-gnueabi/usr/lib/crti.o
 *(.rel.bss .rel.bss.* .rel.gnu.linkonce.b.*)
 .rel.bss       0x0000a774        0x8 /media/disk/openembedded/build/tmp-angstrom_2008_1/sysroots/armv7a-angstrom-linux-gnueabi/usr/lib/crti.o

.rela.dyn
 *(.rela.init)
 *(.rela.text .rela.text.* .rela.gnu.linkonce.t.*)
 *(.rela.fini)
 *(.rela.rodata .rela.rodata.* .rela.gnu.linkonce.r.*)
 *(.rela.data .rela.data.* .rela.gnu.linkonce.d.*)
 *(.rela.tdata .rela.tdata.* .rela.gnu.linkonce.td.*)
 *(.rela.tbss .rela.tbss.* .rela.gnu.linkonce.tb.*)
 *(.rela.ctors)
 *(.rela.dtors)
 *(.rela.got)
 *(.rela.bss .rela.bss.* .rela.gnu.linkonce.b.*)

.rel.plt        0x0000a77c      0x500
 *(.rel.plt)
 .rel.plt       0x0000a77c      0x500 /media/disk/openembedded/build/tmp-angstrom_2008_1/sysroots/armv7a-angstrom-linux-gnueabi/usr/lib/crti.o

.rela.plt
 *(.rela.plt)

.init           0x0000ac7c       0x14
 *(.init)
 .init          0x0000ac7c        0xc /media/disk/openembedded/build/tmp-angstrom_2008_1/sysroots/armv7a-angstrom-linux-gnueabi/usr/lib/crti.o
                0x0000ac7c                _init
 .init          0x0000ac88        0x8 /media/disk/openembedded/build/tmp-angstrom_2008_1/sysroots/armv7a-angstrom-linux-gnueabi/usr/lib/crtn.o

.plt            0x0000ac90      0x794
 *(.plt)
 .plt           0x0000ac90      0x794 /media/disk/openembedded/build/tmp-angstrom_2008_1/sysroots/armv7a-angstrom-linux-gnueabi/usr/lib/crti.o
                0x0000aca4                sem_destroy@@GLIBC_2.4
                0x0000acb0                _IO_getc@@GLIBC_2.4
                0x0000acbc                cvFindChessboardCorners
                0x0000acc8                pthread_mutex_lock@@GLIBC_2.4
                0x0000acd4                cvColorToScalar
                0x0000ace0                pthread_mutex_init@@GLIBC_2.4
                0x0000acec                cvCreateSubdiv2D
                0x0000acf8                cvDestroyWindow
                0x0000ad04                cvPerspectiveTransform
                0x0000ad10                getpid@@GLIBC_2.4
                0x0000ad1c                log@@GLIBC_2.4
                0x0000ad28                gettimeofday@@GLIBC_2.4
                0x0000ad34                cvEllipse
                0x0000ad40                cvFindFundamentalMat
                0x0000ad4c                cvReleaseImage
                0x0000ad58                free@@GLIBC_2.4
                0x0000ad64                cvCircle
                0x0000ad70                pthread_mutexattr_init@@GLIBC_2.4
                0x0000ad7c                pthread_mutexattr_destroy@@GLIBC_2.4
                0x0000ad88                strncmp@@GLIBC_2.4
                0x0000ad94                pthread_key_delete@@GLIBC_2.4
                0x0000ada0                pthread_exit@@GLIBC_2.4
                0x0000adac                pthread_attr_getschedparam@@GLIBC_2.4
                0x0000adb8                pthread_join@@GLIBC_2.4
                0x0000adc4                cvFree_
                0x0000add0                cvBoundingRect
                0x0000addc                cvInvert
                0x0000ade8                cvSobel
                0x0000adf4                cvReleaseGraphScanner
                0x0000ae00                exit@@GLIBC_2.4
                0x0000ae0c                printf@@GLIBC_2.4
                0x0000ae18                strerror@@GLIBC_2.4
                0x0000ae24                pthread_setschedparam@@GLIBC_2.4
                0x0000ae30                puts@@GLIBC_2.4
                0x0000ae3c                perror@@GLIBC_2.4
                0x0000ae48                cvRead
                0x0000ae54                cvPolyLine
                0x0000ae60                cvUndistort2
                0x0000ae6c                cvCreateGraphScanner
                0x0000ae78                cvGetElemType
                0x0000ae84                lrint@@GLIBC_2.4
                0x0000ae90                sigfillset@@GLIBC_2.4
                0x0000ae9c                cvShowImage
                0x0000aea8                exp@@GLIBC_2.4
                0x0000aeb4                semctl@@GLIBC_2.4
                0x0000aec0                nanosleep@@GLIBC_2.4
                0x0000aecc                putchar@@GLIBC_2.4
                0x0000aed8                cvEndDsp
                0x0000aee4                memset@@GLIBC_2.4
                0x0000aef0                pthread_self@@GLIBC_2.4
                0x0000aefc                fcntl@@GLIBC_2.4
                0x0000af08                pthread_sigmask@@GLIBC_2.4
                0x0000af14                cvSeqSlice
                0x0000af20                close@@GLIBC_2.4
                0x0000af2c                fopen@@GLIBC_2.4
                0x0000af38                read@@GLIBC_2.4
                0x0000af44                abort@@GLIBC_2.4
                0x0000af50                vfprintf@@GLIBC_2.4
                0x0000af5c                sobelDsp
                0x0000af68                cvHoughLines2
                0x0000af74                cvFindExtrinsicCameraParams2
                0x0000af80                ioctl@@GLIBC_2.4
                0x0000af8c                cvSet
                0x0000af98                strcpy@@GLIBC_2.4
                0x0000afa4                cvGetCols
                0x0000afb0                cvFitLine
                0x0000afbc                mmap@@GLIBC_2.4
                0x0000afc8                __assert_fail@@GLIBC_2.4
                0x0000afd4                pthread_attr_getstacksize@@GLIBC_2.4
                0x0000afe0                open@@GLIBC_2.4
                0x0000afec                cvError
                0x0000aff8                pthread_mutex_destroy@@GLIBC_2.4
                0x0000b004                cvTransform
                0x0000b010                pthread_setcanceltype@@GLIBC_2.4
                0x0000b01c                semget@@GLIBC_2.4
                0x0000b028                getpagesize@@GLIBC_2.4
                0x0000b034                pthread_getspecific@@GLIBC_2.4
                0x0000b040                semop@@GLIBC_2.4
                0x0000b04c                cvDspInit
                0x0000b058                fileno@@GLIBC_2.4
                0x0000b064                cvReshape
                0x0000b070                cvRandArr
                0x0000b07c                cvProjectPoints2
                0x0000b088                __cxa_atexit@@GLIBC_2.4
                0x0000b094                cvSetAdd
                0x0000b0a0                sem_init@@GLIBC_2.4
                0x0000b0ac                cvAvg
                0x0000b0b8                pthread_key_create@@GLIBC_2.4
                0x0000b0c4                cvCalibrateCamera2
                0x0000b0d0                cvCartToPolar
                0x0000b0dc                pthread_cancel@@GLIBC_2.4
                0x0000b0e8                sleep@@GLIBC_2.4
                0x0000b0f4                raise@@GLIBC_2.4
                0x0000b100                sigaction@@GLIBC_2.4
                0x0000b10c                pthread_attr_init@@GLIBC_2.4
                0x0000b118                calloc@@GLIBC_2.4
                0x0000b124                cvGetSeqElem
                0x0000b130                cvInitFont
                0x0000b13c                cvRodrigues2
                0x0000b148                cvKMeans2
                0x0000b154                cvQueryFrame
                0x0000b160                cvLine
                0x0000b16c                cvArcLength
                0x0000b178                __strtol_internal@@GLIBC_2.4
                0x0000b184                sem_post@@GLIBC_2.4
                0x0000b190                integralDsp
                0x0000b19c                cvCreateFileCapture
                0x0000b1a8                fputc@@GLIBC_2.4
                0x0000b1b4                setvbuf@@GLIBC_2.4
                0x0000b1c0                fwrite@@GLIBC_2.4
                0x0000b1cc                cvGetFileNodeByName
                0x0000b1d8                memcpy@@GLIBC_2.4
                0x0000b1e4                malloc@@GLIBC_2.4
                0x0000b1f0                strlen@@GLIBC_2.4
                0x0000b1fc                pthread_setspecific@@GLIBC_2.4
                0x0000b208                munmap@@GLIBC_2.4
                0x0000b214                usleep@@GLIBC_2.4
                0x0000b220                fprintf@@GLIBC_2.4
                0x0000b22c                fclose@@GLIBC_2.4
                0x0000b238                cvCreateMat
                0x0000b244                cvSum
                0x0000b250                sprintf@@GLIBC_2.4
                0x0000b25c                cvReleaseMat
                0x0000b268                __xstat@@GLIBC_2.4
                0x0000b274                cvFitEllipse2
                0x0000b280                cvInitSubdivDelaunay2D
                0x0000b28c                cvPow
                0x0000b298                pthread_create@@GLIBC_2.4
                0x0000b2a4                strcmp@@GLIBC_2.4
                0x0000b2b0                cvGetRows
                0x0000b2bc                pthread_mutexattr_settype@@GLIBC_2.4
                0x0000b2c8                cvCalcEMD2
                0x0000b2d4                __errno_location@@GLIBC_2.4
                0x0000b2e0                strncpy@@GLIBC_2.4
                0x0000b2ec                fflush@@GLIBC_2.4
                0x0000b2f8                memcmp@@GLIBC_2.4
                0x0000b304                cvWaitKey
                0x0000b310                cvCvtColor
                0x0000b31c                sigemptyset@@GLIBC_2.4
                0x0000b328                cvAlloc
                0x0000b334                cvNamedWindow
                0x0000b340                cvBoxPoints
                0x0000b34c                cvCalcArrHist
                0x0000b358                fputs@@GLIBC_2.4
                0x0000b364                getenv@@GLIBC_2.4
                0x0000b370                __libc_start_main@@GLIBC_2.4
                0x0000b37c                cvGetRawData
                0x0000b388                cvCreateImageHeader
                0x0000b3a0                cvMinAreaRect2
                0x0000b3ac                cvAddS
                0x0000b3b8                sem_wait@@GLIBC_2.4
                0x0000b3c4                strchr@@GLIBC_2.4
                0x0000b3d0                pthread_mutex_unlock@@GLIBC_2.4
                0x0000b3dc                cvConvexHull2
                0x0000b3e8                cvCreateImage
                0x0000b3f4                sem_getvalue@@GLIBC_2.4
                0x0000b400                ftok@@GLIBC_2.4
                0x0000b40c                sched_yield@@GLIBC_2.4
                0x0000b418                cvAvgSdv

.text           0x0000b428    0x2c654
 *(.text .stub .text.* .gnu.linkonce.t.*)
 .text          0x0000b428       0x38 /media/disk/openembedded/build/tmp-angstrom_2008_1/sysroots/armv7a-angstrom-linux-gnueabi/usr/lib/crt1.o
                0x0000b428                _start
 .text          0x0000b460       0x24 /media/disk/openembedded/build/tmp-angstrom_2008_1/sysroots/armv7a-angstrom-linux-gnueabi/usr/lib/crti.o
 .text          0x0000b484       0x54 /media/disk/openembedded/build/tmp-angstrom_2008_1/cross/armv7a/lib/gcc/arm-angstrom-linux-gnueabi/4.3.3/crtbegin.o
 .text          0x0000b4d8     0x4f70 linux/app.evm3530.ov5T
                0x0000fdb0                main
 .text          0x00010448      0x248 /media/disk/test/opencv-dsp-acceleration/dsp_opencv/beagle/apps/opencv/cfg/linux/remote_ti_platforms_evm3530/package/cfg/remote_ti_platforms_evm3530_xv5T.ov5T
                0x0001049c                RMAN_deactivateAllResources
                0x0001047c                DMAN3_grantDmaChannels
                0x000104c0                CERuntime_init
                0x0001044c                LAD_connect
                0x00010454                LAD_disconnect
                0x00010464                LAD_releaseDsp
                0x0001045c                LAD_getDspStatus
                0x00010484                DMAN3_releaseDmaChannels
                0x0001068c                ti_sdo_ce_CERuntime_init__F
                0x00010478                DMAN3_CE_exit
                0x000104ac                RMAN_init
                0x0001046c                LAD_startupDsp
                0x0001048c                RMAN_activateAllResources
                0x000104a4                RMAN_freeResources
                0x00010448                IPC_generatedInit
                0x00010474                DMAN3_CE_init
                0x000104b4                RMAN_exit
                0x000104bc                CERuntime_exit
                0x00010494                RMAN_assignResources
 .text          0x00010690      0xc64 /media/disk/OE/work/ti/ti-codec-engine-tree/packages/ti/sdo/ce/universal/lib/release/universal.av5T(universal_stubs.ov5T)
                0x00010f1c                UNIVERSAL_processWait
                0x00011154                UNIVERSAL_processAsync
 .text          0x000112f4      0x7f4 /media/disk/OE/work/ti/ti-codec-engine-tree/packages/ti/sdo/ce/universal/lib/release/universal.av5T(universal.ov5T)
                0x000112f4                UNIVERSAL_control
                0x00011604                UNIVERSAL_delete
                0x000116a0                UNIVERSAL_create
                0x000117a8                UNIVERSAL_process
 .text          0x00011ae8      0xa80 /media/disk/OE/work/ti/ti-codec-engine-tree/packages/ti/sdo/ce/lib/release/ce.av5T(Server.ov5T)
                0x00011fb4                Server_getNumMemSegs
                0x00012330                Server_disconnectTrace
                0x00011d7c                Server_redefineHeap
                0x00012444                Server_connectTrace
                0x000121d0                Server_getCpuLoad
                0x00011bbc                Server_setTrace
                0x00012270                Server_fwriteTrace
                0x00011ecc                Server_init
                0x00011c78                Server_restoreHeap
                0x000120c8                Server_getMemStat
 .text          0x00012568     0x2ef8 /media/disk/OE/work/ti/ti-codec-engine-tree/packages/ti/sdo/ce/lib/release/ce.av5T(Engine.ov5T)
                0x0001261c                Engine_getServer
                0x00012570                Engine_getLastError
                0x000132d8                Engine_getMemStat
                0x000151a4                Engine_getLocalEngine
                0x00012b60                Engine_requestTraceToken
                0x00013fa0                Engine_createNode2
                0x00012eb4                Engine_getAlgNumRecs
                0x00012c40                Engine_redefineHeap
                0x000131d4                Engine_getNumMemSegs
                0x000125e4                Engine_getNodeQueues
                0x00012610                Engine_hasServer
                0x00012fec                Engine_getAlgMemRecs
                0x00013694                Engine_init
                0x00012584                Engine_getRemoteVisa
                0x00015278                Engine_getMemId
                0x000146c8                Engine_createNode
                0x00013e28                Engine_deleteNode
                0x00013d0c                Engine_callAsync
                0x00014910                Engine_open
                0x00012568                Engine_getEngine
                0x00012578                Engine_getName
                0x00013550                Engine_getAlgInfo
                0x0001277c                Engine_setTrace
                0x00013494                Engine_getNumAlgs
                0x0001538c                Engine_getConstName
                0x00012dc8                Engine_getCpuLoad
                0x00015298                Engine_getFxns
                0x00012bd8                Engine_releaseTraceToken
                0x0001476c                Engine_close
                0x000129f0                Engine_restoreHeap
                0x00012698                Engine_ctrlNode
                0x00013d74                Engine_call
                0x0001389c                Engine_fwriteTrace
                0x000151f8                Engine_getCodecClassConfig
                0x0001290c                Engine_getUsedMem
                0x00013cb4                Engine_callWait
 .text          0x00015460     0x10cc /media/disk/OE/work/ti/ti-codec-engine-tree/packages/ti/sdo/ce/lib/release/ce.av5T(visa.ov5T)
                0x00015c3c                VISA_callAsync
                0x00015460                VISA_getAlgFxns
                0x00015620                VISA_getAlgMemRecs
                0x00015468                VISA_getAlgorithmHandle
                0x00015afc                VISA_wait
                0x0001646c                VISA_create
                0x00015860                VISA_enter
                0x00015484                VISA_getCodecClassConfig
                0x0001548c                VISA_isLocal
                0x00015470                VISA_getContext
                0x00015de0                VISA_create2
                0x00015790                VISA_exit
                0x000154f8                VISA_allocMsg
                0x00015d0c                VISA_call
                0x00015688                VISA_freeMsg
                0x0001566c                VISA_getAlgHandle
                0x0001547c                VISA_setContext
                0x00015494                VISA_getMaxMsgSize
                0x00015938                VISA_delete
                0x000155d8                VISA_getAlgNumRecs
 .text          0x0001652c        0x0 /media/disk/OE/work/ti/ti-codec-engine-tree/packages/ti/sdo/ce/lib/release/ce.av5T(package_ti.sdo.ce.ov5T)
 .text          0x0001652c      0x800 /media/disk/OE/work/ti/ti-codec-engine-tree/packages/ti/sdo/ce/alg/lib/release/Algorithm_noOS.av5T(Algorithm_noOS.ov5T)
                0x00016534                Algorithm_getMemRecs
                0x00016ad4                Algorithm_activate
                0x0001653c                Algorithm_getNumRecs
                0x00016638                Algorithm_delete
                0x0001652c                Algorithm_getAlgHandle
                0x00016b88                Algorithm_releaseLock
                0x00016844                Algorithm_create
                0x000165a8                Algorithm_exit
                0x0001674c                Algorithm_deactivate
                0x00016544                Algorithm_init
                0x00016c7c                Algorithm_acquireLock
 .text          0x00016d2c      0x388 /media/disk/OE/work/ti/ti-codec-engine-tree/packages/ti/sdo/ce/alg/lib/release/alg.av5T(alg_create.ov5T)
                0x00016d9c                ALG_create
                0x00016d2c                ALG_delete
 .text          0x000170b4      0x628 /media/disk/OE/work/ti/ti-codec-engine-tree/packages/ti/sdo/ce/alg/lib/release/alg.av5T(alg_malloc.ov5T)
                0x000173e0                ALG_exit
                0x00017514                ALG_releaseLock
                0x0001746c                ALG_deactivate
                0x0001764c                ALG_acquireLock
                0x00017160                _ALG_allocMemory
                0x000170b4                _ALG_freeMemory
                0x000175a0                ALG_activate
                0x0001723c                ALG_init
 .text          0x000176dc     0x3770 /media/disk/OE/work/ti/ti-codec-engine-tree/packages/ti/sdo/ce/ipc/dsplink/lib/release/ipc_dsplink_3530.av5T(Processor_dsplink.ov5T)
                0x000176e4                dumpLinkCfgObj
                0x0001ac60                Processor_create
                0x000196fc                Processor_init
                0x0001ab34                Processor_delete
                0x000176dc                Processor_wait
 .text          0x0001ae4c      0x5a4 /media/disk/OE/work/ti/ti-codec-engine-tree/packages/ti/sdo/ce/ipc/dsplink/lib/release/ipc_dsplink_3530.av5T(Power_dsplink.ov5T)
                0x0001ae4c                Power_disconnect
                0x0001b364                Power_init
                0x0001af50                Power_connect
                0x0001b1c4                Power_on
                0x0001b054                Power_off
 .text          0x0001b3f0      0xe10 /media/disk/OE/work/ti/ti-codec-engine-tree/packages/ti/sdo/ce/ipc/dsplink/lib/release/ipc_dsplink_3530.av5T(Comm_dsplink.ov5T)
                0x0001b6ac                Comm_locate
                0x0001b3f0                Comm_getMsgSize
                0x0001b4e4                Comm_release
                0x0001ba18                Comm_get
                0x0001b460                Comm_setSrcQueue
                0x0001bbe4                Comm_free
                0x0001bcbc                Comm_exit
                0x0001beb4                Comm_create
                0x0001b998                Comm_getSrcQueue
                0x0001bd54                Comm_delete
                0x0001b88c                Comm_init
                0x0001c080                Comm_alloc
                0x0001b5bc                Comm_put
 .text          0x0001c200        0x0 /media/disk/OE/work/ti/ti-codec-engine-tree/packages/ti/sdo/ce/ipc/dsplink/lib/release/ipc_dsplink_3530.av5T(Processor_dsplink_linkcfg_OMAP3530.ov5T)
 .text          0x0001c200        0x0 /media/disk/OE/work/ti/ti-codec-engine-tree/packages/ti/sdo/ce/ipc/dsplink/lib/release/ipc_dsplink_3530.av5T(Processor_dsplink_linkcfg_OS.ov5T)
 .text          0x0001c200      0x548 /media/disk/OE/work/ti/ti-codec-engine-tree/packages/ti/sdo/ce/osal/linux/lib/release/osal_linux_470.av5T(LockMP_posix.ov5T)
                0x0001c618                LockMP_acquire
                0x0001c4e4                LockMP_create
                0x0001c434                LockMP_getRefCount
                0x0001c200                LockMP_getCount
                0x0001c270                LockMP_release
                0x0001c3dc                LockMP_init
                0x0001c43c                LockMP_delete
 .text          0x0001c748       0xe8 /media/disk/OE/work/ti/ti-codec-engine-tree/packages/ti/sdo/ce/osal/linux/lib/release/osal_linux_470.av5T(Queue_posix.ov5T)
                0x0001c79c                Queue_put
                0x0001c754                Queue_extract
                0x0001c7e8                Queue_get
                0x0001c74c                Queue_init
                0x0001c748                Queue_exit
 .text          0x0001c830       0xec /media/disk/OE/work/ti/ti-codec-engine-tree/packages/ti/sdo/ce/osal/linux/lib/release/osal_linux_470.av5T(GT_config_libC.ov5T)
                0x0001c838                GTConfig_error
                0x0001c918                GTConfig_libcMalloc
                0x0001c8c0                GTConfig_vprintf
                0x0001c914                GTConfig_libcFree
                0x0001c830                GTConfig_nop
 .text          0x0001c91c       0x2c /media/disk/OE/work/ti/ti-codec-engine-tree/packages/ti/sdo/ce/osal/linux/lib/release/osal_linux_470.av5T(File_posix.ov5T)
                0x0001c920                File_stat
                0x0001c91c                File_init
 .text          0x0001c948     0x14a0 /media/disk/OE/work/ti/ti-codec-engine-tree/packages/ti/sdo/ce/osal/linux/lib/release/osal_linux_470.av5T(Memory_cmem.ov5T)
                0x0001c984                Memory_exit
                0x0001ceb4                Memory_free
                0x0001c994                Memory_dumpKnownContigBufsList
                0x0001cacc                Memory_cacheWb
                0x0001d23c                Memory_contigFree
                0x0001cac8                Memory_cacheWbInv
                0x0001cfc4                Memory_segFree
                0x0001d114                Memory_unregisterContigBuf
                0x0001cad4                Memory_getBufferVirtualAddress
                0x0001dddc                Memory_contigAlloc
                0x0001cd10                Memory_init
                0x0001c97c                Memory_restoreHeap
                0x0001c988                Memory_contigStat
                0x0001c964                Memory_getHeapId
                0x0001cad0                Memory_cacheInv
                0x0001d778                Memory_registerContigBuf
                0x0001c974                Memory_redefine
                0x0001d2bc                Memory_alloc
                0x0001d77c                Memory_getBufferPhysicalAddress
                0x0001ca4c                Memory_segStat
                0x0001d2b4                Memory_segAlloc
                0x0001c96c                Memory_getNumHeaps
 .text          0x0001dde8      0x2dc /media/disk/OE/work/ti/ti-codec-engine-tree/packages/ti/sdo/ce/osal/linux/lib/release/osal_linux_470.av5T(Global_noOS.ov5T)
                0x0001dfbc                Global_atexit
                0x0001dde8                Global_getCpuLoad
                0x0001e070                Global_abort
                0x0001deec                Global_getenv
                0x0001ddf0                Global_setSpecialTrace
                0x0001dee8                Global_getProcessId
                0x0001ddf4                Global_init
                0x0001def0                Global_exit
 .text          0x0001e0c4      0x920 /media/disk/OE/work/ti/ti-codec-engine-tree/packages/ti/sdo/ce/osal/linux/lib/release/osal_linux_470.av5T(Thread_posix.ov5T)
                0x0001e0c4                Thread_getenv
                0x0001e4ec                Thread_init
                0x0001e588                Thread_exit
                0x0001e41c                Thread_join
                0x0001e270                Thread_stat
                0x0001e208                Thread_yield
                0x0001e130                Thread_getname
                0x0001e3ac                Thread_self
                0x0001e788                Thread_create
                0x0001e304                Thread_setpri
                0x0001e618                Thread_delete
                0x0001e19c                Thread_getpri
 .text          0x0001e9e4       0x14 /media/disk/OE/work/ti/ti-codec-engine-tree/packages/ti/sdo/ce/osal/linux/lib/release/osal_linux_470.av5T(Log_noOS.ov5T)
                0x0001e9e4                Log_init
                0x0001e9ec                Log_printf
                0x0001e9e8                Log_event
 .text          0x0001e9f8      0x13c /media/disk/OE/work/ti/ti-codec-engine-tree/packages/ti/sdo/ce/osal/linux/lib/release/osal_linux_470.av5T(Lock_posix.ov5T)
                0x0001ea88                Lock_create
                0x0001e9f8                Lock_release
                0x0001eb30                Lock_acquire
                0x0001eadc                Lock_init
                0x0001e9fc                Lock_delete
 .text          0x0001eb34      0x3bc /media/disk/OE/work/ti/ti-codec-engine-tree/packages/ti/sdo/ce/osal/linux/lib/release/osal_linux_470.av5T(GT_config_posix.ov5T)
                0x0001eb84                GTConfig_gettimeofday
                0x0001ec84                GT_config_setOutTrace
                0x0001eb5c                GTConfig_pthreadLock
                0x0001ec14                GTConfig_tracePrintf
                0x0001ec10                GTConfig_threadId
                0x0001eb34                GTConfig_pthreadUnlock
                0x0001ecb8                GTConfig_posixInit
 .text          0x0001eef0      0xbb4 /media/disk/OE/work/ti/ti-codec-engine-tree/packages/ti/sdo/ce/osal/linux/lib/release/osal_linux_470.av5T(SemMP_posix.ov5T)
                0x0001f48c                SemMP_delete
                0x0001f34c                SemMP_getRefCount
                0x0001ef68                SemMP_post
                0x0001f1c4                SemMP_init
                0x0001f35c                SemMP_getCount
                0x0001f70c                SemMP_create
                0x0001f054                SemMP_pend
 .text          0x0001faa4      0x47c /media/disk/OE/work/ti/ti-codec-engine-tree/packages/ti/sdo/ce/osal/linux/lib/release/osal_linux_470.av5T(Sem_posix.ov5T)
                0x0001fdfc                Sem_create
                0x0001fc98                Sem_init
                0x0001fd60                Sem_delete
                0x0001fbb8                Sem_pend
                0x0001fb18                Sem_post
                0x0001fcf0                Sem_getCount
 .text          0x0001ff20      0x828 /media/disk/OE/work/ti/ti-codec-engine-tree/packages/ti/sdo/ce/utils/xdm/lib/release/XdmUtils.av5T(XdmUtils.ov5T)
                0x0001ff20                XdmUtils_validateVideo1BufDesc
                0x000205d8                XdmUtils_validateExtendedStruct
                0x00020708                XdmUtils_init
                0x00020484                XdmUtils_validateSparseBufDesc
                0x00020328                XdmUtils_validateSparseBufDesc1
                0x00020124                XdmUtils_validateVideoBufDesc
 .text          0x00020748      0xf5c /media/disk/OE/work/ti/ti-framework-components-tree/packages/ti/sdo/utils/trace/lib/release/gt.av5T(gt.ov5T)
                0x00020784                GT_disable
                0x0002163c                _GT_create
                0x000207c4                GT_enable
                0x00020748                GT_curTime
                0x00021184                GT_getModNameFlags
                0x000208dc                _GT_trace
                0x000213f4                _GT_set
                0x000207e4                GT_init
 .text          0x000216a4      0x218 /media/disk/OE/work/ti/ti-local-power-manager-tree/packages/ti/bios/power/lib/release/lpm_linux.av5T(lpm_api.ov5T)
                0x000216a8                LPM_init
                0x000216b4                LPM_regExtPowerOn
                0x000217f8                LPM_clear
                0x000216bc                LPM_setPowerState
                0x00021780                LPM_off
                0x0002189c                LPM_close
                0x000216fc                LPM_resume
                0x00021724                LPM_on
                0x000216dc                LPM_set
                0x00021818                LPM_open
                0x000217a8                LPM_disconnect
                0x000216a4                LPM_exit
                0x000217d0                LPM_connect
                0x000216ac                LPM_regExtPowerOff
 .text          0x000218bc      0xa78 /media/disk/OE/work/ti/ti-linuxutils-tree/packages/ti/sdo/linuxutils/cmem/lib/cmem.a470MV(cmem.o470MV)
                0x00021f70                CMEM_allocPool2
                0x000221c4                CMEM_alloc2
                0x00021d4c                CMEM_getPool
                0x000221d8                CMEM_init
                0x0002194c                CMEM_exit
                0x00021f74                CMEM_allocPool
                0x00021e24                CMEM_unregister
                0x00021d48                CMEM_getPool2
                0x00021f84                CMEM_registerAlloc
                0x00021a44                CMEM_getBlock
                0x00021a54                CMEM_getVersion
                0x00021b48                CMEM_cacheWbInv
                0x00021ac4                CMEM_cacheInv
                0x00021c50                CMEM_getPhys
                0x00021bcc                CMEM_cacheWb
                0x00021d58                CMEM_free
                0x000221c8                CMEM_alloc
                0x00021a3c                CMEM_getBlockAttrs
 .text          0x00022334    0x14640 /media/disk/OE/work/ti/ti-dsplink-tree/packages/dsplink/gpp/export/BIN/Linux/OMAP3530/RELEASE/dsplink.lib
                0x00022ab0                _MPCS_open
                0x00034c34                RingIO_cancel
                0x0002238c                _IDM_USR_exit
                0x0002d4ec                MPLIST_isEmpty
                0x00030550                PROC_setup
                0x00022fbc                _MPLIST_moduleInit
                0x000233bc                _MPLIST_init
                0x0002ecd8                MSGQ_locate
                0x00029004                CHNL_issue
                0x0002b188                DRV_ProtectInit
                0x000291e4                CHNL_idle
                0x0002ec50                MSGQ_close
                0x0002f7f0                NOTIFY_notify
                0x00031f0c                PROC_stop
                0x0002788c                _RingIO_releaseAttribute
                0x00036088                RingIO_sendNotify
                0x00023948                _NOTIFY_exit
                0x00025128                _RingIO_writerRelease
                0x0002cee8                MPLIST_open
                0x00029448                DRV_Initialize
                0x00035664                RingIO_flush
                0x000290fc                CHNL_reclaim
                0x00022920                _MPCS_exit
                0x00025fa4                _RingIO_writerFlush
                0x00027538                _RingIO_getFirstAcquiredAttr
                0x00032e00                RingIO_delete
                0x000284c4                _SYNC_USR_createCS
                0x00030968                PROC_destroy
                0x00030d54                PROC_attach
                0x00028160                _RingIO_releaseLock
                0x0002f97c                POOL_open
                0x0002cae0                MPLIST_delete
                0x000225e8                _MEM_USR_init
                0x00027df0                _RingIO_updateAttributes
                0x00032364                RingIO_create
                0x00028118                _RingIO_acquireLock
                0x0003223c                PROC_resetCurStatus
                0x0002f650                NOTIFY_unregister
                0x000320f4                PROC_GetSymbolAddress
                0x00026fc4                _RingIO_callNotifier
                0x00027a98                _RingIO_getContiguousDataSize
                0x0002f3b8                NOTIFY_register
                0x00031940                PROC_load
                0x0002727c                _RingIO_checkNotifier
                0x00028a7c                _SYNC_USR_sleep
                0x0002dc60                MPLIST_removeElement
                0x00022614                _MEM_USR_exit
                0x0002423c                _RingIO_moduleExit
                0x0002df60                MPLIST_first
                0x0002ff14                POOL_translateAddr
                0x000226d0                _MEM_USR_calloc
                0x0002c244                MPCS_enter
                0x00022640                _MEM_USR_alloc
                0x00022334                _IDM_USR_init
                0x00036338                RingIO_getEmptySize
                0x00026ec4                _RingIO_readerCancel
                0x0002f104                MSGQ_get
                0x0002f064                MSGQ_put
                0x0003233c                PROC_Setup
                0x0002b48c                DRV_ProtectLeave
                0x00028d2c                CHNL_delete
                0x00028bc0                CHNL_create
                0x000312d0                PROC_detach
                0x0002c0c4                MPCS_close
                0x00027d44                RingIO_notifyCallback
                0x00022578                _IDM_USR_releaseId
                0x0003452c                RingIO_acquire
                0x0002c62c                MPLIST_create
                0x00022470                _IDM_USR_delete
                0x00025634                _RingIO_writerSetvAttribute
                0x0002bc34                MPCS_delete
                0x00031c24                PROC_write
                0x000227cc                _MPCS_init
                0x0002b7a8                MPCS_create
                0x00022e3c                _MPCS_OS_open
                0x00035360                RingIO_setvAttribute
                0x0002e160                MPLIST_next
                0x00023d80                _POOL_xltBuf
                0x0002f1f0                MSGQ_getSrcQueue
                0x000298d4                DRV_Invoke
                0x000224d4                _IDM_USR_acquireId
                0x0002d2cc                MPLIST_close
                0x00035a9c                RingIO_setNotifier
                0x000292a8                CHNL_flush
                0x00033f1c                RingIO_close
                0x00023ca0                _POOL_exit
                0x00028df0                CHNL_allocateBuffer
                0x0002d5fc                MPLIST_insertBefore
                0x00028b40                _SYNC_USR_stateObjInit
                0x00023218                _MPLIST_moduleExit
                0x00030250                POOL_writeback
                0x0002e73c                MSGQ_transportOpen
                0x00023fa4                _RingIO_moduleInit
                0x000223e4                _IDM_USR_create
                0x0002476c                _RingIO_writerAcquire
                0x0002f344                MSGQ_setErrorHandler
                0x00028858                _SYNC_USR_enterCS
                0x0002b36c                DRV_ProtectEnter
                0x0002ee84                MSGQ_release
                0x0002fe5c                POOL_free
                0x0002efe4                MSGQ_free
                0x0002352c                _MPLIST_exit
                0x0002660c                _RingIO_readerFlush
                0x00036124                RingIO_getValidSize
                0x0003504c                RingIO_getvAttribute
                0x0002c4a4                MPCS_leave
                0x0002441c                _RingIO_init
                0x00034fbc                RingIO_setAttribute
                0x00036760                RingIO_getEmptyAttrSize
                0x0002eb68                MSGQ_open
                0x00033660                RingIO_open
                0x00034870                RingIO_release
                0x000321a4                PROC_control
                0x00029758                DRV_Finalize
                0x0003003c                POOL_getPoolId
                0x0002f294                MSGQ_count
                0x000281a8                _SYNC_USR_init
                0x00034f38                RingIO_getAttribute
                0x0002ef0c                MSGQ_alloc
                0x000253a4                _RingIO_readerRelease
                0x0002875c                _SYNC_USR_deleteCS
                0x00031b24                PROC_loadSection
                0x00028f04                CHNL_freeBuffer
                0x00025ac0                _RingIO_readerGetvAttribute
                0x0002bfa4                MPCS_open
                0x00031b68                PROC_read
                0x0002936c                CHNL_control
                0x0002fbbc                POOL_close
                0x0002d934                MPLIST_putTail
                0x0002e980                MSGQ_transportClose
                0x00031730                PROC_getState
                0x0002e3f8                MPLIST_getHead
                0x00031ce0                PROC_start
                0x00027c64                _RingIO_isOffsetInBetween
                0x000273d4                _RingIO_initInstance
                0x0002b2d0                DRV_ProtectExit
                0x000276bc                _RingIO_getFirstAttr
                0x0003654c                RingIO_getValidAttrSize
                0x00022f08                _MPCS_OS_close
                0x000236b0                _NOTIFY_init
                0x0002fda4                POOL_alloc
                0x0002eda4                MSGQ_locateAsync
                0x000245ac                _RingIO_exit
                0x00028974                _SYNC_USR_leaveCS
                0x000303d0                POOL_invalidate
                0x00023bc0                _POOL_init
                0x00022764                _MEM_USR_free
                0x0002834c                _SYNC_USR_exit
                0x00026be4                _RingIO_writerCancel
                0x00024ae4                _RingIO_readerAcquire
 .text          0x00036974       0xc4 /media/disk/openembedded/build/tmp-angstrom_2008_1/cross/armv7a/lib/gcc/arm-angstrom-linux-gnueabi/4.3.3/libgcc.a(_udivsi3.o)
                0x00036974                __udivsi3
                0x00036a20                __aeabi_uidivmod
                0x00036974                __aeabi_uidiv
 .text          0x00036a38      0x3b8 /media/disk/openembedded/build/tmp-angstrom_2008_1/cross/armv7a/lib/gcc/arm-angstrom-linux-gnueabi/4.3.3/libgcc.a(_addsubdf3.o)
                0x00036cf0                __aeabi_ui2d
                0x00036d7c                __aeabi_ul2d
                0x00036d14                __floatsidf
                0x00036a40                __subdf3
                0x00036cf0                __floatunsidf
                0x00036a44                __adddf3
                0x00036d90                __floatdidf
                0x00036a40                __aeabi_dsub
                0x00036d3c                __extendsfdf2
                0x00036d90                __aeabi_l2d
                0x00036d3c                __aeabi_f2d
                0x00036d7c                __floatundidf
                0x00036a44                __aeabi_dadd
                0x00036d14                __aeabi_i2d
                0x00036a38                __aeabi_drsub
 .text          0x00036df0      0x470 /media/disk/openembedded/build/tmp-angstrom_2008_1/cross/armv7a/lib/gcc/arm-angstrom-linux-gnueabi/4.3.3/libgcc.a(_muldivdf3.o)
                0x00036df0                __muldf3
                0x0003705c                __aeabi_ddiv
                0x00036df0                __aeabi_dmul
                0x0003705c                __divdf3
 .text          0x00037260      0x128 /media/disk/openembedded/build/tmp-angstrom_2008_1/cross/armv7a/lib/gcc/arm-angstrom-linux-gnueabi/4.3.3/libgcc.a(_cmpdf2.o)
                0x000372f4                __aeabi_cdrcmple
                0x00037374                __aeabi_dcmpgt
                0x00037268                __ltdf2
                0x00037260                __gedf2
                0x0003734c                __aeabi_dcmple
                0x00037310                __aeabi_cdcmple
                0x00037310                __aeabi_cdcmpeq
                0x00037360                __aeabi_dcmpge
                0x00037260                __gtdf2
                0x00037338                __aeabi_dcmplt
                0x00037270                __eqdf2
                0x00037324                __aeabi_dcmpeq
                0x00037268                __ledf2
                0x00037270                __cmpdf2
                0x00037270                __nedf2
 .text          0x00037388       0x5c /media/disk/openembedded/build/tmp-angstrom_2008_1/cross/armv7a/lib/gcc/arm-angstrom-linux-gnueabi/4.3.3/libgcc.a(_fixdfsi.o)
                0x00037388                __aeabi_d2iz
                0x00037388                __fixdfsi
 .text          0x000373e4       0xa0 /media/disk/openembedded/build/tmp-angstrom_2008_1/cross/armv7a/lib/gcc/arm-angstrom-linux-gnueabi/4.3.3/libgcc.a(_truncdfsf2.o)
                0x000373e4                __truncdfsf2
                0x000373e4                __aeabi_d2f
 .text          0x00037484      0x250 /media/disk/openembedded/build/tmp-angstrom_2008_1/cross/armv7a/lib/gcc/arm-angstrom-linux-gnueabi/4.3.3/libgcc.a(_addsubsf3.o)
                0x00037628                __floatsisf
                0x0003748c                __subsf3
                0x00037620                __aeabi_ui2f
                0x00037484                __aeabi_frsub
                0x0003748c                __aeabi_fsub
                0x00037648                __floatundisf
                0x00037658                __floatdisf
                0x00037628                __aeabi_i2f
                0x00037490                __addsf3
                0x00037490                __aeabi_fadd
                0x00037658                __aeabi_l2f
                0x00037648                __aeabi_ul2f
                0x00037620                __floatunsisf
 .text          0x000376d4      0x2f8 /media/disk/openembedded/build/tmp-angstrom_2008_1/cross/armv7a/lib/gcc/arm-angstrom-linux-gnueabi/4.3.3/libgcc.a(_muldivsf3.o)
                0x0003786c                __divsf3
                0x000376d4                __mulsf3
                0x0003786c                __aeabi_fdiv
                0x000376d4                __aeabi_fmul
 .text          0x000379cc       0x10 /media/disk/openembedded/build/tmp-angstrom_2008_1/cross/armv7a/lib/gcc/arm-angstrom-linux-gnueabi/4.3.3/libgcc.a(_dvmd_lnx.o)
                0x000379cc                __div0
 .text          0x000379dc       0x78 /media/disk/openembedded/build/tmp-angstrom_2008_1/sysroots/armv7a-angstrom-linux-gnueabi/usr/lib/libc_nonshared.a(elf-init.oS)
                0x000379e0                __libc_csu_init
                0x000379dc                __libc_csu_fini
 .text          0x00037a54       0x28 /media/disk/openembedded/build/tmp-angstrom_2008_1/sysroots/armv7a-angstrom-linux-gnueabi/usr/lib/libc_nonshared.a(atexit.oS)
                0x00037a54                atexit
 .text          0x00037a7c        0x0 /media/disk/openembedded/build/tmp-angstrom_2008_1/cross/armv7a/lib/gcc/arm-angstrom-linux-gnueabi/4.3.3/crtend.o
 .text          0x00037a7c        0x0 /media/disk/openembedded/build/tmp-angstrom_2008_1/sysroots/armv7a-angstrom-linux-gnueabi/usr/lib/crtn.o
 *(.gnu.warning)
 *(.glue_7t)
 .glue_7t       0x00037a7c        0x0 /media/disk/openembedded/build/tmp-angstrom_2008_1/sysroots/armv7a-angstrom-linux-gnueabi/usr/lib/crt1.o
 .glue_7t       0x00037a7c        0x0 /media/disk/openembedded/build/tmp-angstrom_2008_1/sysroots/armv7a-angstrom-linux-gnueabi/usr/lib/crti.o
 .glue_7t       0x00037a7c        0x0 /media/disk/openembedded/build/tmp-angstrom_2008_1/cross/armv7a/lib/gcc/arm-angstrom-linux-gnueabi/4.3.3/crtbegin.o
 .glue_7t       0x00037a7c        0x0 /media/disk/openembedded/build/tmp-angstrom_2008_1/sysroots/armv7a-angstrom-linux-gnueabi/lib/libpthread.so.0
 .glue_7t       0x00037a7c        0x0 /media/disk/openembedded/build/tmp-angstrom_2008_1/sysroots/armv7a-angstrom-linux-gnueabi/usr/lib/libm.so
 .glue_7t       0x00037a7c        0x0 /media/disk/openembedded/build/tmp-angstrom_2008_1/sysroots/armv7a-angstrom-linux-gnueabi/usr/lib/libopencv_ml.so
 .glue_7t       0x00037a7c        0x0 /media/disk/openembedded/build/tmp-angstrom_2008_1/sysroots/armv7a-angstrom-linux-gnueabi/usr/lib/libopencv_highgui.so
 .glue_7t       0x00037a7c        0x0 /media/disk/openembedded/build/tmp-angstrom_2008_1/sysroots/armv7a-angstrom-linux-gnueabi/usr/lib/libopencv_core.so
 .glue_7t       0x00037a7c        0x0 /media/disk/openembedded/build/tmp-angstrom_2008_1/sysroots/armv7a-angstrom-linux-gnueabi/usr/lib/libopencv_calib3d.so
 .glue_7t       0x00037a7c        0x0 /media/disk/openembedded/build/tmp-angstrom_2008_1/sysroots/armv7a-angstrom-linux-gnueabi/usr/lib/libopencv_contrib.so
 .glue_7t       0x00037a7c        0x0 /media/disk/openembedded/build/tmp-angstrom_2008_1/sysroots/armv7a-angstrom-linux-gnueabi/usr/lib/libopencv_features2d.so
 .glue_7t       0x00037a7c        0x0 /media/disk/openembedded/build/tmp-angstrom_2008_1/sysroots/armv7a-angstrom-linux-gnueabi/usr/lib/libopencv_imgproc.so
 .glue_7t       0x00037a7c        0x0 /media/disk/openembedded/build/tmp-angstrom_2008_1/sysroots/armv7a-angstrom-linux-gnueabi/usr/lib/libopencv_legacy.so
 .glue_7t       0x00037a7c        0x0 /media/disk/openembedded/build/tmp-angstrom_2008_1/sysroots/armv7a-angstrom-linux-gnueabi/usr/lib/libopencv_objdetect.so
 .glue_7t       0x00037a7c        0x0 /media/disk/openembedded/build/tmp-angstrom_2008_1/sysroots/armv7a-angstrom-linux-gnueabi/usr/lib/libopencv_video.so
 .glue_7t       0x00037a7c        0x0 linux/app.evm3530.ov5T
 .glue_7t       0x00037a7c        0x0 /media/disk/test/opencv-dsp-acceleration/dsp_opencv/beagle/apps/opencv/cfg/linux/remote_ti_platforms_evm3530/package/cfg/remote_ti_platforms_evm3530_xv5T.ov5T
 .glue_7t       0x00037a7c        0x0 /media/disk/OE/work/ti/ti-codec-engine-tree/packages/ti/sdo/ce/universal/lib/release/universal.av5T(universal_stubs.ov5T)
 .glue_7t       0x00037a7c        0x0 /media/disk/OE/work/ti/ti-codec-engine-tree/packages/ti/sdo/ce/universal/lib/release/universal.av5T(universal.ov5T)
 .glue_7t       0x00037a7c        0x0 /media/disk/OE/work/ti/ti-codec-engine-tree/packages/ti/sdo/ce/lib/release/ce.av5T(Server.ov5T)
 .glue_7t       0x00037a7c        0x0 /media/disk/OE/work/ti/ti-codec-engine-tree/packages/ti/sdo/ce/lib/release/ce.av5T(Engine.ov5T)
 .glue_7t       0x00037a7c        0x0 /media/disk/OE/work/ti/ti-codec-engine-tree/packages/ti/sdo/ce/lib/release/ce.av5T(visa.ov5T)
 .glue_7t       0x00037a7c        0x0 /media/disk/OE/work/ti/ti-codec-engine-tree/packages/ti/sdo/ce/lib/release/ce.av5T(package_ti.sdo.ce.ov5T)
 .glue_7t       0x00037a7c        0x0 /media/disk/OE/work/ti/ti-codec-engine-tree/packages/ti/sdo/ce/alg/lib/release/Algorithm_noOS.av5T(Algorithm_noOS.ov5T)
 .glue_7t       0x00037a7c        0x0 /media/disk/OE/work/ti/ti-codec-engine-tree/packages/ti/sdo/ce/alg/lib/release/alg.av5T(alg_create.ov5T)
 .glue_7t       0x00037a7c        0x0 /media/disk/OE/work/ti/ti-codec-engine-tree/packages/ti/sdo/ce/alg/lib/release/alg.av5T(alg_malloc.ov5T)
 .glue_7t       0x00037a7c        0x0 /media/disk/OE/work/ti/ti-codec-engine-tree/packages/ti/sdo/ce/ipc/dsplink/lib/release/ipc_dsplink_3530.av5T(Processor_dsplink.ov5T)
 .glue_7t       0x00037a7c        0x0 /media/disk/OE/work/ti/ti-codec-engine-tree/packages/ti/sdo/ce/ipc/dsplink/lib/release/ipc_dsplink_3530.av5T(Power_dsplink.ov5T)
 .glue_7t       0x00037a7c        0x0 /media/disk/OE/work/ti/ti-codec-engine-tree/packages/ti/sdo/ce/ipc/dsplink/lib/release/ipc_dsplink_3530.av5T(Comm_dsplink.ov5T)
 .glue_7t       0x00037a7c        0x0 /media/disk/OE/work/ti/ti-codec-engine-tree/packages/ti/sdo/ce/ipc/dsplink/lib/release/ipc_dsplink_3530.av5T(Processor_dsplink_linkcfg_OMAP3530.ov5T)
 .glue_7t       0x00037a7c        0x0 /media/disk/OE/work/ti/ti-codec-engine-tree/packages/ti/sdo/ce/ipc/dsplink/lib/release/ipc_dsplink_3530.av5T(Processor_dsplink_linkcfg_OS.ov5T)
 .glue_7t       0x00037a7c        0x0 /media/disk/OE/work/ti/ti-codec-engine-tree/packages/ti/sdo/ce/osal/linux/lib/release/osal_linux_470.av5T(LockMP_posix.ov5T)
 .glue_7t       0x00037a7c        0x0 /media/disk/OE/work/ti/ti-codec-engine-tree/packages/ti/sdo/ce/osal/linux/lib/release/osal_linux_470.av5T(Queue_posix.ov5T)
 .glue_7t       0x00037a7c        0x0 /media/disk/OE/work/ti/ti-codec-engine-tree/packages/ti/sdo/ce/osal/linux/lib/release/osal_linux_470.av5T(GT_config_libC.ov5T)
 .glue_7t       0x00037a7c        0x0 /media/disk/OE/work/ti/ti-codec-engine-tree/packages/ti/sdo/ce/osal/linux/lib/release/osal_linux_470.av5T(File_posix.ov5T)
 .glue_7t       0x00037a7c        0x0 /media/disk/OE/work/ti/ti-codec-engine-tree/packages/ti/sdo/ce/osal/linux/lib/release/osal_linux_470.av5T(Memory_cmem.ov5T)
 .glue_7t       0x00037a7c        0x0 /media/disk/OE/work/ti/ti-codec-engine-tree/packages/ti/sdo/ce/osal/linux/lib/release/osal_linux_470.av5T(Global_noOS.ov5T)
 .glue_7t       0x00037a7c        0x0 /media/disk/OE/work/ti/ti-codec-engine-tree/packages/ti/sdo/ce/osal/linux/lib/release/osal_linux_470.av5T(Thread_posix.ov5T)
 .glue_7t       0x00037a7c        0x0 /media/disk/OE/work/ti/ti-codec-engine-tree/packages/ti/sdo/ce/osal/linux/lib/release/osal_linux_470.av5T(Log_noOS.ov5T)
 .glue_7t       0x00037a7c        0x0 /media/disk/OE/work/ti/ti-codec-engine-tree/packages/ti/sdo/ce/osal/linux/lib/release/osal_linux_470.av5T(Lock_posix.ov5T)
 .glue_7t       0x00037a7c        0x0 /media/disk/OE/work/ti/ti-codec-engine-tree/packages/ti/sdo/ce/osal/linux/lib/release/osal_linux_470.av5T(GT_config_posix.ov5T)
 .glue_7t       0x00037a7c        0x0 /media/disk/OE/work/ti/ti-codec-engine-tree/packages/ti/sdo/ce/osal/linux/lib/release/osal_linux_470.av5T(SemMP_posix.ov5T)
 .glue_7t       0x00037a7c        0x0 /media/disk/OE/work/ti/ti-codec-engine-tree/packages/ti/sdo/ce/osal/linux/lib/release/osal_linux_470.av5T(Sem_posix.ov5T)
 .glue_7t       0x00037a7c        0x0 /media/disk/OE/work/ti/ti-codec-engine-tree/packages/ti/sdo/ce/utils/xdm/lib/release/XdmUtils.av5T(XdmUtils.ov5T)
 .glue_7t       0x00037a7c        0x0 /media/disk/OE/work/ti/ti-framework-components-tree/packages/ti/sdo/utils/trace/lib/release/gt.av5T(gt.ov5T)
 .glue_7t       0x00037a7c        0x0 /media/disk/OE/work/ti/ti-local-power-manager-tree/packages/ti/bios/power/lib/release/lpm_linux.av5T(lpm_api.ov5T)
 .glue_7t       0x00037a7c        0x0 /media/disk/OE/work/ti/ti-linuxutils-tree/packages/ti/sdo/linuxutils/cmem/lib/cmem.a470MV(cmem.o470MV)
 .glue_7t       0x00037a7c        0x0 /media/disk/OE/work/ti/ti-dsplink-tree/packages/dsplink/gpp/export/BIN/Linux/OMAP3530/RELEASE/dsplink.lib
 .glue_7t       0x00037a7c        0x0 lib/libopencvdsp.so
 .glue_7t       0x00037a7c        0x0 /media/disk/openembedded/build/tmp-angstrom_2008_1/cross/armv7a/lib/gcc/arm-angstrom-linux-gnueabi/4.3.3/libgcc.a(_udivsi3.o)
 .glue_7t       0x00037a7c        0x0 /media/disk/openembedded/build/tmp-angstrom_2008_1/cross/armv7a/lib/gcc/arm-angstrom-linux-gnueabi/4.3.3/libgcc.a(_addsubdf3.o)
 .glue_7t       0x00037a7c        0x0 /media/disk/openembedded/build/tmp-angstrom_2008_1/cross/armv7a/lib/gcc/arm-angstrom-linux-gnueabi/4.3.3/libgcc.a(_muldivdf3.o)
 .glue_7t       0x00037a7c        0x0 /media/disk/openembedded/build/tmp-angstrom_2008_1/cross/armv7a/lib/gcc/arm-angstrom-linux-gnueabi/4.3.3/libgcc.a(_cmpdf2.o)
 .glue_7t       0x00037a7c        0x0 /media/disk/openembedded/build/tmp-angstrom_2008_1/cross/armv7a/lib/gcc/arm-angstrom-linux-gnueabi/4.3.3/libgcc.a(_fixdfsi.o)
 .glue_7t       0x00037a7c        0x0 /media/disk/openembedded/build/tmp-angstrom_2008_1/cross/armv7a/lib/gcc/arm-angstrom-linux-gnueabi/4.3.3/libgcc.a(_truncdfsf2.o)
 .glue_7t       0x00037a7c        0x0 /media/disk/openembedded/build/tmp-angstrom_2008_1/cross/armv7a/lib/gcc/arm-angstrom-linux-gnueabi/4.3.3/libgcc.a(_addsubsf3.o)
 .glue_7t       0x00037a7c        0x0 /media/disk/openembedded/build/tmp-angstrom_2008_1/cross/armv7a/lib/gcc/arm-angstrom-linux-gnueabi/4.3.3/libgcc.a(_muldivsf3.o)
 .glue_7t       0x00037a7c        0x0 /media/disk/openembedded/build/tmp-angstrom_2008_1/cross/armv7a/lib/gcc/arm-angstrom-linux-gnueabi/4.3.3/libgcc.a(_dvmd_lnx.o)
 .glue_7t       0x00037a7c        0x0 /media/disk/openembedded/build/tmp-angstrom_2008_1/cross/armv7a/lib/gcc/arm-angstrom-linux-gnueabi/4.3.3/../../../../arm-angstrom-linux-gnueabi/lib/libgcc_s.so
 .glue_7t       0x00037a7c        0x0 /media/disk/openembedded/build/tmp-angstrom_2008_1/sysroots/armv7a-angstrom-linux-gnueabi/lib/libc.so.6
 .glue_7t       0x00037a7c        0x0 /media/disk/openembedded/build/tmp-angstrom_2008_1/sysroots/armv7a-angstrom-linux-gnueabi/usr/lib/libc_nonshared.a(elf-init.oS)
 .glue_7t       0x00037a7c        0x0 /media/disk/openembedded/build/tmp-angstrom_2008_1/sysroots/armv7a-angstrom-linux-gnueabi/usr/lib/libc_nonshared.a(atexit.oS)
 .glue_7t       0x00037a7c        0x0 /media/disk/openembedded/build/tmp-angstrom_2008_1/sysroots/armv7a-angstrom-linux-gnueabi/lib/ld-linux.so.3
 .glue_7t       0x00037a7c        0x0 /media/disk/openembedded/build/tmp-angstrom_2008_1/cross/armv7a/lib/gcc/arm-angstrom-linux-gnueabi/4.3.3/../../../../arm-angstrom-linux-gnueabi/lib/libgcc_s.so
 .glue_7t       0x00037a7c        0x0 /media/disk/openembedded/build/tmp-angstrom_2008_1/cross/armv7a/lib/gcc/arm-angstrom-linux-gnueabi/4.3.3/crtend.o
 .glue_7t       0x00037a7c        0x0 /media/disk/openembedded/build/tmp-angstrom_2008_1/sysroots/armv7a-angstrom-linux-gnueabi/usr/lib/crtn.o
 *(.glue_7)
 .glue_7        0x00037a7c        0x0 /media/disk/openembedded/build/tmp-angstrom_2008_1/sysroots/armv7a-angstrom-linux-gnueabi/usr/lib/crt1.o
 .glue_7        0x00037a7c        0x0 /media/disk/openembedded/build/tmp-angstrom_2008_1/sysroots/armv7a-angstrom-linux-gnueabi/usr/lib/crti.o
 .glue_7        0x00037a7c        0x0 /media/disk/openembedded/build/tmp-angstrom_2008_1/cross/armv7a/lib/gcc/arm-angstrom-linux-gnueabi/4.3.3/crtbegin.o
 .glue_7        0x00037a7c        0x0 /media/disk/openembedded/build/tmp-angstrom_2008_1/sysroots/armv7a-angstrom-linux-gnueabi/lib/libpthread.so.0
 .glue_7        0x00037a7c        0x0 /media/disk/openembedded/build/tmp-angstrom_2008_1/sysroots/armv7a-angstrom-linux-gnueabi/usr/lib/libm.so
 .glue_7        0x00037a7c        0x0 /media/disk/openembedded/build/tmp-angstrom_2008_1/sysroots/armv7a-angstrom-linux-gnueabi/usr/lib/libopencv_ml.so
 .glue_7        0x00037a7c        0x0 /media/disk/openembedded/build/tmp-angstrom_2008_1/sysroots/armv7a-angstrom-linux-gnueabi/usr/lib/libopencv_highgui.so
 .glue_7        0x00037a7c        0x0 /media/disk/openembedded/build/tmp-angstrom_2008_1/sysroots/armv7a-angstrom-linux-gnueabi/usr/lib/libopencv_core.so
 .glue_7        0x00037a7c        0x0 /media/disk/openembedded/build/tmp-angstrom_2008_1/sysroots/armv7a-angstrom-linux-gnueabi/usr/lib/libopencv_calib3d.so
 .glue_7        0x00037a7c        0x0 /media/disk/openembedded/build/tmp-angstrom_2008_1/sysroots/armv7a-angstrom-linux-gnueabi/usr/lib/libopencv_contrib.so
 .glue_7        0x00037a7c        0x0 /media/disk/openembedded/build/tmp-angstrom_2008_1/sysroots/armv7a-angstrom-linux-gnueabi/usr/lib/libopencv_features2d.so
 .glue_7        0x00037a7c        0x0 /media/disk/openembedded/build/tmp-angstrom_2008_1/sysroots/armv7a-angstrom-linux-gnueabi/usr/lib/libopencv_imgproc.so
 .glue_7        0x00037a7c        0x0 /media/disk/openembedded/build/tmp-angstrom_2008_1/sysroots/armv7a-angstrom-linux-gnueabi/usr/lib/libopencv_legacy.so
 .glue_7        0x00037a7c        0x0 /media/disk/openembedded/build/tmp-angstrom_2008_1/sysroots/armv7a-angstrom-linux-gnueabi/usr/lib/libopencv_objdetect.so
 .glue_7        0x00037a7c        0x0 /media/disk/openembedded/build/tmp-angstrom_2008_1/sysroots/armv7a-angstrom-linux-gnueabi/usr/lib/libopencv_video.so
 .glue_7        0x00037a7c        0x0 linux/app.evm3530.ov5T
 .glue_7        0x00037a7c        0x0 /media/disk/test/opencv-dsp-acceleration/dsp_opencv/beagle/apps/opencv/cfg/linux/remote_ti_platforms_evm3530/package/cfg/remote_ti_platforms_evm3530_xv5T.ov5T
 .glue_7        0x00037a7c        0x0 /media/disk/OE/work/ti/ti-codec-engine-tree/packages/ti/sdo/ce/universal/lib/release/universal.av5T(universal_stubs.ov5T)
 .glue_7        0x00037a7c        0x0 /media/disk/OE/work/ti/ti-codec-engine-tree/packages/ti/sdo/ce/universal/lib/release/universal.av5T(universal.ov5T)
 .glue_7        0x00037a7c        0x0 /media/disk/OE/work/ti/ti-codec-engine-tree/packages/ti/sdo/ce/lib/release/ce.av5T(Server.ov5T)
 .glue_7        0x00037a7c        0x0 /media/disk/OE/work/ti/ti-codec-engine-tree/packages/ti/sdo/ce/lib/release/ce.av5T(Engine.ov5T)
 .glue_7        0x00037a7c        0x0 /media/disk/OE/work/ti/ti-codec-engine-tree/packages/ti/sdo/ce/lib/release/ce.av5T(visa.ov5T)
 .glue_7        0x00037a7c        0x0 /media/disk/OE/work/ti/ti-codec-engine-tree/packages/ti/sdo/ce/lib/release/ce.av5T(package_ti.sdo.ce.ov5T)
 .glue_7        0x00037a7c        0x0 /media/disk/OE/work/ti/ti-codec-engine-tree/packages/ti/sdo/ce/alg/lib/release/Algorithm_noOS.av5T(Algorithm_noOS.ov5T)
 .glue_7        0x00037a7c        0x0 /media/disk/OE/work/ti/ti-codec-engine-tree/packages/ti/sdo/ce/alg/lib/release/alg.av5T(alg_create.ov5T)
 .glue_7        0x00037a7c        0x0 /media/disk/OE/work/ti/ti-codec-engine-tree/packages/ti/sdo/ce/alg/lib/release/alg.av5T(alg_malloc.ov5T)
 .glue_7        0x00037a7c        0x0 /media/disk/OE/work/ti/ti-codec-engine-tree/packages/ti/sdo/ce/ipc/dsplink/lib/release/ipc_dsplink_3530.av5T(Processor_dsplink.ov5T)
 .glue_7        0x00037a7c        0x0 /media/disk/OE/work/ti/ti-codec-engine-tree/packages/ti/sdo/ce/ipc/dsplink/lib/release/ipc_dsplink_3530.av5T(Power_dsplink.ov5T)
 .glue_7        0x00037a7c        0x0 /media/disk/OE/work/ti/ti-codec-engine-tree/packages/ti/sdo/ce/ipc/dsplink/lib/release/ipc_dsplink_3530.av5T(Comm_dsplink.ov5T)
 .glue_7        0x00037a7c        0x0 /media/disk/OE/work/ti/ti-codec-engine-tree/packages/ti/sdo/ce/ipc/dsplink/lib/release/ipc_dsplink_3530.av5T(Processor_dsplink_linkcfg_OMAP3530.ov5T)
 .glue_7        0x00037a7c        0x0 /media/disk/OE/work/ti/ti-codec-engine-tree/packages/ti/sdo/ce/ipc/dsplink/lib/release/ipc_dsplink_3530.av5T(Processor_dsplink_linkcfg_OS.ov5T)
 .glue_7        0x00037a7c        0x0 /media/disk/OE/work/ti/ti-codec-engine-tree/packages/ti/sdo/ce/osal/linux/lib/release/osal_linux_470.av5T(LockMP_posix.ov5T)
 .glue_7        0x00037a7c        0x0 /media/disk/OE/work/ti/ti-codec-engine-tree/packages/ti/sdo/ce/osal/linux/lib/release/osal_linux_470.av5T(Queue_posix.ov5T)
 .glue_7        0x00037a7c        0x0 /media/disk/OE/work/ti/ti-codec-engine-tree/packages/ti/sdo/ce/osal/linux/lib/release/osal_linux_470.av5T(GT_config_libC.ov5T)
 .glue_7        0x00037a7c        0x0 /media/disk/OE/work/ti/ti-codec-engine-tree/packages/ti/sdo/ce/osal/linux/lib/release/osal_linux_470.av5T(File_posix.ov5T)
 .glue_7        0x00037a7c        0x0 /media/disk/OE/work/ti/ti-codec-engine-tree/packages/ti/sdo/ce/osal/linux/lib/release/osal_linux_470.av5T(Memory_cmem.ov5T)
 .glue_7        0x00037a7c        0x0 /media/disk/OE/work/ti/ti-codec-engine-tree/packages/ti/sdo/ce/osal/linux/lib/release/osal_linux_470.av5T(Global_noOS.ov5T)
 .glue_7        0x00037a7c        0x0 /media/disk/OE/work/ti/ti-codec-engine-tree/packages/ti/sdo/ce/osal/linux/lib/release/osal_linux_470.av5T(Thread_posix.ov5T)
 .glue_7        0x00037a7c        0x0 /media/disk/OE/work/ti/ti-codec-engine-tree/packages/ti/sdo/ce/osal/linux/lib/release/osal_linux_470.av5T(Log_noOS.ov5T)
 .glue_7        0x00037a7c        0x0 /media/disk/OE/work/ti/ti-codec-engine-tree/packages/ti/sdo/ce/osal/linux/lib/release/osal_linux_470.av5T(Lock_posix.ov5T)
 .glue_7        0x00037a7c        0x0 /media/disk/OE/work/ti/ti-codec-engine-tree/packages/ti/sdo/ce/osal/linux/lib/release/osal_linux_470.av5T(GT_config_posix.ov5T)
 .glue_7        0x00037a7c        0x0 /media/disk/OE/work/ti/ti-codec-engine-tree/packages/ti/sdo/ce/osal/linux/lib/release/osal_linux_470.av5T(SemMP_posix.ov5T)
 .glue_7        0x00037a7c        0x0 /media/disk/OE/work/ti/ti-codec-engine-tree/packages/ti/sdo/ce/osal/linux/lib/release/osal_linux_470.av5T(Sem_posix.ov5T)
 .glue_7        0x00037a7c        0x0 /media/disk/OE/work/ti/ti-codec-engine-tree/packages/ti/sdo/ce/utils/xdm/lib/release/XdmUtils.av5T(XdmUtils.ov5T)
 .glue_7        0x00037a7c        0x0 /media/disk/OE/work/ti/ti-framework-components-tree/packages/ti/sdo/utils/trace/lib/release/gt.av5T(gt.ov5T)
 .glue_7        0x00037a7c        0x0 /media/disk/OE/work/ti/ti-local-power-manager-tree/packages/ti/bios/power/lib/release/lpm_linux.av5T(lpm_api.ov5T)
 .glue_7        0x00037a7c        0x0 /media/disk/OE/work/ti/ti-linuxutils-tree/packages/ti/sdo/linuxutils/cmem/lib/cmem.a470MV(cmem.o470MV)
 .glue_7        0x00037a7c        0x0 /media/disk/OE/work/ti/ti-dsplink-tree/packages/dsplink/gpp/export/BIN/Linux/OMAP3530/RELEASE/dsplink.lib
 .glue_7        0x00037a7c        0x0 lib/libopencvdsp.so
 .glue_7        0x00037a7c        0x0 /media/disk/openembedded/build/tmp-angstrom_2008_1/cross/armv7a/lib/gcc/arm-angstrom-linux-gnueabi/4.3.3/libgcc.a(_udivsi3.o)
 .glue_7        0x00037a7c        0x0 /media/disk/openembedded/build/tmp-angstrom_2008_1/cross/armv7a/lib/gcc/arm-angstrom-linux-gnueabi/4.3.3/libgcc.a(_addsubdf3.o)
 .glue_7        0x00037a7c        0x0 /media/disk/openembedded/build/tmp-angstrom_2008_1/cross/armv7a/lib/gcc/arm-angstrom-linux-gnueabi/4.3.3/libgcc.a(_muldivdf3.o)
 .glue_7        0x00037a7c        0x0 /media/disk/openembedded/build/tmp-angstrom_2008_1/cross/armv7a/lib/gcc/arm-angstrom-linux-gnueabi/4.3.3/libgcc.a(_cmpdf2.o)
 .glue_7        0x00037a7c        0x0 /media/disk/openembedded/build/tmp-angstrom_2008_1/cross/armv7a/lib/gcc/arm-angstrom-linux-gnueabi/4.3.3/libgcc.a(_fixdfsi.o)
 .glue_7        0x00037a7c        0x0 /media/disk/openembedded/build/tmp-angstrom_2008_1/cross/armv7a/lib/gcc/arm-angstrom-linux-gnueabi/4.3.3/libgcc.a(_truncdfsf2.o)
 .glue_7        0x00037a7c        0x0 /media/disk/openembedded/build/tmp-angstrom_2008_1/cross/armv7a/lib/gcc/arm-angstrom-linux-gnueabi/4.3.3/libgcc.a(_addsubsf3.o)
 .glue_7        0x00037a7c        0x0 /media/disk/openembedded/build/tmp-angstrom_2008_1/cross/armv7a/lib/gcc/arm-angstrom-linux-gnueabi/4.3.3/libgcc.a(_muldivsf3.o)
 .glue_7        0x00037a7c        0x0 /media/disk/openembedded/build/tmp-angstrom_2008_1/cross/armv7a/lib/gcc/arm-angstrom-linux-gnueabi/4.3.3/libgcc.a(_dvmd_lnx.o)
 .glue_7        0x00037a7c        0x0 /media/disk/openembedded/build/tmp-angstrom_2008_1/cross/armv7a/lib/gcc/arm-angstrom-linux-gnueabi/4.3.3/../../../../arm-angstrom-linux-gnueabi/lib/libgcc_s.so
 .glue_7        0x00037a7c        0x0 /media/disk/openembedded/build/tmp-angstrom_2008_1/sysroots/armv7a-angstrom-linux-gnueabi/lib/libc.so.6
 .glue_7        0x00037a7c        0x0 /media/disk/openembedded/build/tmp-angstrom_2008_1/sysroots/armv7a-angstrom-linux-gnueabi/usr/lib/libc_nonshared.a(elf-init.oS)
 .glue_7        0x00037a7c        0x0 /media/disk/openembedded/build/tmp-angstrom_2008_1/sysroots/armv7a-angstrom-linux-gnueabi/usr/lib/libc_nonshared.a(atexit.oS)
 .glue_7        0x00037a7c        0x0 /media/disk/openembedded/build/tmp-angstrom_2008_1/sysroots/armv7a-angstrom-linux-gnueabi/lib/ld-linux.so.3
 .glue_7        0x00037a7c        0x0 /media/disk/openembedded/build/tmp-angstrom_2008_1/cross/armv7a/lib/gcc/arm-angstrom-linux-gnueabi/4.3.3/../../../../arm-angstrom-linux-gnueabi/lib/libgcc_s.so
 .glue_7        0x00037a7c        0x0 /media/disk/openembedded/build/tmp-angstrom_2008_1/cross/armv7a/lib/gcc/arm-angstrom-linux-gnueabi/4.3.3/crtend.o
 .glue_7        0x00037a7c        0x0 /media/disk/openembedded/build/tmp-angstrom_2008_1/sysroots/armv7a-angstrom-linux-gnueabi/usr/lib/crtn.o
 *(.vfp11_veneer)
 .vfp11_veneer  0x00037a7c        0x0 /media/disk/openembedded/build/tmp-angstrom_2008_1/sysroots/armv7a-angstrom-linux-gnueabi/usr/lib/crt1.o
 .vfp11_veneer  0x00037a7c        0x0 /media/disk/openembedded/build/tmp-angstrom_2008_1/sysroots/armv7a-angstrom-linux-gnueabi/usr/lib/crti.o
 .vfp11_veneer  0x00037a7c        0x0 /media/disk/openembedded/build/tmp-angstrom_2008_1/cross/armv7a/lib/gcc/arm-angstrom-linux-gnueabi/4.3.3/crtbegin.o
 .vfp11_veneer  0x00037a7c        0x0 /media/disk/openembedded/build/tmp-angstrom_2008_1/sysroots/armv7a-angstrom-linux-gnueabi/lib/libpthread.so.0
 .vfp11_veneer  0x00037a7c        0x0 /media/disk/openembedded/build/tmp-angstrom_2008_1/sysroots/armv7a-angstrom-linux-gnueabi/usr/lib/libm.so
 .vfp11_veneer  0x00037a7c        0x0 /media/disk/openembedded/build/tmp-angstrom_2008_1/sysroots/armv7a-angstrom-linux-gnueabi/usr/lib/libopencv_ml.so
 .vfp11_veneer  0x00037a7c        0x0 /media/disk/openembedded/build/tmp-angstrom_2008_1/sysroots/armv7a-angstrom-linux-gnueabi/usr/lib/libopencv_highgui.so
 .vfp11_veneer  0x00037a7c        0x0 /media/disk/openembedded/build/tmp-angstrom_2008_1/sysroots/armv7a-angstrom-linux-gnueabi/usr/lib/libopencv_core.so
 .vfp11_veneer  0x00037a7c        0x0 /media/disk/openembedded/build/tmp-angstrom_2008_1/sysroots/armv7a-angstrom-linux-gnueabi/usr/lib/libopencv_calib3d.so
 .vfp11_veneer  0x00037a7c        0x0 /media/disk/openembedded/build/tmp-angstrom_2008_1/sysroots/armv7a-angstrom-linux-gnueabi/usr/lib/libopencv_contrib.so
 .vfp11_veneer  0x00037a7c        0x0 /media/disk/openembedded/build/tmp-angstrom_2008_1/sysroots/armv7a-angstrom-linux-gnueabi/usr/lib/libopencv_features2d.so
 .vfp11_veneer  0x00037a7c        0x0 /media/disk/openembedded/build/tmp-angstrom_2008_1/sysroots/armv7a-angstrom-linux-gnueabi/usr/lib/libopencv_imgproc.so
 .vfp11_veneer  0x00037a7c        0x0 /media/disk/openembedded/build/tmp-angstrom_2008_1/sysroots/armv7a-angstrom-linux-gnueabi/usr/lib/libopencv_legacy.so
 .vfp11_veneer  0x00037a7c        0x0 /media/disk/openembedded/build/tmp-angstrom_2008_1/sysroots/armv7a-angstrom-linux-gnueabi/usr/lib/libopencv_objdetect.so
 .vfp11_veneer  0x00037a7c        0x0 /media/disk/openembedded/build/tmp-angstrom_2008_1/sysroots/armv7a-angstrom-linux-gnueabi/usr/lib/libopencv_video.so
 .vfp11_veneer  0x00037a7c        0x0 linux/app.evm3530.ov5T
 .vfp11_veneer  0x00037a7c        0x0 /media/disk/test/opencv-dsp-acceleration/dsp_opencv/beagle/apps/opencv/cfg/linux/remote_ti_platforms_evm3530/package/cfg/remote_ti_platforms_evm3530_xv5T.ov5T
 .vfp11_veneer  0x00037a7c        0x0 /media/disk/OE/work/ti/ti-codec-engine-tree/packages/ti/sdo/ce/universal/lib/release/universal.av5T(universal_stubs.ov5T)
 .vfp11_veneer  0x00037a7c        0x0 /media/disk/OE/work/ti/ti-codec-engine-tree/packages/ti/sdo/ce/universal/lib/release/universal.av5T(universal.ov5T)
 .vfp11_veneer  0x00037a7c        0x0 /media/disk/OE/work/ti/ti-codec-engine-tree/packages/ti/sdo/ce/lib/release/ce.av5T(Server.ov5T)
 .vfp11_veneer  0x00037a7c        0x0 /media/disk/OE/work/ti/ti-codec-engine-tree/packages/ti/sdo/ce/lib/release/ce.av5T(Engine.ov5T)
 .vfp11_veneer  0x00037a7c        0x0 /media/disk/OE/work/ti/ti-codec-engine-tree/packages/ti/sdo/ce/lib/release/ce.av5T(visa.ov5T)
 .vfp11_veneer  0x00037a7c        0x0 /media/disk/OE/work/ti/ti-codec-engine-tree/packages/ti/sdo/ce/lib/release/ce.av5T(package_ti.sdo.ce.ov5T)
 .vfp11_veneer  0x00037a7c        0x0 /media/disk/OE/work/ti/ti-codec-engine-tree/packages/ti/sdo/ce/alg/lib/release/Algorithm_noOS.av5T(Algorithm_noOS.ov5T)
 .vfp11_veneer  0x00037a7c        0x0 /media/disk/OE/work/ti/ti-codec-engine-tree/packages/ti/sdo/ce/alg/lib/release/alg.av5T(alg_create.ov5T)
 .vfp11_veneer  0x00037a7c        0x0 /media/disk/OE/work/ti/ti-codec-engine-tree/packages/ti/sdo/ce/alg/lib/release/alg.av5T(alg_malloc.ov5T)
 .vfp11_veneer  0x00037a7c        0x0 /media/disk/OE/work/ti/ti-codec-engine-tree/packages/ti/sdo/ce/ipc/dsplink/lib/release/ipc_dsplink_3530.av5T(Processor_dsplink.ov5T)
 .vfp11_veneer  0x00037a7c        0x0 /media/disk/OE/work/ti/ti-codec-engine-tree/packages/ti/sdo/ce/ipc/dsplink/lib/release/ipc_dsplink_3530.av5T(Power_dsplink.ov5T)
 .vfp11_veneer  0x00037a7c        0x0 /media/disk/OE/work/ti/ti-codec-engine-tree/packages/ti/sdo/ce/ipc/dsplink/lib/release/ipc_dsplink_3530.av5T(Comm_dsplink.ov5T)
 .vfp11_veneer  0x00037a7c        0x0 /media/disk/OE/work/ti/ti-codec-engine-tree/packages/ti/sdo/ce/ipc/dsplink/lib/release/ipc_dsplink_3530.av5T(Processor_dsplink_linkcfg_OMAP3530.ov5T)
 .vfp11_veneer  0x00037a7c        0x0 /media/disk/OE/work/ti/ti-codec-engine-tree/packages/ti/sdo/ce/ipc/dsplink/lib/release/ipc_dsplink_3530.av5T(Processor_dsplink_linkcfg_OS.ov5T)
 .vfp11_veneer  0x00037a7c        0x0 /media/disk/OE/work/ti/ti-codec-engine-tree/packages/ti/sdo/ce/osal/linux/lib/release/osal_linux_470.av5T(LockMP_posix.ov5T)
 .vfp11_veneer  0x00037a7c        0x0 /media/disk/OE/work/ti/ti-codec-engine-tree/packages/ti/sdo/ce/osal/linux/lib/release/osal_linux_470.av5T(Queue_posix.ov5T)
 .vfp11_veneer  0x00037a7c        0x0 /media/disk/OE/work/ti/ti-codec-engine-tree/packages/ti/sdo/ce/osal/linux/lib/release/osal_linux_470.av5T(GT_config_libC.ov5T)
 .vfp11_veneer  0x00037a7c        0x0 /media/disk/OE/work/ti/ti-codec-engine-tree/packages/ti/sdo/ce/osal/linux/lib/release/osal_linux_470.av5T(File_posix.ov5T)
 .vfp11_veneer  0x00037a7c        0x0 /media/disk/OE/work/ti/ti-codec-engine-tree/packages/ti/sdo/ce/osal/linux/lib/release/osal_linux_470.av5T(Memory_cmem.ov5T)
 .vfp11_veneer  0x00037a7c        0x0 /media/disk/OE/work/ti/ti-codec-engine-tree/packages/ti/sdo/ce/osal/linux/lib/release/osal_linux_470.av5T(Global_noOS.ov5T)
 .vfp11_veneer  0x00037a7c        0x0 /media/disk/OE/work/ti/ti-codec-engine-tree/packages/ti/sdo/ce/osal/linux/lib/release/osal_linux_470.av5T(Thread_posix.ov5T)
 .vfp11_veneer  0x00037a7c        0x0 /media/disk/OE/work/ti/ti-codec-engine-tree/packages/ti/sdo/ce/osal/linux/lib/release/osal_linux_470.av5T(Log_noOS.ov5T)
 .vfp11_veneer  0x00037a7c        0x0 /media/disk/OE/work/ti/ti-codec-engine-tree/packages/ti/sdo/ce/osal/linux/lib/release/osal_linux_470.av5T(Lock_posix.ov5T)
 .vfp11_veneer  0x00037a7c        0x0 /media/disk/OE/work/ti/ti-codec-engine-tree/packages/ti/sdo/ce/osal/linux/lib/release/osal_linux_470.av5T(GT_config_posix.ov5T)
 .vfp11_veneer  0x00037a7c        0x0 /media/disk/OE/work/ti/ti-codec-engine-tree/packages/ti/sdo/ce/osal/linux/lib/release/osal_linux_470.av5T(SemMP_posix.ov5T)
 .vfp11_veneer  0x00037a7c        0x0 /media/disk/OE/work/ti/ti-codec-engine-tree/packages/ti/sdo/ce/osal/linux/lib/release/osal_linux_470.av5T(Sem_posix.ov5T)
 .vfp11_veneer  0x00037a7c        0x0 /media/disk/OE/work/ti/ti-codec-engine-tree/packages/ti/sdo/ce/utils/xdm/lib/release/XdmUtils.av5T(XdmUtils.ov5T)
 .vfp11_veneer  0x00037a7c        0x0 /media/disk/OE/work/ti/ti-framework-components-tree/packages/ti/sdo/utils/trace/lib/release/gt.av5T(gt.ov5T)
 .vfp11_veneer  0x00037a7c        0x0 /media/disk/OE/work/ti/ti-local-power-manager-tree/packages/ti/bios/power/lib/release/lpm_linux.av5T(lpm_api.ov5T)
 .vfp11_veneer  0x00037a7c        0x0 /media/disk/OE/work/ti/ti-linuxutils-tree/packages/ti/sdo/linuxutils/cmem/lib/cmem.a470MV(cmem.o470MV)
 .vfp11_veneer  0x00037a7c        0x0 /media/disk/OE/work/ti/ti-dsplink-tree/packages/dsplink/gpp/export/BIN/Linux/OMAP3530/RELEASE/dsplink.lib
 .vfp11_veneer  0x00037a7c        0x0 lib/libopencvdsp.so
 .vfp11_veneer  0x00037a7c        0x0 /media/disk/openembedded/build/tmp-angstrom_2008_1/cross/armv7a/lib/gcc/arm-angstrom-linux-gnueabi/4.3.3/libgcc.a(_udivsi3.o)
 .vfp11_veneer  0x00037a7c        0x0 /media/disk/openembedded/build/tmp-angstrom_2008_1/cross/armv7a/lib/gcc/arm-angstrom-linux-gnueabi/4.3.3/libgcc.a(_addsubdf3.o)
 .vfp11_veneer  0x00037a7c        0x0 /media/disk/openembedded/build/tmp-angstrom_2008_1/cross/armv7a/lib/gcc/arm-angstrom-linux-gnueabi/4.3.3/libgcc.a(_muldivdf3.o)
 .vfp11_veneer  0x00037a7c        0x0 /media/disk/openembedded/build/tmp-angstrom_2008_1/cross/armv7a/lib/gcc/arm-angstrom-linux-gnueabi/4.3.3/libgcc.a(_cmpdf2.o)
 .vfp11_veneer  0x00037a7c        0x0 /media/disk/openembedded/build/tmp-angstrom_2008_1/cross/armv7a/lib/gcc/arm-angstrom-linux-gnueabi/4.3.3/libgcc.a(_fixdfsi.o)
 .vfp11_veneer  0x00037a7c        0x0 /media/disk/openembedded/build/tmp-angstrom_2008_1/cross/armv7a/lib/gcc/arm-angstrom-linux-gnueabi/4.3.3/libgcc.a(_truncdfsf2.o)
 .vfp11_veneer  0x00037a7c        0x0 /media/disk/openembedded/build/tmp-angstrom_2008_1/cross/armv7a/lib/gcc/arm-angstrom-linux-gnueabi/4.3.3/libgcc.a(_addsubsf3.o)
 .vfp11_veneer  0x00037a7c        0x0 /media/disk/openembedded/build/tmp-angstrom_2008_1/cross/armv7a/lib/gcc/arm-angstrom-linux-gnueabi/4.3.3/libgcc.a(_muldivsf3.o)
 .vfp11_veneer  0x00037a7c        0x0 /media/disk/openembedded/build/tmp-angstrom_2008_1/cross/armv7a/lib/gcc/arm-angstrom-linux-gnueabi/4.3.3/libgcc.a(_dvmd_lnx.o)
 .vfp11_veneer  0x00037a7c        0x0 /media/disk/openembedded/build/tmp-angstrom_2008_1/cross/armv7a/lib/gcc/arm-angstrom-linux-gnueabi/4.3.3/../../../../arm-angstrom-linux-gnueabi/lib/libgcc_s.so
 .vfp11_veneer  0x00037a7c        0x0 /media/disk/openembedded/build/tmp-angstrom_2008_1/sysroots/armv7a-angstrom-linux-gnueabi/lib/libc.so.6
 .vfp11_veneer  0x00037a7c        0x0 /media/disk/openembedded/build/tmp-angstrom_2008_1/sysroots/armv7a-angstrom-linux-gnueabi/usr/lib/libc_nonshared.a(elf-init.oS)
 .vfp11_veneer  0x00037a7c        0x0 /media/disk/openembedded/build/tmp-angstrom_2008_1/sysroots/armv7a-angstrom-linux-gnueabi/usr/lib/libc_nonshared.a(atexit.oS)
 .vfp11_veneer  0x00037a7c        0x0 /media/disk/openembedded/build/tmp-angstrom_2008_1/sysroots/armv7a-angstrom-linux-gnueabi/lib/ld-linux.so.3
 .vfp11_veneer  0x00037a7c        0x0 /media/disk/openembedded/build/tmp-angstrom_2008_1/cross/armv7a/lib/gcc/arm-angstrom-linux-gnueabi/4.3.3/../../../../arm-angstrom-linux-gnueabi/lib/libgcc_s.so
 .vfp11_veneer  0x00037a7c        0x0 /media/disk/openembedded/build/tmp-angstrom_2008_1/cross/armv7a/lib/gcc/arm-angstrom-linux-gnueabi/4.3.3/crtend.o
 .vfp11_veneer  0x00037a7c        0x0 /media/disk/openembedded/build/tmp-angstrom_2008_1/sysroots/armv7a-angstrom-linux-gnueabi/usr/lib/crtn.o
 *(.v4_bx)
 .v4_bx         0x00037a7c        0x0 /media/disk/openembedded/build/tmp-angstrom_2008_1/sysroots/armv7a-angstrom-linux-gnueabi/usr/lib/crt1.o
 .v4_bx         0x00037a7c        0x0 /media/disk/openembedded/build/tmp-angstrom_2008_1/sysroots/armv7a-angstrom-linux-gnueabi/usr/lib/crti.o
 .v4_bx         0x00037a7c        0x0 /media/disk/openembedded/build/tmp-angstrom_2008_1/cross/armv7a/lib/gcc/arm-angstrom-linux-gnueabi/4.3.3/crtbegin.o
 .v4_bx         0x00037a7c        0x0 /media/disk/openembedded/build/tmp-angstrom_2008_1/sysroots/armv7a-angstrom-linux-gnueabi/lib/libpthread.so.0
 .v4_bx         0x00037a7c        0x0 /media/disk/openembedded/build/tmp-angstrom_2008_1/sysroots/armv7a-angstrom-linux-gnueabi/usr/lib/libm.so
 .v4_bx         0x00037a7c        0x0 /media/disk/openembedded/build/tmp-angstrom_2008_1/sysroots/armv7a-angstrom-linux-gnueabi/usr/lib/libopencv_ml.so
 .v4_bx         0x00037a7c        0x0 /media/disk/openembedded/build/tmp-angstrom_2008_1/sysroots/armv7a-angstrom-linux-gnueabi/usr/lib/libopencv_highgui.so
 .v4_bx         0x00037a7c        0x0 /media/disk/openembedded/build/tmp-angstrom_2008_1/sysroots/armv7a-angstrom-linux-gnueabi/usr/lib/libopencv_core.so
 .v4_bx         0x00037a7c        0x0 /media/disk/openembedded/build/tmp-angstrom_2008_1/sysroots/armv7a-angstrom-linux-gnueabi/usr/lib/libopencv_calib3d.so
 .v4_bx         0x00037a7c        0x0 /media/disk/openembedded/build/tmp-angstrom_2008_1/sysroots/armv7a-angstrom-linux-gnueabi/usr/lib/libopencv_contrib.so
 .v4_bx         0x00037a7c        0x0 /media/disk/openembedded/build/tmp-angstrom_2008_1/sysroots/armv7a-angstrom-linux-gnueabi/usr/lib/libopencv_features2d.so
 .v4_bx         0x00037a7c        0x0 /media/disk/openembedded/build/tmp-angstrom_2008_1/sysroots/armv7a-angstrom-linux-gnueabi/usr/lib/libopencv_imgproc.so
 .v4_bx         0x00037a7c        0x0 /media/disk/openembedded/build/tmp-angstrom_2008_1/sysroots/armv7a-angstrom-linux-gnueabi/usr/lib/libopencv_legacy.so
 .v4_bx         0x00037a7c        0x0 /media/disk/openembedded/build/tmp-angstrom_2008_1/sysroots/armv7a-angstrom-linux-gnueabi/usr/lib/libopencv_objdetect.so
 .v4_bx         0x00037a7c        0x0 /media/disk/openembedded/build/tmp-angstrom_2008_1/sysroots/armv7a-angstrom-linux-gnueabi/usr/lib/libopencv_video.so
 .v4_bx         0x00037a7c        0x0 linux/app.evm3530.ov5T
 .v4_bx         0x00037a7c        0x0 /media/disk/test/opencv-dsp-acceleration/dsp_opencv/beagle/apps/opencv/cfg/linux/remote_ti_platforms_evm3530/package/cfg/remote_ti_platforms_evm3530_xv5T.ov5T
 .v4_bx         0x00037a7c        0x0 /media/disk/OE/work/ti/ti-codec-engine-tree/packages/ti/sdo/ce/universal/lib/release/universal.av5T(universal_stubs.ov5T)
 .v4_bx         0x00037a7c        0x0 /media/disk/OE/work/ti/ti-codec-engine-tree/packages/ti/sdo/ce/universal/lib/release/universal.av5T(universal.ov5T)
 .v4_bx         0x00037a7c        0x0 /media/disk/OE/work/ti/ti-codec-engine-tree/packages/ti/sdo/ce/lib/release/ce.av5T(Server.ov5T)
 .v4_bx         0x00037a7c        0x0 /media/disk/OE/work/ti/ti-codec-engine-tree/packages/ti/sdo/ce/lib/release/ce.av5T(Engine.ov5T)
 .v4_bx         0x00037a7c        0x0 /media/disk/OE/work/ti/ti-codec-engine-tree/packages/ti/sdo/ce/lib/release/ce.av5T(visa.ov5T)
 .v4_bx         0x00037a7c        0x0 /media/disk/OE/work/ti/ti-codec-engine-tree/packages/ti/sdo/ce/lib/release/ce.av5T(package_ti.sdo.ce.ov5T)
 .v4_bx         0x00037a7c        0x0 /media/disk/OE/work/ti/ti-codec-engine-tree/packages/ti/sdo/ce/alg/lib/release/Algorithm_noOS.av5T(Algorithm_noOS.ov5T)
 .v4_bx         0x00037a7c        0x0 /media/disk/OE/work/ti/ti-codec-engine-tree/packages/ti/sdo/ce/alg/lib/release/alg.av5T(alg_create.ov5T)
 .v4_bx         0x00037a7c        0x0 /media/disk/OE/work/ti/ti-codec-engine-tree/packages/ti/sdo/ce/alg/lib/release/alg.av5T(alg_malloc.ov5T)
 .v4_bx         0x00037a7c        0x0 /media/disk/OE/work/ti/ti-codec-engine-tree/packages/ti/sdo/ce/ipc/dsplink/lib/release/ipc_dsplink_3530.av5T(Processor_dsplink.ov5T)
 .v4_bx         0x00037a7c        0x0 /media/disk/OE/work/ti/ti-codec-engine-tree/packages/ti/sdo/ce/ipc/dsplink/lib/release/ipc_dsplink_3530.av5T(Power_dsplink.ov5T)
 .v4_bx         0x00037a7c        0x0 /media/disk/OE/work/ti/ti-codec-engine-tree/packages/ti/sdo/ce/ipc/dsplink/lib/release/ipc_dsplink_3530.av5T(Comm_dsplink.ov5T)
 .v4_bx         0x00037a7c        0x0 /media/disk/OE/work/ti/ti-codec-engine-tree/packages/ti/sdo/ce/ipc/dsplink/lib/release/ipc_dsplink_3530.av5T(Processor_dsplink_linkcfg_OMAP3530.ov5T)
 .v4_bx         0x00037a7c        0x0 /media/disk/OE/work/ti/ti-codec-engine-tree/packages/ti/sdo/ce/ipc/dsplink/lib/release/ipc_dsplink_3530.av5T(Processor_dsplink_linkcfg_OS.ov5T)
 .v4_bx         0x00037a7c        0x0 /media/disk/OE/work/ti/ti-codec-engine-tree/packages/ti/sdo/ce/osal/linux/lib/release/osal_linux_470.av5T(LockMP_posix.ov5T)
 .v4_bx         0x00037a7c        0x0 /media/disk/OE/work/ti/ti-codec-engine-tree/packages/ti/sdo/ce/osal/linux/lib/release/osal_linux_470.av5T(Queue_posix.ov5T)
 .v4_bx         0x00037a7c        0x0 /media/disk/OE/work/ti/ti-codec-engine-tree/packages/ti/sdo/ce/osal/linux/lib/release/osal_linux_470.av5T(GT_config_libC.ov5T)
 .v4_bx         0x00037a7c        0x0 /media/disk/OE/work/ti/ti-codec-engine-tree/packages/ti/sdo/ce/osal/linux/lib/release/osal_linux_470.av5T(File_posix.ov5T)
 .v4_bx         0x00037a7c        0x0 /media/disk/OE/work/ti/ti-codec-engine-tree/packages/ti/sdo/ce/osal/linux/lib/release/osal_linux_470.av5T(Memory_cmem.ov5T)
 .v4_bx         0x00037a7c        0x0 /media/disk/OE/work/ti/ti-codec-engine-tree/packages/ti/sdo/ce/osal/linux/lib/release/osal_linux_470.av5T(Global_noOS.ov5T)
 .v4_bx         0x00037a7c        0x0 /media/disk/OE/work/ti/ti-codec-engine-tree/packages/ti/sdo/ce/osal/linux/lib/release/osal_linux_470.av5T(Thread_posix.ov5T)
 .v4_bx         0x00037a7c        0x0 /media/disk/OE/work/ti/ti-codec-engine-tree/packages/ti/sdo/ce/osal/linux/lib/release/osal_linux_470.av5T(Log_noOS.ov5T)
 .v4_bx         0x00037a7c        0x0 /media/disk/OE/work/ti/ti-codec-engine-tree/packages/ti/sdo/ce/osal/linux/lib/release/osal_linux_470.av5T(Lock_posix.ov5T)
 .v4_bx         0x00037a7c        0x0 /media/disk/OE/work/ti/ti-codec-engine-tree/packages/ti/sdo/ce/osal/linux/lib/release/osal_linux_470.av5T(GT_config_posix.ov5T)
 .v4_bx         0x00037a7c        0x0 /media/disk/OE/work/ti/ti-codec-engine-tree/packages/ti/sdo/ce/osal/linux/lib/release/osal_linux_470.av5T(SemMP_posix.ov5T)
 .v4_bx         0x00037a7c        0x0 /media/disk/OE/work/ti/ti-codec-engine-tree/packages/ti/sdo/ce/osal/linux/lib/release/osal_linux_470.av5T(Sem_posix.ov5T)
 .v4_bx         0x00037a7c        0x0 /media/disk/OE/work/ti/ti-codec-engine-tree/packages/ti/sdo/ce/utils/xdm/lib/release/XdmUtils.av5T(XdmUtils.ov5T)
 .v4_bx         0x00037a7c        0x0 /media/disk/OE/work/ti/ti-framework-components-tree/packages/ti/sdo/utils/trace/lib/release/gt.av5T(gt.ov5T)
 .v4_bx         0x00037a7c        0x0 /media/disk/OE/work/ti/ti-local-power-manager-tree/packages/ti/bios/power/lib/release/lpm_linux.av5T(lpm_api.ov5T)
 .v4_bx         0x00037a7c        0x0 /media/disk/OE/work/ti/ti-linuxutils-tree/packages/ti/sdo/linuxutils/cmem/lib/cmem.a470MV(cmem.o470MV)
 .v4_bx         0x00037a7c        0x0 /media/disk/OE/work/ti/ti-dsplink-tree/packages/dsplink/gpp/export/BIN/Linux/OMAP3530/RELEASE/dsplink.lib
 .v4_bx         0x00037a7c        0x0 lib/libopencvdsp.so
 .v4_bx         0x00037a7c        0x0 /media/disk/openembedded/build/tmp-angstrom_2008_1/cross/armv7a/lib/gcc/arm-angstrom-linux-gnueabi/4.3.3/libgcc.a(_udivsi3.o)
 .v4_bx         0x00037a7c        0x0 /media/disk/openembedded/build/tmp-angstrom_2008_1/cross/armv7a/lib/gcc/arm-angstrom-linux-gnueabi/4.3.3/libgcc.a(_addsubdf3.o)
 .v4_bx         0x00037a7c        0x0 /media/disk/openembedded/build/tmp-angstrom_2008_1/cross/armv7a/lib/gcc/arm-angstrom-linux-gnueabi/4.3.3/libgcc.a(_muldivdf3.o)
 .v4_bx         0x00037a7c        0x0 /media/disk/openembedded/build/tmp-angstrom_2008_1/cross/armv7a/lib/gcc/arm-angstrom-linux-gnueabi/4.3.3/libgcc.a(_cmpdf2.o)
 .v4_bx         0x00037a7c        0x0 /media/disk/openembedded/build/tmp-angstrom_2008_1/cross/armv7a/lib/gcc/arm-angstrom-linux-gnueabi/4.3.3/libgcc.a(_fixdfsi.o)
 .v4_bx         0x00037a7c        0x0 /media/disk/openembedded/build/tmp-angstrom_2008_1/cross/armv7a/lib/gcc/arm-angstrom-linux-gnueabi/4.3.3/libgcc.a(_truncdfsf2.o)
 .v4_bx         0x00037a7c        0x0 /media/disk/openembedded/build/tmp-angstrom_2008_1/cross/armv7a/lib/gcc/arm-angstrom-linux-gnueabi/4.3.3/libgcc.a(_addsubsf3.o)
 .v4_bx         0x00037a7c        0x0 /media/disk/openembedded/build/tmp-angstrom_2008_1/cross/armv7a/lib/gcc/arm-angstrom-linux-gnueabi/4.3.3/libgcc.a(_muldivsf3.o)