Archive member included because of file (symbol)

/media/disk/OE/work/ti/ti-codec-engine-tree/packages/ti/sdo/ce/universal/lib/release/universal.av5T(universal_stubs.ov5T)
                              /media/disk/OE/dspacceleration/opencv_dsp_acceleration/dsp_opencv/beagle/apps/opencv/cfg/linux/remote_ti_platforms_evm3530/package/cfg/remote_ti_platforms_evm3530_xv5T.ov5T (UNIVERSAL_STUBS)
/media/disk/OE/work/ti/ti-codec-engine-tree/packages/ti/sdo/ce/universal/lib/release/universal.av5T(universal.ov5T)
                              /media/disk/OE/work/ti/ti-codec-engine-tree/packages/ti/sdo/ce/universal/lib/release/universal.av5T(universal_stubs.ov5T) (ti_sdo_ce_universal_UNIVERSAL_curTrace)
/media/disk/OE/work/ti/ti-codec-engine-tree/packages/ti/sdo/ce/lib/release/ce.av5T(Server.ov5T)
                              /media/disk/OE/dspacceleration/opencv_dsp_acceleration/dsp_opencv/beagle/apps/opencv/cfg/linux/remote_ti_platforms_evm3530/package/cfg/remote_ti_platforms_evm3530_xv5T.ov5T (Server_init)
/media/disk/OE/work/ti/ti-codec-engine-tree/packages/ti/sdo/ce/lib/release/ce.av5T(Engine.ov5T)
                              /media/disk/OE/work/ti/ti-codec-engine-tree/packages/ti/sdo/ce/lib/release/ce.av5T(Server.ov5T) (Engine_setTrace)
/media/disk/OE/work/ti/ti-codec-engine-tree/packages/ti/sdo/ce/lib/release/ce.av5T(visa.ov5T)
                              /media/disk/OE/work/ti/ti-codec-engine-tree/packages/ti/sdo/ce/universal/lib/release/universal.av5T(universal.ov5T) (VISA_getAlgFxns)
/media/disk/OE/work/ti/ti-codec-engine-tree/packages/ti/sdo/ce/lib/release/ce.av5T(package_ti.sdo.ce.ov5T)
                              /media/disk/OE/work/ti/ti-codec-engine-tree/packages/ti/sdo/ce/lib/release/ce.av5T(Engine.ov5T) (ti_sdo_ce__versionString)
/media/disk/OE/work/ti/ti-codec-engine-tree/packages/ti/sdo/ce/alg/lib/release/Algorithm_noOS.av5T(Algorithm_noOS.ov5T)
                              /media/disk/OE/work/ti/ti-codec-engine-tree/packages/ti/sdo/ce/lib/release/ce.av5T(visa.ov5T) (Algorithm_getAlgHandle)
/media/disk/OE/work/ti/ti-codec-engine-tree/packages/ti/sdo/ce/alg/lib/release/alg.av5T(alg_create.ov5T)
                              /media/disk/OE/work/ti/ti-codec-engine-tree/packages/ti/sdo/ce/alg/lib/release/Algorithm_noOS.av5T(Algorithm_noOS.ov5T) (ALG_delete)
/media/disk/OE/work/ti/ti-codec-engine-tree/packages/ti/sdo/ce/alg/lib/release/alg.av5T(alg_malloc.ov5T)
                              /media/disk/OE/work/ti/ti-codec-engine-tree/packages/ti/sdo/ce/alg/lib/release/alg.av5T(alg_create.ov5T) (_ALG_freeMemory)
/media/disk/OE/work/ti/ti-codec-engine-tree/packages/ti/sdo/ce/ipc/dsplink/lib/release/ipc_dsplink_3530.av5T(Processor_dsplink.ov5T)
                              /media/disk/OE/dspacceleration/opencv_dsp_acceleration/dsp_opencv/beagle/apps/opencv/cfg/linux/remote_ti_platforms_evm3530/package/cfg/remote_ti_platforms_evm3530_xv5T.ov5T (Processor_init)
/media/disk/OE/work/ti/ti-codec-engine-tree/packages/ti/sdo/ce/ipc/dsplink/lib/release/ipc_dsplink_3530.av5T(Power_dsplink.ov5T)
                              /media/disk/OE/work/ti/ti-codec-engine-tree/packages/ti/sdo/ce/ipc/dsplink/lib/release/ipc_dsplink_3530.av5T(Processor_dsplink.ov5T) (Power_disconnect)
/media/disk/OE/work/ti/ti-codec-engine-tree/packages/ti/sdo/ce/ipc/dsplink/lib/release/ipc_dsplink_3530.av5T(Comm_dsplink.ov5T)
                              /media/disk/OE/work/ti/ti-codec-engine-tree/packages/ti/sdo/ce/lib/release/ce.av5T(visa.ov5T) (Comm_getMsgSize)
/media/disk/OE/work/ti/ti-codec-engine-tree/packages/ti/sdo/ce/ipc/dsplink/lib/release/ipc_dsplink_3530.av5T(Processor_dsplink_linkcfg_OMAP3530.ov5T)
                              /media/disk/OE/work/ti/ti-codec-engine-tree/packages/ti/sdo/ce/ipc/dsplink/lib/release/ipc_dsplink_3530.av5T(Processor_dsplink.ov5T) (ti_sdo_ce_ipc_Processor_linkcfg)
/media/disk/OE/work/ti/ti-codec-engine-tree/packages/ti/sdo/ce/ipc/dsplink/lib/release/ipc_dsplink_3530.av5T(Processor_dsplink_linkcfg_OS.ov5T)
                              /media/disk/OE/work/ti/ti-codec-engine-tree/packages/ti/sdo/ce/ipc/dsplink/lib/release/ipc_dsplink_3530.av5T(Processor_dsplink_linkcfg_OMAP3530.ov5T) (ti_sdo_ce_ipc_Processor_linkcfg_OS)
/media/disk/OE/work/ti/ti-codec-engine-tree/packages/ti/sdo/ce/osal/linux/lib/release/osal_linux_470.av5T(LockMP_posix.ov5T)
                              /media/disk/OE/dspacceleration/opencv_dsp_acceleration/dsp_opencv/beagle/apps/opencv/cfg/linux/remote_ti_platforms_evm3530/package/cfg/remote_ti_platforms_evm3530_xv5T.ov5T (LockMP_init)
/media/disk/OE/work/ti/ti-codec-engine-tree/packages/ti/sdo/ce/osal/linux/lib/release/osal_linux_470.av5T(Queue_posix.ov5T)
                              /media/disk/OE/dspacceleration/opencv_dsp_acceleration/dsp_opencv/beagle/apps/opencv/cfg/linux/remote_ti_platforms_evm3530/package/cfg/remote_ti_platforms_evm3530_xv5T.ov5T (Queue_init)
[...]
Memory Configuration

Name             Origin             Length             Attributes
*default*        0x00000000         0xffffffff

Linker script and memory map

LOAD /media/disk/openembedded/build/tmp-angstrom_2008_1/sysroots/armv7a-angstrom-linux-gnueabi/usr/lib/crt1.o
LOAD /media/disk/openembedded/build/tmp-angstrom_2008_1/sysroots/armv7a-angstrom-linux-gnueabi/usr/lib/crti.o
LOAD /media/disk/openembedded/build/tmp-angstrom_2008_1/cross/armv7a/lib/gcc/arm-angstrom-linux-gnueabi/4.3.3/crtbegin.o
LOAD /media/disk/openembedded/build/tmp-angstrom_2008_1/sysroots/armv7a-angstrom-linux-gnueabi/usr/lib/libpthread.so
START GROUP
LOAD /media/disk/openembedded/build/tmp-angstrom_2008_1/sysroots/armv7a-angstrom-linux-gnueabi/lib/libpthread.so.0
LOAD /media/disk/openembedded/build/tmp-angstrom_2008_1/sysroots/armv7a-angstrom-linux-gnueabi/usr/lib/libpthread_nonshared.a
END GROUP
LOAD /media/disk/openembedded/build/tmp-angstrom_2008_1/sysroots/armv7a-angstrom-linux-gnueabi/usr/lib/libm.so
LOAD /media/disk/openembedded/build/tmp-angstrom_2008_1/sysroots/armv7a-angstrom-linux-gnueabi/usr/lib/libopencv_ml.so
LOAD /media/disk/openembedded/build/tmp-angstrom_2008_1/sysroots/armv7a-angstrom-linux-gnueabi/usr/lib/libopencv_highgui.so
LOAD /media/disk/openembedded/build/tmp-angstrom_2008_1/sysroots/armv7a-angstrom-linux-gnueabi/usr/lib/libopencv_core.so
LOAD /media/disk/openembedded/build/tmp-angstrom_2008_1/sysroots/armv7a-angstrom-linux-gnueabi/usr/lib/libopencv_calib3d.so
LOAD /media/disk/openembedded/build/tmp-angstrom_2008_1/sysroots/armv7a-angstrom-linux-gnueabi/usr/lib/libopencv_contrib.so
LOAD /media/disk/openembedded/build/tmp-angstrom_2008_1/sysroots/armv7a-angstrom-linux-gnueabi/usr/lib/libopencv_features2d.so
LOAD /media/disk/openembedded/build/tmp-angstrom_2008_1/sysroots/armv7a-angstrom-linux-gnueabi/usr/lib/libopencv_imgproc.so
LOAD /media/disk/openembedded/build/tmp-angstrom_2008_1/sysroots/armv7a-angstrom-linux-gnueabi/usr/lib/libopencv_legacy.so
LOAD /media/disk/openembedded/build/tmp-angstrom_2008_1/sysroots/armv7a-angstrom-linux-gnueabi/usr/lib/libopencv_objdetect.so
LOAD /media/disk/openembedded/build/tmp-angstrom_2008_1/sysroots/armv7a-angstrom-linux-gnueabi/usr/lib/libopencv_video.so
LOAD linux/app.evm3530.ov5T
LOAD cfg/linux/remote_ti_platforms_evm3530/linker.cmd
LOAD /media/disk/OE/dspacceleration/opencv_dsp_acceleration/dsp_opencv/beagle/apps/opencv/cfg/linux/remote_ti_platforms_evm3530/package/cfg/remote_ti_platforms_evm3530_xv5T.ov5T
LOAD /media/disk/OE/work/ti/ti-codec-engine-tree/packages/ti/sdo/ce/universal/lib/release/universal.av5T
LOAD /media/disk/OE/work/ti/ti-codec-engine-tree/packages/ti/sdo/ce/lib/release/ce.av5T
LOAD /media/disk/OE/work/ti/ti-codec-engine-tree/packages/ti/sdo/ce/alg/lib/release/Algorithm_noOS.av5T
LOAD /media/disk/OE/work/ti/ti-codec-engine-tree/packages/ti/sdo/ce/alg/lib/release/alg.av5T
LOAD /media/disk/OE/work/ti/ti-codec-engine-tree/packages/ti/sdo/ce/ipc/dsplink/lib/release/ipc_dsplink_3530.av5T
LOAD /media/disk/OE/work/ti/ti-codec-engine-tree/packages/ti/sdo/ce/osal/linux/lib/release/osal_linux_470.av5T
LOAD /media/disk/OE/work/ti/ti-framework-components-tree/packages/ti/sdo/fc/acpy3/lib/release/acpy3.a470MV
LOAD /media/disk/OE/work/ti/ti-framework-components-tree/packages/ti/sdo/fc/dman3/lib/release/dman3Cfg.a470MV
LOAD /media/disk/OE/work/ti/ti-framework-components-tree/packages/ti/sdo/fc/utils/lib/release/rmm.a470MV
LOAD /media/disk/OE/work/ti/ti-framework-components-tree/packages/ti/sdo/fc/utils/lib/release/smgr.a470MV
LOAD /media/disk/OE/work/ti/ti-framework-components-tree/packages/ti/sdo/fc/utils/lib/release/rmmp.a470MV
LOAD /media/disk/OE/work/ti/ti-framework-components-tree/packages/ti/sdo/fc/utils/lib/release/smgrmp.a470MV
LOAD /media/disk/OE/work/ti/ti-framework-components-tree/packages/ti/sdo/fc/utils/lib/release/shm.a470MV
LOAD /media/disk/OE/work/ti/ti-framework-components-tree/packages/ti/sdo/fc/memutils/lib/release/memutils.av5T
LOAD /media/disk/OE/work/ti/ti-codec-engine-tree/packages/ti/sdo/ce/utils/xdm/lib/release/XdmUtils.av5T
LOAD /media/disk/OE/work/ti/ti-codec-engine-tree/packages/ti/sdo/ce/node/lib/release/node.av5T
LOAD /media/disk/OE/work/ti/ti-framework-components-tree/packages/ti/sdo/utils/trace/lib/release/gt.av5T
LOAD /media/disk/OE/work/ti/ti-local-power-manager-tree/packages/ti/bios/power/lib/release/lpm_linux.av5T
LOAD /media/disk/OE/work/ti/ti-linuxutils-tree/packages/ti/sdo/linuxutils/cmem/lib/cmem.a470MV
LOAD /media/disk/OE/work/ti/ti-dsplink-tree/packages/dsplink/gpp/export/BIN/Linux/OMAP3530/RELEASE/dsplink.lib
LOAD /media/disk/OE/work/ti/ti-xdctools-tree/packages/gnu/targets/arm/rtsv5T/lib/gnu.targets.arm.rtsv5T.av5T

xdc.meta        0x00000000      0x118
 *(xdc.meta)
 xdc.meta       0x00000000      0x118 /media/disk/OE/dspacceleration/opencv_dsp_acceleration/dsp_opencv/beagle/apps/opencv/cfg/linux/remote_ti_platforms_evm3530/package/cfg/remote_ti_platforms_evm3530_xv5T.ov5T
                0x000000f0                __TARG__
                0x000000cc                __PLAT__
                0x000000b8                __ISA__
                0x00000000                __ASM__
LOAD /media/disk/OE/dspacceleration/opencv_dsp_acceleration/dsp_opencv/beagle/server/opencv_unitserver_evm3530/../../library/opencv/lib/libopencv.a
LOAD /media/disk/openembedded/build/tmp-angstrom_2008_1/cross/armv7a/lib/gcc/arm-angstrom-linux-gnueabi/4.3.3/libgcc.a
LOAD /media/disk/openembedded/build/tmp-angstrom_2008_1/cross/armv7a/lib/gcc/arm-angstrom-linux-gnueabi/4.3.3/../../../../arm-angstrom-linux-gnueabi/lib/libgcc_s.so
LOAD /media/disk/openembedded/build/tmp-angstrom_2008_1/sysroots/armv7a-angstrom-linux-gnueabi/usr/lib/libc.so
START GROUP
LOAD /media/disk/openembedded/build/tmp-angstrom_2008_1/sysroots/armv7a-angstrom-linux-gnueabi/lib/libc.so.6
LOAD /media/disk/openembedded/build/tmp-angstrom_2008_1/sysroots/armv7a-angstrom-linux-gnueabi/usr/lib/libc_nonshared.a
LOAD /media/disk/openembedded/build/tmp-angstrom_2008_1/sysroots/armv7a-angstrom-linux-gnueabi/lib/ld-linux.so.3
END GROUP
LOAD /media/disk/openembedded/build/tmp-angstrom_2008_1/cross/armv7a/lib/gcc/arm-angstrom-linux-gnueabi/4.3.3/libgcc.a
LOAD /media/disk/openembedded/build/tmp-angstrom_2008_1/cross/armv7a/lib/gcc/arm-angstrom-linux-gnueabi/4.3.3/../../../../arm-angstrom-linux-gnueabi/lib/libgcc_s.so
LOAD /media/disk/openembedded/build/tmp-angstrom_2008_1/cross/armv7a/lib/gcc/arm-angstrom-linux-gnueabi/4.3.3/crtend.o
LOAD /media/disk/openembedded/build/tmp-angstrom_2008_1/sysroots/armv7a-angstrom-linux-gnueabi/usr/lib/crtn.o
                0x00008000                PROVIDE (__executable_start, 0x8000)
                0x00008134                . = (0x8000 + SIZEOF_HEADERS)

.interp         0x00008134       0x13
 *(.interp)
 .interp        0x00008134       0x13 /media/disk/openembedded/build/tmp-angstrom_2008_1/sysroots/armv7a-angstrom-linux-gnueabi/usr/lib/crti.o

.note.ABI-tag   0x00008148       0x20
 .note.ABI-tag  0x00008148       0x20 /media/disk/openembedded/build/tmp-angstrom_2008_1/sysroots/armv7a-angstrom-linux-gnueabi/usr/lib/crt1.o

.note.gnu.build-id
 *(.note.gnu.build-id)

.hash           0x00008168      0x680
 *(.hash)
 .hash          0x00008168      0x680 /media/disk/openembedded/build/tmp-angstrom_2008_1/sysroots/armv7a-angstrom-linux-gnueabi/usr/lib/crti.o

.gnu.hash
 *(.gnu.hash)

.dynsym         0x000087e8      0xd90
 *(.dynsym)
 .dynsym        0x000087e8      0xd90 /media/disk/openembedded/build/tmp-angstrom_2008_1/sysroots/armv7a-angstrom-linux-gnueabi/usr/lib/crti.o

.dynstr         0x00009578      0xc87
 *(.dynstr)
 .dynstr        0x00009578      0xc87 /media/disk/openembedded/build/tmp-angstrom_2008_1/sysroots/armv7a-angstrom-linux-gnueabi/usr/lib/crti.o

.gnu.version    0x0000a200      0x1b2
 *(.gnu.version)
 .gnu.version   0x0000a200      0x1b2 /media/disk/openembedded/build/tmp-angstrom_2008_1/sysroots/armv7a-angstrom-linux-gnueabi/usr/lib/crti.o

.gnu.version_d  0x0000a3b4        0x0 load address 0x0000a3b2
 *(.gnu.version_d)
 .gnu.version_d
                0x00000000        0x0 /media/disk/openembedded/build/tmp-angstrom_2008_1/sysroots/armv7a-angstrom-linux-gnueabi/usr/lib/crti.o

.gnu.version_r  0x0000a3b4       0x60
 *(.gnu.version_r)
 .gnu.version_r
                0x0000a3b4       0x60 /media/disk/openembedded/build/tmp-angstrom_2008_1/sysroots/armv7a-angstrom-linux-gnueabi/usr/lib/crti.o

.rel.dyn        0x0000a414      0x188
 *(.rel.init)
 *(.rel.text .rel.text.* .rel.gnu.linkonce.t.*)
 *(.rel.fini)
 *(.rel.rodata .rel.rodata.* .rel.gnu.linkonce.r.*)
 *(.rel.data.rel.ro* .rel.gnu.linkonce.d.rel.ro.*)
 *(.rel.data .rel.data.* .rel.gnu.linkonce.d.*)
 *(.rel.tdata .rel.tdata.* .rel.gnu.linkonce.td.*)
 *(.rel.tbss .rel.tbss.* .rel.gnu.linkonce.tb.*)
 *(.rel.ctors)
 *(.rel.dtors)
 *(.rel.got)
 .rel.got       0x0000a414      0x180 /media/disk/openembedded/build/tmp-angstrom_2008_1/sysroots/armv7a-angstrom-linux-gnueabi/usr/lib/crti.o
 *(.rel.bss .rel.bss.* .rel.gnu.linkonce.b.*)
 .rel.bss       0x0000a594        0x8 /media/disk/openembedded/build/tmp-angstrom_2008_1/sysroots/armv7a-angstrom-linux-gnueabi/usr/lib/crti.o

.rela.dyn
 *(.rela.init)
 *(.rela.text .rela.text.* .rela.gnu.linkonce.t.*)
 *(.rela.fini)
 *(.rela.rodata .rela.rodata.* .rela.gnu.linkonce.r.*)
 *(.rela.data .rela.data.* .rela.gnu.linkonce.d.*)
 *(.rela.tdata .rela.tdata.* .rela.gnu.linkonce.td.*)
 *(.rela.tbss .rela.tbss.* .rela.gnu.linkonce.tb.*)
 *(.rela.ctors)
 *(.rela.dtors)
 *(.rela.got)
 *(.rela.bss .rela.bss.* .rela.gnu.linkonce.b.*)

.rel.plt        0x0000a59c      0x4d8
 *(.rel.plt)
 .rel.plt       0x0000a59c      0x4d8 /media/disk/openembedded/build/tmp-angstrom_2008_1/sysroots/armv7a-angstrom-linux-gnueabi/usr/lib/crti.o

.rela.plt
 *(.rela.plt)

.init           0x0000aa74       0x14
 *(.init)
 .init          0x0000aa74        0xc /media/disk/openembedded/build/tmp-angstrom_2008_1/sysroots/armv7a-angstrom-linux-gnueabi/usr/lib/crti.o
                0x0000aa74                _init
 .init          0x0000aa80        0x8 /media/disk/openembedded/build/tmp-angstrom_2008_1/sysroots/armv7a-angstrom-linux-gnueabi/usr/lib/crtn.o

.plt            0x0000aa88      0x758
 *(.plt)
 .plt           0x0000aa88      0x758 /media/disk/openembedded/build/tmp-angstrom_2008_1/sysroots/armv7a-angstrom-linux-gnueabi/usr/lib/crti.o
                0x0000aa9c                sem_destroy@@GLIBC_2.4
                0x0000aaa8                _IO_getc@@GLIBC_2.4
                0x0000aab4                cvFindChessboardCorners
                0x0000aac0                pthread_mutex_lock@@GLIBC_2.4
                0x0000aacc                cvColorToScalar
                0x0000aad8                pthread_mutex_init@@GLIBC_2.4
                0x0000aae4                cvCreateSubdiv2D
                0x0000aaf0                cvDestroyWindow
                0x0000aafc                cvPerspectiveTransform
                0x0000ab08                getpid@@GLIBC_2.4
                0x0000ab14                log@@GLIBC_2.4
                0x0000ab20                gettimeofday@@GLIBC_2.4
                0x0000ab2c                cvEllipse
                0x0000ab38                cvFindFundamentalMat
                0x0000ab44                cvReleaseImage
                0x0000ab50                free@@GLIBC_2.4
                0x0000ab5c                cvCircle
                0x0000ab68                pthread_mutexattr_init@@GLIBC_2.4
                0x0000ab74                pthread_mutexattr_destroy@@GLIBC_2.4
                0x0000ab80                strncmp@@GLIBC_2.4
                0x0000ab8c                pthread_key_delete@@GLIBC_2.4
                0x0000ab98                pthread_exit@@GLIBC_2.4
                0x0000aba4                pthread_attr_getschedparam@@GLIBC_2.4
                0x0000abb0                pthread_join@@GLIBC_2.4
                0x0000abbc                cvFree_
                0x0000abc8                cvBoundingRect
                0x0000abd4                cvInvert
                0x0000abe0                cvReleaseGraphScanner
                0x0000abec                exit@@GLIBC_2.4
                0x0000abf8                printf@@GLIBC_2.4
                0x0000ac04                strerror@@GLIBC_2.4
                0x0000ac10                pthread_setschedparam@@GLIBC_2.4
                0x0000ac1c                puts@@GLIBC_2.4
                0x0000ac28                perror@@GLIBC_2.4
                0x0000ac34                cvRead
                0x0000ac40                cvPolyLine
                0x0000ac4c                cvUndistort2
                0x0000ac58                cvCreateGraphScanner
                0x0000ac64                cvGetElemType
                0x0000ac70                lrint@@GLIBC_2.4
                0x0000ac7c                sigfillset@@GLIBC_2.4
                0x0000ac88                cvShowImage
                0x0000ac94                exp@@GLIBC_2.4
                0x0000aca0                semctl@@GLIBC_2.4
                0x0000acac                nanosleep@@GLIBC_2.4
                0x0000acb8                memset@@GLIBC_2.4
                0x0000acc4                pthread_self@@GLIBC_2.4
                0x0000acd0                cvCreateCameraCapture
                0x0000acdc                fcntl@@GLIBC_2.4
                0x0000ace8                pthread_sigmask@@GLIBC_2.4
                0x0000acf4                cvSeqSlice
                0x0000ad00                close@@GLIBC_2.4
                0x0000ad0c                fopen@@GLIBC_2.4
                0x0000ad18                read@@GLIBC_2.4
                0x0000ad24                abort@@GLIBC_2.4
                0x0000ad30                vfprintf@@GLIBC_2.4
                0x0000ad3c                cvHoughLines2
                0x0000ad48                cvFindExtrinsicCameraParams2
                0x0000ad54                ioctl@@GLIBC_2.4
                0x0000ad60                cvSet
                0x0000ad6c                strcpy@@GLIBC_2.4
                0x0000ad78                cvGetCols
                0x0000ad84                cvFitLine
                0x0000ad90                mmap@@GLIBC_2.4
                0x0000ad9c                __assert_fail@@GLIBC_2.4
                0x0000ada8                pthread_attr_getstacksize@@GLIBC_2.4
                0x0000adb4                open@@GLIBC_2.4
                0x0000adc0                cvError
                0x0000adcc                pthread_mutex_destroy@@GLIBC_2.4
                0x0000add8                cvTransform
                0x0000ade4                pthread_setcanceltype@@GLIBC_2.4
                0x0000adf0                semget@@GLIBC_2.4
                0x0000adfc                getpagesize@@GLIBC_2.4
                0x0000ae08                pthread_getspecific@@GLIBC_2.4
                0x0000ae14                semop@@GLIBC_2.4
                0x0000ae20                fileno@@GLIBC_2.4
                0x0000ae2c                cvReshape
                0x0000ae38                cvRandArr
                0x0000ae44                cvProjectPoints2
                0x0000ae50                __cxa_atexit@@GLIBC_2.4
                0x0000ae5c                cvSetAdd
                0x0000ae68                sem_init@@GLIBC_2.4
                0x0000ae74                cvAvg
                0x0000ae80                pthread_key_create@@GLIBC_2.4
                0x0000ae8c                cvCalibrateCamera2
                0x0000ae98                cvCartToPolar
                0x0000aea4                pthread_cancel@@GLIBC_2.4
                0x0000aeb0                sleep@@GLIBC_2.4
                0x0000aebc                raise@@GLIBC_2.4
                0x0000aec8                sigaction@@GLIBC_2.4
                0x0000aed4                pthread_attr_init@@GLIBC_2.4
                0x0000aee0                calloc@@GLIBC_2.4
                0x0000aeec                cvGetSeqElem
                0x0000aef8                cvInitFont
                0x0000af04                cvRodrigues2
                0x0000af10                cvKMeans2
                0x0000af1c                cvQueryFrame
                0x0000af28                cvLine
                0x0000af34                cvArcLength
                0x0000af40                __strtol_internal@@GLIBC_2.4
                0x0000af4c                sem_post@@GLIBC_2.4
                0x0000af58                fputc@@GLIBC_2.4
                0x0000af64                setvbuf@@GLIBC_2.4
                0x0000af70                fwrite@@GLIBC_2.4
                0x0000af7c                cvGetFileNodeByName
                0x0000af88                memcpy@@GLIBC_2.4
                0x0000af94                malloc@@GLIBC_2.4
                0x0000afa0                strlen@@GLIBC_2.4
                0x0000afac                pthread_setspecific@@GLIBC_2.4
                0x0000afb8                munmap@@GLIBC_2.4
                0x0000afc4                usleep@@GLIBC_2.4
                0x0000afd0                fprintf@@GLIBC_2.4
                0x0000afdc                fclose@@GLIBC_2.4
                0x0000afe8                cvCreateMat
                0x0000aff4                cvSum
                0x0000b000                sprintf@@GLIBC_2.4
                0x0000b00c                cvReleaseMat
                0x0000b018                __xstat@@GLIBC_2.4
                0x0000b024                cvReleaseCapture
                0x0000b030                cvFitEllipse2
                0x0000b03c                cvSaveImage
                0x0000b048                cvInitSubdivDelaunay2D
                0x0000b054                cvPow
                0x0000b060                pthread_create@@GLIBC_2.4
                0x0000b06c                strcmp@@GLIBC_2.4
                0x0000b078                cvGetRows
                0x0000b084                pthread_mutexattr_settype@@GLIBC_2.4
                0x0000b090                cvCalcEMD2
                0x0000b09c                __errno_location@@GLIBC_2.4
                0x0000b0a8                strncpy@@GLIBC_2.4
                0x0000b0b4                fflush@@GLIBC_2.4
                0x0000b0c0                memcmp@@GLIBC_2.4
                0x0000b0cc                cvWaitKey
                0x0000b0d8                cvCvtColor
                0x0000b0e4                sigemptyset@@GLIBC_2.4
                0x0000b0f0                cvAlloc
                0x0000b0fc                cvNamedWindow
                0x0000b108                cvBoxPoints
                0x0000b114                cvCalcArrHist
                0x0000b120                fputs@@GLIBC_2.4
                0x0000b12c                getenv@@GLIBC_2.4
                0x0000b138                __libc_start_main@@GLIBC_2.4
                0x0000b144                cvGetRawData
                0x0000b15c                cvMinAreaRect2
                0x0000b168                cvAddS
                0x0000b174                sem_wait@@GLIBC_2.4
                0x0000b180                strchr@@GLIBC_2.4
                0x0000b18c                pthread_mutex_unlock@@GLIBC_2.4
                0x0000b198                cvConvexHull2
                0x0000b1a4                cvCreateImage
                0x0000b1b0                sem_getvalue@@GLIBC_2.4
                0x0000b1bc                ftok@@GLIBC_2.4
                0x0000b1c8                sched_yield@@GLIBC_2.4
                0x0000b1d4                cvAvgSdv

.text           0x0000b1e0    0x31768
 *(.text .stub .text.* .gnu.linkonce.t.*)
 .text          0x0000b1e0       0x38 /media/disk/openembedded/build/tmp-angstrom_2008_1/sysroots/armv7a-angstrom-linux-gnueabi/usr/lib/crt1.o
                0x0000b1e0                _start
 .text          0x0000b218       0x24 /media/disk/openembedded/build/tmp-angstrom_2008_1/sysroots/armv7a-angstrom-linux-gnueabi/usr/lib/crti.o
 .text          0x0000b23c       0x54 /media/disk/openembedded/build/tmp-angstrom_2008_1/cross/armv7a/lib/gcc/arm-angstrom-linux-gnueabi/4.3.3/crtbegin.o
 .text          0x0000b290     0x4c30 linux/app.evm3530.ov5T
                0x0000fb68                main
 .text          0x0000fec0      0x248 /media/disk/OE/dspacceleration/opencv_dsp_acceleration/dsp_opencv/beagle/apps/opencv/cfg/linux/remote_ti_platforms_evm3530/package/cfg/remote_ti_platforms_evm3530_xv5T.ov5T
                0x0000ff14                RMAN_deactivateAllResources
                0x0000fef4                DMAN3_grantDmaChannels
                0x0000ff38                CERuntime_init
                0x0000fec4                LAD_connect
                0x0000fecc                LAD_disconnect
                0x0000fedc                LAD_releaseDsp
                0x0000fed4                LAD_getDspStatus
                0x0000fefc                DMAN3_releaseDmaChannels
                0x00010104                ti_sdo_ce_CERuntime_init__F
                0x0000fef0                DMAN3_CE_exit
                0x0000ff24                RMAN_init
                0x0000fee4                LAD_startupDsp
                0x0000ff04                RMAN_activateAllResources
                0x0000ff1c                RMAN_freeResources
                0x0000fec0                IPC_generatedInit
                0x0000feec                DMAN3_CE_init
                0x0000ff2c                RMAN_exit
                0x0000ff34                CERuntime_exit
                0x0000ff0c                RMAN_assignResources
 .text          0x00010108      0xc64 /media/disk/OE/work/ti/ti-codec-engine-tree/packages/ti/sdo/ce/universal/lib/release/universal.av5T(universal_stubs.ov5T)
                0x00010994                UNIVERSAL_processWait
                0x00010bcc                UNIVERSAL_processAsync
 .text          0x00010d6c      0x7f4 /media/disk/OE/work/ti/ti-codec-engine-tree/packages/ti/sdo/ce/universal/lib/release/universal.av5T(universal.ov5T)
                0x00010d6c                UNIVERSAL_control
                0x0001107c                UNIVERSAL_delete
                0x00011118                UNIVERSAL_create
                0x00011220                UNIVERSAL_process
 .text          0x00011560      0xa80 /media/disk/OE/work/ti/ti-codec-engine-tree/packages/ti/sdo/ce/lib/release/ce.av5T(Server.ov5T)
                0x00011a2c                Server_getNumMemSegs
                0x00011da8                Server_disconnectTrace
                0x000117f4                Server_redefineHeap
                0x00011ebc                Server_connectTrace
                0x00011c48                Server_getCpuLoad
                0x00011634                Server_setTrace
                0x00011ce8                Server_fwriteTrace
                0x00011944                Server_init
                0x000116f0                Server_restoreHeap
                0x00011b40                Server_getMemStat
 .text          0x00011fe0     0x2ef8 /media/disk/OE/work/ti/ti-codec-engine-tree/packages/ti/sdo/ce/lib/release/ce.av5T(Engine.ov5T)
                0x00012094                Engine_getServer
                0x00011fe8                Engine_getLastError
                0x00012d50                Engine_getMemStat
                0x00014c1c                Engine_getLocalEngine
                0x000125d8                Engine_requestTraceToken
                0x00013a18                Engine_createNode2
                0x0001292c                Engine_getAlgNumRecs
                0x000126b8                Engine_redefineHeap
                0x00012c4c                Engine_getNumMemSegs
                0x0001205c                Engine_getNodeQueues
                0x00012088                Engine_hasServer
                0x00012a64                Engine_getAlgMemRecs
                0x0001310c                Engine_init
                0x00011ffc                Engine_getRemoteVisa
                0x00014cf0                Engine_getMemId
                0x00014140                Engine_createNode
                0x000138a0                Engine_deleteNode
                0x00013784                Engine_callAsync
                0x00014388                Engine_open
                0x00011fe0                Engine_getEngine
                0x00011ff0                Engine_getName
                0x00012fc8                Engine_getAlgInfo
                0x000121f4                Engine_setTrace
                0x00012f0c                Engine_getNumAlgs
                0x00014e04                Engine_getConstName
                0x00012840                Engine_getCpuLoad
                0x00014d10                Engine_getFxns
                0x00012650                Engine_releaseTraceToken
                0x000141e4                Engine_close
                0x00012468                Engine_restoreHeap
                0x00012110                Engine_ctrlNode
                0x000137ec                Engine_call
                0x00013314                Engine_fwriteTrace
                0x00014c70                Engine_getCodecClassConfig
                0x00012384                Engine_getUsedMem
                0x0001372c                Engine_callWait
 .text          0x00014ed8     0x10cc /media/disk/OE/work/ti/ti-codec-engine-tree/packages/ti/sdo/ce/lib/release/ce.av5T(visa.ov5T)
                0x000156b4                VISA_callAsync
                0x00014ed8                VISA_getAlgFxns
                0x00015098                VISA_getAlgMemRecs
                0x00014ee0                VISA_getAlgorithmHandle
                0x00015574                VISA_wait
                0x00015ee4                VISA_create
                0x000152d8                VISA_enter
                0x00014efc                VISA_getCodecClassConfig
                0x00014f04                VISA_isLocal
                0x00014ee8                VISA_getContext
                0x00015858                VISA_create2
                0x00015208                VISA_exit
                0x00014f70                VISA_allocMsg
                0x00015784                VISA_call
                0x00015100                VISA_freeMsg
                0x000150e4                VISA_getAlgHandle
                0x00014ef4                VISA_setContext
                0x00014f0c                VISA_getMaxMsgSize
                0x000153b0                VISA_delete
                0x00015050                VISA_getAlgNumRecs
 .text          0x00015fa4        0x0 /media/disk/OE/work/ti/ti-codec-engine-tree/packages/ti/sdo/ce/lib/release/ce.av5T(package_ti.sdo.ce.ov5T)
 .text          0x00015fa4      0x800 /media/disk/OE/work/ti/ti-codec-engine-tree/packages/ti/sdo/ce/alg/lib/release/Algorithm_noOS.av5T(Algorithm_noOS.ov5T)
                0x00015fac                Algorithm_getMemRecs
                0x0001654c                Algorithm_activate
                0x00015fb4                Algorithm_getNumRecs
                0x000160b0                Algorithm_delete
                0x00015fa4                Algorithm_getAlgHandle
                0x00016600                Algorithm_releaseLock
                0x000162bc                Algorithm_create
                0x00016020                Algorithm_exit
                0x000161c4                Algorithm_deactivate
                0x00015fbc                Algorithm_init
                0x000166f4                Algorithm_acquireLock
 .text          0x000167a4      0x388 /media/disk/OE/work/ti/ti-codec-engine-tree/packages/ti/sdo/ce/alg/lib/release/alg.av5T(alg_create.ov5T)
                0x00016814                ALG_create
                0x000167a4                ALG_delete
 .text          0x00016b2c      0x628 /media/disk/OE/work/ti/ti-codec-engine-tree/packages/ti/sdo/ce/alg/lib/release/alg.av5T(alg_malloc.ov5T)
                0x00016e58                ALG_exit
                0x00016f8c                ALG_releaseLock
                0x00016ee4                ALG_deactivate
                0x000170c4                ALG_acquireLock
                0x00016bd8                _ALG_allocMemory
                0x00016b2c                _ALG_freeMemory
                0x00017018                ALG_activate
                0x00016cb4                ALG_init
 .text          0x00017154     0x3770 /media/disk/OE/work/ti/ti-codec-engine-tree/packages/ti/sdo/ce/ipc/dsplink/lib/release/ipc_dsplink_3530.av5T(Processor_dsplink.ov5T)
                0x0001715c                dumpLinkCfgObj
                0x0001a6d8                Processor_create
                0x00019174                Processor_init
                0x0001a5ac                Processor_delete
                0x00017154                Processor_wait
 .text          0x0001a8c4      0x5a4 /media/disk/OE/work/ti/ti-codec-engine-tree/packages/ti/sdo/ce/ipc/dsplink/lib/release/ipc_dsplink_3530.av5T(Power_dsplink.ov5T)
                0x0001a8c4                Power_disconnect
                0x0001addc                Power_init
                0x0001a9c8                Power_connect
                0x0001ac3c                Power_on
                0x0001aacc                Power_off
 .text          0x0001ae68      0xe10 /media/disk/OE/work/ti/ti-codec-engine-tree/packages/ti/sdo/ce/ipc/dsplink/lib/release/ipc_dsplink_3530.av5T(Comm_dsplink.ov5T)
                0x0001b124                Comm_locate
                0x0001ae68                Comm_getMsgSize
                0x0001af5c                Comm_release
                0x0001b490                Comm_get
                0x0001aed8                Comm_setSrcQueue
                0x0001b65c                Comm_free
                0x0001b734                Comm_exit
                0x0001b92c                Comm_create
                0x0001b410                Comm_getSrcQueue
                0x0001b7cc                Comm_delete
                0x0001b304                Comm_init
                0x0001baf8                Comm_alloc
                0x0001b034                Comm_put
 .text          0x0001bc78        0x0 /media/disk/OE/work/ti/ti-codec-engine-tree/packages/ti/sdo/ce/ipc/dsplink/lib/release/ipc_dsplink_3530.av5T(Processor_dsplink_linkcfg_OMAP3530.ov5T)
 .text          0x0001bc78        0x0 /media/disk/OE/work/ti/ti-codec-engine-tree/packages/ti/sdo/ce/ipc/dsplink/lib/release/ipc_dsplink_3530.av5T(Processor_dsplink_linkcfg_OS.ov5T)
 .text          0x0001bc78      0x548 /media/disk/OE/work/ti/ti-codec-engine-tree/packages/ti/sdo/ce/osal/linux/lib/release/osal_linux_470.av5T(LockMP_posix.ov5T)
                0x0001c090                LockMP_acquire
                0x0001bf5c                LockMP_create
                0x0001beac                LockMP_getRefCount
                0x0001bc78                LockMP_getCount
                0x0001bce8                LockMP_release
                0x0001be54                LockMP_init
                0x0001beb4                LockMP_delete
 .text          0x0001c1c0       0xe8 /media/disk/OE/work/ti/ti-codec-engine-tree/packages/ti/sdo/ce/osal/linux/lib/release/osal_linux_470.av5T(Queue_posix.ov5T)
                0x0001c214                Queue_put
                0x0001c1cc                Queue_extract
                0x0001c260                Queue_get
                0x0001c1c4                Queue_init
                0x0001c1c0                Queue_exit
 .text          0x0001c2a8       0xec /media/disk/OE/work/ti/ti-codec-engine-tree/packages/ti/sdo/ce/osal/linux/lib/release/osal_linux_470.av5T(GT_config_libC.ov5T)
                0x0001c2b0                GTConfig_error
                0x0001c390                GTConfig_libcMalloc
                0x0001c338                GTConfig_vprintf
                0x0001c38c                GTConfig_libcFree
                0x0001c2a8                GTConfig_nop
 .text          0x0001c394       0x2c /media/disk/OE/work/ti/ti-codec-engine-tree/packages/ti/sdo/ce/osal/linux/lib/release/osal_linux_470.av5T(File_posix.ov5T)
                0x0001c398                File_stat
                0x0001c394                File_init
 .text          0x0001c3c0     0x14a0 /media/disk/OE/work/ti/ti-codec-engine-tree/packages/ti/sdo/ce/osal/linux/lib/release/osal_linux_470.av5T(Memory_cmem.ov5T)
                0x0001c3fc                Memory_exit
                0x0001c92c                Memory_free
                0x0001c40c                Memory_dumpKnownContigBufsList
                0x0001c544                Memory_cacheWb
                0x0001ccb4                Memory_contigFree
                0x0001c540                Memory_cacheWbInv
                0x0001ca3c                Memory_segFree
                0x0001cb8c                Memory_unregisterContigBuf
                0x0001c54c                Memory_getBufferVirtualAddress
                0x0001d854                Memory_contigAlloc
                0x0001c788                Memory_init
                0x0001c3f4                Memory_restoreHeap
                0x0001c400                Memory_contigStat
                0x0001c3dc                Memory_getHeapId
                0x0001c548                Memory_cacheInv
                0x0001d1f0                Memory_registerContigBuf
                0x0001c3ec                Memory_redefine
                0x0001cd34                Memory_alloc
                0x0001d1f4                Memory_getBufferPhysicalAddress
                0x0001c4c4                Memory_segStat
                0x0001cd2c                Memory_segAlloc
                0x0001c3e4                Memory_getNumHeaps
 .text          0x0001d860      0x2dc /media/disk/OE/work/ti/ti-codec-engine-tree/packages/ti/sdo/ce/osal/linux/lib/release/osal_linux_470.av5T(Global_noOS.ov5T)
                0x0001da34                Global_atexit
                0x0001d860                Global_getCpuLoad
                0x0001dae8                Global_abort
                0x0001d964                Global_getenv
                0x0001d868                Global_setSpecialTrace
                0x0001d960                Global_getProcessId
                0x0001d86c                Global_init
                0x0001d968                Global_exit
 .text          0x0001db3c      0x920 /media/disk/OE/work/ti/ti-codec-engine-tree/packages/ti/sdo/ce/osal/linux/lib/release/osal_linux_470.av5T(Thread_posix.ov5T)
                0x0001db3c                Thread_getenv
                0x0001df64                Thread_init
                0x0001e000                Thread_exit
                0x0001de94                Thread_join
                0x0001dce8                Thread_stat
                0x0001dc80                Thread_yield
                0x0001dba8                Thread_getname
                0x0001de24                Thread_self
                0x0001e200                Thread_create
                0x0001dd7c                Thread_setpri
                0x0001e090                Thread_delete
                0x0001dc14                Thread_getpri
 .text          0x0001e45c       0x14 /media/disk/OE/work/ti/ti-codec-engine-tree/packages/ti/sdo/ce/osal/linux/lib/release/osal_linux_470.av5T(Log_noOS.ov5T)
                0x0001e45c                Log_init
                0x0001e464                Log_printf
                0x0001e460                Log_event
 .text          0x0001e470      0x13c /media/disk/OE/work/ti/ti-codec-engine-tree/packages/ti/sdo/ce/osal/linux/lib/release/osal_linux_470.av5T(Lock_posix.ov5T)
                0x0001e500                Lock_create
                0x0001e470                Lock_release
                0x0001e5a8                Lock_acquire
                0x0001e554                Lock_init
                0x0001e474                Lock_delete
 .text          0x0001e5ac      0x3bc /media/disk/OE/work/ti/ti-codec-engine-tree/packages/ti/sdo/ce/osal/linux/lib/release/osal_linux_470.av5T(GT_config_posix.ov5T)
                0x0001e5fc                GTConfig_gettimeofday
                0x0001e6fc                GT_config_setOutTrace
                0x0001e5d4                GTConfig_pthreadLock
                0x0001e68c                GTConfig_tracePrintf
                0x0001e688                GTConfig_threadId
                0x0001e5ac                GTConfig_pthreadUnlock
                0x0001e730                GTConfig_posixInit
 .text          0x0001e968      0xbb4 /media/disk/OE/work/ti/ti-codec-engine-tree/packages/ti/sdo/ce/osal/linux/lib/release/osal_linux_470.av5T(SemMP_posix.ov5T)
                0x0001ef04                SemMP_delete
                0x0001edc4                SemMP_getRefCount
                0x0001e9e0                SemMP_post
                0x0001ec3c                SemMP_init
                0x0001edd4                SemMP_getCount
                0x0001f184                SemMP_create
                0x0001eacc                SemMP_pend
 .text          0x0001f51c      0x47c /media/disk/OE/work/ti/ti-codec-engine-tree/packages/ti/sdo/ce/osal/linux/lib/release/osal_linux_470.av5T(Sem_posix.ov5T)
                0x0001f874                Sem_create
                0x0001f710                Sem_init
                0x0001f7d8                Sem_delete
                0x0001f630                Sem_pend
                0x0001f590                Sem_post
                0x0001f768                Sem_getCount
 .text          0x0001f998      0x828 /media/disk/OE/work/ti/ti-codec-engine-tree/packages/ti/sdo/ce/utils/xdm/lib/release/XdmUtils.av5T(XdmUtils.ov5T)
                0x0001f998                XdmUtils_validateVideo1BufDesc
                0x00020050                XdmUtils_validateExtendedStruct
                0x00020180                XdmUtils_init
                0x0001fefc                XdmUtils_validateSparseBufDesc
                0x0001fda0                XdmUtils_validateSparseBufDesc1
                0x0001fb9c                XdmUtils_validateVideoBufDesc
 .text          0x000201c0      0xf5c /media/disk/OE/work/ti/ti-framework-components-tree/packages/ti/sdo/utils/trace/lib/release/gt.av5T(gt.ov5T)
                0x000201fc                GT_disable
                0x000210b4                _GT_create
                0x0002023c                GT_enable
                0x000201c0                GT_curTime
                0x00020bfc                GT_getModNameFlags
                0x00020354                _GT_trace
                0x00020e6c                _GT_set
                0x0002025c                GT_init
 .text          0x0002111c      0x218 /media/disk/OE/work/ti/ti-local-power-manager-tree/packages/ti/bios/power/lib/release/lpm_linux.av5T(lpm_api.ov5T)
                0x00021120                LPM_init
                0x0002112c                LPM_regExtPowerOn
                0x00021270                LPM_clear
                0x00021134                LPM_setPowerState
                0x000211f8                LPM_off
                0x00021314                LPM_close
                0x00021174                LPM_resume
                0x0002119c                LPM_on
                0x00021154                LPM_set
                0x00021290                LPM_open
                0x00021220                LPM_disconnect
                0x0002111c                LPM_exit
                0x00021248                LPM_connect
                0x00021124                LPM_regExtPowerOff
 .text          0x00021334      0xa78 /media/disk/OE/work/ti/ti-linuxutils-tree/packages/ti/sdo/linuxutils/cmem/lib/cmem.a470MV(cmem.o470MV)
                0x000219e8                CMEM_allocPool2
                0x00021c3c                CMEM_alloc2
                0x000217c4                CMEM_getPool
                0x00021c50                CMEM_init
                0x000213c4                CMEM_exit
                0x000219ec                CMEM_allocPool
                0x0002189c                CMEM_unregister
                0x000217c0                CMEM_getPool2
                0x000219fc                CMEM_registerAlloc
                0x000214bc                CMEM_getBlock
                0x000214cc                CMEM_getVersion
                0x000215c0                CMEM_cacheWbInv
                0x0002153c                CMEM_cacheInv
                0x000216c8                CMEM_getPhys
                0x00021644                CMEM_cacheWb
                0x000217d0                CMEM_free
                0x00021c40                CMEM_alloc
                0x000214b4                CMEM_getBlockAttrs
 .text          0x00021dac    0x14640 /media/disk/OE/work/ti/ti-dsplink-tree/packages/dsplink/gpp/export/BIN/Linux/OMAP3530/RELEASE/dsplink.lib
                0x00022528                _MPCS_open
                0x000346ac                RingIO_cancel
                0x00021e04                _IDM_USR_exit
                0x0002cf64                MPLIST_isEmpty
                0x0002ffc8                PROC_setup
                0x00022a34                _MPLIST_moduleInit
                0x00022e34                _MPLIST_init
                0x0002e750                MSGQ_locate
                0x00028a7c                CHNL_issue
                0x0002ac00                DRV_ProtectInit
                0x00028c5c                CHNL_idle
                0x0002e6c8                MSGQ_close
                0x0002f268                NOTIFY_notify
                0x00031984                PROC_stop
                0x00027304                _RingIO_releaseAttribute
                0x00035b00                RingIO_sendNotify
                0x000233c0                _NOTIFY_exit
                0x00024ba0                _RingIO_writerRelease
                0x0002c960                MPLIST_open
                0x00028ec0                DRV_Initialize
                0x000350dc                RingIO_flush
                0x00028b74                CHNL_reclaim
                0x00022398                _MPCS_exit
                0x00025a1c                _RingIO_writerFlush
                0x00026fb0                _RingIO_getFirstAcquiredAttr
                0x00032878                RingIO_delete
                0x00027f3c                _SYNC_USR_createCS
                0x000303e0                PROC_destroy
                0x000307cc                PROC_attach
                0x00027bd8                _RingIO_releaseLock
                0x0002f3f4                POOL_open
                0x0002c558                MPLIST_delete
                0x00022060                _MEM_USR_init
                0x00027868                _RingIO_updateAttributes
                0x00031ddc                RingIO_create
                0x00027b90                _RingIO_acquireLock
                0x00031cb4                PROC_resetCurStatus
                0x0002f0c8                NOTIFY_unregister
                0x00031b6c                PROC_GetSymbolAddress
                0x00026a3c                _RingIO_callNotifier
                0x00027510                _RingIO_getContiguousDataSize
                0x0002ee30                NOTIFY_register
                0x000313b8                PROC_load
                0x00026cf4                _RingIO_checkNotifier
                0x000284f4                _SYNC_USR_sleep
                0x0002d6d8                MPLIST_removeElement
                0x0002208c                _MEM_USR_exit
                0x00023cb4                _RingIO_moduleExit
                0x0002d9d8                MPLIST_first
                0x0002f98c                POOL_translateAddr
                0x00022148                _MEM_USR_calloc
                0x0002bcbc                MPCS_enter
                0x000220b8                _MEM_USR_alloc
                0x00021dac                _IDM_USR_init
                0x00035db0                RingIO_getEmptySize
                0x0002693c                _RingIO_readerCancel
                0x0002eb7c                MSGQ_get
                0x0002eadc                MSGQ_put
                0x00031db4                PROC_Setup
                0x0002af04                DRV_ProtectLeave
                0x000287a4                CHNL_delete
                0x00028638                CHNL_create
                0x00030d48                PROC_detach
                0x0002bb3c                MPCS_close
                0x000277bc                RingIO_notifyCallback
                0x00021ff0                _IDM_USR_releaseId
                0x00033fa4                RingIO_acquire
                0x0002c0a4                MPLIST_create
                0x00021ee8                _IDM_USR_delete
                0x000250ac                _RingIO_writerSetvAttribute
                0x0002b6ac                MPCS_delete
                0x0003169c                PROC_write
                0x00022244                _MPCS_init
                0x0002b220                MPCS_create
                0x000228b4                _MPCS_OS_open
                0x00034dd8                RingIO_setvAttribute
                0x0002dbd8                MPLIST_next
                0x000237f8                _POOL_xltBuf
                0x0002ec68                MSGQ_getSrcQueue
                0x0002934c                DRV_Invoke
                0x00021f4c                _IDM_USR_acquireId
                0x0002cd44                MPLIST_close
                0x00035514                RingIO_setNotifier
                0x00028d20                CHNL_flush
                0x00033994                RingIO_close
                0x00023718                _POOL_exit
                0x00028868                CHNL_allocateBuffer
                0x0002d074                MPLIST_insertBefore
                0x000285b8                _SYNC_USR_stateObjInit
                0x00022c90                _MPLIST_moduleExit
                0x0002fcc8                POOL_writeback
                0x0002e1b4                MSGQ_transportOpen
                0x00023a1c                _RingIO_moduleInit
                0x00021e5c                _IDM_USR_create
                0x000241e4                _RingIO_writerAcquire
                0x0002edbc                MSGQ_setErrorHandler
                0x000282d0                _SYNC_USR_enterCS
                0x0002ade4                DRV_ProtectEnter
                0x0002e8fc                MSGQ_release
                0x0002f8d4                POOL_free
                0x0002ea5c                MSGQ_free
                0x00022fa4                _MPLIST_exit
                0x00026084                _RingIO_readerFlush
                0x00035b9c                RingIO_getValidSize
                0x00034ac4                RingIO_getvAttribute
                0x0002bf1c                MPCS_leave
                0x00023e94                _RingIO_init
                0x00034a34                RingIO_setAttribute
                0x000361d8                RingIO_getEmptyAttrSize
                0x0002e5e0                MSGQ_open
                0x000330d8                RingIO_open
                0x000342e8                RingIO_release
                0x00031c1c                PROC_control
                0x000291d0                DRV_Finalize
                0x0002fab4                POOL_getPoolId
                0x0002ed0c                MSGQ_count
                0x00027c20                _SYNC_USR_init
                0x000349b0                RingIO_getAttribute
                0x0002e984                MSGQ_alloc
                0x00024e1c                _RingIO_readerRelease
                0x000281d4                _SYNC_USR_deleteCS
                0x0003159c                PROC_loadSection
                0x0002897c                CHNL_freeBuffer
                0x00025538                _RingIO_readerGetvAttribute
                0x0002ba1c                MPCS_open
                0x000315e0                PROC_read
                0x00028de4                CHNL_control
                0x0002f634                POOL_close
                0x0002d3ac                MPLIST_putTail
                0x0002e3f8                MSGQ_transportClose
                0x000311a8                PROC_getState
                0x0002de70                MPLIST_getHead
                0x00031758                PROC_start
                0x000276dc                _RingIO_isOffsetInBetween
                0x00026e4c                _RingIO_initInstance
                0x0002ad48                DRV_ProtectExit
                0x00027134                _RingIO_getFirstAttr
                0x00035fc4                RingIO_getValidAttrSize
                0x00022980                _MPCS_OS_close
                0x00023128                _NOTIFY_init
                0x0002f81c                POOL_alloc
                0x0002e81c                MSGQ_locateAsync
                0x00024024                _RingIO_exit
                0x000283ec                _SYNC_USR_leaveCS
                0x0002fe48                POOL_invalidate
                0x00023638                _POOL_init
                0x000221dc                _MEM_USR_free
                0x00027dc4                _SYNC_USR_exit
                0x0002665c                _RingIO_writerCancel
                0x0002455c                _RingIO_readerAcquire
 *fill*         0x000363ec        0x4 00000000
 .text          0x000363f0     0x4c08 /media/disk/OE/dspacceleration/opencv_dsp_acceleration/dsp_opencv/beagle/server/opencv_unitserver_evm3530/../../library/opencv/lib/libopencv.a(beagle_opencv_API.ov5T)
                0x0003af3c                dftDsp
                0x0003ae18                sobelDsp
 .text          0x0003aff8      0x848 /media/disk/OE/dspacceleration/opencv_dsp_acceleration/dsp_opencv/beagle/server/opencv_unitserver_evm3530/../../library/opencv/lib/libopencv.a(opencvDsp.ov5T)
                0x0003b018                opencvDspSetParams
                0x0003b63c                opencvDspCeInit
 .text          0x0003b840       0xc4 /media/disk/openembedded/build/tmp-angstrom_2008_1/cross/armv7a/lib/gcc/arm-angstrom-linux-gnueabi/4.3.3/libgcc.a(_udivsi3.o)
                0x0003b840                __udivsi3
                0x0003b8ec                __aeabi_uidivmod
                0x0003b840                __aeabi_uidiv
 .text          0x0003b904      0x3b8 /media/disk/openembedded/build/tmp-angstrom_2008_1/cross/armv7a/lib/gcc/arm-angstrom-linux-gnueabi/4.3.3/libgcc.a(_addsubdf3.o)
                0x0003bbbc                __aeabi_ui2d
                0x0003bc48                __aeabi_ul2d
                0x0003bbe0                __floatsidf
                0x0003b90c                __subdf3
                0x0003bbbc                __floatunsidf
                0x0003b910                __adddf3
                0x0003bc5c                __floatdidf
                0x0003b90c                __aeabi_dsub
                0x0003bc08                __extendsfdf2
                0x0003bc5c                __aeabi_l2d
                0x0003bc08                __aeabi_f2d
                0x0003bc48                __floatundidf
                0x0003b910                __aeabi_dadd
                0x0003bbe0                __aeabi_i2d
                0x0003b904                __aeabi_drsub
 .text          0x0003bcbc      0x470 /media/disk/openembedded/build/tmp-angstrom_2008_1/cross/armv7a/lib/gcc/arm-angstrom-linux-gnueabi/4.3.3/libgcc.a(_muldivdf3.o)
                0x0003bcbc                __muldf3
                0x0003bf28                __aeabi_ddiv
                0x0003bcbc                __aeabi_dmul
                0x0003bf28                __divdf3
 .text          0x0003c12c      0x128 /media/disk/openembedded/build/tmp-angstrom_2008_1/cross/armv7a/lib/gcc/arm-angstrom-linux-gnueabi/4.3.3/libgcc.a(_cmpdf2.o)
                0x0003c1c0                __aeabi_cdrcmple
                0x0003c240                __aeabi_dcmpgt
                0x0003c134                __ltdf2
                0x0003c12c                __gedf2
                0x0003c218                __aeabi_dcmple
                0x0003c1dc                __aeabi_cdcmple
                0x0003c1dc                __aeabi_cdcmpeq
                0x0003c22c                __aeabi_dcmpge
                0x0003c12c                __gtdf2
                0x0003c204                __aeabi_dcmplt
                0x0003c13c                __eqdf2
                0x0003c1f0                __aeabi_dcmpeq
                0x0003c134                __ledf2
                0x0003c13c                __cmpdf2
                0x0003c13c                __nedf2
 .text          0x0003c254       0x5c /media/disk/openembedded/build/tmp-angstrom_2008_1/cross/armv7a/lib/gcc/arm-angstrom-linux-gnueabi/4.3.3/libgcc.a(_fixdfsi.o)
                0x0003c254                __aeabi_d2iz
                0x0003c254                __fixdfsi
 .text          0x0003c2b0       0xa0 /media/disk/openembedded/build/tmp-angstrom_2008_1/cross/armv7a/lib/gcc/arm-angstrom-linux-gnueabi/4.3.3/libgcc.a(_truncdfsf2.o)
                0x0003c2b0                __truncdfsf2
                0x0003c2b0                __aeabi_d2f
 .text          0x0003c350      0x250 /media/disk/openembedded/build/tmp-angstrom_2008_1/cross/armv7a/lib/gcc/arm-angstrom-linux-gnueabi/4.3.3/libgcc.a(_addsubsf3.o)
                0x0003c4f4                __floatsisf
                0x0003c358                __subsf3
                0x0003c4ec                __aeabi_ui2f
                0x0003c350                __aeabi_frsub
                0x0003c358                __aeabi_fsub
                0x0003c514                __floatundisf
                0x0003c524                __floatdisf
                0x0003c4f4                __aeabi_i2f
                0x0003c35c                __addsf3
                0x0003c35c                __aeabi_fadd
                0x0003c524                __aeabi_l2f
                0x0003c514                __aeabi_ul2f
                0x0003c4ec                __floatunsisf
 .text          0x0003c5a0      0x2f8 /media/disk/openembedded/build/tmp-angstrom_2008_1/cross/armv7a/lib/gcc/arm-angstrom-linux-gnueabi/4.3.3/libgcc.a(_muldivsf3.o)
                0x0003c738                __divsf3
                0x0003c5a0                __mulsf3
                0x0003c738                __aeabi_fdiv
                0x0003c5a0                __aeabi_fmul
 .text          0x0003c898       0x10 /media/disk/openembedded/build/tmp-angstrom_2008_1/cross/armv7a/lib/gcc/arm-angstrom-linux-gnueabi/4.3.3/libgcc.a(_dvmd_lnx.o)
                0x0003c898                __div0
 .text          0x0003c8a8       0x78 /media/disk/openembedded/build/tmp-angstrom_2008_1/sysroots/armv7a-angstrom-linux-gnueabi/usr/lib/libc_nonshared.a(elf-init.oS)
                0x0003c8ac                __libc_csu_init
                0x0003c8a8                __libc_csu_fini
 .text          0x0003c920       0x28 /media/disk/openembedded/build/tmp-angstrom_2008_1/sysroots/armv7a-angstrom-linux-gnueabi/usr/lib/libc_nonshared.a(atexit.oS)
                0x0003c920                atexit
 .text          0x0003c948        0x0 /media/disk/openembedded/build/tmp-angstrom_2008_1/cross/armv7a/lib/gcc/arm-angstrom-linux-gnueabi/4.3.3/crtend.o
 .text          0x0003c948        0x0 /media/disk/openembedded/build/tmp-angstrom_2008_1/sysroots/armv7a-angstrom-linux-gnueabi/usr/lib/crtn.o
 *(.gnu.warning)
 *(.glue_7t)
 .glue_7t       0x0003c948        0x0 /media/disk/openembedded/build/tmp-angstrom_2008_1/sysroots/armv7a-angstrom-linux-gnueabi/usr/lib/crt1.o
 .glue_7t       0x0003c948        0x0 /media/disk/openembedded/build/tmp-angstrom_2008_1/sysroots/armv7a-angstrom-linux-gnueabi/usr/lib/crti.o
 .glue_7t       0x0003c948        0x0 /media/disk/openembedded/build/tmp-angstrom_2008_1/cross/armv7a/lib/gcc/arm-angstrom-linux-gnueabi/4.3.3/crtbegin.o
 .glue_7t       0x0003c948        0x0 /media/disk/openembedded/build/tmp-angstrom_2008_1/sysroots/armv7a-angstrom-linux-gnueabi/lib/libpthread.so.0
 .glue_7t       0x0003c948        0x0 /media/disk/openembedded/build/tmp-angstrom_2008_1/sysroots/armv7a-angstrom-linux-gnueabi/usr/lib/libm.so
 .glue_7t       0x0003c948        0x0 /media/disk/openembedded/build/tmp-angstrom_2008_1/sysroots/armv7a-angstrom-linux-gnueabi/usr/lib/libopencv_ml.so
 .glue_7t       0x0003c948        0x0 /media/disk/openembedded/build/tmp-angstrom_2008_1/sysroots/armv7a-angstrom-linux-gnueabi/usr/lib/libopencv_highgui.so
 .glue_7t       0x0003c948        0x0 /media/disk/openembedded/build/tmp-angstrom_2008_1/sysroots/armv7a-angstrom-linux-gnueabi/usr/lib/libopencv_core.so
 .glue_7t       0x0003c948        0x0 /media/disk/openembedded/build/tmp-angstrom_2008_1/sysroots/armv7a-angstrom-linux-gnueabi/usr/lib/libopencv_calib3d.so
 .glue_7t       0x0003c948        0x0 /media/disk/openembedded/build/tmp-angstrom_2008_1/sysroots/armv7a-angstrom-linux-gnueabi/usr/lib/libopencv_contrib.so
 .glue_7t       0x0003c948        0x0 /media/disk/openembedded/build/tmp-angstrom_2008_1/sysroots/armv7a-angstrom-linux-gnueabi/usr/lib/libopencv_features2d.so
 .glue_7t       0x0003c948        0x0 /media/disk/openembedded/build/tmp-angstrom_2008_1/sysroots/armv7a-angstrom-linux-gnueabi/usr/lib/libopencv_imgproc.so
 .glue_7t       0x0003c948        0x0 /media/disk/openembedded/build/tmp-angstrom_2008_1/sysroots/armv7a-angstrom-linux-gnueabi/usr/lib/libopencv_legacy.so
 .glue_7t       0x0003c948        0x0 /media/disk/openembedded/build/tmp-angstrom_2008_1/sysroots/armv7a-angstrom-linux-gnueabi/usr/lib/libopencv_objdetect.so
 .glue_7t       0x0003c948        0x0 /media/disk/openembedded/build/tmp-angstrom_2008_1/sysroots/armv7a-angstrom-linux-gnueabi/usr/lib/libopencv_video.so
 .glue_7t       0x0003c948        0x0 linux/app.evm3530.ov5T
 .glue_7t       0x0003c948        0x0 /media/disk/OE/dspacceleration/opencv_dsp_acceleration/dsp_opencv/beagle/apps/opencv/cfg/linux/remote_ti_platforms_evm3530/package/cfg/remote_ti_platforms_evm3530_xv5T.ov5T
 .glue_7t       0x0003c948        0x0 /media/disk/OE/work/ti/ti-codec-engine-tree/packages/ti/sdo/ce/universal/lib/release/universal.av5T(universal_stubs.ov5T)
 .glue_7t       0x0003c948        0x0 /media/disk/OE/work/ti/ti-codec-engine-tree/packages/ti/sdo/ce/universal/lib/release/universal.av5T(universal.ov5T)
 .glue_7t       0x0003c948        0x0 /media/disk/OE/work/ti/ti-codec-engine-tree/packages/ti/sdo/ce/lib/release/ce.av5T(Server.ov5T)
 .glue_7t       0x0003c948        0x0 /media/disk/OE/work/ti/ti-codec-engine-tree/packages/ti/sdo/ce/lib/release/ce.av5T(Engine.ov5T)
 .glue_7t       0x0003c948        0x0 /media/disk/OE/work/ti/ti-codec-engine-tree/packages/ti/sdo/ce/lib/release/ce.av5T(visa.ov5T)
 .glue_7t       0x0003c948        0x0 /media/disk/OE/work/ti/ti-codec-engine-tree/packages/ti/sdo/ce/lib/release/ce.av5T(package_ti.sdo.ce.ov5T)
 .glue_7t       0x0003c948        0x0 /media/disk/OE/work/ti/ti-codec-engine-tree/packages/ti/sdo/ce/alg/lib/release/Algorithm_noOS.av5T(Algorithm_noOS.ov5T)
 .glue_7t       0x0003c948        0x0 /media/disk/OE/work/ti/ti-codec-engine-tree/packages/ti/sdo/ce/alg/lib/release/alg.av5T(alg_create.ov5T)
 .glue_7t       0x0003c948        0x0 /media/disk/OE/work/ti/ti-codec-engine-tree/packages/ti/sdo/ce/alg/lib/release/alg.av5T(alg_malloc.ov5T)
 .glue_7t       0x0003c948        0x0 /media/disk/OE/work/ti/ti-codec-engine-tree/packages/ti/sdo/ce/ipc/dsplink/lib/release/ipc_dsplink_3530.av5T(Processor_dsplink.ov5T)
 .glue_7t       0x0003c948        0x0 /media/disk/OE/work/ti/ti-codec-engine-tree/packages/ti/sdo/ce/ipc/dsplink/lib/release/ipc_dsplink_3530.av5T(Power_dsplink.ov5T)
 .glue_7t       0x0003c948        0x0 /media/disk/OE/work/ti/ti-codec-engine-tree/packages/ti/sdo/ce/ipc/dsplink/lib/release/ipc_dsplink_3530.av5T(Comm_dsplink.ov5T)
 .glue_7t       0x0003c948        0x0 /media/disk/OE/work/ti/ti-codec-engine-tree/packages/ti/sdo/ce/ipc/dsplink/lib/release/ipc_dsplink_3530.av5T(Processor_dsplink_linkcfg_OMAP3530.ov5T)
 .glue_7t       0x0003c948        0x0 /media/disk/OE/work/ti/ti-codec-engine-tree/packages/ti/sdo/ce/ipc/dsplink/lib/release/ipc_dsplink_3530.av5T(Processor_dsplink_linkcfg_OS.ov5T)
 .glue_7t       0x0003c948        0x0 /media/disk/OE/work/ti/ti-codec-engine-tree/packages/ti/sdo/ce/osal/linux/lib/release/osal_linux_470.av5T(LockMP_posix.ov5T)
 .glue_7t       0x0003c948        0x0 /media/disk/OE/work/ti/ti-codec-engine-tree/packages/ti/sdo/ce/osal/linux/lib/release/osal_linux_470.av5T(Queue_posix.ov5T)
 .glue_7t       0x0003c948        0x0 /media/disk/OE/work/ti/ti-codec-engine-tree/packages/ti/sdo/ce/osal/linux/lib/release/osal_linux_470.av5T(GT_config_libC.ov5T)
 .glue_7t       0x0003c948        0x0 /media/disk/OE/work/ti/ti-codec-engine-tree/packages/ti/sdo/ce/osal/linux/lib/release/osal_linux_470.av5T(File_posix.ov5T)
 .glue_7t       0x0003c948        0x0 /media/disk/OE/work/ti/ti-codec-engine-tree/packages/ti/sdo/ce/osal/linux/lib/release/osal_linux_470.av5T(Memory_cmem.ov5T)
 .glue_7t       0x0003c948        0x0 /media/disk/OE/work/ti/ti-codec-engine-tree/packages/ti/sdo/ce/osal/linux/lib/release/osal_linux_470.av5T(Global_noOS.ov5T)
 .glue_7t       0x0003c948        0x0 /media/disk/OE/work/ti/ti-codec-engine-tree/packages/ti/sdo/ce/osal/linux/lib/release/osal_linux_470.av5T(Thread_posix.ov5T)
 .glue_7t       0x0003c948        0x0 /media/disk/OE/work/ti/ti-codec-engine-tree/packages/ti/sdo/ce/osal/linux/lib/release/osal_linux_470.av5T(Log_noOS.ov5T)
 .glue_7t       0x0003c948        0x0 /media/disk/OE/work/ti/ti-codec-engine-tree/packages/ti/sdo/ce/osal/linux/lib/release/osal_linux_470.av5T(Lock_posix.ov5T)
 .glue_7t       0x0003c948        0x0 /media/disk/OE/work/ti/ti-codec-engine-tree/packages/ti/sdo/ce/osal/linux/lib/release/osal_linux_470.av5T(GT_config_posix.ov5T)
 .glue_7t       0x0003c948        0x0 /media/disk/OE/work/ti/ti-codec-engine-tree/packages/ti/sdo/ce/osal/linux/lib/release/osal_linux_470.av5T(SemMP_posix.ov5T)
 .glue_7t       0x0003c948        0x0 /media/disk/OE/work/ti/ti-codec-engine-tree/packages/ti/sdo/ce/osal/linux/lib/release/osal_linux_470.av5T(Sem_posix.ov5T)
 .glue_7t       0x0003c948        0x0 /media/disk/OE/work/ti/ti-codec-engine-tree/packages/ti/sdo/ce/utils/xdm/lib/release/XdmUtils.av5T(XdmUtils.ov5T)
 .glue_7t       0x0003c948        0x0 /media/disk/OE/work/ti/ti-framework-components-tree/packages/ti/sdo/utils/trace/lib/release/gt.av5T(gt.ov5T)
 .glue_7t       0x0003c948        0x0 /media/disk/OE/work/ti/ti-local-power-manager-tree/packages/ti/bios/power/lib/release/lpm_linux.av5T(lpm_api.ov5T)
 .glue_7t       0x0003c948        0x0 /media/disk/OE/work/ti/ti-linuxutils-tree/packages/ti/sdo/linuxutils/cmem/lib/cmem.a470MV(cmem.o470MV)
 .glue_7t       0x0003c948        0x0 /media/disk/OE/work/ti/ti-dsplink-tree/packages/dsplink/gpp/export/BIN/Linux/OMAP3530/RELEASE/dsplink.lib
 .glue_7t       0x0003c948        0x0 /media/disk/OE/dspacceleration/opencv_dsp_acceleration/dsp_opencv/beagle/server/opencv_unitserver_evm3530/../../library/opencv/lib/libopencv.a(beagle_opencv_API.ov5T)
 .glue_7t       0x0003c948        0x0 /media/disk/OE/dspacceleration/opencv_dsp_acceleration/dsp_opencv/beagle/server/opencv_unitserver_evm3530/../../library/opencv/lib/libopencv.a(opencvDsp.ov5T)
 .glue_7t       0x0003c948        0x0 /media/disk/openembedded/build/tmp-angstrom_2008_1/cross/armv7a/lib/gcc/arm-angstrom-linux-gnueabi/4.3.3/libgcc.a(_udivsi3.o)
 .glue_7t       0x0003c948        0x0 /media/disk/openembedded/build/tmp-angstrom_2008_1/cross/armv7a/lib/gcc/arm-angstrom-linux-gnueabi/4.3.3/libgcc.a(_addsubdf3.o)
 .glue_7t       0x0003c948        0x0 /media/disk/openembedded/build/tmp-angstrom_2008_1/cross/armv7a/lib/gcc/arm-angstrom-linux-gnueabi/4.3.3/libgcc.a(_muldivdf3.o)
 .glue_7t       0x0003c948        0x0 /media/disk/openembedded/build/tmp-angstrom_2008_1/cross/armv7a/lib/gcc/arm-angstrom-linux-gnueabi/4.3.3/libgcc.a(_cmpdf2.o)
 .glue_7t       0x0003c948        0x0 /media/disk/openembedded/build/tmp-angstrom_2008_1/cross/armv7a/lib/gcc/arm-angstrom-linux-gnueabi/4.3.3/libgcc.a(_fixdfsi.o)
 .glue_7t       0x0003c948        0x0 /media/disk/openembedded/build/tmp-angstrom_2008_1/cross/armv7a/lib/gcc/arm-angstrom-linux-gnueabi/4.3.3/libgcc.a(_truncdfsf2.o)
 .glue_7t       0x0003c948        0x0 /media/disk/openembedded/build/tmp-angstrom_2008_1/cross/armv7a/lib/gcc/arm-angstrom-linux-gnueabi/4.3.3/libgcc.a(_addsubsf3.o)
 .glue_7t       0x0003c948        0x0 /media/disk/openembedded/build/tmp-angstrom_2008_1/cross/armv7a/lib/gcc/arm-angstrom-linux-gnueabi/4.3.3/libgcc.a(_muldivsf3.o)
 .glue_7t       0x0003c948        0x0 /media/disk/openembedded/build/tmp-angstrom_2008_1/cross/armv7a/lib/gcc/arm-angstrom-linux-gnueabi/4.3.3/libgcc.a(_dvmd_lnx.o)
 .glue_7t       0x0003c948        0x0 /media/disk/openembedded/build/tmp-angstrom_2008_1/cross/armv7a/lib/gcc/arm-angstrom-linux-gnueabi/4.3.3/../../../../arm-angstrom-linux-gnueabi/lib/libgcc_s.so
 .glue_7t       0x0003c948        0x0 /media/disk/openembedded/build/tmp-angstrom_2008_1/sysroots/armv7a-angstrom-linux-gnueabi/lib/libc.so.6
 .glue_7t       0x0003c948        0x0 /media/disk/openembedded/build/tmp-angstrom_2008_1/sysroots/armv7a-angstrom-linux-gnueabi/usr/lib/libc_nonshared.a(elf-init.oS)
 .glue_7t       0x0003c948        0x0 /media/disk/openembedded/build/tmp-angstrom_2008_1/sysroots/armv7a-angstrom-linux-gnueabi/usr/lib/libc_nonshared.a(atexit.oS)
 .glue_7t       0x0003c948        0x0 /media/disk/openembedded/build/tmp-angstrom_2008_1/sysroots/armv7a-angstrom-linux-gnueabi/lib/ld-linux.so.3
 .glue_7t       0x0003c948        0x0 /media/disk/openembedded/build/tmp-angstrom_2008_1/cross/armv7a/lib/gcc/arm-angstrom-linux-gnueabi/4.3.3/../../../../arm-angstrom-linux-gnueabi/lib/libgcc_s.so
 .glue_7t       0x0003c948        0x0 /media/disk/openembedded/build/tmp-angstrom_2008_1/cross/armv7a/lib/gcc/arm-angstrom-linux-gnueabi/4.3.3/crtend.o
 .glue_7t       0x0003c948        0x0 /media/disk/openembedded/build/tmp-angstrom_2008_1/sysroots/armv7a-angstrom-linux-gnueabi/usr/lib/crtn.o
 *(.glue_7)
 .glue_7        0x0003c948        0x0 /media/disk/openembedded/build/tmp-angstrom_2008_1/sysroots/armv7a-angstrom-linux-gnueabi/usr/lib/crt1.o
 .glue_7        0x0003c948        0x0 /media/disk/openembedded/build/tmp-angstrom_2008_1/sysroots/armv7a-angstrom-linux-gnueabi/usr/lib/crti.o
 .glue_7        0x0003c948        0x0 /media/disk/openembedded/build/tmp-angstrom_2008_1/cross/armv7a/lib/gcc/arm-angstrom-linux-gnueabi/4.3.3/crtbegin.o
 .glue_7        0x0003c948        0x0 /media/disk/openembedded/build/tmp-angstrom_2008_1/sysroots/armv7a-angstrom-linux-gnueabi/lib/libpthread.so.0
 .glue_7        0x0003c948        0x0 /media/disk/openembedded/build/tmp-angstrom_2008_1/sysroots/armv7a-angstrom-linux-gnueabi/usr/lib/libm.so
 .glue_7        0x0003c948        0x0 /media/disk/openembedded/build/tmp-angstrom_2008_1/sysroots/armv7a-angstrom-linux-gnueabi/usr/lib/libopencv_ml.so
 .glue_7        0x0003c948        0x0 /media/disk/openembedded/build/tmp-angstrom_2008_1/sysroots/armv7a-angstrom-linux-gnueabi/usr/lib/libopencv_highgui.so
 .glue_7        0x0003c948        0x0 /media/disk/openembedded/build/tmp-angstrom_2008_1/sysroots/armv7a-angstrom-linux-gnueabi/usr/lib/libopencv_core.so
 .glue_7        0x0003c948        0x0 /media/disk/openembedded/build/tmp-angstrom_2008_1/sysroots/armv7a-angstrom-linux-gnueabi/usr/lib/libopencv_calib3d.so
 .glue_7        0x0003c948        0x0 /media/disk/openembedded/build/tmp-angstrom_2008_1/sysroots/armv7a-angstrom-linux-gnueabi/usr/lib/libopencv_contrib.so
 .glue_7        0x0003c948        0x0 /media/disk/openembedded/build/tmp-angstrom_2008_1/sysroots/armv7a-angstrom-linux-gnueabi/usr/lib/libopencv_features2d.so
 .glue_7        0x0003c948        0x0 /media/disk/openembedded/build/tmp-angstrom_2008_1/sysroots/armv7a-angstrom-linux-gnueabi/usr/lib/libopencv_imgproc.so
 .glue_7        0x0003c948        0x0 /media/disk/openembedded/build/tmp-angstrom_2008_1/sysroots/armv7a-angstrom-linux-gnueabi/usr/lib/libopencv_legacy.so
 .glue_7        0x0003c948        0x0 /media/disk/openembedded/build/tmp-angstrom_2008_1/sysroots/armv7a-angstrom-linux-gnueabi/usr/lib/libopencv_objdetect.so
 .glue_7        0x0003c948        0x0 /media/disk/openembedded/build/tmp-angstrom_2008_1/sysroots/armv7a-angstrom-linux-gnueabi/usr/lib/libopencv_video.so
 .glue_7        0x0003c948        0x0 linux/app.evm3530.ov5T
 .glue_7        0x0003c948        0x0 /media/disk/OE/dspacceleration/opencv_dsp_acceleration/dsp_opencv/beagle/apps/opencv/cfg/linux/remote_ti_platforms_evm3530/package/cfg/remote_ti_platforms_evm3530_xv5T.ov5T
 .glue_7        0x0003c948        0x0 /media/disk/OE/work/ti/ti-codec-engine-tree/packages/ti/sdo/ce/universal/lib/release/universal.av5T(universal_stubs.ov5T)
 .glue_7        0x0003c948        0x0 /media/disk/OE/work/ti/ti-codec-engine-tree/packages/ti/sdo/ce/universal/lib/release/universal.av5T(universal.ov5T)
 .glue_7        0x0003c948        0x0 /media/disk/OE/work/ti/ti-codec-engine-tree/packages/ti/sdo/ce/lib/release/ce.av5T(Server.ov5T)
 .glue_7        0x0003c948        0x0 /media/disk/OE/work/ti/ti-codec-engine-tree/packages/ti/sdo/ce/lib/release/ce.av5T(Engine.ov5T)
 .glue_7        0x0003c948        0x0 /media/disk/OE/work/ti/ti-codec-engine-tree/packages/ti/sdo/ce/lib/release/ce.av5T(visa.ov5T)
 .glue_7        0x0003c948        0x0 /media/disk/OE/work/ti/ti-codec-engine-tree/packages/ti/sdo/ce/lib/release/ce.av5T(package_ti.sdo.ce.ov5T)
 .glue_7        0x0003c948        0x0 /media/disk/OE/work/ti/ti-codec-engine-tree/packages/ti/sdo/ce/alg/lib/release/Algorithm_noOS.av5T(Algorithm_noOS.ov5T)
 .glue_7        0x0003c948        0x0 /media/disk/OE/work/ti/ti-codec-engine-tree/packages/ti/sdo/ce/alg/lib/release/alg.av5T(alg_create.ov5T)
 .glue_7        0x0003c948        0x0 /media/disk/OE/work/ti/ti-codec-engine-tree/packages/ti/sdo/ce/alg/lib/release/alg.av5T(alg_malloc.ov5T)
 .glue_7        0x0003c948        0x0 /media/disk/OE/work/ti/ti-codec-engine-tree/packages/ti/sdo/ce/ipc/dsplink/lib/release/ipc_dsplink_3530.av5T(Processor_dsplink.ov5T)
 .glue_7        0x0003c948        0x0 /media/disk/OE/work/ti/ti-codec-engine-tree/packages/ti/sdo/ce/ipc/dsplink/lib/release/ipc_dsplink_3530.av5T(Power_dsplink.ov5T)
 .glue_7        0x0003c948        0x0 /media/disk/OE/work/ti/ti-codec-engine-tree/packages/ti/sdo/ce/ipc/dsplink/lib/release/ipc_dsplink_3530.av5T(Comm_dsplink.ov5T)
 .glue_7        0x0003c948        0x0 /media/disk/OE/work/ti/ti-codec-engine-tree/packages/ti/sdo/ce/ipc/dsplink/lib/release/ipc_dsplink_3530.av5T(Processor_dsplink_linkcfg_OMAP3530.ov5T)
 .glue_7        0x0003c948        0x0 /media/disk/OE/work/ti/ti-codec-engine-tree/packages/ti/sdo/ce/ipc/dsplink/lib/release/ipc_dsplink_3530.av5T(Processor_dsplink_linkcfg_OS.ov5T)
 .glue_7        0x0003c948        0x0 /media/disk/OE/work/ti/ti-codec-engine-tree/packages/ti/sdo/ce/osal/linux/lib/release/osal_linux_470.av5T(LockMP_posix.ov5T)
 .glue_7        0x0003c948        0x0 /media/disk/OE/work/ti/ti-codec-engine-tree/packages/ti/sdo/ce/osal/linux/lib/release/osal_linux_470.av5T(Queue_posix.ov5T)
 .glue_7        0x0003c948        0x0 /media/disk/OE/work/ti/ti-codec-engine-tree/packages/ti/sdo/ce/osal/linux/lib/release/osal_linux_470.av5T(GT_config_libC.ov5T)
 .glue_7        0x0003c948        0x0 /media/disk/OE/work/ti/ti-codec-engine-tree/packages/ti/sdo/ce/osal/linux/lib/release/osal_linux_470.av5T(File_posix.ov5T)
 .glue_7        0x0003c948        0x0 /media/disk/OE/work/ti/ti-codec-engine-tree/packages/ti/sdo/ce/osal/linux/lib/release/osal_linux_470.av5T(Memory_cmem.ov5T)
 .glue_7        0x0003c948        0x0 /media/disk/OE/work/ti/ti-codec-engine-tree/packages/ti/sdo/ce/osal/linux/lib/release/osal_linux_470.av5T(Global_noOS.ov5T)
 .glue_7        0x0003c948        0x0 /media/disk/OE/work/ti/ti-codec-engine-tree/packages/ti/sdo/ce/osal/linux/lib/release/osal_linux_470.av5T(Thread_posix.ov5T)
 .glue_7        0x0003c948        0x0 /media/disk/OE/work/ti/ti-codec-engine-tree/packages/ti/sdo/ce/osal/linux/lib/release/osal_linux_470.av5T(Log_noOS.ov5T)
 .glue_7        0x0003c948        0x0 /media/disk/OE/work/ti/ti-codec-engine-tree/packages/ti/sdo/ce/osal/linux/lib/release/osal_linux_470.av5T(Lock_posix.ov5T)
 .glue_7        0x0003c948        0x0 /media/disk/OE/work/ti/ti-codec-engine-tree/packages/ti/sdo/ce/osal/linux/lib/release/osal_linux_470.av5T(GT_config_posix.ov5T)
 .glue_7        0x0003c948        0x0 /media/disk/OE/work/ti/ti-codec-engine-tree/packages/ti/sdo/ce/osal/linux/lib/release/osal_linux_470.av5T(SemMP_posix.ov5T)
 .glue_7        0x0003c948        0x0 /media/disk/OE/work/ti/ti-codec-engine-tree/packages/ti/sdo/ce/osal/linux/lib/release/osal_linux_470.av5T(Sem_posix.ov5T)
 .glue_7        0x0003c948        0x0 /media/disk/OE/work/ti/ti-codec-engine-tree/packages/ti/sdo/ce/utils/xdm/lib/release/XdmUtils.av5T(XdmUtils.ov5T)
 .glue_7        0x0003c948        0x0 /media/disk/OE/work/ti/ti-framework-components-tree/packages/ti/sdo/utils/trace/lib/release/gt.av5T(gt.ov5T)
 .glue_7        0x0003c948        0x0 /media/disk/OE/work/ti/ti-local-power-manager-tree/packages/ti/bios/power/lib/release/lpm_linux.av5T(lpm_api.ov5T)
 .glue_7        0x0003c948        0x0 /media/disk/OE/work/ti/ti-linuxutils-tree/packages/ti/sdo/linuxutils/cmem/lib/cmem.a470MV(cmem.o470MV)
 .glue_7        0x0003c948        0x0 /media/disk/OE/work/ti/ti-dsplink-tree/packages/dsplink/gpp/export/BIN/Linux/OMAP3530/RELEASE/dsplink.lib
 .glue_7        0x0003c948        0x0 /media/disk/OE/dspacceleration/opencv_dsp_acceleration/dsp_opencv/beagle/server/opencv_unitserver_evm3530/../../library/opencv/lib/libopencv.a(beagle_opencv_API.ov5T)
 .glue_7        0x0003c948        0x0 /media/disk/OE/dspacceleration/opencv_dsp_acceleration/dsp_opencv/beagle/server/opencv_unitserver_evm3530/../../library/opencv/lib/libopencv.a(opencvDsp.ov5T)
 .glue_7        0x0003c948        0x0 /media/disk/openembedded/build/tmp-angstrom_2008_1/cross/armv7a/lib/gcc/arm-angstrom-linux-gnueabi/4.3.3/libgcc.a(_udivsi3.o)
 .glue_7        0x0003c948        0x0 /media/disk/openembedded/build/tmp-angstrom_2008_1/cross/armv7a/lib/gcc/arm-angstrom-linux-gnueabi/4.3.3/libgcc.a(_addsubdf3.o)
 .glue_7        0x0003c948        0x0 /media/disk/openembedded/build/tmp-angstrom_2008_1/cross/armv7a/lib/gcc/arm-angstrom-linux-gnueabi/4.3.3/libgcc.a(_muldivdf3.o)
 .glue_7        0x0003c948        0x0 /media/disk/openembedded/build/tmp-angstrom_2008_1/cross/armv7a/lib/gcc/arm-angstrom-linux-gnueabi/4.3.3/libgcc.a(_cmpdf2.o)
 .glue_7        0x0003c948        0x0 /media/disk/openembedded/build/tmp-angstrom_2008_1/cross/armv7a/lib/gcc/arm-angstrom-linux-gnueabi/4.3.3/libgcc.a(_fixdfsi.o)
 .glue_7        0x0003c948        0x0 /media/disk/openembedded/build/tmp-angstrom_2008_1/cross/armv7a/lib/gcc/arm-angstrom-linux-gnueabi/4.3.3/libgcc.a(_truncdfsf2.o)
 .glue_7        0x0003c948        0x0 /media/disk/openembedded/build/tmp-angstrom_2008_1/cross/armv7a/lib/gcc/arm-angstrom-linux-gnueabi/4.3.3/libgcc.a(_addsubsf3.o)
 .glue_7        0x0003c948        0x0 /media/disk/openembedded/build/tmp-angstrom_2008_1/cross/armv7a/lib/gcc/arm-angstrom-linux-gnueabi/4.3.3/libgcc.a(_muldivsf3.o)
 .glue_7        0x0003c948        0x0 /media/disk/openembedded/build/tmp-angstrom_2008_1/cross/armv7a/lib/gcc/arm-angstrom-linux-gnueabi/4.3.3/libgcc.a(_dvmd_lnx.o)
 .glue_7        0x0003c948        0x0 /media/disk/openembedded/build/tmp-angstrom_2008_1/cross/armv7a/lib/gcc/arm-angstrom-linux-gnueabi/4.3.3/../../../../arm-angstrom-linux-gnueabi/lib/libgcc_s.so
 .glue_7        0x0003c948        0x0 /media/disk/openembedded/build/tmp-angstrom_2008_1/sysroots/armv7a-angstrom-linux-gnueabi/lib/libc.so.6
 .glue_7        0x0003c948        0x0 /media/disk/openembedded/build/tmp-angstrom_2008_1/sysroots/armv7a-angstrom-linux-gnueabi/usr/lib/libc_nonshared.a(elf-init.oS)
 .glue_7        0x0003c948        0x0 /media/disk/openembedded/build/tmp-angstrom_2008_1/sysroots/armv7a-angstrom-linux-gnueabi/usr/lib/libc_nonshared.a(atexit.oS)
 .glue_7        0x0003c948        0x0 /media/disk/openembedded/build/tmp-angstrom_2008_1/sysroots/armv7a-angstrom-linux-gnueabi/lib/ld-linux.so.3
 .glue_7        0x0003c948        0x0 /media/disk/openembedded/build/tmp-angstrom_2008_1/cross/armv7a/lib/gcc/arm-angstrom-linux-gnueabi/4.3.3/../../../../arm-angstrom-linux-gnueabi/lib/libgcc_s.so
 .glue_7        0x0003c948        0x0 /media/disk/openembedded/build/tmp-angstrom_2008_1/cross/armv7a/lib/gcc/arm-angstrom-linux-gnueabi/4.3.3/crtend.o
 .glue_7        0x0003c948        0x0 /media/disk/openembedded/build/tmp-angstrom_2008_1/sysroots/armv7a-angstrom-linux-gnueabi/usr/lib/crtn.o
 *(.vfp11_veneer)
 .vfp11_veneer  0x0003c948        0x0 /media/disk/openembedded/build/tmp-angstrom_2008_1/sysroots/armv7a-angstrom-linux-gnueabi/usr/lib/crt1.o
 .vfp11_veneer  0x0003c948        0x0 /media/disk/openembedded/build/tmp-angstrom_2008_1/sysroots/armv7a-angstrom-linux-gnueabi/usr/lib/crti.o
 .vfp11_veneer  0x0003c948        0x0 /media/disk/openembedded/build/tmp-angstrom_2008_1/cross/armv7a/lib/gcc/arm-angstrom-linux-gnueabi/4.3.3/crtbegin.o
 .vfp11_veneer  0x0003c948        0x0 /media/disk/openembedded/build/tmp-angstrom_2008_1/sysroots/armv7a-angstrom-linux-gnueabi/lib/libpthread.so.0
 .vfp11_veneer  0x0003c948        0x0 /media/disk/openembedded/build/tmp-angstrom_2008_1/sysroots/armv7a-angstrom-linux-gnueabi/usr/lib/libm.so
 .vfp11_veneer  0x0003c948        0x0 /media/disk/openembedded/build/tmp-angstrom_2008_1/sysroots/armv7a-angstrom-linux-gnueabi/usr/lib/libopencv_ml.so
 .vfp11_veneer  0x0003c948        0x0 /media/disk/openembedded/build/tmp-angstrom_2008_1/sysroots/armv7a-angstrom-linux-gnueabi/usr/lib/libopencv_highgui.so
 .vfp11_veneer  0x0003c948        0x0 /media/disk/openembedded/build/tmp-angstrom_2008_1/sysroots/armv7a-angstrom-linux-gnueabi/usr/lib/libopencv_core.so
 .vfp11_veneer  0x0003c948        0x0 /media/disk/openembedded/build/tmp-angstrom_2008_1/sysroots/armv7a-angstrom-linux-gnueabi/usr/lib/libopencv_calib3d.so
 .vfp11_veneer  0x0003c948        0x0 /media/disk/openembedded/build/tmp-angstrom_2008_1/sysroots/armv7a-angstrom-linux-gnueabi/usr/lib/libopencv_contrib.so
 .vfp11_veneer  0x0003c948        0x0 /media/disk/openembedded/build/tmp-angstrom_2008_1/sysroots/armv7a-angstrom-linux-gnueabi/usr/lib/libopencv_features2d.so
 .vfp11_veneer  0x0003c948        0x0 /media/disk/openembedded/build/tmp-angstrom_2008_1/sysroots/armv7a-angstrom-linux-gnueabi/usr/lib/libopencv_imgproc.so
 .vfp11_veneer  0x0003c948        0x0 /media/disk/openembedded/build/tmp-angstrom_2008_1/sysroots/armv7a-angstrom-linux-gnueabi/usr/lib/libopencv_legacy.so
 .vfp11_veneer  0x0003c948        0x0 /media/disk/openembedded/build/tmp-angstrom_2008_1/sysroots/armv7a-angstrom-linux-gnueabi/usr/lib/libopencv_objdetect.so
 .vfp11_veneer  0x0003c948        0x0 /media/disk/openembedded/build/tmp-angstrom_2008_1/sysroots/armv7a-angstrom-linux-gnueabi/usr/lib/libopencv_video.so
 .vfp11_veneer  0x0003c948        0x0 linux/app.evm3530.ov5T
 .vfp11_veneer  0x0003c948        0x0 /media/disk/OE/dspacceleration/opencv_dsp_acceleration/dsp_opencv/beagle/apps/opencv/cfg/linux/remote_ti_platforms_evm3530/package/cfg/remote_ti_platforms_evm3530_xv5T.ov5T
 .vfp11_veneer  0x0003c948        0x0 /media/disk/OE/work/ti/ti-codec-engine-tree/packages/ti/sdo/ce/universal/lib/release/universal.av5T(universal_stubs.ov5T)
 .vfp11_veneer  0x0003c948        0x0 /media/disk/OE/work/ti/ti-codec-engine-tree/packages/ti/sdo/ce/universal/lib/release/universal.av5T(universal.ov5T)
 .vfp11_veneer  0x0003c948        0x0 /media/disk/OE/work/ti/ti-codec-engine-tree/packages/ti/sdo/ce/lib/release/ce.av5T(Server.ov5T)
 .vfp11_veneer  0x0003c948        0x0 /media/disk/OE/work/ti/ti-codec-engine-tree/packages/ti/sdo/ce/lib/release/ce.av5T(Engine.ov5T)
 .vfp11_veneer  0x0003c948        0x0 /media/disk/OE/work/ti/ti-codec-engine-tree/packages/ti/sdo/ce/lib/release/ce.av5T(visa.ov5T)
 .vfp11_veneer  0x0003c948        0x0 /media/disk/OE/work/ti/ti-codec-engine-tree/packages/ti/sdo/ce/lib/release/ce.av5T(package_ti.sdo.ce.ov5T)
 .vfp11_veneer  0x0003c948        0x0 /media/disk/OE/work/ti/ti-codec-engine-tree/packages/ti/sdo/ce/alg/lib/release/Algorithm_noOS.av5T(Algorithm_noOS.ov5T)
 .vfp11_veneer  0x0003c948        0x0 /media/disk/OE/work/ti/ti-codec-engine-tree/packages/ti/sdo/ce/alg/lib/release/alg.av5T(alg_create.ov5T)
 .vfp11_veneer  0x0003c948        0x0 /media/disk/OE/work/ti/ti-codec-engine-tree/packages/ti/sdo/ce/alg/lib/release/alg.av5T(alg_malloc.ov5T)
 .vfp11_veneer  0x0003c948        0x0 /media/disk/OE/work/ti/ti-codec-engine-tree/packages/ti/sdo/ce/ipc/dsplink/lib/release/ipc_dsplink_3530.av5T(Processor_dsplink.ov5T)
 .vfp11_veneer  0x0003c948        0x0 /media/disk/OE/work/ti/ti-codec-engine-tree/packages/ti/sdo/ce/ipc/dsplink/lib/release/ipc_dsplink_3530.av5T(Power_dsplink.ov5T)
 .vfp11_veneer  0x0003c948        0x0 /media/disk/OE/work/ti/ti-codec-engine-tree/packages/ti/sdo/ce/ipc/dsplink/lib/release/ipc_dsplink_3530.av5T(Comm_dsplink.ov5T)
 .vfp11_veneer  0x0003c948        0x0 /media/disk/OE/work/ti/ti-codec-engine-tree/packages/ti/sdo/ce/ipc/dsplink/lib/release/ipc_dsplink_3530.av5T(Processor_dsplink_linkcfg_OMAP3530.ov5T)
 .vfp11_veneer  0x0003c948        0x0 /media/disk/OE/work/ti/ti-codec-engine-tree/packages/ti/sdo/ce/ipc/dsplink/lib/release/ipc_dsplink_3530.av5T(Processor_dsplink_linkcfg_OS.ov5T)
 .vfp11_veneer  0x0003c948        0x0 /media/disk/OE/work/ti/ti-codec-engine-tree/packages/ti/sdo/ce/osal/linux/lib/release/osal_linux_470.av5T(LockMP_posix.ov5T)
 .vfp11_veneer  0x0003c948        0x0 /media/disk/OE/work/ti/ti-codec-engine-tree/packages/ti/sdo/ce/osal/linux/lib/release/osal_linux_470.av5T(Queue_posix.ov5T)
 .vfp11_veneer  0x0003c948        0x0 /media/disk/OE/work/ti/ti-codec-engine-tree/packages/ti/sdo/ce/osal/linux/lib/release/osal_linux_470.av5T(GT_config_libC.ov5T)
 .vfp11_veneer  0x0003c948        0x0 /media/disk/OE/work/ti/ti-codec-engine-tree/packages/ti/sdo/ce/osal/linux/lib/release/osal_linux_470.av5T(File_posix.ov5T)
 .vfp11_veneer  0x0003c948        0x0 /media/disk/OE/work/ti/ti-codec-engine-tree/packages/ti/sdo/ce/osal/linux/lib/release/osal_linux_470.av5T(Memory_cmem.ov5T)
 .vfp11_veneer  0x0003c948        0x0 /media/disk/OE/work/ti/ti-codec-engine-tree/packages/ti/sdo/ce/osal/linux/lib/release/osal_linux_470.av5T(Global_noOS.ov5T)
 .vfp11_veneer  0x0003c948        0x0 /media/disk/OE/work/ti/ti-codec-engine-tree/packages/ti/sdo/ce/osal/linux/lib/release/osal_linux_470.av5T(Thread_posix.ov5T)
 .vfp11_veneer  0x0003c948        0x0 /media/disk/OE/work/ti/ti-codec-engine-tree/packages/ti/sdo/ce/osal/linux/lib/release/osal_linux_470.av5T(Log_noOS.ov5T)
 .vfp11_veneer  0x0003c948        0x0 /media/disk/OE/work/ti/ti-codec-engine-tree/packages/ti/sdo/ce/osal/linux/lib/release/osal_linux_470.av5T(Lock_posix.ov5T)
 .vfp11_veneer  0x0003c948        0x0 /media/disk/OE/work/ti/ti-codec-engine-tree/packages/ti/sdo/ce/osal/linux/lib/release/osal_linux_470.av5T(GT_config_posix.ov5T)
 .vfp11_veneer  0x0003c948        0x0 /media/disk/OE/work/ti/ti-codec-engine-tree/packages/ti/sdo/ce/osal/linux/lib/release/osal_linux_470.av5T(SemMP_posix.ov5T)
 .vfp11_veneer  0x0003c948        0x0 /media/disk/OE/work/ti/ti-codec-engine-tree/packages/ti/sdo/ce/osal/linux/lib/release/osal_linux_470.av5T(Sem_posix.ov5T)
 .vfp11_veneer  0x0003c948        0x0 /media/disk/OE/work/ti/ti-codec-engine-tree/packages/ti/sdo/ce/utils/xdm/lib/release/XdmUtils.av5T(XdmUtils.ov5T)
 .vfp11_veneer  0x0003c948        0x0 /media/disk/OE/work/ti/ti-framework-components-tree/packages/ti/sdo/utils/trace/lib/release/gt.av5T(gt.ov5T)
 .vfp11_veneer  0x0003c948        0x0 /media/disk/OE/work/ti/ti-local-power-manager-tree/packages/ti/bios/power/lib/release/lpm_linux.av5T(lpm_api.ov5T)
 .vfp11_veneer  0x0003c948        0x0 /media/disk/OE/work/ti/ti-linuxutils-tree/packages/ti/sdo/linuxutils/cmem/lib/cmem.a470MV(cmem.o470MV)
 .vfp11_veneer  0x0003c948        0x0 /media/disk/OE/work/ti/ti-dsplink-tree/packages/dsplink/gpp/export/BIN/Linux/OMAP3530/RELEASE/dsplink.lib
 .vfp11_veneer  0x0003c948        0x0 /media/disk/OE/dspacceleration/opencv_dsp_acceleration/dsp_opencv/beagle/server/opencv_unitserver_evm3530/../../library/opencv/lib/libopencv.a(beagle_opencv_API.ov5T)
 .vfp11_veneer  0x0003c948        0x0 /media/disk/OE/dspacceleration/opencv_dsp_acceleration/dsp_opencv/beagle/server/opencv_unitserver_evm3530/../../library/opencv/lib/libopencv.a(opencvDsp.ov5T)
 .vfp11_veneer  0x0003c948        0x0 /media/disk/openembedded/build/tmp-angstrom_2008_1/cross/armv7a/lib/gcc/arm-angstrom-linux-gnueabi/4.3.3/libgcc.a(_udivsi3.o)
 .vfp11_veneer  0x0003c948        0x0 /media/disk/openembedded/build/tmp-angstrom_2008_1/cross/armv7a/lib/gcc/arm-angstrom-linux-gnueabi/4.3.3/libgcc.a(_addsubdf3.o)
 .vfp11_veneer  0x0003c948        0x0 /media/disk/openembedded/build/tmp-angstrom_2008_1/cross/armv7a/lib/gcc/arm-angstrom-linux-gnueabi/4.3.3/libgcc.a(_muldivdf3.o)
 .vfp11_veneer  0x0003c948        0x0 /media/disk/openembedded/build/tmp-angstrom_2008_1/cross/armv7a/lib/gcc/arm-angstrom-linux-gnueabi/4.3.3/libgcc.a(_cmpdf2.o)
 .vfp11_veneer  0x0003c948        0x0 /media/disk/openembedded/build/tmp-angstrom_2008_1/cross/armv7a/lib/gcc/arm-angstrom-linux-gnueabi/4.3.3/libgcc.a(_fixdfsi.o)
 .vfp11_veneer  0x0003c948        0x0 /media/disk/openembedded/build/tmp-angstrom_2008_1/cross/armv7a/lib/gcc/arm-angstrom-linux-gnueabi/4.3.3/libgcc.a(_truncdfsf2.o)
 .vfp11_veneer  0x0003c948        0x0 /media/disk/openembedded/build/tmp-angstrom_2008_1/cross/armv7a/lib/gcc/arm-angstrom-linux-gnueabi/4.3.3/libgcc.a(_addsubsf3.o)
 .vfp11_veneer  0x0003c948        0x0 /media/disk/openembedded/build/tmp-angstrom_2008_1/cross/armv7a/lib/gcc/arm-angstrom-linux-gnueabi/4.3.3/libgcc.a(_muldivsf3.o)
 .vfp11_veneer  0x0003c948        0x0 /media/disk/openembedded/build/tmp-angstrom_2008_1/cross/armv7a/lib/gcc/arm-angstrom-linux-gnueabi/4.3.3/libgcc.a(_dvmd_lnx.o)
 .vfp11_veneer  0x0003c948        0x0 /media/disk/openembedded/build/tmp-angstrom_2008_1/cross/armv7a/lib/gcc/arm-angstrom-linux-gnueabi/4.3.3/../../../../arm-angstrom-linux-gnueabi/lib/libgcc_s.so
 .vfp11_veneer  0x0003c948        0x0 /media/disk/openembedded/build/tmp-angstrom_2008_1/sysroots/armv7a-angstrom-linux-gnueabi/lib/libc.so.6
 .vfp11_veneer  0x0003c948        0x0 /media/disk/openembedded/build/tmp-angstrom_2008_1/sysroots/armv7a-angstrom-linux-gnueabi/usr/lib/libc_nonshared.a(elf-init.oS)
 .vfp11_veneer  0x0003c948        0x0 /media/disk/openembedded/build/tmp-angstrom_2008_1/sysroots/armv7a-angstrom-linux-gnueabi/usr/lib/libc_nonshared.a(atexit.oS)
 .vfp11_veneer  0x0003c948        0x0 /media/disk/openembedded/build/tmp-angstrom_2008_1/sysroots/armv7a-angstrom-linux-gnueabi/lib/ld-linux.so.3
 .vfp11_veneer  0x0003c948        0x0 /media/disk/openembedded/build/tmp-angstrom_2008_1/cross/armv7a/lib/gcc/arm-angstrom-linux-gnueabi/4.3.3/../../../../arm-angstrom-linux-gnueabi/lib/libgcc_s.so
 .vfp11_veneer  0x0003c948        0x0 /media/disk/openembedded/build/tmp-angstrom_2008_1/cross/armv7a/lib/gcc/arm-angstrom-linux-gnueabi/4.3.3/crtend.o
 .vfp11_veneer  0x0003c948        0x0 /media/disk/openembedded/build/tmp-angstrom_2008_1/sysroots/armv7a-angstrom-linux-gnueabi/usr/lib/crtn.o
 *(.v4_bx)
 .v4_bx         0x0003c948        0x0 /media/disk/openembedded/build/tmp-angstrom_2008_1/sysroots/armv7a-angstrom-linux-gnueabi/usr/lib/crt1.o
 .v4_bx         0x0003c948        0x0 /media/disk/openembedded/build/tmp-angstrom_2008_1/sysroots/armv7a-angstrom-linux-gnueabi/usr/lib/crti.o
 .v4_bx         0x0003c948        0x0 /media/disk/openembedded/build/tmp-angstrom_2008_1/cross/armv7a/lib/gcc/arm-angstrom-linux-gnueabi/4.3.3/crtbegin.o
 .v4_bx         0x0003c948        0x0 /media/disk/openembedded/build/tmp-angstrom_2008_1/sysroots/armv7a-angstrom-linux-gnueabi/lib/libpthread.so.0
 .v4_bx         0x0003c948        0x0 /media/disk/openembedded/build/tmp-angstrom_2008_1/sysroots/armv7a-angstrom-linux-gnueabi/usr/lib/libm.so
 .v4_bx         0x0003c948        0x0 /media/disk/openembedded/build/tmp-angstrom_2008_1/sysroots/armv7a-angstrom-linux-gnueabi/usr/lib/libopencv_ml.so
 .v4_bx         0x0003c948        0x0 /media/disk/openembedded/build/tmp-angstrom_2008_1/sysroots/armv7a-angstrom-linux-gnueabi/usr/lib/libopencv_highgui.so
 .v4_bx         0x0003c948        0x0 /media/disk/openembedded/build/tmp-angstrom_2008_1/sysroots/armv7a-angstrom-linux-gnueabi/usr/lib/libopencv_core.so
 .v4_bx         0x0003c948        0x0 /media/disk/openembedded/build/tmp-angstrom_2008_1/sysroots/armv7a-angstrom-linux-gnueabi/usr/lib/libopencv_calib3d.so
 .v4_bx         0x0003c948        0x0 /media/disk/openembedded/build/tmp-angstrom_2008_1/sysroots/armv7a-angstrom-linux-gnueabi/usr/lib/libopencv_contrib.so
 .v4_bx         0x0003c948        0x0 /media/disk/openembedded/build/tmp-angstrom_2008_1/sysroots/armv7a-angstrom-linux-gnueabi/usr/lib/libopencv_features2d.so
 .v4_bx         0x0003c948        0x0 /media/disk/openembedded/build/tmp-angstrom_2008_1/sysroots/armv7a-angstrom-linux-gnueabi/usr/lib/libopencv_imgproc.so
 .v4_bx         0x0003c948        0x0 /media/disk/openembedded/build/tmp-angstrom_2008_1/sysroots/armv7a-angstrom-linux-gnueabi/usr/lib/libopencv_legacy.so
 .v4_bx         0x0003c948        0x0 /media/disk/openembedded/build/tmp-angstrom_2008_1/sysroots/armv7a-angstrom-linux-gnueabi/usr/lib/libopencv_objdetect.so
 .v4_bx         0x0003c948        0x0 /media/disk/openembedded/build/tmp-angstrom_2008_1/sysroots/armv7a-angstrom-linux-gnueabi/usr/lib/libopencv_video.so
 .v4_bx         0x0003c948        0x0 linux/app.evm3530.ov5T
 .v4_bx         0x0003c948        0x0 /media/disk/OE/dspacceleration/opencv_dsp_acceleration/dsp_opencv/beagle/apps/opencv/cfg/linux/remote_ti_platforms_evm3530/package/cfg/remote_ti_platforms_evm3530_xv5T.ov5T
 .v4_bx         0x0003c948        0x0 /media/disk/OE/work/ti/ti-codec-engine-tree/packages/ti/sdo/ce/universal/lib/release/universal.av5T(universal_stubs.ov5T)
 .v4_bx         0x0003c948        0x0 /media/disk/OE/work/ti/ti-codec-engine-tree/packages/ti/sdo/ce/universal/lib/release/universal.av5T(universal.ov5T)
 .v4_bx         0x0003c948        0x0 /media/disk/OE/work/ti/ti-codec-engine-tree/packages/ti/sdo/ce/lib/release/ce.av5T(Server.ov5T)
 .v4_bx         0x0003c948        0x0 /media/disk/OE/work/ti/ti-codec-engine-tree/packages/ti/sdo/ce/lib/release/ce.av5T(Engine.ov5T)
 .v4_bx         0x0003c948        0x0 /media/disk/OE/work/ti/ti-codec-engine-tree/packages/ti/sdo/ce/lib/release/ce.av5T(visa.ov5T)
 .v4_bx         0x0003c948        0x0 /media/disk/OE/work/ti/ti-codec-engine-tree/packages/ti/sdo/ce/lib/release/ce.av5T(package_ti.sdo.ce.ov5T)
 .v4_bx         0x0003c948        0x0 /media/disk/OE/work/ti/ti-codec-engine-tree/packages/ti/sdo/ce/alg/lib/release/Algorithm_noOS.av5T(Algorithm_noOS.ov5T)
 .v4_bx         0x0003c948        0x0 /media/disk/OE/work/ti/ti-codec-engine-tree/packages/ti/sdo/ce/alg/lib/release/alg.av5T(alg_create.ov5T)
 .v4_bx         0x0003c948        0x0 /media/disk/OE/work/ti/ti-codec-engine-tree/packages/ti/sdo/ce/alg/lib/release/alg.av5T(alg_malloc.ov5T)
 .v4_bx         0x0003c948        0x0 /media/disk/OE/work/ti/ti-codec-engine-tree/packages/ti/sdo/ce/ipc/dsplink/lib/release/ipc_dsplink_3530.av5T(Processor_dsplink.ov5T)
 .v4_bx         0x0003c948        0x0 /media/disk/OE/work/ti/ti-codec-engine-tree/packages/ti/sdo/ce/ipc/dsplink/lib/release/ipc_dsplink_3530.av5T(Power_dsplink.ov5T)
 .v4_bx         0x0003c948        0x0 /media/disk/OE/work/ti/ti-codec-engine-tree/packages/ti/sdo/ce/ipc/dsplink/lib/release/ipc_dsplink_3530.av5T(Comm_dsplink.ov5T)
 .v4_bx         0x0003c948        0x0 /media/disk/OE/work/ti/ti-codec-engine-tree/packages/ti/sdo/ce/ipc/dsplink/lib/release/ipc_dsplink_3530.av5T(Processor_dsplink_linkcfg_OMAP3530.ov5T)
 .v4_bx         0x0003c948        0x0 /media/disk/OE/work/ti/ti-codec-engine-tree/packages/ti/sdo/ce/ipc/dsplink/lib/release/ipc_dsplink_3530.av5T(Processor_dsplink_linkcfg_OS.ov5T)
 .v4_bx         0x0003c948        0x0 /media/disk/OE/work/ti/ti-codec-engine-tree/packages/ti/sdo/ce/osal/linux/lib/release/osal_linux_470.av5T(LockMP_posix.ov5T)
 .v4_bx         0x0003c948        0x0 /media/disk/OE/work/ti/ti-codec-engine-tree/packages/ti/sdo/ce/osal/linux/lib/release/osal_linux_470.av5T(Queue_posix.ov5T)
 .v4_bx         0x0003c948        0x0 /media/disk/OE/work/ti/ti-codec-engine-tree/packages/ti/sdo/ce/osal/linux/lib/release/osal_linux_470.av5T(GT_config_libC.ov5T)
 .v4_bx         0x0003c948        0x0 /media/disk/OE/work/ti/ti-codec-engine-tree/packages/ti/sdo/ce/osal/linux/lib/release/osal_linux_470.av5T(File_posix.ov5T)
 .v4_bx         0x0003c948        0x0 /media/disk/OE/work/ti/ti-codec-engine-tree/packages/ti/sdo/ce/osal/linux/lib/release/osal_linux_470.av5T(Memory_cmem.ov5T)
 .v4_bx         0x0003c948        0x0 /media/disk/OE/work/ti/ti-codec-engine-tree/packages/ti/sdo/ce/osal/linux/lib/release/osal_linux_470.av5T(Global_noOS.ov5T)
 .v4_bx         0x0003c948        0x0 /media/disk/OE/work/ti/ti-codec-engine-tree/packages/ti/sdo/ce/osal/linux/lib/release/osal_linux_470.av5T(Thread_posix.ov5T)
 .v4_bx         0x0003c948        0x0 /media/disk/OE/work/ti/ti-codec-engine-tree/packages/ti/sdo/ce/osal/linux/lib/release/osal_linux_470.av5T(Log_noOS.ov5T)
 .v4_bx         0x0003c948        0x0 /media/disk/OE/work/ti/ti-codec-engine-tree/packages/ti/sdo/ce/osal/linux/lib/release/osal_linux_470.av5T(Lock_posix.ov5T)
 .v4_bx         0x0003c948        0x0 /media/disk/OE/work/ti/ti-codec-engine-tree/packages/ti/sdo/ce/osal/linux/lib/release/osal_linux_470.av5T(GT_config_posix.ov5T)
 .v4_bx         0x0003c948        0x0 /media/disk/OE/work/ti/ti-codec-engine-tree/packages/ti/sdo/ce/osal/linux/lib/release/osal_linux_470.av5T(SemMP_posix.ov5T)
 .v4_bx         0x0003c948        0x0 /media/disk/OE/work/ti/ti-codec-engine-tree/packages/ti/sdo/ce/osal/linux/lib/release/osal_linux_470.av5T(Sem_posix.ov5T)
 .v4_bx         0x0003c948        0x0 /media/disk/OE/work/ti/ti-codec-engine-tree/packages/ti/sdo/ce/utils/xdm/lib/release/XdmUtils.av5T(XdmUtils.ov5T)
 .v4_bx         0x0003c948        0x0 /media/disk/OE/work/ti/ti-framework-components-tree/packages/ti/sdo/utils/trace/lib/release/gt.av5T(gt.ov5T)
 .v4_bx         0x0003c948        0x0 /media/disk/OE/work/ti/ti-local-power-manager-tree/packages/ti/bios/power/lib/release/lpm_linux.av5T(lpm_api.ov5T)