Archive member included because of file (symbol)

/media/disk/OE/work/ti/ti-codec-engine-tree/packages/ti/sdo/ce/universal/lib/release/universal.av5T(universal_stubs.ov5T)
                              /media/disk/opencv/opencv-dsp-acceleration/dsp_opencv/beagle/apps/opencv/cfg/linux/remote_ti_platforms_evm3530/package/cfg/remote_ti_platforms_evm3530_xv5T.ov5T (UNIVERSAL_STUBS)
/media/disk/OE/work/ti/ti-codec-engine-tree/packages/ti/sdo/ce/universal/lib/release/universal.av5T(universal.ov5T)
                              /media/disk/OE/work/ti/ti-codec-engine-tree/packages/ti/sdo/ce/universal/lib/release/universal.av5T(universal_stubs.ov5T) (ti_sdo_ce_universal_UNIVERSAL_curTrace)
/media/disk/OE/work/ti/ti-codec-engine-tree/packages/ti/sdo/ce/lib/release/ce.av5T(Server.ov5T)
                              /media/disk/opencv/opencv-dsp-acceleration/dsp_opencv/beagle/apps/opencv/cfg/linux/remote_ti_platforms_evm3530/package/cfg/remote_ti_platforms_evm3530_xv5T.ov5T (Server_init)
/media/disk/OE/work/ti/ti-codec-engine-tree/packages/ti/sdo/ce/lib/release/ce.av5T(Engine.ov5T)
                              /media/disk/OE/work/ti/ti-codec-engine-tree/packages/ti/sdo/ce/lib/release/ce.av5T(Server.ov5T) (Engine_setTrace)
/media/disk/OE/work/ti/ti-codec-engine-tree/packages/ti/sdo/ce/lib/release/ce.av5T(visa.ov5T)
                              /media/disk/OE/work/ti/ti-codec-engine-tree/packages/ti/sdo/ce/universal/lib/release/universal.av5T(universal.ov5T) (VISA_getAlgFxns)
/media/disk/OE/work/ti/ti-codec-engine-tree/packages/ti/sdo/ce/lib/release/ce.av5T(package_ti.sdo.ce.ov5T)
                              /media/disk/OE/work/ti/ti-codec-engine-tree/packages/ti/sdo/ce/lib/release/ce.av5T(Engine.ov5T) (ti_sdo_ce__versionString)
/media/disk/OE/work/ti/ti-codec-engine-tree/packages/ti/sdo/ce/alg/lib/release/Algorithm_noOS.av5T(Algorithm_noOS.ov5T)
                              /media/disk/OE/work/ti/ti-codec-engine-tree/packages/ti/sdo/ce/lib/release/ce.av5T(visa.ov5T) (Algorithm_getAlgHandle)
/media/disk/OE/work/ti/ti-codec-engine-tree/packages/ti/sdo/ce/alg/lib/release/alg.av5T(alg_create.ov5T)
                              /media/disk/OE/work/ti/ti-codec-engine-tree/packages/ti/sdo/ce/alg/lib/release/Algorithm_noOS.av5T(Algorithm_noOS.ov5T) (ALG_delete)
/media/disk/OE/work/ti/ti-codec-engine-tree/packages/ti/sdo/ce/alg/lib/release/alg.av5T(alg_malloc.ov5T)
                              /media/disk/OE/work/ti/ti-codec-engine-tree/packages/ti/sdo/ce/alg/lib/release/alg.av5T(alg_create.ov5T) (_ALG_freeMemory)
/media/disk/OE/work/ti/ti-codec-engine-tree/packages/ti/sdo/ce/ipc/dsplink/lib/release/ipc_dsplink_3530.av5T(Processor_dsplink.ov5T)
                              /media/disk/opencv/opencv-dsp-acceleration/dsp_opencv/beagle/apps/opencv/cfg/linux/remote_ti_platforms_evm3530/package/cfg/remote_ti_platforms_evm3530_xv5T.ov5T (Processor_init)
/media/disk/OE/work/ti/ti-codec-engine-tree/packages/ti/sdo/ce/ipc/dsplink/lib/release/ipc_dsplink_3530.av5T(Power_dsplink.ov5T)
                              /media/disk/OE/work/ti/ti-codec-engine-tree/packages/ti/sdo/ce/ipc/dsplink/lib/release/ipc_dsplink_3530.av5T(Processor_dsplink.ov5T) (Power_disconnect)
/media/disk/OE/work/ti/ti-codec-engine-tree/packages/ti/sdo/ce/ipc/dsplink/lib/release/ipc_dsplink_3530.av5T(Comm_dsplink.ov5T)
                              /media/disk/OE/work/ti/ti-codec-engine-tree/packages/ti/sdo/ce/lib/release/ce.av5T(visa.ov5T) (Comm_getMsgSize)
/media/disk/OE/work/ti/ti-codec-engine-tree/packages/ti/sdo/ce/ipc/dsplink/lib/release/ipc_dsplink_3530.av5T(Processor_dsplink_linkcfg_OMAP3530.ov5T)
                              /media/disk/OE/work/ti/ti-codec-engine-tree/packages/ti/sdo/ce/ipc/dsplink/lib/release/ipc_dsplink_3530.av5T(Processor_dsplink.ov5T) (ti_sdo_ce_ipc_Processor_linkcfg)
/media/disk/OE/work/ti/ti-codec-engine-tree/packages/ti/sdo/ce/ipc/dsplink/lib/release/ipc_dsplink_3530.av5T(Processor_dsplink_linkcfg_OS.ov5T)
                              /media/disk/OE/work/ti/ti-codec-engine-tree/packages/ti/sdo/ce/ipc/dsplink/lib/release/ipc_dsplink_3530.av5T(Processor_dsplink_linkcfg_OMAP3530.ov5T) (ti_sdo_ce_ipc_Processor_linkcfg_OS)
/media/disk/OE/work/ti/ti-codec-engine-tree/packages/ti/sdo/ce/osal/linux/lib/release/osal_linux_470.av5T(LockMP_posix.ov5T)
                              /media/disk/opencv/opencv-dsp-acceleration/dsp_opencv/beagle/apps/opencv/cfg/linux/remote_ti_platforms_evm3530/package/cfg/remote_ti_platforms_evm3530_xv5T.ov5T (LockMP_init)
/media/disk/OE/work/ti/ti-codec-engine-tree/packages/ti/sdo/ce/osal/linux/lib/release/osal_linux_470.av5T(Queue_posix.ov5T)
                              /media/disk/opencv/opencv-dsp-acceleration/dsp_opencv/beagle/apps/opencv/cfg/linux/remote_ti_platforms_evm3530/package/cfg/remote_ti_platforms_evm3530_xv5T.ov5T (Queue_init)
/media/disk/OE/work/ti/ti-codec-engine-tree/packages/ti/sdo/ce/osal/linux/lib/release/osal_linux_470.av5T(GT_config_libC.ov5T)
[...]
Memory Configuration

Name             Origin             Length             Attributes
*default*        0x00000000         0xffffffff

Linker script and memory map

LOAD /media/disk/OE/build/tmp-angstrom_2008_1/sysroots/armv7a-angstrom-linux-gnueabi/usr/lib/crt1.o
LOAD /media/disk/OE/build/tmp-angstrom_2008_1/sysroots/armv7a-angstrom-linux-gnueabi/usr/lib/crti.o
LOAD /media/disk/OE/build/tmp-angstrom_2008_1/cross/armv7a/lib/gcc/arm-angstrom-linux-gnueabi/4.3.3/crtbegin.o
LOAD /media/disk/OE/build/tmp-angstrom_2008_1/sysroots/armv7a-angstrom-linux-gnueabi/usr/lib/libpthread.so
START GROUP
LOAD /media/disk/OE/build/tmp-angstrom_2008_1/sysroots/armv7a-angstrom-linux-gnueabi/lib/libpthread.so.0
LOAD /media/disk/OE/build/tmp-angstrom_2008_1/sysroots/armv7a-angstrom-linux-gnueabi/usr/lib/libpthread_nonshared.a
END GROUP
LOAD /media/disk/OE/build/tmp-angstrom_2008_1/sysroots/armv7a-angstrom-linux-gnueabi/usr/lib/libm.so
LOAD /media/disk/OE/build/tmp-angstrom_2008_1/sysroots/armv7a-angstrom-linux-gnueabi/usr/lib/libopencv_ml.so
LOAD /media/disk/OE/build/tmp-angstrom_2008_1/sysroots/armv7a-angstrom-linux-gnueabi/usr/lib/libopencv_highgui.so
LOAD /media/disk/OE/build/tmp-angstrom_2008_1/sysroots/armv7a-angstrom-linux-gnueabi/usr/lib/libopencv_core.so
LOAD /media/disk/OE/build/tmp-angstrom_2008_1/sysroots/armv7a-angstrom-linux-gnueabi/usr/lib/libopencv_calib3d.so
LOAD /media/disk/OE/build/tmp-angstrom_2008_1/sysroots/armv7a-angstrom-linux-gnueabi/usr/lib/libopencv_contrib.so
LOAD /media/disk/OE/build/tmp-angstrom_2008_1/sysroots/armv7a-angstrom-linux-gnueabi/usr/lib/libopencv_features2d.so
LOAD /media/disk/OE/build/tmp-angstrom_2008_1/sysroots/armv7a-angstrom-linux-gnueabi/usr/lib/libopencv_imgproc.so
LOAD /media/disk/OE/build/tmp-angstrom_2008_1/sysroots/armv7a-angstrom-linux-gnueabi/usr/lib/libopencv_legacy.so
LOAD /media/disk/OE/build/tmp-angstrom_2008_1/sysroots/armv7a-angstrom-linux-gnueabi/usr/lib/libopencv_objdetect.so
LOAD /media/disk/OE/build/tmp-angstrom_2008_1/sysroots/armv7a-angstrom-linux-gnueabi/usr/lib/libopencv_video.so
LOAD /media/disk/OE/build/tmp-angstrom_2008_1/sysroots/armv7a-angstrom-linux-gnueabi/usr/lib/libopencvdsp.so
LOAD linux/app.evm3530.ov5T
LOAD cfg/linux/remote_ti_platforms_evm3530/linker.cmd
LOAD /media/disk/opencv/opencv-dsp-acceleration/dsp_opencv/beagle/apps/opencv/cfg/linux/remote_ti_platforms_evm3530/package/cfg/remote_ti_platforms_evm3530_xv5T.ov5T
LOAD /media/disk/OE/work/ti/ti-codec-engine-tree/packages/ti/sdo/ce/universal/lib/release/universal.av5T
LOAD /media/disk/OE/work/ti/ti-codec-engine-tree/packages/ti/sdo/ce/lib/release/ce.av5T
LOAD /media/disk/OE/work/ti/ti-codec-engine-tree/packages/ti/sdo/ce/alg/lib/release/Algorithm_noOS.av5T
LOAD /media/disk/OE/work/ti/ti-codec-engine-tree/packages/ti/sdo/ce/alg/lib/release/alg.av5T
LOAD /media/disk/OE/work/ti/ti-codec-engine-tree/packages/ti/sdo/ce/ipc/dsplink/lib/release/ipc_dsplink_3530.av5T
LOAD /media/disk/OE/work/ti/ti-codec-engine-tree/packages/ti/sdo/ce/osal/linux/lib/release/osal_linux_470.av5T
LOAD /media/disk/OE/work/ti/ti-framework-components-tree/packages/ti/sdo/fc/acpy3/lib/release/acpy3.a470MV
LOAD /media/disk/OE/work/ti/ti-framework-components-tree/packages/ti/sdo/fc/dman3/lib/release/dman3Cfg.a470MV
LOAD /media/disk/OE/work/ti/ti-framework-components-tree/packages/ti/sdo/fc/utils/lib/release/rmm.a470MV
LOAD /media/disk/OE/work/ti/ti-framework-components-tree/packages/ti/sdo/fc/utils/lib/release/smgr.a470MV
LOAD /media/disk/OE/work/ti/ti-framework-components-tree/packages/ti/sdo/fc/utils/lib/release/rmmp.a470MV
LOAD /media/disk/OE/work/ti/ti-framework-components-tree/packages/ti/sdo/fc/utils/lib/release/smgrmp.a470MV
LOAD /media/disk/OE/work/ti/ti-framework-components-tree/packages/ti/sdo/fc/utils/lib/release/shm.a470MV
LOAD /media/disk/OE/work/ti/ti-framework-components-tree/packages/ti/sdo/fc/memutils/lib/release/memutils.av5T
LOAD /media/disk/OE/work/ti/ti-codec-engine-tree/packages/ti/sdo/ce/utils/xdm/lib/release/XdmUtils.av5T
LOAD /media/disk/OE/work/ti/ti-codec-engine-tree/packages/ti/sdo/ce/node/lib/release/node.av5T
LOAD /media/disk/OE/work/ti/ti-framework-components-tree/packages/ti/sdo/utils/trace/lib/release/gt.av5T
LOAD /media/disk/OE/work/ti/ti-local-power-manager-tree/packages/ti/bios/power/lib/release/lpm_linux.av5T
LOAD /media/disk/OE/work/ti/ti-linuxutils-tree/packages/ti/sdo/linuxutils/cmem/lib/cmem.a470MV
LOAD /media/disk/OE/work/ti/ti-dsplink-tree/packages/dsplink/gpp/export/BIN/Linux/OMAP3530/RELEASE/dsplink.lib
LOAD /media/disk/OE/work/ti/ti-xdctools-tree/packages/gnu/targets/arm/rtsv5T/lib/gnu.targets.arm.rtsv5T.av5T

xdc.meta        0x00000000      0x10c
 *(xdc.meta)
 xdc.meta       0x00000000      0x10c /media/disk/opencv/opencv-dsp-acceleration/dsp_opencv/beagle/apps/opencv/cfg/linux/remote_ti_platforms_evm3530/package/cfg/remote_ti_platforms_evm3530_xv5T.ov5T
                0x000000ac                __ISA__
                0x00000000                __ASM__
                0x000000e4                __TARG__
                0x000000c0                __PLAT__
LOAD /media/disk/OE/build/tmp-angstrom_2008_1/cross/armv7a/lib/gcc/arm-angstrom-linux-gnueabi/4.3.3/libgcc.a
LOAD /media/disk/OE/build/tmp-angstrom_2008_1/cross/armv7a/lib/gcc/arm-angstrom-linux-gnueabi/4.3.3/../../../../arm-angstrom-linux-gnueabi/lib/libgcc_s.so
LOAD /media/disk/OE/build/tmp-angstrom_2008_1/sysroots/armv7a-angstrom-linux-gnueabi/usr/lib/libc.so
START GROUP
LOAD /media/disk/OE/build/tmp-angstrom_2008_1/sysroots/armv7a-angstrom-linux-gnueabi/lib/libc.so.6
LOAD /media/disk/OE/build/tmp-angstrom_2008_1/sysroots/armv7a-angstrom-linux-gnueabi/usr/lib/libc_nonshared.a
LOAD /media/disk/OE/build/tmp-angstrom_2008_1/sysroots/armv7a-angstrom-linux-gnueabi/lib/ld-linux.so.3
END GROUP
LOAD /media/disk/OE/build/tmp-angstrom_2008_1/cross/armv7a/lib/gcc/arm-angstrom-linux-gnueabi/4.3.3/libgcc.a
LOAD /media/disk/OE/build/tmp-angstrom_2008_1/cross/armv7a/lib/gcc/arm-angstrom-linux-gnueabi/4.3.3/../../../../arm-angstrom-linux-gnueabi/lib/libgcc_s.so
LOAD /media/disk/OE/build/tmp-angstrom_2008_1/cross/armv7a/lib/gcc/arm-angstrom-linux-gnueabi/4.3.3/crtend.o
LOAD /media/disk/OE/build/tmp-angstrom_2008_1/sysroots/armv7a-angstrom-linux-gnueabi/usr/lib/crtn.o
                0x00008000                PROVIDE (__executable_start, 0x8000)
                0x00008134                . = (0x8000 + SIZEOF_HEADERS)

.interp         0x00008134       0x13
 *(.interp)
 .interp        0x00008134       0x13 /media/disk/OE/build/tmp-angstrom_2008_1/sysroots/armv7a-angstrom-linux-gnueabi/usr/lib/crti.o

.note.ABI-tag   0x00008148       0x20
 .note.ABI-tag  0x00008148       0x20 /media/disk/OE/build/tmp-angstrom_2008_1/sysroots/armv7a-angstrom-linux-gnueabi/usr/lib/crt1.o

.note.gnu.build-id
 *(.note.gnu.build-id)

.hash           0x00008168      0x6bc
 *(.hash)
 .hash          0x00008168      0x6bc /media/disk/OE/build/tmp-angstrom_2008_1/sysroots/armv7a-angstrom-linux-gnueabi/usr/lib/crti.o

.gnu.hash
 *(.gnu.hash)

.dynsym         0x00008824      0xe80
 *(.dynsym)
 .dynsym        0x00008824      0xe80 /media/disk/OE/build/tmp-angstrom_2008_1/sysroots/armv7a-angstrom-linux-gnueabi/usr/lib/crti.o

.dynstr         0x000096a4      0xd67
 *(.dynstr)
 .dynstr        0x000096a4      0xd67 /media/disk/OE/build/tmp-angstrom_2008_1/sysroots/armv7a-angstrom-linux-gnueabi/usr/lib/crti.o

.gnu.version    0x0000a40c      0x1d0
 *(.gnu.version)
 .gnu.version   0x0000a40c      0x1d0 /media/disk/OE/build/tmp-angstrom_2008_1/sysroots/armv7a-angstrom-linux-gnueabi/usr/lib/crti.o

.gnu.version_d  0x0000a5dc        0x0
 *(.gnu.version_d)
 .gnu.version_d
                0x00000000        0x0 /media/disk/OE/build/tmp-angstrom_2008_1/sysroots/armv7a-angstrom-linux-gnueabi/usr/lib/crti.o

.gnu.version_r  0x0000a5dc       0x60
 *(.gnu.version_r)
 .gnu.version_r
                0x0000a5dc       0x60 /media/disk/OE/build/tmp-angstrom_2008_1/sysroots/armv7a-angstrom-linux-gnueabi/usr/lib/crti.o

.rel.dyn        0x0000a63c      0x188
 *(.rel.init)
 *(.rel.text .rel.text.* .rel.gnu.linkonce.t.*)
 *(.rel.fini)
 *(.rel.rodata .rel.rodata.* .rel.gnu.linkonce.r.*)
 *(.rel.data.rel.ro* .rel.gnu.linkonce.d.rel.ro.*)
 *(.rel.data .rel.data.* .rel.gnu.linkonce.d.*)
 *(.rel.tdata .rel.tdata.* .rel.gnu.linkonce.td.*)
 *(.rel.tbss .rel.tbss.* .rel.gnu.linkonce.tb.*)
 *(.rel.ctors)
 *(.rel.dtors)
 *(.rel.got)
 .rel.got       0x0000a63c      0x180 /media/disk/OE/build/tmp-angstrom_2008_1/sysroots/armv7a-angstrom-linux-gnueabi/usr/lib/crti.o
 *(.rel.bss .rel.bss.* .rel.gnu.linkonce.b.*)
 .rel.bss       0x0000a7bc        0x8 /media/disk/OE/build/tmp-angstrom_2008_1/sysroots/armv7a-angstrom-linux-gnueabi/usr/lib/crti.o

.rela.dyn
 *(.rela.init)
 *(.rela.text .rela.text.* .rela.gnu.linkonce.t.*)
 *(.rela.fini)
 *(.rela.rodata .rela.rodata.* .rela.gnu.linkonce.r.*)
 *(.rela.data .rela.data.* .rela.gnu.linkonce.d.*)
 *(.rela.tdata .rela.tdata.* .rela.gnu.linkonce.td.*)
 *(.rela.tbss .rela.tbss.* .rela.gnu.linkonce.tb.*)
 *(.rela.ctors)
 *(.rela.dtors)
 *(.rela.got)
 *(.rela.bss .rela.bss.* .rela.gnu.linkonce.b.*)

.rel.plt        0x0000a7c4      0x510
 *(.rel.plt)
 .rel.plt       0x0000a7c4      0x510 /media/disk/OE/build/tmp-angstrom_2008_1/sysroots/armv7a-angstrom-linux-gnueabi/usr/lib/crti.o

.rela.plt
 *(.rela.plt)

.init           0x0000acd4       0x14
 *(.init)
 .init          0x0000acd4        0xc /media/disk/OE/build/tmp-angstrom_2008_1/sysroots/armv7a-angstrom-linux-gnueabi/usr/lib/crti.o
                0x0000acd4                _init
 .init          0x0000ace0        0x8 /media/disk/OE/build/tmp-angstrom_2008_1/sysroots/armv7a-angstrom-linux-gnueabi/usr/lib/crtn.o

.plt            0x0000ace8      0x7ac
 *(.plt)
 .plt           0x0000ace8      0x7ac /media/disk/OE/build/tmp-angstrom_2008_1/sysroots/armv7a-angstrom-linux-gnueabi/usr/lib/crti.o
                0x0000acfc                cvDFT
                0x0000ad08                cvColorToScalar
                0x0000ad14                cvArcLength
                0x0000ad20                fwrite@@GLIBC_2.4
                0x0000ad2c                cvError
                0x0000ad38                cvSeqSlice
                0x0000ad44                cvReleaseImage
                0x0000ad50                cvCartToPolar
                0x0000ad5c                fprintf@@GLIBC_2.4
                0x0000ad68                cvGetElemType
                0x0000ad74                cvFitLine
                0x0000ad80                pthread_setspecific@@GLIBC_2.4
                0x0000ad8c                pthread_getspecific@@GLIBC_2.4
                0x0000ad98                sleep@@GLIBC_2.4
                0x0000ada4                printf@@GLIBC_2.4
                0x0000adb0                sigaction@@GLIBC_2.4
                0x0000adbc                cvGetRows
                0x0000adc8                fclose@@GLIBC_2.4
                0x0000add4                cvReleaseMat
                0x0000ade0                sem_getvalue@@GLIBC_2.4
                0x0000adec                cvWaitKey
                0x0000adf8                strncmp@@GLIBC_2.4
                0x0000ae04                cvLine
                0x0000ae10                cvFindExtrinsicCameraParams2
                0x0000ae1c                setvbuf@@GLIBC_2.4
                0x0000ae28                fcntl@@GLIBC_2.4
                0x0000ae34                cvFindChessboardCorners
                0x0000ae40                pthread_attr_getschedparam@@GLIBC_2.4
                0x0000ae4c                fputc@@GLIBC_2.4
                0x0000ae58                cvAvg
                0x0000ae64                __assert_fail@@GLIBC_2.4
                0x0000ae70                cvStartDSP
                0x0000ae7c                cvGetRawData
                0x0000ae88                cvCreateImage
                0x0000ae94                strerror@@GLIBC_2.4
                0x0000aea0                cvEllipse
                0x0000aeac                pthread_mutexattr_settype@@GLIBC_2.4
                0x0000aeb8                putchar@@GLIBC_2.4
                0x0000aec4                puts@@GLIBC_2.4
                0x0000aed0                semop@@GLIBC_2.4
                0x0000aedc                __libc_start_main@@GLIBC_2.4
                0x0000aef4                cvFitEllipse2
                0x0000af00                strchr@@GLIBC_2.4
                0x0000af0c                __errno_location@@GLIBC_2.4
                0x0000af18                cvBoundingRect
                0x0000af24                sigfillset@@GLIBC_2.4
                0x0000af30                sigemptyset@@GLIBC_2.4
                0x0000af3c                pthread_setcanceltype@@GLIBC_2.4
                0x0000af48                getpagesize@@GLIBC_2.4
                0x0000af54                sem_destroy@@GLIBC_2.4
                0x0000af60                semctl@@GLIBC_2.4
                0x0000af6c                pthread_mutex_lock@@GLIBC_2.4
                0x0000af78                cvAvgSdv
                0x0000af84                cvFree_
                0x0000af90                __xstat@@GLIBC_2.4
                0x0000af9c                cvPolyLine
                0x0000afa8                sem_post@@GLIBC_2.4
                0x0000afb4                lrint@@GLIBC_2.4
                0x0000afc0                free@@GLIBC_2.4
                0x0000afcc                close@@GLIBC_2.4
                0x0000afd8                memcpy@@GLIBC_2.4
                0x0000afe4                strncpy@@GLIBC_2.4
                0x0000aff0                cvGetSeqElem
                0x0000affc                cvGetCols
                0x0000b008                cvRodrigues2
                0x0000b014                pthread_key_delete@@GLIBC_2.4
                0x0000b020                open@@GLIBC_2.4
                0x0000b02c                pthread_key_create@@GLIBC_2.4
                0x0000b038                cvRead
                0x0000b044                cvSobel
                0x0000b050                strcpy@@GLIBC_2.4
                0x0000b05c                raise@@GLIBC_2.4
                0x0000b068                pthread_self@@GLIBC_2.4
                0x0000b074                cvReshape
                0x0000b080                pthread_setschedparam@@GLIBC_2.4
                0x0000b08c                cvEndDSP
                0x0000b098                sem_wait@@GLIBC_2.4
                0x0000b0a4                _IO_getc@@GLIBC_2.4
                0x0000b0b0                gettimeofday@@GLIBC_2.4
                0x0000b0bc                pthread_join@@GLIBC_2.4
                0x0000b0c8                sched_yield@@GLIBC_2.4
                0x0000b0d4                cvPerspectiveTransform
                0x0000b0e0                malloc@@GLIBC_2.4
                0x0000b0ec                cvCreateCameraCapture
                0x0000b0f8                mmap@@GLIBC_2.4
                0x0000b104                cvCreateMat
                0x0000b110                pthread_sigmask@@GLIBC_2.4
                0x0000b11c                cvConvertScale
                0x0000b128                cvTransform
                0x0000b134                strlen@@GLIBC_2.4
                0x0000b140                pthread_mutex_destroy@@GLIBC_2.4
                0x0000b14c                cvSet
                0x0000b158                cvQueryFrame
                0x0000b164                cvReleaseGraphScanner
                0x0000b170                cvKMeans2
                0x0000b17c                getpid@@GLIBC_2.4
                0x0000b188                pthread_mutexattr_destroy@@GLIBC_2.4
                0x0000b194                cvCalcArrHist
                0x0000b1a0                cvInitFont
                0x0000b1ac                cvDestroyWindow
                0x0000b1b8                cvConvexHull2
                0x0000b1c4                cvCalcEMD2
                0x0000b1d0                pthread_attr_init@@GLIBC_2.4
                0x0000b1dc                __strtol_internal@@GLIBC_2.4
                0x0000b1e8                cvSetAdd
                0x0000b1f4                pthread_mutexattr_init@@GLIBC_2.4
                0x0000b200                munmap@@GLIBC_2.4
                0x0000b20c                sprintf@@GLIBC_2.4
                0x0000b218                fflush@@GLIBC_2.4
                0x0000b224                cvFindFundamentalMat
                0x0000b230                perror@@GLIBC_2.4
                0x0000b23c                cvNamedWindow
                0x0000b248                vfprintf@@GLIBC_2.4
                0x0000b254                strcmp@@GLIBC_2.4
                0x0000b260                cvCvtColor
                0x0000b26c                memcmp@@GLIBC_2.4
                0x0000b278                cvAlloc
                0x0000b284                pthread_cancel@@GLIBC_2.4
                0x0000b290                cvCircle
                0x0000b29c                memset@@GLIBC_2.4
                0x0000b2a8                cvInitSubdivDelaunay2D
                0x0000b2b4                getenv@@GLIBC_2.4
                0x0000b2c0                cvInvert
                0x0000b2cc                cvSum
                0x0000b2d8                cvProjectPoints2
                0x0000b2e4                cvPow
                0x0000b2f0                cvCalibrateCamera2
                0x0000b2fc                cvAddS
                0x0000b308                cvShowImage
                0x0000b314                sem_init@@GLIBC_2.4
                0x0000b320                __cxa_atexit@@GLIBC_2.4
                0x0000b32c                pthread_create@@GLIBC_2.4
                0x0000b338                abort@@GLIBC_2.4
                0x0000b344                cvMinAreaRect2
                0x0000b350                exit@@GLIBC_2.4
                0x0000b35c                cvCreateFileCapture
                0x0000b368                pthread_attr_getstacksize@@GLIBC_2.4
                0x0000b374                cvBoxPoints
                0x0000b380                exp@@GLIBC_2.4
                0x0000b38c                calloc@@GLIBC_2.4
                0x0000b398                cvCreateSubdiv2D
                0x0000b3a4                ftok@@GLIBC_2.4
                0x0000b3b0                log@@GLIBC_2.4
                0x0000b3bc                cvUndistort2
                0x0000b3c8                cvIntegral
                0x0000b3d4                cvHoughLines2
                0x0000b3e0                read@@GLIBC_2.4
                0x0000b3ec                cvCreateImageHeader
                0x0000b3f8                pthread_mutex_unlock@@GLIBC_2.4
                0x0000b404                usleep@@GLIBC_2.4
                0x0000b410                fopen@@GLIBC_2.4
                0x0000b41c                pthread_mutex_init@@GLIBC_2.4
                0x0000b428                semget@@GLIBC_2.4
                0x0000b434                cvRandArr
                0x0000b440                fileno@@GLIBC_2.4
                0x0000b44c                ioctl@@GLIBC_2.4
                0x0000b458                fputs@@GLIBC_2.4
                0x0000b464                cvCreateGraphScanner
                0x0000b470                nanosleep@@GLIBC_2.4
                0x0000b47c                pthread_exit@@GLIBC_2.4
                0x0000b488                cvGetFileNodeByName

.text           0x0000b498    0x2cb2c
 *(.text .stub .text.* .gnu.linkonce.t.*)
 .text          0x0000b498       0x38 /media/disk/OE/build/tmp-angstrom_2008_1/sysroots/armv7a-angstrom-linux-gnueabi/usr/lib/crt1.o
                0x0000b498                _start
 .text          0x0000b4d0       0x24 /media/disk/OE/build/tmp-angstrom_2008_1/sysroots/armv7a-angstrom-linux-gnueabi/usr/lib/crti.o
 .text          0x0000b4f4       0x54 /media/disk/OE/build/tmp-angstrom_2008_1/cross/armv7a/lib/gcc/arm-angstrom-linux-gnueabi/4.3.3/crtbegin.o
 .text          0x0000b548     0x5448 linux/app.evm3530.ov5T
                0x0000fe20                main
 .text          0x00010990      0x248 /media/disk/opencv/opencv-dsp-acceleration/dsp_opencv/beagle/apps/opencv/cfg/linux/remote_ti_platforms_evm3530/package/cfg/remote_ti_platforms_evm3530_xv5T.ov5T
                0x000109a4                LAD_getDspStatus
                0x00010a08                CERuntime_init
                0x000109f4                RMAN_init
                0x000109bc                DMAN3_CE_init
                0x000109fc                RMAN_exit
                0x000109ac                LAD_releaseDsp
                0x00010bd4                ti_sdo_ce_CERuntime_init__F
                0x00010a04                CERuntime_exit
                0x000109e4                RMAN_deactivateAllResources
                0x000109c4                DMAN3_grantDmaChannels
                0x000109cc                DMAN3_releaseDmaChannels
                0x00010990                IPC_generatedInit
                0x000109d4                RMAN_activateAllResources
                0x0001099c                LAD_disconnect
                0x00010994                LAD_connect
                0x000109ec                RMAN_freeResources
                0x000109b4                LAD_startupDsp
                0x000109dc                RMAN_assignResources
                0x000109c0                DMAN3_CE_exit
 .text          0x00010bd8      0xc64 /media/disk/OE/work/ti/ti-codec-engine-tree/packages/ti/sdo/ce/universal/lib/release/universal.av5T(universal_stubs.ov5T)
                0x00011464                UNIVERSAL_processWait
                0x0001169c                UNIVERSAL_processAsync
 .text          0x0001183c      0x7f4 /media/disk/OE/work/ti/ti-codec-engine-tree/packages/ti/sdo/ce/universal/lib/release/universal.av5T(universal.ov5T)
                0x00011b4c                UNIVERSAL_delete
                0x00011be8                UNIVERSAL_create
                0x00011cf0                UNIVERSAL_process
                0x0001183c                UNIVERSAL_control
 .text          0x00012030      0xa80 /media/disk/OE/work/ti/ti-codec-engine-tree/packages/ti/sdo/ce/lib/release/ce.av5T(Server.ov5T)
                0x00012718                Server_getCpuLoad
                0x000121c0                Server_restoreHeap
                0x000127b8                Server_fwriteTrace
                0x000124fc                Server_getNumMemSegs
                0x00012104                Server_setTrace
                0x000122c4                Server_redefineHeap
                0x0001298c                Server_connectTrace
                0x00012414                Server_init
                0x00012610                Server_getMemStat
                0x00012878                Server_disconnectTrace
 .text          0x00012ab0     0x2ef8 /media/disk/OE/work/ti/ti-codec-engine-tree/packages/ti/sdo/ce/lib/release/ce.av5T(Engine.ov5T)
                0x00014cb4                Engine_close
                0x00012acc                Engine_getRemoteVisa
                0x00015740                Engine_getCodecClassConfig
                0x0001371c                Engine_getNumMemSegs
                0x000144e8                Engine_createNode2
                0x00012b58                Engine_hasServer
                0x000157c0                Engine_getMemId
                0x000142bc                Engine_call
                0x00014c10                Engine_createNode
                0x000141fc                Engine_callWait
                0x00012be0                Engine_ctrlNode
                0x000156ec                Engine_getLocalEngine
                0x00013534                Engine_getAlgMemRecs
                0x00014e58                Engine_open
                0x000157e0                Engine_getFxns
                0x00014254                Engine_callAsync
                0x00012b2c                Engine_getNodeQueues
                0x00013120                Engine_releaseTraceToken
                0x00012f38                Engine_restoreHeap
                0x00014370                Engine_deleteNode
                0x000130a8                Engine_requestTraceToken
                0x000139dc                Engine_getNumAlgs
                0x000158d4                Engine_getConstName
                0x00012ab0                Engine_getEngine
                0x00012ac0                Engine_getName
                0x00013a98                Engine_getAlgInfo
                0x00012b64                Engine_getServer
                0x00012cc4                Engine_setTrace
                0x00012ab8                Engine_getLastError
                0x00013bdc                Engine_init
                0x00013310                Engine_getCpuLoad
                0x00013de4                Engine_fwriteTrace
                0x000133fc                Engine_getAlgNumRecs
                0x00013820                Engine_getMemStat
                0x00013188                Engine_redefineHeap
                0x00012e54                Engine_getUsedMem
 .text          0x000159a8     0x10cc /media/disk/OE/work/ti/ti-codec-engine-tree/packages/ti/sdo/ce/lib/release/ce.av5T(visa.ov5T)
                0x000159a8                VISA_getAlgFxns
                0x00015e80                VISA_delete
                0x000159cc                VISA_getCodecClassConfig
                0x00016184                VISA_callAsync
                0x00015bb4                VISA_getAlgHandle
                0x000159b0                VISA_getAlgorithmHandle
                0x00015bd0                VISA_freeMsg
                0x00016044                VISA_wait
                0x00015cd8                VISA_exit
                0x00016254                VISA_call
                0x00015b68                VISA_getAlgMemRecs
                0x000159b8                VISA_getContext
                0x000159c4                VISA_setContext
                0x00015a40                VISA_allocMsg
                0x000169b4                VISA_create
                0x00015da8                VISA_enter
                0x000159d4                VISA_isLocal
                0x00015b20                VISA_getAlgNumRecs
                0x00016328                VISA_create2
                0x000159dc                VISA_getMaxMsgSize
 .text          0x00016a74        0x0 /media/disk/OE/work/ti/ti-codec-engine-tree/packages/ti/sdo/ce/lib/release/ce.av5T(package_ti.sdo.ce.ov5T)
 .text          0x00016a74      0x800 /media/disk/OE/work/ti/ti-codec-engine-tree/packages/ti/sdo/ce/alg/lib/release/Algorithm_noOS.av5T(Algorithm_noOS.ov5T)
                0x00016d8c                Algorithm_create
                0x00016c94                Algorithm_deactivate
                0x0001701c                Algorithm_activate
                0x000171c4                Algorithm_acquireLock
                0x00016af0                Algorithm_exit
                0x00016a8c                Algorithm_init
                0x00016a74                Algorithm_getAlgHandle
                0x00016a7c                Algorithm_getMemRecs
                0x00016a84                Algorithm_getNumRecs
                0x00016b80                Algorithm_delete
                0x000170d0                Algorithm_releaseLock
 .text          0x00017274      0x388 /media/disk/OE/work/ti/ti-codec-engine-tree/packages/ti/sdo/ce/alg/lib/release/alg.av5T(alg_create.ov5T)
                0x000172e4                ALG_create
                0x00017274                ALG_delete
 .text          0x000175fc      0x628 /media/disk/OE/work/ti/ti-codec-engine-tree/packages/ti/sdo/ce/alg/lib/release/alg.av5T(alg_malloc.ov5T)
                0x00017b94                ALG_acquireLock
                0x00017928                ALG_exit
                0x000175fc                _ALG_freeMemory
                0x00017ae8                ALG_activate
                0x00017a5c                ALG_releaseLock
                0x00017784                ALG_init
                0x000179b4                ALG_deactivate
                0x000176a8                _ALG_allocMemory
 .text          0x00017c24     0x3770 /media/disk/OE/work/ti/ti-codec-engine-tree/packages/ti/sdo/ce/ipc/dsplink/lib/release/ipc_dsplink_3530.av5T(Processor_dsplink.ov5T)
                0x0001b07c                Processor_delete
                0x00019c44                Processor_init
                0x0001b1a8                Processor_create
                0x00017c24                Processor_wait
                0x00017c2c                dumpLinkCfgObj
 .text          0x0001b394      0x5a4 /media/disk/OE/work/ti/ti-codec-engine-tree/packages/ti/sdo/ce/ipc/dsplink/lib/release/ipc_dsplink_3530.av5T(Power_dsplink.ov5T)
                0x0001b394                Power_disconnect
                0x0001b498                Power_connect
                0x0001b70c                Power_on
                0x0001b59c                Power_off
                0x0001b8ac                Power_init
 .text          0x0001b938      0xe10 /media/disk/OE/work/ti/ti-codec-engine-tree/packages/ti/sdo/ce/ipc/dsplink/lib/release/ipc_dsplink_3530.av5T(Comm_dsplink.ov5T)
                0x0001bdd4                Comm_init
                0x0001c29c                Comm_delete
                0x0001b938                Comm_getMsgSize
                0x0001bb04                Comm_put
                0x0001ba2c                Comm_release
                0x0001bee0                Comm_getSrcQueue
                0x0001bbf4                Comm_locate
                0x0001c3fc                Comm_create
                0x0001c204                Comm_exit
                0x0001b9a8                Comm_setSrcQueue
                0x0001c5c8                Comm_alloc
                0x0001bf60                Comm_get
                0x0001c12c                Comm_free
 .text          0x0001c748        0x0 /media/disk/OE/work/ti/ti-codec-engine-tree/packages/ti/sdo/ce/ipc/dsplink/lib/release/ipc_dsplink_3530.av5T(Processor_dsplink_linkcfg_OMAP3530.ov5T)
 .text          0x0001c748        0x0 /media/disk/OE/work/ti/ti-codec-engine-tree/packages/ti/sdo/ce/ipc/dsplink/lib/release/ipc_dsplink_3530.av5T(Processor_dsplink_linkcfg_OS.ov5T)
 .text          0x0001c748      0x548 /media/disk/OE/work/ti/ti-codec-engine-tree/packages/ti/sdo/ce/osal/linux/lib/release/osal_linux_470.av5T(LockMP_posix.ov5T)
                0x0001c984                LockMP_delete
                0x0001c7b8                LockMP_release
                0x0001c748                LockMP_getCount
                0x0001cb60                LockMP_acquire
                0x0001c924                LockMP_init
                0x0001ca2c                LockMP_create
                0x0001c97c                LockMP_getRefCount
 .text          0x0001cc90       0xe8 /media/disk/OE/work/ti/ti-codec-engine-tree/packages/ti/sdo/ce/osal/linux/lib/release/osal_linux_470.av5T(Queue_posix.ov5T)
                0x0001cd30                Queue_get
                0x0001cc94                Queue_init
                0x0001cc90                Queue_exit
                0x0001cce4                Queue_put
                0x0001cc9c                Queue_extract
 .text          0x0001cd78       0xec /media/disk/OE/work/ti/ti-codec-engine-tree/packages/ti/sdo/ce/osal/linux/lib/release/osal_linux_470.av5T(GT_config_libC.ov5T)
                0x0001cd80                GTConfig_error
                0x0001ce08                GTConfig_vprintf
                0x0001cd78                GTConfig_nop
                0x0001ce60                GTConfig_libcMalloc
                0x0001ce5c                GTConfig_libcFree
 .text          0x0001ce64       0x2c /media/disk/OE/work/ti/ti-codec-engine-tree/packages/ti/sdo/ce/osal/linux/lib/release/osal_linux_470.av5T(File_posix.ov5T)
                0x0001ce64                File_init
                0x0001ce68                File_stat
 .text          0x0001ce90     0x14a0 /media/disk/OE/work/ti/ti-codec-engine-tree/packages/ti/sdo/ce/osal/linux/lib/release/osal_linux_470.av5T(Memory_cmem.ov5T)
                0x0001cf94                Memory_segStat
                0x0001d010                Memory_cacheWbInv
                0x0001d3fc                Memory_free
                0x0001cecc                Memory_exit
                0x0001ced0                Memory_contigStat
                0x0001cedc                Memory_dumpKnownContigBufsList
                0x0001ceac                Memory_getHeapId
                0x0001d65c                Memory_unregisterContigBuf
                0x0001dcc0                Memory_registerContigBuf
                0x0001cec4                Memory_restoreHeap
                0x0001d018                Memory_cacheInv
                0x0001d784                Memory_contigFree
                0x0001dcc4                Memory_getBufferPhysicalAddress
                0x0001d7fc                Memory_segAlloc
                0x0001d804                Memory_alloc
                0x0001d014                Memory_cacheWb
                0x0001e324                Memory_contigAlloc
                0x0001ceb4                Memory_getNumHeaps
                0x0001cebc                Memory_redefine
                0x0001d50c                Memory_segFree
                0x0001d258                Memory_init
                0x0001d01c                Memory_getBufferVirtualAddress
 .text          0x0001e330      0x2dc /media/disk/OE/work/ti/ti-codec-engine-tree/packages/ti/sdo/ce/osal/linux/lib/release/osal_linux_470.av5T(Global_noOS.ov5T)
                0x0001e5b8                Global_abort
                0x0001e330                Global_getCpuLoad
                0x0001e504                Global_atexit
                0x0001e33c                Global_init
                0x0001e430                Global_getProcessId
                0x0001e434                Global_getenv
                0x0001e438                Global_exit
                0x0001e338                Global_setSpecialTrace
 .text          0x0001e60c      0x920 /media/disk/OE/work/ti/ti-codec-engine-tree/packages/ti/sdo/ce/osal/linux/lib/release/osal_linux_470.av5T(Thread_posix.ov5T)
                0x0001e7b8                Thread_stat
                0x0001ecd0                Thread_create
                0x0001e6e4                Thread_getpri
                0x0001e84c                Thread_setpri
                0x0001ea34                Thread_init
                0x0001ead0                Thread_exit
                0x0001e964                Thread_join
                0x0001e678                Thread_getname
                0x0001e8f4                Thread_self
                0x0001eb60                Thread_delete
                0x0001e60c                Thread_getenv
                0x0001e750                Thread_yield
 .text          0x0001ef2c       0x14 /media/disk/OE/work/ti/ti-codec-engine-tree/packages/ti/sdo/ce/osal/linux/lib/release/osal_linux_470.av5T(Log_noOS.ov5T)
                0x0001ef30                Log_event
                0x0001ef34                Log_printf
                0x0001ef2c                Log_init
 .text          0x0001ef40      0x13c /media/disk/OE/work/ti/ti-codec-engine-tree/packages/ti/sdo/ce/osal/linux/lib/release/osal_linux_470.av5T(Lock_posix.ov5T)
                0x0001ef44                Lock_delete
                0x0001ef40                Lock_release
                0x0001efd0                Lock_create
                0x0001f078                Lock_acquire
                0x0001f024                Lock_init
 .text          0x0001f07c      0x3bc /media/disk/OE/work/ti/ti-codec-engine-tree/packages/ti/sdo/ce/osal/linux/lib/release/osal_linux_470.av5T(GT_config_posix.ov5T)
                0x0001f15c                GTConfig_tracePrintf
                0x0001f158                GTConfig_threadId
                0x0001f1cc                GT_config_setOutTrace
                0x0001f07c                GTConfig_pthreadUnlock
                0x0001f200                GTConfig_posixInit
                0x0001f0a4                GTConfig_pthreadLock
                0x0001f0cc                GTConfig_gettimeofday
 .text          0x0001f438      0xbb4 /media/disk/OE/work/ti/ti-codec-engine-tree/packages/ti/sdo/ce/osal/linux/lib/release/osal_linux_470.av5T(SemMP_posix.ov5T)
                0x0001fc54                SemMP_create
                0x0001f8a4                SemMP_getCount
                0x0001f894                SemMP_getRefCount
                0x0001f9d4                SemMP_delete
                0x0001f4b0                SemMP_post
                0x0001f70c                SemMP_init
                0x0001f59c                SemMP_pend
 .text          0x0001ffec      0x47c /media/disk/OE/work/ti/ti-codec-engine-tree/packages/ti/sdo/ce/osal/linux/lib/release/osal_linux_470.av5T(Sem_posix.ov5T)
                0x000201e0                Sem_init
                0x00020100                Sem_pend
                0x00020238                Sem_getCount
                0x00020060                Sem_post
                0x00020344                Sem_create
                0x000202a8                Sem_delete
 .text          0x00020468      0x828 /media/disk/OE/work/ti/ti-codec-engine-tree/packages/ti/sdo/ce/utils/xdm/lib/release/XdmUtils.av5T(XdmUtils.ov5T)
                0x00020468                XdmUtils_validateVideo1BufDesc
                0x000209cc                XdmUtils_validateSparseBufDesc
                0x0002066c                XdmUtils_validateVideoBufDesc
                0x00020870                XdmUtils_validateSparseBufDesc1
                0x00020b20                XdmUtils_validateExtendedStruct
                0x00020c50                XdmUtils_init
 .text          0x00020c90      0xf5c /media/disk/OE/work/ti/ti-framework-components-tree/packages/ti/sdo/utils/trace/lib/release/gt.av5T(gt.ov5T)
                0x000216cc                GT_getModNameFlags
                0x0002193c                _GT_set
                0x00020c90                GT_curTime
                0x00021b84                _GT_create
                0x00020e24                _GT_trace
                0x00020ccc                GT_disable
                0x00020d0c                GT_enable
                0x00020d2c                GT_init
 .text          0x00021bec      0x218 /media/disk/OE/work/ti/ti-local-power-manager-tree/packages/ti/bios/power/lib/release/lpm_linux.av5T(lpm_api.ov5T)
                0x00021c6c                LPM_on
                0x00021d60                LPM_open
                0x00021d18                LPM_connect
                0x00021bf4                LPM_regExtPowerOff
                0x00021bec                LPM_exit
                0x00021c04                LPM_setPowerState
                0x00021cf0                LPM_disconnect
                0x00021d40                LPM_clear
                0x00021cc8                LPM_off
                0x00021c24                LPM_set
                0x00021bfc                LPM_regExtPowerOn
                0x00021bf0                LPM_init
                0x00021de4                LPM_close
                0x00021c44                LPM_resume
 .text          0x00021e04      0xa78 /media/disk/OE/work/ti/ti-linuxutils-tree/packages/ti/sdo/linuxutils/cmem/lib/cmem.a470MV(cmem.o470MV)
                0x00022710                CMEM_alloc
                0x000224bc                CMEM_allocPool
                0x000224b8                CMEM_allocPool2
                0x000224cc                CMEM_registerAlloc
                0x00022720                CMEM_init
                0x00022294                CMEM_getPool
                0x00021e94                CMEM_exit
                0x00022090                CMEM_cacheWbInv
                0x00022198                CMEM_getPhys
                0x00022114                CMEM_cacheWb
                0x00021f9c                CMEM_getVersion
                0x000222a0                CMEM_free
                0x00022290                CMEM_getPool2
                0x0002270c                CMEM_alloc2
                0x00021f8c                CMEM_getBlock
                0x0002236c                CMEM_unregister
                0x00021f84                CMEM_getBlockAttrs
                0x0002200c                CMEM_cacheInv
 .text          0x0002287c    0x14640 /media/disk/OE/work/ti/ti-dsplink-tree/packages/dsplink/gpp/export/BIN/Linux/OMAP3530/RELEASE/dsplink.lib
                0x00023504                _MPLIST_moduleInit
                0x00028da0                _SYNC_USR_enterCS
                0x00028ebc                _SYNC_USR_leaveCS
                0x00029ca0                DRV_Finalize
                0x000286f0                _SYNC_USR_init
                0x0002944c                CHNL_freeBuffer
                0x00036ca8                RingIO_getEmptyAttrSize
                0x0003263c                PROC_GetSymbolAddress
                0x00024784                _RingIO_moduleExit
                0x0002da34                MPLIST_isEmpty
                0x00030eb0                PROC_destroy
                0x0003129c                PROC_attach
                0x0002de7c                MPLIST_putTail
                0x000264ec                _RingIO_writerFlush
                0x00032784                PROC_resetCurStatus
                0x00034a74                RingIO_acquire
                0x00024964                _RingIO_init
                0x00022a1c                _IDM_USR_acquireId
                0x0002f0b0                MSGQ_open
                0x00036a94                RingIO_getValidAttrSize
                0x0002f738                MSGQ_getSrcQueue
                0x00026008                _RingIO_readerGetvAttribute
                0x00027fe0                _RingIO_getContiguousDataSize
                0x00026b54                _RingIO_readerFlush
                0x00029088                _SYNC_USR_stateObjInit
                0x0002954c                CHNL_issue
                0x0002f2ec                MSGQ_locateAsync
                0x000320b0                PROC_read
                0x00030a98                PROC_setup
                0x00023384                _MPCS_OS_open
                0x000228d4                _IDM_USR_exit
                0x00025b7c                _RingIO_writerSetvAttribute
                0x00033ba8                RingIO_open
                0x0002f454                MSGQ_alloc
                0x00022ff8                _MPCS_open
                0x00032454                PROC_stop
                0x0002ec84                MSGQ_transportOpen
                0x0002972c                CHNL_idle
                0x00028a0c                _SYNC_USR_createCS
                0x00024cb4                _RingIO_writerAcquire
                0x0002fec4                POOL_open
                0x00027a80                _RingIO_getFirstAcquiredAttr
                0x00023760                _MPLIST_moduleExit
                0x0002f220                MSGQ_locate
                0x00035504                RingIO_setAttribute
                0x00022b30                _MEM_USR_init
                0x00030798                POOL_writeback
                0x0002740c                _RingIO_readerCancel
                0x00030918                POOL_invalidate
                0x0002c78c                MPCS_enter
                0x00023450                _MPCS_OS_close
                0x0002791c                _RingIO_initInstance
                0x000365d0                RingIO_sendNotify
                0x000229b8                _IDM_USR_delete
                0x0003517c                RingIO_cancel
                0x000328ac                RingIO_create
                0x000244ec                _RingIO_moduleInit
                0x00028660                _RingIO_acquireLock
                0x0002c60c                MPCS_close
                0x00035bac                RingIO_flush
                0x00032884                PROC_Setup
                0x00023904                _MPLIST_init
                0x0003206c                PROC_loadSection
                0x0002fb98                NOTIFY_unregister
                0x0002b818                DRV_ProtectExit
                0x000358a8                RingIO_setvAttribute
                0x0002f5ac                MSGQ_put
                0x0002c17c                MPCS_delete
                0x0002f3cc                MSGQ_release
                0x0002e6a8                MPLIST_next
                0x0002828c                RingIO_notifyCallback
                0x0002292c                _IDM_USR_create
                0x0002f52c                MSGQ_free
                0x00035fe4                RingIO_setNotifier
                0x0002b9d4                DRV_ProtectLeave
                0x000303a4                POOL_free
                0x0002b6d0                DRV_ProtectInit
                0x00036880                RingIO_getEmptySize
                0x0002c9ec                MPCS_leave
                0x00031c78                PROC_getState
                0x0002750c                _RingIO_callNotifier
                0x0002e940                MPLIST_getHead
                0x0002f7dc                MSGQ_count
                0x00032228                PROC_start
                0x00022ac0                _IDM_USR_releaseId
                0x00024108                _POOL_init
                0x00028894                _SYNC_USR_exit
                0x0002f88c                MSGQ_setErrorHandler
                0x00034464                RingIO_close
                0x00028ca4                _SYNC_USR_deleteCS
                0x00028fc4                _SYNC_USR_sleep
                0x000281ac                _RingIO_isOffsetInBetween
                0x0002c4ec                MPCS_open
                0x00023bf8                _NOTIFY_init
                0x00035594                RingIO_getvAttribute
                0x00029338                CHNL_allocateBuffer
                0x00028338                _RingIO_updateAttributes
                0x00030104                POOL_close
                0x000277c4                _RingIO_checkNotifier
                0x00024af4                _RingIO_exit
                0x0002b8b4                DRV_ProtectEnter
                0x00022cac                _MEM_USR_free
                0x00029990                DRV_Initialize
                0x0003045c                POOL_translateAddr
                0x00035480                RingIO_getAttribute
                0x0002f198                MSGQ_close
                0x00023e90                _NOTIFY_exit
                0x000302ec                POOL_alloc
                0x00034db8                RingIO_release
                0x00027c04                _RingIO_getFirstAttr
                0x0003666c                RingIO_getValidSize
                0x00023a74                _MPLIST_exit
                0x000258ec                _RingIO_readerRelease
                0x00029644                CHNL_reclaim
                0x0002db44                MPLIST_insertBefore
                0x0002502c                _RingIO_readerAcquire
                0x00022e68                _MPCS_exit
                0x0002d430                MPLIST_open
                0x0002eec8                MSGQ_transportClose
                0x00027dd4                _RingIO_releaseAttribute
                0x00022b5c                _MEM_USR_exit
                0x0002712c                _RingIO_writerCancel
                0x00031e88                PROC_load
                0x0002e1a8                MPLIST_removeElement
                0x0002fd38                NOTIFY_notify
                0x00022c18                _MEM_USR_calloc
                0x00031818                PROC_detach
                0x0002e4a8                MPLIST_first
                0x00029108                CHNL_create
                0x0002287c                _IDM_USR_init
                0x00022b88                _MEM_USR_alloc
                0x0002d028                MPLIST_delete
                0x00030584                POOL_getPoolId
                0x00033348                RingIO_delete
                0x00029274                CHNL_delete
                0x000286a8                _RingIO_releaseLock
                0x0003216c                PROC_write
                0x00025670                _RingIO_writerRelease
                0x000326ec                PROC_control
                0x000241e8                _POOL_exit
                0x000298b4                CHNL_control
                0x0002bcf0                MPCS_create
                0x000297f0                CHNL_flush
                0x0002f64c                MSGQ_get
                0x0002d814                MPLIST_close
                0x0002cb74                MPLIST_create
                0x0002f900                NOTIFY_register
                0x00022d14                _MPCS_init
                0x00029e1c                DRV_Invoke
                0x000242c8                _POOL_xltBuf
 .text          0x00036ebc       0xc4 /media/disk/OE/build/tmp-angstrom_2008_1/cross/armv7a/lib/gcc/arm-angstrom-linux-gnueabi/4.3.3/libgcc.a(_udivsi3.o)
                0x00036ebc                __aeabi_uidiv
                0x00036f68                __aeabi_uidivmod
                0x00036ebc                __udivsi3
 .text          0x00036f80      0x3b8 /media/disk/OE/build/tmp-angstrom_2008_1/cross/armv7a/lib/gcc/arm-angstrom-linux-gnueabi/4.3.3/libgcc.a(_addsubdf3.o)
                0x00037238                __floatunsidf
                0x00037284                __extendsfdf2
                0x0003725c                __floatsidf
                0x00036f8c                __adddf3
                0x000372d8                __floatdidf
                0x000372d8                __aeabi_l2d
                0x00037284                __aeabi_f2d
                0x00036f80                __aeabi_drsub
                0x00036f8c                __aeabi_dadd
                0x0003725c                __aeabi_i2d
                0x000372c4                __floatundidf
                0x00036f88                __subdf3
                0x00037238                __aeabi_ui2d
                0x000372c4                __aeabi_ul2d
                0x00036f88                __aeabi_dsub
 .text          0x00037338      0x470 /media/disk/OE/build/tmp-angstrom_2008_1/cross/armv7a/lib/gcc/arm-angstrom-linux-gnueabi/4.3.3/libgcc.a(_muldivdf3.o)
                0x00037338                __muldf3
                0x00037338                __aeabi_dmul
                0x000375a4                __divdf3
                0x000375a4                __aeabi_ddiv
 .text          0x000377a8      0x128 /media/disk/OE/build/tmp-angstrom_2008_1/cross/armv7a/lib/gcc/arm-angstrom-linux-gnueabi/4.3.3/libgcc.a(_cmpdf2.o)
                0x00037880                __aeabi_dcmplt
                0x000377a8                __gtdf2
                0x000378bc                __aeabi_dcmpgt
                0x000377b0                __ledf2
                0x00037894                __aeabi_dcmple
                0x000377b8                __cmpdf2
                0x00037858                __aeabi_cdcmple
                0x000377b8                __nedf2
                0x000377b8                __eqdf2
                0x0003783c                __aeabi_cdrcmple
                0x00037858                __aeabi_cdcmpeq
                0x000378a8                __aeabi_dcmpge
                0x000377b0                __ltdf2
                0x000377a8                __gedf2
                0x0003786c                __aeabi_dcmpeq
 .text          0x000378d0       0x5c /media/disk/OE/build/tmp-angstrom_2008_1/cross/armv7a/lib/gcc/arm-angstrom-linux-gnueabi/4.3.3/libgcc.a(_fixdfsi.o)
                0x000378d0                __aeabi_d2iz
                0x000378d0                __fixdfsi
 .text          0x0003792c       0xa0 /media/disk/OE/build/tmp-angstrom_2008_1/cross/armv7a/lib/gcc/arm-angstrom-linux-gnueabi/4.3.3/libgcc.a(_truncdfsf2.o)
                0x0003792c                __aeabi_d2f
                0x0003792c                __truncdfsf2
 .text          0x000379cc      0x250 /media/disk/OE/build/tmp-angstrom_2008_1/cross/armv7a/lib/gcc/arm-angstrom-linux-gnueabi/4.3.3/libgcc.a(_addsubsf3.o)
                0x00037b90                __floatundisf
                0x000379d8                __aeabi_fadd
                0x000379d8                __addsf3
                0x000379d4                __aeabi_fsub
                0x000379cc                __aeabi_frsub
                0x00037b70                __floatsisf
                0x00037b70                __aeabi_i2f
                0x00037ba0                __floatdisf
                0x00037ba0                __aeabi_l2f
                0x00037b90                __aeabi_ul2f
                0x00037b68                __floatunsisf
                0x000379d4                __subsf3
                0x00037b68                __aeabi_ui2f
 .text          0x00037c1c      0x2f8 /media/disk/OE/build/tmp-angstrom_2008_1/cross/armv7a/lib/gcc/arm-angstrom-linux-gnueabi/4.3.3/libgcc.a(_muldivsf3.o)
                0x00037db4                __divsf3
                0x00037c1c                __mulsf3
                0x00037db4                __aeabi_fdiv
                0x00037c1c                __aeabi_fmul
 .text          0x00037f14       0x10 /media/disk/OE/build/tmp-angstrom_2008_1/cross/armv7a/lib/gcc/arm-angstrom-linux-gnueabi/4.3.3/libgcc.a(_dvmd_lnx.o)
                0x00037f14                __div0
 .text          0x00037f24       0x78 /media/disk/OE/build/tmp-angstrom_2008_1/sysroots/armv7a-angstrom-linux-gnueabi/usr/lib/libc_nonshared.a(elf-init.oS)
                0x00037f24                __libc_csu_fini
                0x00037f28                __libc_csu_init
 .text          0x00037f9c       0x28 /media/disk/OE/build/tmp-angstrom_2008_1/sysroots/armv7a-angstrom-linux-gnueabi/usr/lib/libc_nonshared.a(atexit.oS)
                0x00037f9c                atexit
 .text          0x00037fc4        0x0 /media/disk/OE/build/tmp-angstrom_2008_1/cross/armv7a/lib/gcc/arm-angstrom-linux-gnueabi/4.3.3/crtend.o
 .text          0x00037fc4        0x0 /media/disk/OE/build/tmp-angstrom_2008_1/sysroots/armv7a-angstrom-linux-gnueabi/usr/lib/crtn.o
 *(.gnu.warning)
 *(.glue_7t)
 .glue_7t       0x00037fc4        0x0 /media/disk/OE/build/tmp-angstrom_2008_1/sysroots/armv7a-angstrom-linux-gnueabi/usr/lib/crt1.o
 .glue_7t       0x00037fc4        0x0 /media/disk/OE/build/tmp-angstrom_2008_1/sysroots/armv7a-angstrom-linux-gnueabi/usr/lib/crti.o
 .glue_7t       0x00037fc4        0x0 /media/disk/OE/build/tmp-angstrom_2008_1/cross/armv7a/lib/gcc/arm-angstrom-linux-gnueabi/4.3.3/crtbegin.o
 .glue_7t       0x00037fc4        0x0 /media/disk/OE/build/tmp-angstrom_2008_1/sysroots/armv7a-angstrom-linux-gnueabi/lib/libpthread.so.0
 .glue_7t       0x00037fc4        0x0 /media/disk/OE/build/tmp-angstrom_2008_1/sysroots/armv7a-angstrom-linux-gnueabi/usr/lib/libm.so
 .glue_7t       0x00037fc4        0x0 /media/disk/OE/build/tmp-angstrom_2008_1/sysroots/armv7a-angstrom-linux-gnueabi/usr/lib/libopencv_ml.so
 .glue_7t       0x00037fc4        0x0 /media/disk/OE/build/tmp-angstrom_2008_1/sysroots/armv7a-angstrom-linux-gnueabi/usr/lib/libopencv_highgui.so
 .glue_7t       0x00037fc4        0x0 /media/disk/OE/build/tmp-angstrom_2008_1/sysroots/armv7a-angstrom-linux-gnueabi/usr/lib/libopencv_core.so
 .glue_7t       0x00037fc4        0x0 /media/disk/OE/build/tmp-angstrom_2008_1/sysroots/armv7a-angstrom-linux-gnueabi/usr/lib/libopencv_calib3d.so
 .glue_7t       0x00037fc4        0x0 /media/disk/OE/build/tmp-angstrom_2008_1/sysroots/armv7a-angstrom-linux-gnueabi/usr/lib/libopencv_contrib.so
 .glue_7t       0x00037fc4        0x0 /media/disk/OE/build/tmp-angstrom_2008_1/sysroots/armv7a-angstrom-linux-gnueabi/usr/lib/libopencv_features2d.so
 .glue_7t       0x00037fc4        0x0 /media/disk/OE/build/tmp-angstrom_2008_1/sysroots/armv7a-angstrom-linux-gnueabi/usr/lib/libopencv_imgproc.so
 .glue_7t       0x00037fc4        0x0 /media/disk/OE/build/tmp-angstrom_2008_1/sysroots/armv7a-angstrom-linux-gnueabi/usr/lib/libopencv_legacy.so
 .glue_7t       0x00037fc4        0x0 /media/disk/OE/build/tmp-angstrom_2008_1/sysroots/armv7a-angstrom-linux-gnueabi/usr/lib/libopencv_objdetect.so
 .glue_7t       0x00037fc4        0x0 /media/disk/OE/build/tmp-angstrom_2008_1/sysroots/armv7a-angstrom-linux-gnueabi/usr/lib/libopencv_video.so
 .glue_7t       0x00037fc4        0x0 /media/disk/OE/build/tmp-angstrom_2008_1/sysroots/armv7a-angstrom-linux-gnueabi/usr/lib/libopencvdsp.so
 .glue_7t       0x00037fc4        0x0 linux/app.evm3530.ov5T
 .glue_7t       0x00037fc4        0x0 /media/disk/opencv/opencv-dsp-acceleration/dsp_opencv/beagle/apps/opencv/cfg/linux/remote_ti_platforms_evm3530/package/cfg/remote_ti_platforms_evm3530_xv5T.ov5T
 .glue_7t       0x00037fc4        0x0 /media/disk/OE/work/ti/ti-codec-engine-tree/packages/ti/sdo/ce/universal/lib/release/universal.av5T(universal_stubs.ov5T)
 .glue_7t       0x00037fc4        0x0 /media/disk/OE/work/ti/ti-codec-engine-tree/packages/ti/sdo/ce/universal/lib/release/universal.av5T(universal.ov5T)
 .glue_7t       0x00037fc4        0x0 /media/disk/OE/work/ti/ti-codec-engine-tree/packages/ti/sdo/ce/lib/release/ce.av5T(Server.ov5T)
 .glue_7t       0x00037fc4        0x0 /media/disk/OE/work/ti/ti-codec-engine-tree/packages/ti/sdo/ce/lib/release/ce.av5T(Engine.ov5T)
 .glue_7t       0x00037fc4        0x0 /media/disk/OE/work/ti/ti-codec-engine-tree/packages/ti/sdo/ce/lib/release/ce.av5T(visa.ov5T)
 .glue_7t       0x00037fc4        0x0 /media/disk/OE/work/ti/ti-codec-engine-tree/packages/ti/sdo/ce/lib/release/ce.av5T(package_ti.sdo.ce.ov5T)
 .glue_7t       0x00037fc4        0x0 /media/disk/OE/work/ti/ti-codec-engine-tree/packages/ti/sdo/ce/alg/lib/release/Algorithm_noOS.av5T(Algorithm_noOS.ov5T)
 .glue_7t       0x00037fc4        0x0 /media/disk/OE/work/ti/ti-codec-engine-tree/packages/ti/sdo/ce/alg/lib/release/alg.av5T(alg_create.ov5T)
 .glue_7t       0x00037fc4        0x0 /media/disk/OE/work/ti/ti-codec-engine-tree/packages/ti/sdo/ce/alg/lib/release/alg.av5T(alg_malloc.ov5T)
 .glue_7t       0x00037fc4        0x0 /media/disk/OE/work/ti/ti-codec-engine-tree/packages/ti/sdo/ce/ipc/dsplink/lib/release/ipc_dsplink_3530.av5T(Processor_dsplink.ov5T)
 .glue_7t       0x00037fc4        0x0 /media/disk/OE/work/ti/ti-codec-engine-tree/packages/ti/sdo/ce/ipc/dsplink/lib/release/ipc_dsplink_3530.av5T(Power_dsplink.ov5T)
 .glue_7t       0x00037fc4        0x0 /media/disk/OE/work/ti/ti-codec-engine-tree/packages/ti/sdo/ce/ipc/dsplink/lib/release/ipc_dsplink_3530.av5T(Comm_dsplink.ov5T)
 .glue_7t       0x00037fc4        0x0 /media/disk/OE/work/ti/ti-codec-engine-tree/packages/ti/sdo/ce/ipc/dsplink/lib/release/ipc_dsplink_3530.av5T(Processor_dsplink_linkcfg_OMAP3530.ov5T)
 .glue_7t       0x00037fc4        0x0 /media/disk/OE/work/ti/ti-codec-engine-tree/packages/ti/sdo/ce/ipc/dsplink/lib/release/ipc_dsplink_3530.av5T(Processor_dsplink_linkcfg_OS.ov5T)
 .glue_7t       0x00037fc4        0x0 /media/disk/OE/work/ti/ti-codec-engine-tree/packages/ti/sdo/ce/osal/linux/lib/release/osal_linux_470.av5T(LockMP_posix.ov5T)
 .glue_7t       0x00037fc4        0x0 /media/disk/OE/work/ti/ti-codec-engine-tree/packages/ti/sdo/ce/osal/linux/lib/release/osal_linux_470.av5T(Queue_posix.ov5T)
 .glue_7t       0x00037fc4        0x0 /media/disk/OE/work/ti/ti-codec-engine-tree/packages/ti/sdo/ce/osal/linux/lib/release/osal_linux_470.av5T(GT_config_libC.ov5T)
 .glue_7t       0x00037fc4        0x0 /media/disk/OE/work/ti/ti-codec-engine-tree/packages/ti/sdo/ce/osal/linux/lib/release/osal_linux_470.av5T(File_posix.ov5T)
 .glue_7t       0x00037fc4        0x0 /media/disk/OE/work/ti/ti-codec-engine-tree/packages/ti/sdo/ce/osal/linux/lib/release/osal_linux_470.av5T(Memory_cmem.ov5T)
 .glue_7t       0x00037fc4        0x0 /media/disk/OE/work/ti/ti-codec-engine-tree/packages/ti/sdo/ce/osal/linux/lib/release/osal_linux_470.av5T(Global_noOS.ov5T)
 .glue_7t       0x00037fc4        0x0 /media/disk/OE/work/ti/ti-codec-engine-tree/packages/ti/sdo/ce/osal/linux/lib/release/osal_linux_470.av5T(Thread_posix.ov5T)
 .glue_7t       0x00037fc4        0x0 /media/disk/OE/work/ti/ti-codec-engine-tree/packages/ti/sdo/ce/osal/linux/lib/release/osal_linux_470.av5T(Log_noOS.ov5T)
 .glue_7t       0x00037fc4        0x0 /media/disk/OE/work/ti/ti-codec-engine-tree/packages/ti/sdo/ce/osal/linux/lib/release/osal_linux_470.av5T(Lock_posix.ov5T)
 .glue_7t       0x00037fc4        0x0 /media/disk/OE/work/ti/ti-codec-engine-tree/packages/ti/sdo/ce/osal/linux/lib/release/osal_linux_470.av5T(GT_config_posix.ov5T)
 .glue_7t       0x00037fc4        0x0 /media/disk/OE/work/ti/ti-codec-engine-tree/packages/ti/sdo/ce/osal/linux/lib/release/osal_linux_470.av5T(SemMP_posix.ov5T)
 .glue_7t       0x00037fc4        0x0 /media/disk/OE/work/ti/ti-codec-engine-tree/packages/ti/sdo/ce/osal/linux/lib/release/osal_linux_470.av5T(Sem_posix.ov5T)
 .glue_7t       0x00037fc4        0x0 /media/disk/OE/work/ti/ti-codec-engine-tree/packages/ti/sdo/ce/utils/xdm/lib/release/XdmUtils.av5T(XdmUtils.ov5T)
 .glue_7t       0x00037fc4        0x0 /media/disk/OE/work/ti/ti-framework-components-tree/packages/ti/sdo/utils/trace/lib/release/gt.av5T(gt.ov5T)
 .glue_7t       0x00037fc4        0x0 /media/disk/OE/work/ti/ti-local-power-manager-tree/packages/ti/bios/power/lib/release/lpm_linux.av5T(lpm_api.ov5T)
 .glue_7t       0x00037fc4        0x0 /media/disk/OE/work/ti/ti-linuxutils-tree/packages/ti/sdo/linuxutils/cmem/lib/cmem.a470MV(cmem.o470MV)
 .glue_7t       0x00037fc4        0x0 /media/disk/OE/work/ti/ti-dsplink-tree/packages/dsplink/gpp/export/BIN/Linux/OMAP3530/RELEASE/dsplink.lib
 .glue_7t       0x00037fc4        0x0 /media/disk/OE/build/tmp-angstrom_2008_1/cross/armv7a/lib/gcc/arm-angstrom-linux-gnueabi/4.3.3/libgcc.a(_udivsi3.o)
 .glue_7t       0x00037fc4        0x0 /media/disk/OE/build/tmp-angstrom_2008_1/cross/armv7a/lib/gcc/arm-angstrom-linux-gnueabi/4.3.3/libgcc.a(_addsubdf3.o)
 .glue_7t       0x00037fc4        0x0 /media/disk/OE/build/tmp-angstrom_2008_1/cross/armv7a/lib/gcc/arm-angstrom-linux-gnueabi/4.3.3/libgcc.a(_muldivdf3.o)
 .glue_7t       0x00037fc4        0x0 /media/disk/OE/build/tmp-angstrom_2008_1/cross/armv7a/lib/gcc/arm-angstrom-linux-gnueabi/4.3.3/libgcc.a(_cmpdf2.o)
 .glue_7t       0x00037fc4        0x0 /media/disk/OE/build/tmp-angstrom_2008_1/cross/armv7a/lib/gcc/arm-angstrom-linux-gnueabi/4.3.3/libgcc.a(_fixdfsi.o)
 .glue_7t       0x00037fc4        0x0 /media/disk/OE/build/tmp-angstrom_2008_1/cross/armv7a/lib/gcc/arm-angstrom-linux-gnueabi/4.3.3/libgcc.a(_truncdfsf2.o)
 .glue_7t       0x00037fc4        0x0 /media/disk/OE/build/tmp-angstrom_2008_1/cross/armv7a/lib/gcc/arm-angstrom-linux-gnueabi/4.3.3/libgcc.a(_addsubsf3.o)
 .glue_7t       0x00037fc4        0x0 /media/disk/OE/build/tmp-angstrom_2008_1/cross/armv7a/lib/gcc/arm-angstrom-linux-gnueabi/4.3.3/libgcc.a(_muldivsf3.o)
 .glue_7t       0x00037fc4        0x0 /media/disk/OE/build/tmp-angstrom_2008_1/cross/armv7a/lib/gcc/arm-angstrom-linux-gnueabi/4.3.3/libgcc.a(_dvmd_lnx.o)
 .glue_7t       0x00037fc4        0x0 /media/disk/OE/build/tmp-angstrom_2008_1/cross/armv7a/lib/gcc/arm-angstrom-linux-gnueabi/4.3.3/../../../../arm-angstrom-linux-gnueabi/lib/libgcc_s.so
 .glue_7t       0x00037fc4        0x0 /media/disk/OE/build/tmp-angstrom_2008_1/sysroots/armv7a-angstrom-linux-gnueabi/lib/libc.so.6
 .glue_7t       0x00037fc4        0x0 /media/disk/OE/build/tmp-angstrom_2008_1/sysroots/armv7a-angstrom-linux-gnueabi/usr/lib/libc_nonshared.a(elf-init.oS)
 .glue_7t       0x00037fc4        0x0 /media/disk/OE/build/tmp-angstrom_2008_1/sysroots/armv7a-angstrom-linux-gnueabi/usr/lib/libc_nonshared.a(atexit.oS)
 .glue_7t       0x00037fc4        0x0 /media/disk/OE/build/tmp-angstrom_2008_1/sysroots/armv7a-angstrom-linux-gnueabi/lib/ld-linux.so.3
 .glue_7t       0x00037fc4        0x0 /media/disk/OE/build/tmp-angstrom_2008_1/cross/armv7a/lib/gcc/arm-angstrom-linux-gnueabi/4.3.3/../../../../arm-angstrom-linux-gnueabi/lib/libgcc_s.so
 .glue_7t       0x00037fc4        0x0 /media/disk/OE/build/tmp-angstrom_2008_1/cross/armv7a/lib/gcc/arm-angstrom-linux-gnueabi/4.3.3/crtend.o
 .glue_7t       0x00037fc4        0x0 /media/disk/OE/build/tmp-angstrom_2008_1/sysroots/armv7a-angstrom-linux-gnueabi/usr/lib/crtn.o
 *(.glue_7)
 .glue_7        0x00037fc4        0x0 /media/disk/OE/build/tmp-angstrom_2008_1/sysroots/armv7a-angstrom-linux-gnueabi/usr/lib/crt1.o
 .glue_7        0x00037fc4        0x0 /media/disk/OE/build/tmp-angstrom_2008_1/sysroots/armv7a-angstrom-linux-gnueabi/usr/lib/crti.o
 .glue_7        0x00037fc4        0x0 /media/disk/OE/build/tmp-angstrom_2008_1/cross/armv7a/lib/gcc/arm-angstrom-linux-gnueabi/4.3.3/crtbegin.o
 .glue_7        0x00037fc4        0x0 /media/disk/OE/build/tmp-angstrom_2008_1/sysroots/armv7a-angstrom-linux-gnueabi/lib/libpthread.so.0
 .glue_7        0x00037fc4        0x0 /media/disk/OE/build/tmp-angstrom_2008_1/sysroots/armv7a-angstrom-linux-gnueabi/usr/lib/libm.so
 .glue_7        0x00037fc4        0x0 /media/disk/OE/build/tmp-angstrom_2008_1/sysroots/armv7a-angstrom-linux-gnueabi/usr/lib/libopencv_ml.so
 .glue_7        0x00037fc4        0x0 /media/disk/OE/build/tmp-angstrom_2008_1/sysroots/armv7a-angstrom-linux-gnueabi/usr/lib/libopencv_highgui.so
 .glue_7        0x00037fc4        0x0 /media/disk/OE/build/tmp-angstrom_2008_1/sysroots/armv7a-angstrom-linux-gnueabi/usr/lib/libopencv_core.so
 .glue_7        0x00037fc4        0x0 /media/disk/OE/build/tmp-angstrom_2008_1/sysroots/armv7a-angstrom-linux-gnueabi/usr/lib/libopencv_calib3d.so
 .glue_7        0x00037fc4        0x0 /media/disk/OE/build/tmp-angstrom_2008_1/sysroots/armv7a-angstrom-linux-gnueabi/usr/lib/libopencv_contrib.so
 .glue_7        0x00037fc4        0x0 /media/disk/OE/build/tmp-angstrom_2008_1/sysroots/armv7a-angstrom-linux-gnueabi/usr/lib/libopencv_features2d.so
 .glue_7        0x00037fc4        0x0 /media/disk/OE/build/tmp-angstrom_2008_1/sysroots/armv7a-angstrom-linux-gnueabi/usr/lib/libopencv_imgproc.so
 .glue_7        0x00037fc4        0x0 /media/disk/OE/build/tmp-angstrom_2008_1/sysroots/armv7a-angstrom-linux-gnueabi/usr/lib/libopencv_legacy.so
 .glue_7        0x00037fc4        0x0 /media/disk/OE/build/tmp-angstrom_2008_1/sysroots/armv7a-angstrom-linux-gnueabi/usr/lib/libopencv_objdetect.so
 .glue_7        0x00037fc4        0x0 /media/disk/OE/build/tmp-angstrom_2008_1/sysroots/armv7a-angstrom-linux-gnueabi/usr/lib/libopencv_video.so
 .glue_7        0x00037fc4        0x0 /media/disk/OE/build/tmp-angstrom_2008_1/sysroots/armv7a-angstrom-linux-gnueabi/usr/lib/libopencvdsp.so
 .glue_7        0x00037fc4        0x0 linux/app.evm3530.ov5T
 .glue_7        0x00037fc4        0x0 /media/disk/opencv/opencv-dsp-acceleration/dsp_opencv/beagle/apps/opencv/cfg/linux/remote_ti_platforms_evm3530/package/cfg/remote_ti_platforms_evm3530_xv5T.ov5T
 .glue_7        0x00037fc4        0x0 /media/disk/OE/work/ti/ti-codec-engine-tree/packages/ti/sdo/ce/universal/lib/release/universal.av5T(universal_stubs.ov5T)
 .glue_7        0x00037fc4        0x0 /media/disk/OE/work/ti/ti-codec-engine-tree/packages/ti/sdo/ce/universal/lib/release/universal.av5T(universal.ov5T)
 .glue_7        0x00037fc4        0x0 /media/disk/OE/work/ti/ti-codec-engine-tree/packages/ti/sdo/ce/lib/release/ce.av5T(Server.ov5T)
 .glue_7        0x00037fc4        0x0 /media/disk/OE/work/ti/ti-codec-engine-tree/packages/ti/sdo/ce/lib/release/ce.av5T(Engine.ov5T)
 .glue_7        0x00037fc4        0x0 /media/disk/OE/work/ti/ti-codec-engine-tree/packages/ti/sdo/ce/lib/release/ce.av5T(visa.ov5T)
 .glue_7        0x00037fc4        0x0 /media/disk/OE/work/ti/ti-codec-engine-tree/packages/ti/sdo/ce/lib/release/ce.av5T(package_ti.sdo.ce.ov5T)
 .glue_7        0x00037fc4        0x0 /media/disk/OE/work/ti/ti-codec-engine-tree/packages/ti/sdo/ce/alg/lib/release/Algorithm_noOS.av5T(Algorithm_noOS.ov5T)
 .glue_7        0x00037fc4        0x0 /media/disk/OE/work/ti/ti-codec-engine-tree/packages/ti/sdo/ce/alg/lib/release/alg.av5T(alg_create.ov5T)
 .glue_7        0x00037fc4        0x0 /media/disk/OE/work/ti/ti-codec-engine-tree/packages/ti/sdo/ce/alg/lib/release/alg.av5T(alg_malloc.ov5T)
 .glue_7        0x00037fc4        0x0 /media/disk/OE/work/ti/ti-codec-engine-tree/packages/ti/sdo/ce/ipc/dsplink/lib/release/ipc_dsplink_3530.av5T(Processor_dsplink.ov5T)
 .glue_7        0x00037fc4        0x0 /media/disk/OE/work/ti/ti-codec-engine-tree/packages/ti/sdo/ce/ipc/dsplink/lib/release/ipc_dsplink_3530.av5T(Power_dsplink.ov5T)
 .glue_7        0x00037fc4        0x0 /media/disk/OE/work/ti/ti-codec-engine-tree/packages/ti/sdo/ce/ipc/dsplink/lib/release/ipc_dsplink_3530.av5T(Comm_dsplink.ov5T)
 .glue_7        0x00037fc4        0x0 /media/disk/OE/work/ti/ti-codec-engine-tree/packages/ti/sdo/ce/ipc/dsplink/lib/release/ipc_dsplink_3530.av5T(Processor_dsplink_linkcfg_OMAP3530.ov5T)
 .glue_7        0x00037fc4        0x0 /media/disk/OE/work/ti/ti-codec-engine-tree/packages/ti/sdo/ce/ipc/dsplink/lib/release/ipc_dsplink_3530.av5T(Processor_dsplink_linkcfg_OS.ov5T)
 .glue_7        0x00037fc4        0x0 /media/disk/OE/work/ti/ti-codec-engine-tree/packages/ti/sdo/ce/osal/linux/lib/release/osal_linux_470.av5T(LockMP_posix.ov5T)
 .glue_7        0x00037fc4        0x0 /media/disk/OE/work/ti/ti-codec-engine-tree/packages/ti/sdo/ce/osal/linux/lib/release/osal_linux_470.av5T(Queue_posix.ov5T)
 .glue_7        0x00037fc4        0x0 /media/disk/OE/work/ti/ti-codec-engine-tree/packages/ti/sdo/ce/osal/linux/lib/release/osal_linux_470.av5T(GT_config_libC.ov5T)
 .glue_7        0x00037fc4        0x0 /media/disk/OE/work/ti/ti-codec-engine-tree/packages/ti/sdo/ce/osal/linux/lib/release/osal_linux_470.av5T(File_posix.ov5T)
 .glue_7        0x00037fc4        0x0 /media/disk/OE/work/ti/ti-codec-engine-tree/packages/ti/sdo/ce/osal/linux/lib/release/osal_linux_470.av5T(Memory_cmem.ov5T)
 .glue_7        0x00037fc4        0x0 /media/disk/OE/work/ti/ti-codec-engine-tree/packages/ti/sdo/ce/osal/linux/lib/release/osal_linux_470.av5T(Global_noOS.ov5T)
 .glue_7        0x00037fc4        0x0 /media/disk/OE/work/ti/ti-codec-engine-tree/packages/ti/sdo/ce/osal/linux/lib/release/osal_linux_470.av5T(Thread_posix.ov5T)
 .glue_7        0x00037fc4        0x0 /media/disk/OE/work/ti/ti-codec-engine-tree/packages/ti/sdo/ce/osal/linux/lib/release/osal_linux_470.av5T(Log_noOS.ov5T)
 .glue_7        0x00037fc4        0x0 /media/disk/OE/work/ti/ti-codec-engine-tree/packages/ti/sdo/ce/osal/linux/lib/release/osal_linux_470.av5T(Lock_posix.ov5T)
 .glue_7        0x00037fc4        0x0 /media/disk/OE/work/ti/ti-codec-engine-tree/packages/ti/sdo/ce/osal/linux/lib/release/osal_linux_470.av5T(GT_config_posix.ov5T)
 .glue_7        0x00037fc4        0x0 /media/disk/OE/work/ti/ti-codec-engine-tree/packages/ti/sdo/ce/osal/linux/lib/release/osal_linux_470.av5T(SemMP_posix.ov5T)
 .glue_7        0x00037fc4        0x0 /media/disk/OE/work/ti/ti-codec-engine-tree/packages/ti/sdo/ce/osal/linux/lib/release/osal_linux_470.av5T(Sem_posix.ov5T)
 .glue_7        0x00037fc4        0x0 /media/disk/OE/work/ti/ti-codec-engine-tree/packages/ti/sdo/ce/utils/xdm/lib/release/XdmUtils.av5T(XdmUtils.ov5T)
 .glue_7        0x00037fc4        0x0 /media/disk/OE/work/ti/ti-framework-components-tree/packages/ti/sdo/utils/trace/lib/release/gt.av5T(gt.ov5T)
 .glue_7        0x00037fc4        0x0 /media/disk/OE/work/ti/ti-local-power-manager-tree/packages/ti/bios/power/lib/release/lpm_linux.av5T(lpm_api.ov5T)
 .glue_7        0x00037fc4        0x0 /media/disk/OE/work/ti/ti-linuxutils-tree/packages/ti/sdo/linuxutils/cmem/lib/cmem.a470MV(cmem.o470MV)
 .glue_7        0x00037fc4        0x0 /media/disk/OE/work/ti/ti-dsplink-tree/packages/dsplink/gpp/export/BIN/Linux/OMAP3530/RELEASE/dsplink.lib
 .glue_7        0x00037fc4        0x0 /media/disk/OE/build/tmp-angstrom_2008_1/cross/armv7a/lib/gcc/arm-angstrom-linux-gnueabi/4.3.3/libgcc.a(_udivsi3.o)
 .glue_7        0x00037fc4        0x0 /media/disk/OE/build/tmp-angstrom_2008_1/cross/armv7a/lib/gcc/arm-angstrom-linux-gnueabi/4.3.3/libgcc.a(_addsubdf3.o)
 .glue_7        0x00037fc4        0x0 /media/disk/OE/build/tmp-angstrom_2008_1/cross/armv7a/lib/gcc/arm-angstrom-linux-gnueabi/4.3.3/libgcc.a(_muldivdf3.o)
 .glue_7        0x00037fc4        0x0 /media/disk/OE/build/tmp-angstrom_2008_1/cross/armv7a/lib/gcc/arm-angstrom-linux-gnueabi/4.3.3/libgcc.a(_cmpdf2.o)
 .glue_7        0x00037fc4        0x0 /media/disk/OE/build/tmp-angstrom_2008_1/cross/armv7a/lib/gcc/arm-angstrom-linux-gnueabi/4.3.3/libgcc.a(_fixdfsi.o)
 .glue_7        0x00037fc4        0x0 /media/disk/OE/build/tmp-angstrom_2008_1/cross/armv7a/lib/gcc/arm-angstrom-linux-gnueabi/4.3.3/libgcc.a(_truncdfsf2.o)
 .glue_7        0x00037fc4        0x0 /media/disk/OE/build/tmp-angstrom_2008_1/cross/armv7a/lib/gcc/arm-angstrom-linux-gnueabi/4.3.3/libgcc.a(_addsubsf3.o)
 .glue_7        0x00037fc4        0x0 /media/disk/OE/build/tmp-angstrom_2008_1/cross/armv7a/lib/gcc/arm-angstrom-linux-gnueabi/4.3.3/libgcc.a(_muldivsf3.o)
 .glue_7        0x00037fc4        0x0 /media/disk/OE/build/tmp-angstrom_2008_1/cross/armv7a/lib/gcc/arm-angstrom-linux-gnueabi/4.3.3/libgcc.a(_dvmd_lnx.o)
 .glue_7        0x00037fc4        0x0 /media/disk/OE/build/tmp-angstrom_2008_1/cross/armv7a/lib/gcc/arm-angstrom-linux-gnueabi/4.3.3/../../../../arm-angstrom-linux-gnueabi/lib/libgcc_s.so
 .glue_7        0x00037fc4        0x0 /media/disk/OE/build/tmp-angstrom_2008_1/sysroots/armv7a-angstrom-linux-gnueabi/lib/libc.so.6
 .glue_7        0x00037fc4        0x0 /media/disk/OE/build/tmp-angstrom_2008_1/sysroots/armv7a-angstrom-linux-gnueabi/usr/lib/libc_nonshared.a(elf-init.oS)
 .glue_7        0x00037fc4        0x0 /media/disk/OE/build/tmp-angstrom_2008_1/sysroots/armv7a-angstrom-linux-gnueabi/usr/lib/libc_nonshared.a(atexit.oS)
 .glue_7        0x00037fc4        0x0 /media/disk/OE/build/tmp-angstrom_2008_1/sysroots/armv7a-angstrom-linux-gnueabi/lib/ld-linux.so.3
 .glue_7        0x00037fc4        0x0 /media/disk/OE/build/tmp-angstrom_2008_1/cross/armv7a/lib/gcc/arm-angstrom-linux-gnueabi/4.3.3/../../../../arm-angstrom-linux-gnueabi/lib/libgcc_s.so
 .glue_7        0x00037fc4        0x0 /media/disk/OE/build/tmp-angstrom_2008_1/cross/armv7a/lib/gcc/arm-angstrom-linux-gnueabi/4.3.3/crtend.o
 .glue_7        0x00037fc4        0x0 /media/disk/OE/build/tmp-angstrom_2008_1/sysroots/armv7a-angstrom-linux-gnueabi/usr/lib/crtn.o
 *(.vfp11_veneer)
 .vfp11_veneer  0x00037fc4        0x0 /media/disk/OE/build/tmp-angstrom_2008_1/sysroots/armv7a-angstrom-linux-gnueabi/usr/lib/crt1.o
 .vfp11_veneer  0x00037fc4        0x0 /media/disk/OE/build/tmp-angstrom_2008_1/sysroots/armv7a-angstrom-linux-gnueabi/usr/lib/crti.o
 .vfp11_veneer  0x00037fc4        0x0 /media/disk/OE/build/tmp-angstrom_2008_1/cross/armv7a/lib/gcc/arm-angstrom-linux-gnueabi/4.3.3/crtbegin.o
 .vfp11_veneer  0x00037fc4        0x0 /media/disk/OE/build/tmp-angstrom_2008_1/sysroots/armv7a-angstrom-linux-gnueabi/lib/libpthread.so.0
 .vfp11_veneer  0x00037fc4        0x0 /media/disk/OE/build/tmp-angstrom_2008_1/sysroots/armv7a-angstrom-linux-gnueabi/usr/lib/libm.so
 .vfp11_veneer  0x00037fc4        0x0 /media/disk/OE/build/tmp-angstrom_2008_1/sysroots/armv7a-angstrom-linux-gnueabi/usr/lib/libopencv_ml.so
 .vfp11_veneer  0x00037fc4        0x0 /media/disk/OE/build/tmp-angstrom_2008_1/sysroots/armv7a-angstrom-linux-gnueabi/usr/lib/libopencv_highgui.so
 .vfp11_veneer  0x00037fc4        0x0 /media/disk/OE/build/tmp-angstrom_2008_1/sysroots/armv7a-angstrom-linux-gnueabi/usr/lib/libopencv_core.so
 .vfp11_veneer  0x00037fc4        0x0 /media/disk/OE/build/tmp-angstrom_2008_1/sysroots/armv7a-angstrom-linux-gnueabi/usr/lib/libopencv_calib3d.so
 .vfp11_veneer  0x00037fc4        0x0 /media/disk/OE/build/tmp-angstrom_2008_1/sysroots/armv7a-angstrom-linux-gnueabi/usr/lib/libopencv_contrib.so
 .vfp11_veneer  0x00037fc4        0x0 /media/disk/OE/build/tmp-angstrom_2008_1/sysroots/armv7a-angstrom-linux-gnueabi/usr/lib/libopencv_features2d.so
 .vfp11_veneer  0x00037fc4        0x0 /media/disk/OE/build/tmp-angstrom_2008_1/sysroots/armv7a-angstrom-linux-gnueabi/usr/lib/libopencv_imgproc.so
 .vfp11_veneer  0x00037fc4        0x0 /media/disk/OE/build/tmp-angstrom_2008_1/sysroots/armv7a-angstrom-linux-gnueabi/usr/lib/libopencv_legacy.so
 .vfp11_veneer  0x00037fc4        0x0 /media/disk/OE/build/tmp-angstrom_2008_1/sysroots/armv7a-angstrom-linux-gnueabi/usr/lib/libopencv_objdetect.so
 .vfp11_veneer  0x00037fc4        0x0 /media/disk/OE/build/tmp-angstrom_2008_1/sysroots/armv7a-angstrom-linux-gnueabi/usr/lib/libopencv_video.so
 .vfp11_veneer  0x00037fc4        0x0 /media/disk/OE/build/tmp-angstrom_2008_1/sysroots/armv7a-angstrom-linux-gnueabi/usr/lib/libopencvdsp.so
 .vfp11_veneer  0x00037fc4        0x0 linux/app.evm3530.ov5T
 .vfp11_veneer  0x00037fc4        0x0 /media/disk/opencv/opencv-dsp-acceleration/dsp_opencv/beagle/apps/opencv/cfg/linux/remote_ti_platforms_evm3530/package/cfg/remote_ti_platforms_evm3530_xv5T.ov5T
 .vfp11_veneer  0x00037fc4        0x0 /media/disk/OE/work/ti/ti-codec-engine-tree/packages/ti/sdo/ce/universal/lib/release/universal.av5T(universal_stubs.ov5T)
 .vfp11_veneer  0x00037fc4        0x0 /media/disk/OE/work/ti/ti-codec-engine-tree/packages/ti/sdo/ce/universal/lib/release/universal.av5T(universal.ov5T)
 .vfp11_veneer  0x00037fc4        0x0 /media/disk/OE/work/ti/ti-codec-engine-tree/packages/ti/sdo/ce/lib/release/ce.av5T(Server.ov5T)
 .vfp11_veneer  0x00037fc4        0x0 /media/disk/OE/work/ti/ti-codec-engine-tree/packages/ti/sdo/ce/lib/release/ce.av5T(Engine.ov5T)
 .vfp11_veneer  0x00037fc4        0x0 /media/disk/OE/work/ti/ti-codec-engine-tree/packages/ti/sdo/ce/lib/release/ce.av5T(visa.ov5T)
 .vfp11_veneer  0x00037fc4        0x0 /media/disk/OE/work/ti/ti-codec-engine-tree/packages/ti/sdo/ce/lib/release/ce.av5T(package_ti.sdo.ce.ov5T)
 .vfp11_veneer  0x00037fc4        0x0 /media/disk/OE/work/ti/ti-codec-engine-tree/packages/ti/sdo/ce/alg/lib/release/Algorithm_noOS.av5T(Algorithm_noOS.ov5T)
 .vfp11_veneer  0x00037fc4        0x0 /media/disk/OE/work/ti/ti-codec-engine-tree/packages/ti/sdo/ce/alg/lib/release/alg.av5T(alg_create.ov5T)
 .vfp11_veneer  0x00037fc4        0x0 /media/disk/OE/work/ti/ti-codec-engine-tree/packages/ti/sdo/ce/alg/lib/release/alg.av5T(alg_malloc.ov5T)
 .vfp11_veneer  0x00037fc4        0x0 /media/disk/OE/work/ti/ti-codec-engine-tree/packages/ti/sdo/ce/ipc/dsplink/lib/release/ipc_dsplink_3530.av5T(Processor_dsplink.ov5T)
 .vfp11_veneer  0x00037fc4        0x0 /media/disk/OE/work/ti/ti-codec-engine-tree/packages/ti/sdo/ce/ipc/dsplink/lib/release/ipc_dsplink_3530.av5T(Power_dsplink.ov5T)
 .vfp11_veneer  0x00037fc4        0x0 /media/disk/OE/work/ti/ti-codec-engine-tree/packages/ti/sdo/ce/ipc/dsplink/lib/release/ipc_dsplink_3530.av5T(Comm_dsplink.ov5T)
 .vfp11_veneer  0x00037fc4        0x0 /media/disk/OE/work/ti/ti-codec-engine-tree/packages/ti/sdo/ce/ipc/dsplink/lib/release/ipc_dsplink_3530.av5T(Processor_dsplink_linkcfg_OMAP3530.ov5T)
 .vfp11_veneer  0x00037fc4        0x0 /media/disk/OE/work/ti/ti-codec-engine-tree/packages/ti/sdo/ce/ipc/dsplink/lib/release/ipc_dsplink_3530.av5T(Processor_dsplink_linkcfg_OS.ov5T)
 .vfp11_veneer  0x00037fc4        0x0 /media/disk/OE/work/ti/ti-codec-engine-tree/packages/ti/sdo/ce/osal/linux/lib/release/osal_linux_470.av5T(LockMP_posix.ov5T)
 .vfp11_veneer  0x00037fc4        0x0 /media/disk/OE/work/ti/ti-codec-engine-tree/packages/ti/sdo/ce/osal/linux/lib/release/osal_linux_470.av5T(Queue_posix.ov5T)
 .vfp11_veneer  0x00037fc4        0x0 /media/disk/OE/work/ti/ti-codec-engine-tree/packages/ti/sdo/ce/osal/linux/lib/release/osal_linux_470.av5T(GT_config_libC.ov5T)
 .vfp11_veneer  0x00037fc4        0x0 /media/disk/OE/work/ti/ti-codec-engine-tree/packages/ti/sdo/ce/osal/linux/lib/release/osal_linux_470.av5T(File_posix.ov5T)
 .vfp11_veneer  0x00037fc4        0x0 /media/disk/OE/work/ti/ti-codec-engine-tree/packages/ti/sdo/ce/osal/linux/lib/release/osal_linux_470.av5T(Memory_cmem.ov5T)
 .vfp11_veneer  0x00037fc4        0x0 /media/disk/OE/work/ti/ti-codec-engine-tree/packages/ti/sdo/ce/osal/linux/lib/release/osal_linux_470.av5T(Global_noOS.ov5T)
 .vfp11_veneer  0x00037fc4        0x0 /media/disk/OE/work/ti/ti-codec-engine-tree/packages/ti/sdo/ce/osal/linux/lib/release/osal_linux_470.av5T(Thread_posix.ov5T)
 .vfp11_veneer  0x00037fc4        0x0 /media/disk/OE/work/ti/ti-codec-engine-tree/packages/ti/sdo/ce/osal/linux/lib/release/osal_linux_470.av5T(Log_noOS.ov5T)
 .vfp11_veneer  0x00037fc4        0x0 /media/disk/OE/work/ti/ti-codec-engine-tree/packages/ti/sdo/ce/osal/linux/lib/release/osal_linux_470.av5T(Lock_posix.ov5T)
 .vfp11_veneer  0x00037fc4        0x0 /media/disk/OE/work/ti/ti-codec-engine-tree/packages/ti/sdo/ce/osal/linux/lib/release/osal_linux_470.av5T(GT_config_posix.ov5T)
 .vfp11_veneer  0x00037fc4        0x0 /media/disk/OE/work/ti/ti-codec-engine-tree/packages/ti/sdo/ce/osal/linux/lib/release/osal_linux_470.av5T(SemMP_posix.ov5T)
 .vfp11_veneer  0x00037fc4        0x0 /media/disk/OE/work/ti/ti-codec-engine-tree/packages/ti/sdo/ce/osal/linux/lib/release/osal_linux_470.av5T(Sem_posix.ov5T)
 .vfp11_veneer  0x00037fc4        0x0 /media/disk/OE/work/ti/ti-codec-engine-tree/packages/ti/sdo/ce/utils/xdm/lib/release/XdmUtils.av5T(XdmUtils.ov5T)
 .vfp11_veneer  0x00037fc4        0x0 /media/disk/OE/work/ti/ti-framework-components-tree/packages/ti/sdo/utils/trace/lib/release/gt.av5T(gt.ov5T)
 .vfp11_veneer  0x00037fc4        0x0 /media/disk/OE/work/ti/ti-local-power-manager-tree/packages/ti/bios/power/lib/release/lpm_linux.av5T(lpm_api.ov5T)
 .vfp11_veneer  0x00037fc4        0x0 /media/disk/OE/work/ti/ti-linuxutils-tree/packages/ti/sdo/linuxutils/cmem/lib/cmem.a470MV(cmem.o470MV)
 .vfp11_veneer  0x00037fc4        0x0 /media/disk/OE/work/ti/ti-dsplink-tree/packages/dsplink/gpp/export/BIN/Linux/OMAP3530/RELEASE/dsplink.lib
 .vfp11_veneer  0x00037fc4        0x0 /media/disk/OE/build/tmp-angstrom_2008_1/cross/armv7a/lib/gcc/arm-angstrom-linux-gnueabi/4.3.3/libgcc.a(_udivsi3.o)
 .vfp11_veneer  0x00037fc4        0x0 /media/disk/OE/build/tmp-angstrom_2008_1/cross/armv7a/lib/gcc/arm-angstrom-linux-gnueabi/4.3.3/libgcc.a(_addsubdf3.o)
 .vfp11_veneer  0x00037fc4        0x0 /media/disk/OE/build/tmp-angstrom_2008_1/cross/armv7a/lib/gcc/arm-angstrom-linux-gnueabi/4.3.3/libgcc.a(_muldivdf3.o)
 .vfp11_veneer  0x00037fc4        0x0 /media/disk/OE/build/tmp-angstrom_2008_1/cross/armv7a/lib/gcc/arm-angstrom-linux-gnueabi/4.3.3/libgcc.a(_cmpdf2.o)
 .vfp11_veneer  0x00037fc4        0x0 /media/disk/OE/build/tmp-angstrom_2008_1/cross/armv7a/lib/gcc/arm-angstrom-linux-gnueabi/4.3.3/libgcc.a(_fixdfsi.o)
 .vfp11_veneer  0x00037fc4        0x0 /media/disk/OE/build/tmp-angstrom_2008_1/cross/armv7a/lib/gcc/arm-angstrom-linux-gnueabi/4.3.3/libgcc.a(_truncdfsf2.o)
 .vfp11_veneer  0x00037fc4        0x0 /media/disk/OE/build/tmp-angstrom_2008_1/cross/armv7a/lib/gcc/arm-angstrom-linux-gnueabi/4.3.3/libgcc.a(_addsubsf3.o)
 .vfp11_veneer  0x00037fc4        0x0 /media/disk/OE/build/tmp-angstrom_2008_1/cross/armv7a/lib/gcc/arm-angstrom-linux-gnueabi/4.3.3/libgcc.a(_muldivsf3.o)
 .vfp11_veneer  0x00037fc4        0x0 /media/disk/OE/build/tmp-angstrom_2008_1/cross/armv7a/lib/gcc/arm-angstrom-linux-gnueabi/4.3.3/libgcc.a(_dvmd_lnx.o)
 .vfp11_veneer  0x00037fc4        0x0 /media/disk/OE/build/tmp-angstrom_2008_1/cross/armv7a/lib/gcc/arm-angstrom-linux-gnueabi/4.3.3/../../../../arm-angstrom-linux-gnueabi/lib/libgcc_s.so
 .vfp11_veneer  0x00037fc4        0x0 /media/disk/OE/build/tmp-angstrom_2008_1/sysroots/armv7a-angstrom-linux-gnueabi/lib/libc.so.6
 .vfp11_veneer  0x00037fc4        0x0 /media/disk/OE/build/tmp-angstrom_2008_1/sysroots/armv7a-angstrom-linux-gnueabi/usr/lib/libc_nonshared.a(elf-init.oS)
 .vfp11_veneer  0x00037fc4        0x0 /media/disk/OE/build/tmp-angstrom_2008_1/sysroots/armv7a-angstrom-linux-gnueabi/usr/lib/libc_nonshared.a(atexit.oS)
 .vfp11_veneer  0x00037fc4        0x0 /media/disk/OE/build/tmp-angstrom_2008_1/sysroots/armv7a-angstrom-linux-gnueabi/lib/ld-linux.so.3
 .vfp11_veneer  0x00037fc4        0x0 /media/disk/OE/build/tmp-angstrom_2008_1/cross/armv7a/lib/gcc/arm-angstrom-linux-gnueabi/4.3.3/../../../../arm-angstrom-linux-gnueabi/lib/libgcc_s.so
 .vfp11_veneer  0x00037fc4        0x0 /media/disk/OE/build/tmp-angstrom_2008_1/cross/armv7a/lib/gcc/arm-angstrom-linux-gnueabi/4.3.3/crtend.o
 .vfp11_veneer  0x00037fc4        0x0 /media/disk/OE/build/tmp-angstrom_2008_1/sysroots/armv7a-angstrom-linux-gnueabi/usr/lib/crtn.o
 *(.v4_bx)
 .v4_bx         0x00037fc4        0x0 /media/disk/OE/build/tmp-angstrom_2008_1/sysroots/armv7a-angstrom-linux-gnueabi/usr/lib/crt1.o
 .v4_bx         0x00037fc4        0x0 /media/disk/OE/build/tmp-angstrom_2008_1/sysroots/armv7a-angstrom-linux-gnueabi/usr/lib/crti.o
 .v4_bx         0x00037fc4        0x0 /media/disk/OE/build/tmp-angstrom_2008_1/cross/armv7a/lib/gcc/arm-angstrom-linux-gnueabi/4.3.3/crtbegin.o
 .v4_bx         0x00037fc4        0x0 /media/disk/OE/build/tmp-angstrom_2008_1/sysroots/armv7a-angstrom-linux-gnueabi/lib/libpthread.so.0
 .v4_bx         0x00037fc4        0x0 /media/disk/OE/build/tmp-angstrom_2008_1/sysroots/armv7a-angstrom-linux-gnueabi/usr/lib/libm.so
 .v4_bx         0x00037fc4        0x0 /media/disk/OE/build/tmp-angstrom_2008_1/sysroots/armv7a-angstrom-linux-gnueabi/usr/lib/libopencv_ml.so
 .v4_bx         0x00037fc4        0x0 /media/disk/OE/build/tmp-angstrom_2008_1/sysroots/armv7a-angstrom-linux-gnueabi/usr/lib/libopencv_highgui.so
 .v4_bx         0x00037fc4        0x0 /media/disk/OE/build/tmp-angstrom_2008_1/sysroots/armv7a-angstrom-linux-gnueabi/usr/lib/libopencv_core.so
 .v4_bx         0x00037fc4        0x0 /media/disk/OE/build/tmp-angstrom_2008_1/sysroots/armv7a-angstrom-linux-gnueabi/usr/lib/libopencv_calib3d.so
 .v4_bx         0x00037fc4        0x0 /media/disk/OE/build/tmp-angstrom_2008_1/sysroots/armv7a-angstrom-linux-gnueabi/usr/lib/libopencv_contrib.so
 .v4_bx         0x00037fc4        0x0 /media/disk/OE/build/tmp-angstrom_2008_1/sysroots/armv7a-angstrom-linux-gnueabi/usr/lib/libopencv_features2d.so
 .v4_bx         0x00037fc4        0x0 /media/disk/OE/build/tmp-angstrom_2008_1/sysroots/armv7a-angstrom-linux-gnueabi/usr/lib/libopencv_imgproc.so
 .v4_bx         0x00037fc4        0x0 /media/disk/OE/build/tmp-angstrom_2008_1/sysroots/armv7a-angstrom-linux-gnueabi/usr/lib/libopencv_legacy.so
 .v4_bx         0x00037fc4        0x0 /media/disk/OE/build/tmp-angstrom_2008_1/sysroots/armv7a-angstrom-linux-gnueabi/usr/lib/libopencv_objdetect.so
 .v4_bx         0x00037fc4        0x0 /media/disk/OE/build/tmp-angstrom_2008_1/sysroots/armv7a-angstrom-linux-gnueabi/usr/lib/libopencv_video.so
 .v4_bx         0x00037fc4        0x0 /media/disk/OE/build/tmp-angstrom_2008_1/sysroots/armv7a-angstrom-linux-gnueabi/usr/lib/libopencvdsp.so
 .v4_bx         0x00037fc4        0x0 linux/app.evm3530.ov5T
 .v4_bx         0x00037fc4        0x0 /media/disk/opencv/opencv-dsp-acceleration/dsp_opencv/beagle/apps/opencv/cfg/linux/remote_ti_platforms_evm3530/package/cfg/remote_ti_platforms_evm3530_xv5T.ov5T
 .v4_bx         0x00037fc4        0x0 /media/disk/OE/work/ti/ti-codec-engine-tree/packages/ti/sdo/ce/universal/lib/release/universal.av5T(universal_stubs.ov5T)
 .v4_bx         0x00037fc4        0x0 /media/disk/OE/work/ti/ti-codec-engine-tree/packages/ti/sdo/ce/universal/lib/release/universal.av5T(universal.ov5T)
 .v4_bx         0x00037fc4        0x0 /media/disk/OE/work/ti/ti-codec-engine-tree/packages/ti/sdo/ce/lib/release/ce.av5T(Server.ov5T)
 .v4_bx         0x00037fc4        0x0 /media/disk/OE/work/ti/ti-codec-engine-tree/packages/ti/sdo/ce/lib/release/ce.av5T(Engine.ov5T)
 .v4_bx         0x00037fc4        0x0 /media/disk/OE/work/ti/ti-codec-engine-tree/packages/ti/sdo/ce/lib/release/ce.av5T(visa.ov5T)
 .v4_bx         0x00037fc4        0x0 /media/disk/OE/work/ti/ti-codec-engine-tree/packages/ti/sdo/ce/lib/release/ce.av5T(package_ti.sdo.ce.ov5T)
 .v4_bx         0x00037fc4        0x0 /media/disk/OE/work/ti/ti-codec-engine-tree/packages/ti/sdo/ce/alg/lib/release/Algorithm_noOS.av5T(Algorithm_noOS.ov5T)
 .v4_bx         0x00037fc4        0x0 /media/disk/OE/work/ti/ti-codec-engine-tree/packages/ti/sdo/ce/alg/lib/release/alg.av5T(alg_create.ov5T)
 .v4_bx         0x00037fc4        0x0 /media/disk/OE/work/ti/ti-codec-engine-tree/packages/ti/sdo/ce/alg/lib/release/alg.av5T(alg_malloc.ov5T)
 .v4_bx         0x00037fc4        0x0 /media/disk/OE/work/ti/ti-codec-engine-tree/packages/ti/sdo/ce/ipc/dsplink/lib/release/ipc_dsplink_3530.av5T(Processor_dsplink.ov5T)
 .v4_bx         0x00037fc4        0x0 /media/disk/OE/work/ti/ti-codec-engine-tree/packages/ti/sdo/ce/ipc/dsplink/lib/release/ipc_dsplink_3530.av5T(Power_dsplink.ov5T)
 .v4_bx         0x00037fc4        0x0 /media/disk/OE/work/ti/ti-codec-engine-tree/packages/ti/sdo/ce/ipc/dsplink/lib/release/ipc_dsplink_3530.av5T(Comm_dsplink.ov5T)
 .v4_bx         0x00037fc4        0x0 /media/disk/OE/work/ti/ti-codec-engine-tree/packages/ti/sdo/ce/ipc/dsplink/lib/release/ipc_dsplink_3530.av5T(Processor_dsplink_linkcfg_OMAP3530.ov5T)
 .v4_bx         0x00037fc4        0x0 /media/disk/OE/work/ti/ti-codec-engine-tree/packages/ti/sdo/ce/ipc/dsplink/lib/release/ipc_dsplink_3530.av5T(Processor_dsplink_linkcfg_OS.ov5T)
 .v4_bx         0x00037fc4        0x0 /media/disk/OE/work/ti/ti-codec-engine-tree/packages/ti/sdo/ce/osal/linux/lib/release/osal_linux_470.av5T(LockMP_posix.ov5T)
 .v4_bx         0x00037fc4        0x0 /media/disk/OE/work/ti/ti-codec-engine-tree/packages/ti/sdo/ce/osal/linux/lib/release/osal_linux_470.av5T(Queue_posix.ov5T)
 .v4_bx         0x00037fc4        0x0 /media/disk/OE/work/ti/ti-codec-engine-tree/packages/ti/sdo/ce/osal/linux/lib/release/osal_linux_470.av5T(GT_config_libC.ov5T)
 .v4_bx         0x00037fc4        0x0 /media/disk/OE/work/ti/ti-codec-engine-tree/packages/ti/sdo/ce/osal/linux/lib/release/osal_linux_470.av5T(File_posix.ov5T)
 .v4_bx         0x00037fc4        0x0 /media/disk/OE/work/ti/ti-codec-engine-tree/packages/ti/sdo/ce/osal/linux/lib/release/osal_linux_470.av5T(Memory_cmem.ov5T)
 .v4_bx         0x00037fc4        0x0 /media/disk/OE/work/ti/ti-codec-engine-tree/packages/ti/sdo/ce/osal/linux/lib/release/osal_linux_470.av5T(Global_noOS.ov5T)
 .v4_bx         0x00037fc4        0x0 /media/disk/OE/work/ti/ti-codec-engine-tree/packages/ti/sdo/ce/osal/linux/lib/release/osal_linux_470.av5T(Thread_posix.ov5T)
 .v4_bx         0x00037fc4        0x0 /media/disk/OE/work/ti/ti-codec-engine-tree/packages/ti/sdo/ce/osal/linux/lib/release/osal_linux_470.av5T(Log_noOS.ov5T)
 .v4_bx         0x00037fc4        0x0 /media/disk/OE/work/ti/ti-codec-engine-tree/packages/ti/sdo/ce/osal/linux/lib/release/osal_linux_470.av5T(Lock_posix.ov5T)
 .v4_bx         0x00037fc4        0x0 /media/disk/OE/work/ti/ti-codec-engine-tree/packages/ti/sdo/ce/osal/linux/lib/release/osal_linux_470.av5T(GT_config_posix.ov5T)
 .v4_bx         0x00037fc4        0x0 /media/disk/OE/work/ti/ti-codec-engine-tree/packages/ti/sdo/ce/osal/linux/lib/release/osal_linux_470.av5T(SemMP_posix.ov5T)
 .v4_bx         0x00037fc4        0x0 /media/disk/OE/work/ti/ti-codec-engine-tree/packages/ti/sdo/ce/osal/linux/lib/release/osal_linux_470.av5T(Sem_posix.ov5T)
 .v4_bx         0x00037fc4        0x0 /media/disk/OE/work/ti/ti-codec-engine-tree/packages/ti/sdo/ce/utils/xdm/lib/release/XdmUtils.av5T(XdmUtils.ov5T)
 .v4_bx         0x00037fc4        0x0 /media/disk/OE/work/ti/ti-framework-components-tree/packages/ti/sdo/utils/trace/lib/release/gt.av5T(gt.ov5T)
 .v4_bx         0x00037fc4        0x0 /media/disk/OE/work/ti/ti-local-power-manager-tree/packages/ti/bios/power/lib/release/lpm_linux.av5T(lpm_api.ov5T)
 .v4_bx         0x00037fc4        0x0 /media/disk/OE/work/ti/ti-linuxutils-tree/packages/ti/sdo/linuxutils/cmem/lib/cmem.a470MV(cmem.o470MV)
 .v4_bx         0x00037fc4        0x0 /media/disk/OE/work/ti/ti-dsplink-tree/packages/dsplink/gpp/export/BIN/Linux/OMAP3530/RELEASE/dsplink.lib
 .v4_bx         0x00037fc4        0x0 /media/disk/OE/build/tmp-angstrom_2008_1/cross/armv7a/lib/gcc/arm-angstrom-linux-gnueabi/4.3.3/libgcc.a(_udivsi3.o)
 .v4_bx         0x00037fc4        0x0 /media/disk/OE/build/tmp-angstrom_2008_1/cross/armv7a/lib/gcc/arm-angstrom-linux-gnueabi/4.3.3/libgcc.a(_addsubdf3.o)
 .v4_bx         0x00037fc4        0x0 /media/disk/OE/build/tmp-angstrom_2008_1/cross/armv7a/lib/gcc/arm-angstrom-linux-gnueabi/4.3.3/libgcc.a(_muldivdf3.o)
 .v4_bx         0x00037fc4        0x0 /media/disk/OE/build/tmp-angstrom_2008_1/cross/armv7a/lib/gcc/arm-angstrom-linux-gnueabi/4.3.3/libgcc.a(_cmpdf2.o)
 .v4_bx         0x00037fc4        0x0 /media/disk/OE/build/tmp-angstrom_2008_1/cross/armv7a/lib/gcc/arm-angstrom-linux-gnueabi/4.3.3/libgcc.a(_fixdfsi.o)
 .v4_bx         0x00037fc4        0x0 /media/disk/OE/build/tmp-angstrom_2008_1/cross/armv7a/lib/gcc/arm-angstrom-linux-gnueabi/4.3.3/libgcc.a(_truncdfsf2.o)
 .v4_bx         0x00037fc4        0x0 /media/disk/OE/build/tmp-angstrom_2008_1/cross/armv7a/lib/gcc/arm-angstrom-linux-gnueabi/4.3.3/libgcc.a(_addsubsf3.o)
 .v4_bx         0x00037fc4        0x0 /media/disk/OE/build/tmp-angstrom_2008_1/cross/armv7a/lib/gcc/arm-angstrom-linux-gnueabi/4.3.3/libgcc.a(_muldivsf3.o)
 .v4_bx         0x00037fc4        0x0 /media/disk/OE/build/tmp-angstrom_2008_1/cross/armv7a/lib/gcc/arm-angstrom-linux-gnueabi/4.3.3/libgcc.a(_dvmd_lnx.o)
 .v4_bx         0x00037fc4        0x0 /media/disk/OE/build/tmp-angstrom_2008_1/cross/armv7a/lib/gcc/arm-angstrom-linux-gnueabi/4.3.3/../../../../arm-angstrom-linux-gnueabi/lib/libgcc_s.so
 .v4_bx         0x00037fc4        0x0 /media/disk/OE/build/tmp-angstrom_2008_1/sysroots/armv7a-angstrom-linux-gnueabi/lib/libc.so.6
 .v4_bx         0x00037fc4        0x0 /media/disk/OE/build/tmp-angstrom_2008_1/sysroots/armv7a-angstrom-linux-gnueabi/usr/lib/libc_nonshared.a(elf-init.oS)
 .v4_bx         0x00037fc4        0x0 /media/disk/OE/build/tmp-angstrom_2008_1/sysroots/armv7a-angstrom-linux-gnueabi/usr/lib/libc_nonshared.a(atexit.oS)
 .v4_bx         0x00037fc4        0x0 /media/disk/OE/build/tmp-angstrom_2008_1/sysroots/armv7a-angstrom-linux-gnueabi/lib/ld-linux.so.3
 .v4_bx         0x00037fc4        0x0 /media/disk/OE/build/tmp-angstrom_2008_1/cross/armv7a/lib/gcc/arm-angstrom-linux-gnueabi/4.3.3/../../../../arm-angstrom-linux-gnueabi/lib/libgcc_s.so
 .v4_bx         0x00037fc4        0x0 /media/disk/OE/build/tmp-angstrom_2008_1/cross/armv7a/lib/gcc/arm-angstrom-linux-gnueabi/4.3.3/crtend.o