Archive member included because of file (symbol)

/media/disk/OE/work/ti/ti-codec-engine-tree/packages/ti/sdo/ce/universal/lib/release/universal.av5T(universal_stubs.ov5T)
                              /media/disk/OE/dspacceleration/opencv_dsp_acceleration/dsp_opencv/beagle/apps/opencv/cfg/linux/remote_ti_platforms_evm3530/package/cfg/remote_ti_platforms_evm3530_xv5T.ov5T (UNIVERSAL_STUBS)
/media/disk/OE/work/ti/ti-codec-engine-tree/packages/ti/sdo/ce/universal/lib/release/universal.av5T(universal.ov5T)
                              /media/disk/OE/work/ti/ti-codec-engine-tree/packages/ti/sdo/ce/universal/lib/release/universal.av5T(universal_stubs.ov5T) (ti_sdo_ce_universal_UNIVERSAL_curTrace)
/media/disk/OE/work/ti/ti-codec-engine-tree/packages/ti/sdo/ce/lib/release/ce.av5T(Server.ov5T)
                              /media/disk/OE/dspacceleration/opencv_dsp_acceleration/dsp_opencv/beagle/apps/opencv/cfg/linux/remote_ti_platforms_evm3530/package/cfg/remote_ti_platforms_evm3530_xv5T.ov5T (Server_init)
/media/disk/OE/work/ti/ti-codec-engine-tree/packages/ti/sdo/ce/lib/release/ce.av5T(Engine.ov5T)
                              /media/disk/OE/work/ti/ti-codec-engine-tree/packages/ti/sdo/ce/lib/release/ce.av5T(Server.ov5T) (Engine_setTrace)
/media/disk/OE/work/ti/ti-codec-engine-tree/packages/ti/sdo/ce/lib/release/ce.av5T(visa.ov5T)
                              /media/disk/OE/work/ti/ti-codec-engine-tree/packages/ti/sdo/ce/universal/lib/release/universal.av5T(universal.ov5T) (VISA_getAlgFxns)
/media/disk/OE/work/ti/ti-codec-engine-tree/packages/ti/sdo/ce/lib/release/ce.av5T(package_ti.sdo.ce.ov5T)
                              /media/disk/OE/work/ti/ti-codec-engine-tree/packages/ti/sdo/ce/lib/release/ce.av5T(Engine.ov5T) (ti_sdo_ce__versionString)
/media/disk/OE/work/ti/ti-codec-engine-tree/packages/ti/sdo/ce/alg/lib/release/Algorithm_noOS.av5T(Algorithm_noOS.ov5T)
                              /media/disk/OE/work/ti/ti-codec-engine-tree/packages/ti/sdo/ce/lib/release/ce.av5T(visa.ov5T) (Algorithm_getAlgHandle)
/media/disk/OE/work/ti/ti-codec-engine-tree/packages/ti/sdo/ce/alg/lib/release/alg.av5T(alg_create.ov5T)
                              /media/disk/OE/work/ti/ti-codec-engine-tree/packages/ti/sdo/ce/alg/lib/release/Algorithm_noOS.av5T(Algorithm_noOS.ov5T) (ALG_delete)
/media/disk/OE/work/ti/ti-codec-engine-tree/packages/ti/sdo/ce/alg/lib/release/alg.av5T(alg_malloc.ov5T)
                              /media/disk/OE/work/ti/ti-codec-engine-tree/packages/ti/sdo/ce/alg/lib/release/alg.av5T(alg_create.ov5T) (_ALG_freeMemory)
/media/disk/OE/work/ti/ti-codec-engine-tree/packages/ti/sdo/ce/ipc/dsplink/lib/release/ipc_dsplink_3530.av5T(Processor_dsplink.ov5T)
                              /media/disk/OE/dspacceleration/opencv_dsp_acceleration/dsp_opencv/beagle/apps/opencv/cfg/linux/remote_ti_platforms_evm3530/package/cfg/remote_ti_platforms_evm3530_xv5T.ov5T (Processor_init)
/media/disk/OE/work/ti/ti-codec-engine-tree/packages/ti/sdo/ce/ipc/dsplink/lib/release/ipc_dsplink_3530.av5T(Power_dsplink.ov5T)
                              /media/disk/OE/work/ti/ti-codec-engine-tree/packages/ti/sdo/ce/ipc/dsplink/lib/release/ipc_dsplink_3530.av5T(Processor_dsplink.ov5T) (Power_disconnect)
/media/disk/OE/work/ti/ti-codec-engine-tree/packages/ti/sdo/ce/ipc/dsplink/lib/release/ipc_dsplink_3530.av5T(Comm_dsplink.ov5T)
                              /media/disk/OE/work/ti/ti-codec-engine-tree/packages/ti/sdo/ce/lib/release/ce.av5T(visa.ov5T) (Comm_getMsgSize)
/media/disk/OE/work/ti/ti-codec-engine-tree/packages/ti/sdo/ce/ipc/dsplink/lib/release/ipc_dsplink_3530.av5T(Processor_dsplink_linkcfg_OMAP3530.ov5T)
                              /media/disk/OE/work/ti/ti-codec-engine-tree/packages/ti/sdo/ce/ipc/dsplink/lib/release/ipc_dsplink_3530.av5T(Processor_dsplink.ov5T) (ti_sdo_ce_ipc_Processor_linkcfg)
/media/disk/OE/work/ti/ti-codec-engine-tree/packages/ti/sdo/ce/ipc/dsplink/lib/release/ipc_dsplink_3530.av5T(Processor_dsplink_linkcfg_OS.ov5T)
                              /media/disk/OE/work/ti/ti-codec-engine-tree/packages/ti/sdo/ce/ipc/dsplink/lib/release/ipc_dsplink_3530.av5T(Processor_dsplink_linkcfg_OMAP3530.ov5T) (ti_sdo_ce_ipc_Processor_linkcfg_OS)
/media/disk/OE/work/ti/ti-codec-engine-tree/packages/ti/sdo/ce/osal/linux/lib/release/osal_linux_470.av5T(LockMP_posix.ov5T)
                              /media/disk/OE/dspacceleration/opencv_dsp_acceleration/dsp_opencv/beagle/apps/opencv/cfg/linux/remote_ti_platforms_evm3530/package/cfg/remote_ti_platforms_evm3530_xv5T.ov5T (LockMP_init)
/media/disk/OE/work/ti/ti-codec-engine-tree/packages/ti/sdo/ce/osal/linux/lib/release/osal_linux_470.av5T(Queue_posix.ov5T)
                              /media/disk/OE/dspacceleration/opencv_dsp_acceleration/dsp_opencv/beagle/apps/opencv/cfg/linux/remote_ti_platforms_evm3530/package/cfg/remote_ti_platforms_evm3530_xv5T.ov5T (Queue_init)
[...]
Memory Configuration

Name             Origin             Length             Attributes
*default*        0x00000000         0xffffffff

Linker script and memory map

LOAD /media/disk/openembedded/build/tmp-angstrom_2008_1/sysroots/armv7a-angstrom-linux-gnueabi/usr/lib/crt1.o
LOAD /media/disk/openembedded/build/tmp-angstrom_2008_1/sysroots/armv7a-angstrom-linux-gnueabi/usr/lib/crti.o
LOAD /media/disk/openembedded/build/tmp-angstrom_2008_1/cross/armv7a/lib/gcc/arm-angstrom-linux-gnueabi/4.3.3/crtbegin.o
LOAD /media/disk/openembedded/build/tmp-angstrom_2008_1/sysroots/armv7a-angstrom-linux-gnueabi/usr/lib/libpthread.so
START GROUP
LOAD /media/disk/openembedded/build/tmp-angstrom_2008_1/sysroots/armv7a-angstrom-linux-gnueabi/lib/libpthread.so.0
LOAD /media/disk/openembedded/build/tmp-angstrom_2008_1/sysroots/armv7a-angstrom-linux-gnueabi/usr/lib/libpthread_nonshared.a
END GROUP
LOAD /media/disk/openembedded/build/tmp-angstrom_2008_1/sysroots/armv7a-angstrom-linux-gnueabi/usr/lib/libm.so
LOAD /media/disk/openembedded/build/tmp-angstrom_2008_1/sysroots/armv7a-angstrom-linux-gnueabi/usr/lib/libopencv_ml.so
LOAD /media/disk/openembedded/build/tmp-angstrom_2008_1/sysroots/armv7a-angstrom-linux-gnueabi/usr/lib/libopencv_highgui.so
LOAD /media/disk/openembedded/build/tmp-angstrom_2008_1/sysroots/armv7a-angstrom-linux-gnueabi/usr/lib/libopencv_core.so
LOAD /media/disk/openembedded/build/tmp-angstrom_2008_1/sysroots/armv7a-angstrom-linux-gnueabi/usr/lib/libopencv_calib3d.so
LOAD /media/disk/openembedded/build/tmp-angstrom_2008_1/sysroots/armv7a-angstrom-linux-gnueabi/usr/lib/libopencv_contrib.so
LOAD /media/disk/openembedded/build/tmp-angstrom_2008_1/sysroots/armv7a-angstrom-linux-gnueabi/usr/lib/libopencv_features2d.so
LOAD /media/disk/openembedded/build/tmp-angstrom_2008_1/sysroots/armv7a-angstrom-linux-gnueabi/usr/lib/libopencv_imgproc.so
LOAD /media/disk/openembedded/build/tmp-angstrom_2008_1/sysroots/armv7a-angstrom-linux-gnueabi/usr/lib/libopencv_legacy.so
LOAD /media/disk/openembedded/build/tmp-angstrom_2008_1/sysroots/armv7a-angstrom-linux-gnueabi/usr/lib/libopencv_objdetect.so
LOAD /media/disk/openembedded/build/tmp-angstrom_2008_1/sysroots/armv7a-angstrom-linux-gnueabi/usr/lib/libopencv_video.so
LOAD linux/app.evm3530.ov5T
LOAD cfg/linux/remote_ti_platforms_evm3530/linker.cmd
LOAD /media/disk/OE/dspacceleration/opencv_dsp_acceleration/dsp_opencv/beagle/apps/opencv/cfg/linux/remote_ti_platforms_evm3530/package/cfg/remote_ti_platforms_evm3530_xv5T.ov5T
LOAD /media/disk/OE/work/ti/ti-codec-engine-tree/packages/ti/sdo/ce/universal/lib/release/universal.av5T
LOAD /media/disk/OE/work/ti/ti-codec-engine-tree/packages/ti/sdo/ce/lib/release/ce.av5T
LOAD /media/disk/OE/work/ti/ti-codec-engine-tree/packages/ti/sdo/ce/alg/lib/release/Algorithm_noOS.av5T
LOAD /media/disk/OE/work/ti/ti-codec-engine-tree/packages/ti/sdo/ce/alg/lib/release/alg.av5T
LOAD /media/disk/OE/work/ti/ti-codec-engine-tree/packages/ti/sdo/ce/ipc/dsplink/lib/release/ipc_dsplink_3530.av5T
LOAD /media/disk/OE/work/ti/ti-codec-engine-tree/packages/ti/sdo/ce/osal/linux/lib/release/osal_linux_470.av5T
LOAD /media/disk/OE/work/ti/ti-framework-components-tree/packages/ti/sdo/fc/acpy3/lib/release/acpy3.a470MV
LOAD /media/disk/OE/work/ti/ti-framework-components-tree/packages/ti/sdo/fc/dman3/lib/release/dman3Cfg.a470MV
LOAD /media/disk/OE/work/ti/ti-framework-components-tree/packages/ti/sdo/fc/utils/lib/release/rmm.a470MV
LOAD /media/disk/OE/work/ti/ti-framework-components-tree/packages/ti/sdo/fc/utils/lib/release/smgr.a470MV
LOAD /media/disk/OE/work/ti/ti-framework-components-tree/packages/ti/sdo/fc/utils/lib/release/rmmp.a470MV
LOAD /media/disk/OE/work/ti/ti-framework-components-tree/packages/ti/sdo/fc/utils/lib/release/smgrmp.a470MV
LOAD /media/disk/OE/work/ti/ti-framework-components-tree/packages/ti/sdo/fc/utils/lib/release/shm.a470MV
LOAD /media/disk/OE/work/ti/ti-framework-components-tree/packages/ti/sdo/fc/memutils/lib/release/memutils.av5T
LOAD /media/disk/OE/work/ti/ti-codec-engine-tree/packages/ti/sdo/ce/utils/xdm/lib/release/XdmUtils.av5T
LOAD /media/disk/OE/work/ti/ti-codec-engine-tree/packages/ti/sdo/ce/node/lib/release/node.av5T
LOAD /media/disk/OE/work/ti/ti-framework-components-tree/packages/ti/sdo/utils/trace/lib/release/gt.av5T
LOAD /media/disk/OE/work/ti/ti-local-power-manager-tree/packages/ti/bios/power/lib/release/lpm_linux.av5T
LOAD /media/disk/OE/work/ti/ti-linuxutils-tree/packages/ti/sdo/linuxutils/cmem/lib/cmem.a470MV
LOAD /media/disk/OE/work/ti/ti-dsplink-tree/packages/dsplink/gpp/export/BIN/Linux/OMAP3530/RELEASE/dsplink.lib
LOAD /media/disk/OE/work/ti/ti-xdctools-tree/packages/gnu/targets/arm/rtsv5T/lib/gnu.targets.arm.rtsv5T.av5T

xdc.meta        0x00000000      0x118
 *(xdc.meta)
 xdc.meta       0x00000000      0x118 /media/disk/OE/dspacceleration/opencv_dsp_acceleration/dsp_opencv/beagle/apps/opencv/cfg/linux/remote_ti_platforms_evm3530/package/cfg/remote_ti_platforms_evm3530_xv5T.ov5T
                0x000000f0                __TARG__
                0x000000cc                __PLAT__
                0x000000b8                __ISA__
                0x00000000                __ASM__
LOAD lib/libopencvdsp.so
LOAD /media/disk/openembedded/build/tmp-angstrom_2008_1/cross/armv7a/lib/gcc/arm-angstrom-linux-gnueabi/4.3.3/libgcc.a
LOAD /media/disk/openembedded/build/tmp-angstrom_2008_1/cross/armv7a/lib/gcc/arm-angstrom-linux-gnueabi/4.3.3/../../../../arm-angstrom-linux-gnueabi/lib/libgcc_s.so
LOAD /media/disk/openembedded/build/tmp-angstrom_2008_1/sysroots/armv7a-angstrom-linux-gnueabi/usr/lib/libc.so
START GROUP
LOAD /media/disk/openembedded/build/tmp-angstrom_2008_1/sysroots/armv7a-angstrom-linux-gnueabi/lib/libc.so.6
LOAD /media/disk/openembedded/build/tmp-angstrom_2008_1/sysroots/armv7a-angstrom-linux-gnueabi/usr/lib/libc_nonshared.a
LOAD /media/disk/openembedded/build/tmp-angstrom_2008_1/sysroots/armv7a-angstrom-linux-gnueabi/lib/ld-linux.so.3
END GROUP
LOAD /media/disk/openembedded/build/tmp-angstrom_2008_1/cross/armv7a/lib/gcc/arm-angstrom-linux-gnueabi/4.3.3/libgcc.a
LOAD /media/disk/openembedded/build/tmp-angstrom_2008_1/cross/armv7a/lib/gcc/arm-angstrom-linux-gnueabi/4.3.3/../../../../arm-angstrom-linux-gnueabi/lib/libgcc_s.so
LOAD /media/disk/openembedded/build/tmp-angstrom_2008_1/cross/armv7a/lib/gcc/arm-angstrom-linux-gnueabi/4.3.3/crtend.o
LOAD /media/disk/openembedded/build/tmp-angstrom_2008_1/sysroots/armv7a-angstrom-linux-gnueabi/usr/lib/crtn.o
                0x00008000                PROVIDE (__executable_start, 0x8000)
                0x00008134                . = (0x8000 + SIZEOF_HEADERS)

.interp         0x00008134       0x13
 *(.interp)
 .interp        0x00008134       0x13 /media/disk/openembedded/build/tmp-angstrom_2008_1/sysroots/armv7a-angstrom-linux-gnueabi/usr/lib/crti.o

.note.ABI-tag   0x00008148       0x20
 .note.ABI-tag  0x00008148       0x20 /media/disk/openembedded/build/tmp-angstrom_2008_1/sysroots/armv7a-angstrom-linux-gnueabi/usr/lib/crt1.o

.note.gnu.build-id
 *(.note.gnu.build-id)

.hash           0x00008168      0x6a4
 *(.hash)
 .hash          0x00008168      0x6a4 /media/disk/openembedded/build/tmp-angstrom_2008_1/sysroots/armv7a-angstrom-linux-gnueabi/usr/lib/crti.o

.gnu.hash
 *(.gnu.hash)

.dynsym         0x0000880c      0xe20
 *(.dynsym)
 .dynsym        0x0000880c      0xe20 /media/disk/openembedded/build/tmp-angstrom_2008_1/sysroots/armv7a-angstrom-linux-gnueabi/usr/lib/crti.o

.dynstr         0x0000962c      0xd25
 *(.dynstr)
 .dynstr        0x0000962c      0xd25 /media/disk/openembedded/build/tmp-angstrom_2008_1/sysroots/armv7a-angstrom-linux-gnueabi/usr/lib/crti.o

.gnu.version    0x0000a352      0x1c4
 *(.gnu.version)
 .gnu.version   0x0000a352      0x1c4 /media/disk/openembedded/build/tmp-angstrom_2008_1/sysroots/armv7a-angstrom-linux-gnueabi/usr/lib/crti.o

.gnu.version_d  0x0000a518        0x0 load address 0x0000a516
 *(.gnu.version_d)
 .gnu.version_d
                0x00000000        0x0 /media/disk/openembedded/build/tmp-angstrom_2008_1/sysroots/armv7a-angstrom-linux-gnueabi/usr/lib/crti.o

.gnu.version_r  0x0000a518       0x60
 *(.gnu.version_r)
 .gnu.version_r
                0x0000a518       0x60 /media/disk/openembedded/build/tmp-angstrom_2008_1/sysroots/armv7a-angstrom-linux-gnueabi/usr/lib/crti.o

.rel.dyn        0x0000a578      0x188
 *(.rel.init)
 *(.rel.text .rel.text.* .rel.gnu.linkonce.t.*)
 *(.rel.fini)
 *(.rel.rodata .rel.rodata.* .rel.gnu.linkonce.r.*)
 *(.rel.data.rel.ro* .rel.gnu.linkonce.d.rel.ro.*)
 *(.rel.data .rel.data.* .rel.gnu.linkonce.d.*)
 *(.rel.tdata .rel.tdata.* .rel.gnu.linkonce.td.*)
 *(.rel.tbss .rel.tbss.* .rel.gnu.linkonce.tb.*)
 *(.rel.ctors)
 *(.rel.dtors)
 *(.rel.got)
 .rel.got       0x0000a578      0x180 /media/disk/openembedded/build/tmp-angstrom_2008_1/sysroots/armv7a-angstrom-linux-gnueabi/usr/lib/crti.o
 *(.rel.bss .rel.bss.* .rel.gnu.linkonce.b.*)
 .rel.bss       0x0000a6f8        0x8 /media/disk/openembedded/build/tmp-angstrom_2008_1/sysroots/armv7a-angstrom-linux-gnueabi/usr/lib/crti.o

.rela.dyn
 *(.rela.init)
 *(.rela.text .rela.text.* .rela.gnu.linkonce.t.*)
 *(.rela.fini)
 *(.rela.rodata .rela.rodata.* .rela.gnu.linkonce.r.*)
 *(.rela.data .rela.data.* .rela.gnu.linkonce.d.*)
 *(.rela.tdata .rela.tdata.* .rela.gnu.linkonce.td.*)
 *(.rela.tbss .rela.tbss.* .rela.gnu.linkonce.tb.*)
 *(.rela.ctors)
 *(.rela.dtors)
 *(.rela.got)
 *(.rela.bss .rela.bss.* .rela.gnu.linkonce.b.*)

.rel.plt        0x0000a700      0x4e0
 *(.rel.plt)
 .rel.plt       0x0000a700      0x4e0 /media/disk/openembedded/build/tmp-angstrom_2008_1/sysroots/armv7a-angstrom-linux-gnueabi/usr/lib/crti.o

.rela.plt
 *(.rela.plt)

.init           0x0000abe0       0x14
 *(.init)
 .init          0x0000abe0        0xc /media/disk/openembedded/build/tmp-angstrom_2008_1/sysroots/armv7a-angstrom-linux-gnueabi/usr/lib/crti.o
                0x0000abe0                _init
 .init          0x0000abec        0x8 /media/disk/openembedded/build/tmp-angstrom_2008_1/sysroots/armv7a-angstrom-linux-gnueabi/usr/lib/crtn.o

.plt            0x0000abf4      0x764
 *(.plt)
 .plt           0x0000abf4      0x764 /media/disk/openembedded/build/tmp-angstrom_2008_1/sysroots/armv7a-angstrom-linux-gnueabi/usr/lib/crti.o
                0x0000ac08                sem_destroy@@GLIBC_2.4
                0x0000ac14                _IO_getc@@GLIBC_2.4
                0x0000ac20                cvFindChessboardCorners
                0x0000ac2c                pthread_mutex_lock@@GLIBC_2.4
                0x0000ac38                cvColorToScalar
                0x0000ac44                pthread_mutex_init@@GLIBC_2.4
                0x0000ac50                cvCreateSubdiv2D
                0x0000ac5c                cvDestroyWindow
                0x0000ac68                cvPerspectiveTransform
                0x0000ac74                getpid@@GLIBC_2.4
                0x0000ac80                log@@GLIBC_2.4
                0x0000ac8c                gettimeofday@@GLIBC_2.4
                0x0000ac98                cvEllipse
                0x0000aca4                cvFindFundamentalMat
                0x0000acb0                cvReleaseImage
                0x0000acbc                free@@GLIBC_2.4
                0x0000acc8                cvCircle
                0x0000acd4                pthread_mutexattr_init@@GLIBC_2.4
                0x0000ace0                pthread_mutexattr_destroy@@GLIBC_2.4
                0x0000acec                strncmp@@GLIBC_2.4
                0x0000acf8                pthread_key_delete@@GLIBC_2.4
                0x0000ad04                pthread_exit@@GLIBC_2.4
                0x0000ad10                pthread_attr_getschedparam@@GLIBC_2.4
                0x0000ad1c                pthread_join@@GLIBC_2.4
                0x0000ad28                cvFree_
                0x0000ad34                cvBoundingRect
                0x0000ad40                cvInvert
                0x0000ad4c                cvReleaseGraphScanner
                0x0000ad58                exit@@GLIBC_2.4
                0x0000ad64                printf@@GLIBC_2.4
                0x0000ad70                strerror@@GLIBC_2.4
                0x0000ad7c                pthread_setschedparam@@GLIBC_2.4
                0x0000ad88                puts@@GLIBC_2.4
                0x0000ad94                perror@@GLIBC_2.4
                0x0000ada0                cvRead
                0x0000adac                cvPolyLine
                0x0000adb8                cvUndistort2
                0x0000adc4                cvCreateGraphScanner
                0x0000add0                cvGetElemType
                0x0000addc                lrint@@GLIBC_2.4
                0x0000ade8                sigfillset@@GLIBC_2.4
                0x0000adf4                cvShowImage
                0x0000ae00                exp@@GLIBC_2.4
                0x0000ae0c                semctl@@GLIBC_2.4
                0x0000ae18                nanosleep@@GLIBC_2.4
                0x0000ae24                memset@@GLIBC_2.4
                0x0000ae30                pthread_self@@GLIBC_2.4
                0x0000ae3c                cvCreateCameraCapture
                0x0000ae48                fcntl@@GLIBC_2.4
                0x0000ae54                pthread_sigmask@@GLIBC_2.4
                0x0000ae60                cvSeqSlice
                0x0000ae6c                close@@GLIBC_2.4
                0x0000ae78                fopen@@GLIBC_2.4
                0x0000ae84                read@@GLIBC_2.4
                0x0000ae90                abort@@GLIBC_2.4
                0x0000ae9c                vfprintf@@GLIBC_2.4
                0x0000aea8                sobelDsp
                0x0000aeb4                cvHoughLines2
                0x0000aec0                cvFindExtrinsicCameraParams2
                0x0000aecc                ioctl@@GLIBC_2.4
                0x0000aed8                cvSet
                0x0000aee4                strcpy@@GLIBC_2.4
                0x0000aef0                cvGetCols
                0x0000aefc                cvFitLine
                0x0000af08                mmap@@GLIBC_2.4
                0x0000af14                __assert_fail@@GLIBC_2.4
                0x0000af20                pthread_attr_getstacksize@@GLIBC_2.4
                0x0000af2c                open@@GLIBC_2.4
                0x0000af38                cvError
                0x0000af44                pthread_mutex_destroy@@GLIBC_2.4
                0x0000af50                cvTransform
                0x0000af5c                pthread_setcanceltype@@GLIBC_2.4
                0x0000af68                semget@@GLIBC_2.4
                0x0000af74                getpagesize@@GLIBC_2.4
                0x0000af80                pthread_getspecific@@GLIBC_2.4
                0x0000af8c                semop@@GLIBC_2.4
                0x0000af98                fileno@@GLIBC_2.4
                0x0000afa4                cvReshape
                0x0000afb0                cvRandArr
                0x0000afbc                cvProjectPoints2
                0x0000afc8                __cxa_atexit@@GLIBC_2.4
                0x0000afd4                cvSetAdd
                0x0000afe0                sem_init@@GLIBC_2.4
                0x0000afec                cvAvg
                0x0000aff8                pthread_key_create@@GLIBC_2.4
                0x0000b004                cvCalibrateCamera2
                0x0000b010                cvCartToPolar
                0x0000b01c                pthread_cancel@@GLIBC_2.4
                0x0000b028                sleep@@GLIBC_2.4
                0x0000b034                raise@@GLIBC_2.4
                0x0000b040                sigaction@@GLIBC_2.4
                0x0000b04c                pthread_attr_init@@GLIBC_2.4
                0x0000b058                calloc@@GLIBC_2.4
                0x0000b064                cvGetSeqElem
                0x0000b070                cvInitFont
                0x0000b07c                cvRodrigues2
                0x0000b088                cvKMeans2
                0x0000b094                cvQueryFrame
                0x0000b0a0                cvLine
                0x0000b0ac                cvArcLength
                0x0000b0b8                __strtol_internal@@GLIBC_2.4
                0x0000b0c4                sem_post@@GLIBC_2.4
                0x0000b0d0                fputc@@GLIBC_2.4
                0x0000b0dc                setvbuf@@GLIBC_2.4
                0x0000b0e8                fwrite@@GLIBC_2.4
                0x0000b0f4                cvGetFileNodeByName
                0x0000b100                memcpy@@GLIBC_2.4
                0x0000b10c                malloc@@GLIBC_2.4
                0x0000b118                strlen@@GLIBC_2.4
                0x0000b124                pthread_setspecific@@GLIBC_2.4
                0x0000b130                munmap@@GLIBC_2.4
                0x0000b13c                usleep@@GLIBC_2.4
                0x0000b148                fprintf@@GLIBC_2.4
                0x0000b154                fclose@@GLIBC_2.4
                0x0000b160                cvCreateMat
                0x0000b16c                cvSum
                0x0000b178                sprintf@@GLIBC_2.4
                0x0000b184                cvReleaseMat
                0x0000b190                __xstat@@GLIBC_2.4
                0x0000b19c                cvReleaseCapture
                0x0000b1a8                cvFitEllipse2
                0x0000b1b4                cvSaveImage
                0x0000b1c0                cvInitSubdivDelaunay2D
                0x0000b1cc                cvPow
                0x0000b1d8                pthread_create@@GLIBC_2.4
                0x0000b1e4                strcmp@@GLIBC_2.4
                0x0000b1f0                cvGetRows
                0x0000b1fc                pthread_mutexattr_settype@@GLIBC_2.4
                0x0000b208                cvCalcEMD2
                0x0000b214                __errno_location@@GLIBC_2.4
                0x0000b220                strncpy@@GLIBC_2.4
                0x0000b22c                fflush@@GLIBC_2.4
                0x0000b238                memcmp@@GLIBC_2.4
                0x0000b244                cvWaitKey
                0x0000b250                cvCvtColor
                0x0000b25c                sigemptyset@@GLIBC_2.4
                0x0000b268                cvAlloc
                0x0000b274                cvNamedWindow
                0x0000b280                cvBoxPoints
                0x0000b28c                cvCalcArrHist
                0x0000b298                fputs@@GLIBC_2.4
                0x0000b2a4                getenv@@GLIBC_2.4
                0x0000b2b0                __libc_start_main@@GLIBC_2.4
                0x0000b2bc                cvGetRawData
                0x0000b2d4                cvMinAreaRect2
                0x0000b2e0                cvAddS
                0x0000b2ec                sem_wait@@GLIBC_2.4
                0x0000b2f8                strchr@@GLIBC_2.4
                0x0000b304                pthread_mutex_unlock@@GLIBC_2.4
                0x0000b310                cvConvexHull2
                0x0000b31c                cvCreateImage
                0x0000b328                sem_getvalue@@GLIBC_2.4
                0x0000b334                ftok@@GLIBC_2.4
                0x0000b340                sched_yield@@GLIBC_2.4
                0x0000b34c                cvAvgSdv

.text           0x0000b358    0x2c314
 *(.text .stub .text.* .gnu.linkonce.t.*)
 .text          0x0000b358       0x38 /media/disk/openembedded/build/tmp-angstrom_2008_1/sysroots/armv7a-angstrom-linux-gnueabi/usr/lib/crt1.o
                0x0000b358                _start
 .text          0x0000b390       0x24 /media/disk/openembedded/build/tmp-angstrom_2008_1/sysroots/armv7a-angstrom-linux-gnueabi/usr/lib/crti.o
 .text          0x0000b3b4       0x54 /media/disk/openembedded/build/tmp-angstrom_2008_1/cross/armv7a/lib/gcc/arm-angstrom-linux-gnueabi/4.3.3/crtbegin.o
 .text          0x0000b408     0x4c30 linux/app.evm3530.ov5T
                0x0000fce0                main
 .text          0x00010038      0x248 /media/disk/OE/dspacceleration/opencv_dsp_acceleration/dsp_opencv/beagle/apps/opencv/cfg/linux/remote_ti_platforms_evm3530/package/cfg/remote_ti_platforms_evm3530_xv5T.ov5T
                0x0001008c                RMAN_deactivateAllResources
                0x0001006c                DMAN3_grantDmaChannels
                0x000100b0                CERuntime_init
                0x0001003c                LAD_connect
                0x00010044                LAD_disconnect
                0x00010054                LAD_releaseDsp
                0x0001004c                LAD_getDspStatus
                0x00010074                DMAN3_releaseDmaChannels
                0x0001027c                ti_sdo_ce_CERuntime_init__F
                0x00010068                DMAN3_CE_exit
                0x0001009c                RMAN_init
                0x0001005c                LAD_startupDsp
                0x0001007c                RMAN_activateAllResources
                0x00010094                RMAN_freeResources
                0x00010038                IPC_generatedInit
                0x00010064                DMAN3_CE_init
                0x000100a4                RMAN_exit
                0x000100ac                CERuntime_exit
                0x00010084                RMAN_assignResources
 .text          0x00010280      0xc64 /media/disk/OE/work/ti/ti-codec-engine-tree/packages/ti/sdo/ce/universal/lib/release/universal.av5T(universal_stubs.ov5T)
                0x00010b0c                UNIVERSAL_processWait
                0x00010d44                UNIVERSAL_processAsync
 .text          0x00010ee4      0x7f4 /media/disk/OE/work/ti/ti-codec-engine-tree/packages/ti/sdo/ce/universal/lib/release/universal.av5T(universal.ov5T)
                0x00010ee4                UNIVERSAL_control
                0x000111f4                UNIVERSAL_delete
                0x00011290                UNIVERSAL_create
                0x00011398                UNIVERSAL_process
 .text          0x000116d8      0xa80 /media/disk/OE/work/ti/ti-codec-engine-tree/packages/ti/sdo/ce/lib/release/ce.av5T(Server.ov5T)
                0x00011ba4                Server_getNumMemSegs
                0x00011f20                Server_disconnectTrace
                0x0001196c                Server_redefineHeap
                0x00012034                Server_connectTrace
                0x00011dc0                Server_getCpuLoad
                0x000117ac                Server_setTrace
                0x00011e60                Server_fwriteTrace
                0x00011abc                Server_init
                0x00011868                Server_restoreHeap
                0x00011cb8                Server_getMemStat
 .text          0x00012158     0x2ef8 /media/disk/OE/work/ti/ti-codec-engine-tree/packages/ti/sdo/ce/lib/release/ce.av5T(Engine.ov5T)
                0x0001220c                Engine_getServer
                0x00012160                Engine_getLastError
                0x00012ec8                Engine_getMemStat
                0x00014d94                Engine_getLocalEngine
                0x00012750                Engine_requestTraceToken
                0x00013b90                Engine_createNode2
                0x00012aa4                Engine_getAlgNumRecs
                0x00012830                Engine_redefineHeap
                0x00012dc4                Engine_getNumMemSegs
                0x000121d4                Engine_getNodeQueues
                0x00012200                Engine_hasServer
                0x00012bdc                Engine_getAlgMemRecs
                0x00013284                Engine_init
                0x00012174                Engine_getRemoteVisa
                0x00014e68                Engine_getMemId
                0x000142b8                Engine_createNode
                0x00013a18                Engine_deleteNode
                0x000138fc                Engine_callAsync
                0x00014500                Engine_open
                0x00012158                Engine_getEngine
                0x00012168                Engine_getName
                0x00013140                Engine_getAlgInfo
                0x0001236c                Engine_setTrace
                0x00013084                Engine_getNumAlgs
                0x00014f7c                Engine_getConstName
                0x000129b8                Engine_getCpuLoad
                0x00014e88                Engine_getFxns
                0x000127c8                Engine_releaseTraceToken
                0x0001435c                Engine_close
                0x000125e0                Engine_restoreHeap
                0x00012288                Engine_ctrlNode
                0x00013964                Engine_call
                0x0001348c                Engine_fwriteTrace
                0x00014de8                Engine_getCodecClassConfig
                0x000124fc                Engine_getUsedMem
                0x000138a4                Engine_callWait
 .text          0x00015050     0x10cc /media/disk/OE/work/ti/ti-codec-engine-tree/packages/ti/sdo/ce/lib/release/ce.av5T(visa.ov5T)
                0x0001582c                VISA_callAsync
                0x00015050                VISA_getAlgFxns
                0x00015210                VISA_getAlgMemRecs
                0x00015058                VISA_getAlgorithmHandle
                0x000156ec                VISA_wait
                0x0001605c                VISA_create
                0x00015450                VISA_enter
                0x00015074                VISA_getCodecClassConfig
                0x0001507c                VISA_isLocal
                0x00015060                VISA_getContext
                0x000159d0                VISA_create2
                0x00015380                VISA_exit
                0x000150e8                VISA_allocMsg
                0x000158fc                VISA_call
                0x00015278                VISA_freeMsg
                0x0001525c                VISA_getAlgHandle
                0x0001506c                VISA_setContext
                0x00015084                VISA_getMaxMsgSize
                0x00015528                VISA_delete
                0x000151c8                VISA_getAlgNumRecs
 .text          0x0001611c        0x0 /media/disk/OE/work/ti/ti-codec-engine-tree/packages/ti/sdo/ce/lib/release/ce.av5T(package_ti.sdo.ce.ov5T)
 .text          0x0001611c      0x800 /media/disk/OE/work/ti/ti-codec-engine-tree/packages/ti/sdo/ce/alg/lib/release/Algorithm_noOS.av5T(Algorithm_noOS.ov5T)
                0x00016124                Algorithm_getMemRecs
                0x000166c4                Algorithm_activate
                0x0001612c                Algorithm_getNumRecs
                0x00016228                Algorithm_delete
                0x0001611c                Algorithm_getAlgHandle
                0x00016778                Algorithm_releaseLock
                0x00016434                Algorithm_create
                0x00016198                Algorithm_exit
                0x0001633c                Algorithm_deactivate
                0x00016134                Algorithm_init
                0x0001686c                Algorithm_acquireLock
 .text          0x0001691c      0x388 /media/disk/OE/work/ti/ti-codec-engine-tree/packages/ti/sdo/ce/alg/lib/release/alg.av5T(alg_create.ov5T)
                0x0001698c                ALG_create
                0x0001691c                ALG_delete
 .text          0x00016ca4      0x628 /media/disk/OE/work/ti/ti-codec-engine-tree/packages/ti/sdo/ce/alg/lib/release/alg.av5T(alg_malloc.ov5T)
                0x00016fd0                ALG_exit
                0x00017104                ALG_releaseLock
                0x0001705c                ALG_deactivate
                0x0001723c                ALG_acquireLock
                0x00016d50                _ALG_allocMemory
                0x00016ca4                _ALG_freeMemory
                0x00017190                ALG_activate
                0x00016e2c                ALG_init
 .text          0x000172cc     0x3770 /media/disk/OE/work/ti/ti-codec-engine-tree/packages/ti/sdo/ce/ipc/dsplink/lib/release/ipc_dsplink_3530.av5T(Processor_dsplink.ov5T)
                0x000172d4                dumpLinkCfgObj
                0x0001a850                Processor_create
                0x000192ec                Processor_init
                0x0001a724                Processor_delete
                0x000172cc                Processor_wait
 .text          0x0001aa3c      0x5a4 /media/disk/OE/work/ti/ti-codec-engine-tree/packages/ti/sdo/ce/ipc/dsplink/lib/release/ipc_dsplink_3530.av5T(Power_dsplink.ov5T)
                0x0001aa3c                Power_disconnect
                0x0001af54                Power_init
                0x0001ab40                Power_connect
                0x0001adb4                Power_on
                0x0001ac44                Power_off
 .text          0x0001afe0      0xe10 /media/disk/OE/work/ti/ti-codec-engine-tree/packages/ti/sdo/ce/ipc/dsplink/lib/release/ipc_dsplink_3530.av5T(Comm_dsplink.ov5T)
                0x0001b29c                Comm_locate
                0x0001afe0                Comm_getMsgSize
                0x0001b0d4                Comm_release
                0x0001b608                Comm_get
                0x0001b050                Comm_setSrcQueue
                0x0001b7d4                Comm_free
                0x0001b8ac                Comm_exit
                0x0001baa4                Comm_create
                0x0001b588                Comm_getSrcQueue
                0x0001b944                Comm_delete
                0x0001b47c                Comm_init
                0x0001bc70                Comm_alloc
                0x0001b1ac                Comm_put
 .text          0x0001bdf0        0x0 /media/disk/OE/work/ti/ti-codec-engine-tree/packages/ti/sdo/ce/ipc/dsplink/lib/release/ipc_dsplink_3530.av5T(Processor_dsplink_linkcfg_OMAP3530.ov5T)
 .text          0x0001bdf0        0x0 /media/disk/OE/work/ti/ti-codec-engine-tree/packages/ti/sdo/ce/ipc/dsplink/lib/release/ipc_dsplink_3530.av5T(Processor_dsplink_linkcfg_OS.ov5T)
 .text          0x0001bdf0      0x548 /media/disk/OE/work/ti/ti-codec-engine-tree/packages/ti/sdo/ce/osal/linux/lib/release/osal_linux_470.av5T(LockMP_posix.ov5T)
                0x0001c208                LockMP_acquire
                0x0001c0d4                LockMP_create
                0x0001c024                LockMP_getRefCount
                0x0001bdf0                LockMP_getCount
                0x0001be60                LockMP_release
                0x0001bfcc                LockMP_init
                0x0001c02c                LockMP_delete
 .text          0x0001c338       0xe8 /media/disk/OE/work/ti/ti-codec-engine-tree/packages/ti/sdo/ce/osal/linux/lib/release/osal_linux_470.av5T(Queue_posix.ov5T)
                0x0001c38c                Queue_put
                0x0001c344                Queue_extract
                0x0001c3d8                Queue_get
                0x0001c33c                Queue_init
                0x0001c338                Queue_exit
 .text          0x0001c420       0xec /media/disk/OE/work/ti/ti-codec-engine-tree/packages/ti/sdo/ce/osal/linux/lib/release/osal_linux_470.av5T(GT_config_libC.ov5T)
                0x0001c428                GTConfig_error
                0x0001c508                GTConfig_libcMalloc
                0x0001c4b0                GTConfig_vprintf
                0x0001c504                GTConfig_libcFree
                0x0001c420                GTConfig_nop
 .text          0x0001c50c       0x2c /media/disk/OE/work/ti/ti-codec-engine-tree/packages/ti/sdo/ce/osal/linux/lib/release/osal_linux_470.av5T(File_posix.ov5T)
                0x0001c510                File_stat
                0x0001c50c                File_init
 .text          0x0001c538     0x14a0 /media/disk/OE/work/ti/ti-codec-engine-tree/packages/ti/sdo/ce/osal/linux/lib/release/osal_linux_470.av5T(Memory_cmem.ov5T)
                0x0001c574                Memory_exit
                0x0001caa4                Memory_free
                0x0001c584                Memory_dumpKnownContigBufsList
                0x0001c6bc                Memory_cacheWb
                0x0001ce2c                Memory_contigFree
                0x0001c6b8                Memory_cacheWbInv
                0x0001cbb4                Memory_segFree
                0x0001cd04                Memory_unregisterContigBuf
                0x0001c6c4                Memory_getBufferVirtualAddress
                0x0001d9cc                Memory_contigAlloc
                0x0001c900                Memory_init
                0x0001c56c                Memory_restoreHeap
                0x0001c578                Memory_contigStat
                0x0001c554                Memory_getHeapId
                0x0001c6c0                Memory_cacheInv
                0x0001d368                Memory_registerContigBuf
                0x0001c564                Memory_redefine
                0x0001ceac                Memory_alloc
                0x0001d36c                Memory_getBufferPhysicalAddress
                0x0001c63c                Memory_segStat
                0x0001cea4                Memory_segAlloc
                0x0001c55c                Memory_getNumHeaps
 .text          0x0001d9d8      0x2dc /media/disk/OE/work/ti/ti-codec-engine-tree/packages/ti/sdo/ce/osal/linux/lib/release/osal_linux_470.av5T(Global_noOS.ov5T)
                0x0001dbac                Global_atexit
                0x0001d9d8                Global_getCpuLoad
                0x0001dc60                Global_abort
                0x0001dadc                Global_getenv
                0x0001d9e0                Global_setSpecialTrace
                0x0001dad8                Global_getProcessId
                0x0001d9e4                Global_init
                0x0001dae0                Global_exit
 .text          0x0001dcb4      0x920 /media/disk/OE/work/ti/ti-codec-engine-tree/packages/ti/sdo/ce/osal/linux/lib/release/osal_linux_470.av5T(Thread_posix.ov5T)
                0x0001dcb4                Thread_getenv
                0x0001e0dc                Thread_init
                0x0001e178                Thread_exit
                0x0001e00c                Thread_join
                0x0001de60                Thread_stat
                0x0001ddf8                Thread_yield
                0x0001dd20                Thread_getname
                0x0001df9c                Thread_self
                0x0001e378                Thread_create
                0x0001def4                Thread_setpri
                0x0001e208                Thread_delete
                0x0001dd8c                Thread_getpri
 .text          0x0001e5d4       0x14 /media/disk/OE/work/ti/ti-codec-engine-tree/packages/ti/sdo/ce/osal/linux/lib/release/osal_linux_470.av5T(Log_noOS.ov5T)
                0x0001e5d4                Log_init
                0x0001e5dc                Log_printf
                0x0001e5d8                Log_event
 .text          0x0001e5e8      0x13c /media/disk/OE/work/ti/ti-codec-engine-tree/packages/ti/sdo/ce/osal/linux/lib/release/osal_linux_470.av5T(Lock_posix.ov5T)
                0x0001e678                Lock_create
                0x0001e5e8                Lock_release
                0x0001e720                Lock_acquire
                0x0001e6cc                Lock_init
                0x0001e5ec                Lock_delete
 .text          0x0001e724      0x3bc /media/disk/OE/work/ti/ti-codec-engine-tree/packages/ti/sdo/ce/osal/linux/lib/release/osal_linux_470.av5T(GT_config_posix.ov5T)
                0x0001e774                GTConfig_gettimeofday
                0x0001e874                GT_config_setOutTrace
                0x0001e74c                GTConfig_pthreadLock
                0x0001e804                GTConfig_tracePrintf
                0x0001e800                GTConfig_threadId
                0x0001e724                GTConfig_pthreadUnlock
                0x0001e8a8                GTConfig_posixInit
 .text          0x0001eae0      0xbb4 /media/disk/OE/work/ti/ti-codec-engine-tree/packages/ti/sdo/ce/osal/linux/lib/release/osal_linux_470.av5T(SemMP_posix.ov5T)
                0x0001f07c                SemMP_delete
                0x0001ef3c                SemMP_getRefCount
                0x0001eb58                SemMP_post
                0x0001edb4                SemMP_init
                0x0001ef4c                SemMP_getCount
                0x0001f2fc                SemMP_create
                0x0001ec44                SemMP_pend
 .text          0x0001f694      0x47c /media/disk/OE/work/ti/ti-codec-engine-tree/packages/ti/sdo/ce/osal/linux/lib/release/osal_linux_470.av5T(Sem_posix.ov5T)
                0x0001f9ec                Sem_create
                0x0001f888                Sem_init
                0x0001f950                Sem_delete
                0x0001f7a8                Sem_pend
                0x0001f708                Sem_post
                0x0001f8e0                Sem_getCount
 .text          0x0001fb10      0x828 /media/disk/OE/work/ti/ti-codec-engine-tree/packages/ti/sdo/ce/utils/xdm/lib/release/XdmUtils.av5T(XdmUtils.ov5T)
                0x0001fb10                XdmUtils_validateVideo1BufDesc
                0x000201c8                XdmUtils_validateExtendedStruct
                0x000202f8                XdmUtils_init
                0x00020074                XdmUtils_validateSparseBufDesc
                0x0001ff18                XdmUtils_validateSparseBufDesc1
                0x0001fd14                XdmUtils_validateVideoBufDesc
 .text          0x00020338      0xf5c /media/disk/OE/work/ti/ti-framework-components-tree/packages/ti/sdo/utils/trace/lib/release/gt.av5T(gt.ov5T)
                0x00020374                GT_disable
                0x0002122c                _GT_create
                0x000203b4                GT_enable
                0x00020338                GT_curTime
                0x00020d74                GT_getModNameFlags
                0x000204cc                _GT_trace
                0x00020fe4                _GT_set
                0x000203d4                GT_init
 .text          0x00021294      0x218 /media/disk/OE/work/ti/ti-local-power-manager-tree/packages/ti/bios/power/lib/release/lpm_linux.av5T(lpm_api.ov5T)
                0x00021298                LPM_init
                0x000212a4                LPM_regExtPowerOn
                0x000213e8                LPM_clear
                0x000212ac                LPM_setPowerState
                0x00021370                LPM_off
                0x0002148c                LPM_close
                0x000212ec                LPM_resume
                0x00021314                LPM_on
                0x000212cc                LPM_set
                0x00021408                LPM_open
                0x00021398                LPM_disconnect
                0x00021294                LPM_exit
                0x000213c0                LPM_connect
                0x0002129c                LPM_regExtPowerOff
 .text          0x000214ac      0xa78 /media/disk/OE/work/ti/ti-linuxutils-tree/packages/ti/sdo/linuxutils/cmem/lib/cmem.a470MV(cmem.o470MV)
                0x00021b60                CMEM_allocPool2
                0x00021db4                CMEM_alloc2
                0x0002193c                CMEM_getPool
                0x00021dc8                CMEM_init
                0x0002153c                CMEM_exit
                0x00021b64                CMEM_allocPool
                0x00021a14                CMEM_unregister
                0x00021938                CMEM_getPool2
                0x00021b74                CMEM_registerAlloc
                0x00021634                CMEM_getBlock
                0x00021644                CMEM_getVersion
                0x00021738                CMEM_cacheWbInv
                0x000216b4                CMEM_cacheInv
                0x00021840                CMEM_getPhys
                0x000217bc                CMEM_cacheWb
                0x00021948                CMEM_free
                0x00021db8                CMEM_alloc
                0x0002162c                CMEM_getBlockAttrs
 .text          0x00021f24    0x14640 /media/disk/OE/work/ti/ti-dsplink-tree/packages/dsplink/gpp/export/BIN/Linux/OMAP3530/RELEASE/dsplink.lib
                0x000226a0                _MPCS_open
                0x00034824                RingIO_cancel
                0x00021f7c                _IDM_USR_exit
                0x0002d0dc                MPLIST_isEmpty
                0x00030140                PROC_setup
                0x00022bac                _MPLIST_moduleInit
                0x00022fac                _MPLIST_init
                0x0002e8c8                MSGQ_locate
                0x00028bf4                CHNL_issue
                0x0002ad78                DRV_ProtectInit
                0x00028dd4                CHNL_idle
                0x0002e840                MSGQ_close
                0x0002f3e0                NOTIFY_notify
                0x00031afc                PROC_stop
                0x0002747c                _RingIO_releaseAttribute
                0x00035c78                RingIO_sendNotify
                0x00023538                _NOTIFY_exit
                0x00024d18                _RingIO_writerRelease
                0x0002cad8                MPLIST_open
                0x00029038                DRV_Initialize
                0x00035254                RingIO_flush
                0x00028cec                CHNL_reclaim
                0x00022510                _MPCS_exit
                0x00025b94                _RingIO_writerFlush
                0x00027128                _RingIO_getFirstAcquiredAttr
                0x000329f0                RingIO_delete
                0x000280b4                _SYNC_USR_createCS
                0x00030558                PROC_destroy
                0x00030944                PROC_attach
                0x00027d50                _RingIO_releaseLock
                0x0002f56c                POOL_open
                0x0002c6d0                MPLIST_delete
                0x000221d8                _MEM_USR_init
                0x000279e0                _RingIO_updateAttributes
                0x00031f54                RingIO_create
                0x00027d08                _RingIO_acquireLock
                0x00031e2c                PROC_resetCurStatus
                0x0002f240                NOTIFY_unregister
                0x00031ce4                PROC_GetSymbolAddress
                0x00026bb4                _RingIO_callNotifier
                0x00027688                _RingIO_getContiguousDataSize
                0x0002efa8                NOTIFY_register
                0x00031530                PROC_load
                0x00026e6c                _RingIO_checkNotifier
                0x0002866c                _SYNC_USR_sleep
                0x0002d850                MPLIST_removeElement
                0x00022204                _MEM_USR_exit
                0x00023e2c                _RingIO_moduleExit
                0x0002db50                MPLIST_first
                0x0002fb04                POOL_translateAddr
                0x000222c0                _MEM_USR_calloc
                0x0002be34                MPCS_enter
                0x00022230                _MEM_USR_alloc
                0x00021f24                _IDM_USR_init
                0x00035f28                RingIO_getEmptySize
                0x00026ab4                _RingIO_readerCancel
                0x0002ecf4                MSGQ_get
                0x0002ec54                MSGQ_put
                0x00031f2c                PROC_Setup
                0x0002b07c                DRV_ProtectLeave
                0x0002891c                CHNL_delete
                0x000287b0                CHNL_create
                0x00030ec0                PROC_detach
                0x0002bcb4                MPCS_close
                0x00027934                RingIO_notifyCallback
                0x00022168                _IDM_USR_releaseId
                0x0003411c                RingIO_acquire
                0x0002c21c                MPLIST_create
                0x00022060                _IDM_USR_delete
                0x00025224                _RingIO_writerSetvAttribute
                0x0002b824                MPCS_delete
                0x00031814                PROC_write
                0x000223bc                _MPCS_init
                0x0002b398                MPCS_create
                0x00022a2c                _MPCS_OS_open
                0x00034f50                RingIO_setvAttribute
                0x0002dd50                MPLIST_next
                0x00023970                _POOL_xltBuf
                0x0002ede0                MSGQ_getSrcQueue
                0x000294c4                DRV_Invoke
                0x000220c4                _IDM_USR_acquireId
                0x0002cebc                MPLIST_close
                0x0003568c                RingIO_setNotifier
                0x00028e98                CHNL_flush
                0x00033b0c                RingIO_close
                0x00023890                _POOL_exit
                0x000289e0                CHNL_allocateBuffer
                0x0002d1ec                MPLIST_insertBefore
                0x00028730                _SYNC_USR_stateObjInit
                0x00022e08                _MPLIST_moduleExit
                0x0002fe40                POOL_writeback
                0x0002e32c                MSGQ_transportOpen
                0x00023b94                _RingIO_moduleInit
                0x00021fd4                _IDM_USR_create
                0x0002435c                _RingIO_writerAcquire
                0x0002ef34                MSGQ_setErrorHandler
                0x00028448                _SYNC_USR_enterCS
                0x0002af5c                DRV_ProtectEnter
                0x0002ea74                MSGQ_release
                0x0002fa4c                POOL_free
                0x0002ebd4                MSGQ_free
                0x0002311c                _MPLIST_exit
                0x000261fc                _RingIO_readerFlush
                0x00035d14                RingIO_getValidSize
                0x00034c3c                RingIO_getvAttribute
                0x0002c094                MPCS_leave
                0x0002400c                _RingIO_init
                0x00034bac                RingIO_setAttribute
                0x00036350                RingIO_getEmptyAttrSize
                0x0002e758                MSGQ_open
                0x00033250                RingIO_open
                0x00034460                RingIO_release
                0x00031d94                PROC_control
                0x00029348                DRV_Finalize
                0x0002fc2c                POOL_getPoolId
                0x0002ee84                MSGQ_count
                0x00027d98                _SYNC_USR_init
                0x00034b28                RingIO_getAttribute
                0x0002eafc                MSGQ_alloc
                0x00024f94                _RingIO_readerRelease
                0x0002834c                _SYNC_USR_deleteCS
                0x00031714                PROC_loadSection
                0x00028af4                CHNL_freeBuffer
                0x000256b0                _RingIO_readerGetvAttribute
                0x0002bb94                MPCS_open
                0x00031758                PROC_read
                0x00028f5c                CHNL_control
                0x0002f7ac                POOL_close
                0x0002d524                MPLIST_putTail
                0x0002e570                MSGQ_transportClose
                0x00031320                PROC_getState
                0x0002dfe8                MPLIST_getHead
                0x000318d0                PROC_start
                0x00027854                _RingIO_isOffsetInBetween
                0x00026fc4                _RingIO_initInstance
                0x0002aec0                DRV_ProtectExit
                0x000272ac                _RingIO_getFirstAttr
                0x0003613c                RingIO_getValidAttrSize
                0x00022af8                _MPCS_OS_close
                0x000232a0                _NOTIFY_init
                0x0002f994                POOL_alloc
                0x0002e994                MSGQ_locateAsync
                0x0002419c                _RingIO_exit
                0x00028564                _SYNC_USR_leaveCS
                0x0002ffc0                POOL_invalidate
                0x000237b0                _POOL_init
                0x00022354                _MEM_USR_free
                0x00027f3c                _SYNC_USR_exit
                0x000267d4                _RingIO_writerCancel
                0x000246d4                _RingIO_readerAcquire
 .text          0x00036564       0xc4 /media/disk/openembedded/build/tmp-angstrom_2008_1/cross/armv7a/lib/gcc/arm-angstrom-linux-gnueabi/4.3.3/libgcc.a(_udivsi3.o)
                0x00036564                __udivsi3
                0x00036610                __aeabi_uidivmod
                0x00036564                __aeabi_uidiv
 .text          0x00036628      0x3b8 /media/disk/openembedded/build/tmp-angstrom_2008_1/cross/armv7a/lib/gcc/arm-angstrom-linux-gnueabi/4.3.3/libgcc.a(_addsubdf3.o)
                0x000368e0                __aeabi_ui2d
                0x0003696c                __aeabi_ul2d
                0x00036904                __floatsidf
                0x00036630                __subdf3
                0x000368e0                __floatunsidf
                0x00036634                __adddf3
                0x00036980                __floatdidf
                0x00036630                __aeabi_dsub
                0x0003692c                __extendsfdf2
                0x00036980                __aeabi_l2d
                0x0003692c                __aeabi_f2d
                0x0003696c                __floatundidf
                0x00036634                __aeabi_dadd
                0x00036904                __aeabi_i2d
                0x00036628                __aeabi_drsub
 .text          0x000369e0      0x470 /media/disk/openembedded/build/tmp-angstrom_2008_1/cross/armv7a/lib/gcc/arm-angstrom-linux-gnueabi/4.3.3/libgcc.a(_muldivdf3.o)
                0x000369e0                __muldf3
                0x00036c4c                __aeabi_ddiv
                0x000369e0                __aeabi_dmul
                0x00036c4c                __divdf3
 .text          0x00036e50      0x128 /media/disk/openembedded/build/tmp-angstrom_2008_1/cross/armv7a/lib/gcc/arm-angstrom-linux-gnueabi/4.3.3/libgcc.a(_cmpdf2.o)
                0x00036ee4                __aeabi_cdrcmple
                0x00036f64                __aeabi_dcmpgt
                0x00036e58                __ltdf2
                0x00036e50                __gedf2
                0x00036f3c                __aeabi_dcmple
                0x00036f00                __aeabi_cdcmple
                0x00036f00                __aeabi_cdcmpeq
                0x00036f50                __aeabi_dcmpge
                0x00036e50                __gtdf2
                0x00036f28                __aeabi_dcmplt
                0x00036e60                __eqdf2
                0x00036f14                __aeabi_dcmpeq
                0x00036e58                __ledf2
                0x00036e60                __cmpdf2
                0x00036e60                __nedf2
 .text          0x00036f78       0x5c /media/disk/openembedded/build/tmp-angstrom_2008_1/cross/armv7a/lib/gcc/arm-angstrom-linux-gnueabi/4.3.3/libgcc.a(_fixdfsi.o)
                0x00036f78                __aeabi_d2iz
                0x00036f78                __fixdfsi
 .text          0x00036fd4       0xa0 /media/disk/openembedded/build/tmp-angstrom_2008_1/cross/armv7a/lib/gcc/arm-angstrom-linux-gnueabi/4.3.3/libgcc.a(_truncdfsf2.o)
                0x00036fd4                __truncdfsf2
                0x00036fd4                __aeabi_d2f
 .text          0x00037074      0x250 /media/disk/openembedded/build/tmp-angstrom_2008_1/cross/armv7a/lib/gcc/arm-angstrom-linux-gnueabi/4.3.3/libgcc.a(_addsubsf3.o)
                0x00037218                __floatsisf
                0x0003707c                __subsf3
                0x00037210                __aeabi_ui2f
                0x00037074                __aeabi_frsub
                0x0003707c                __aeabi_fsub
                0x00037238                __floatundisf
                0x00037248                __floatdisf
                0x00037218                __aeabi_i2f
                0x00037080                __addsf3
                0x00037080                __aeabi_fadd
                0x00037248                __aeabi_l2f
                0x00037238                __aeabi_ul2f
                0x00037210                __floatunsisf
 .text          0x000372c4      0x2f8 /media/disk/openembedded/build/tmp-angstrom_2008_1/cross/armv7a/lib/gcc/arm-angstrom-linux-gnueabi/4.3.3/libgcc.a(_muldivsf3.o)
                0x0003745c                __divsf3
                0x000372c4                __mulsf3
                0x0003745c                __aeabi_fdiv
                0x000372c4                __aeabi_fmul
 .text          0x000375bc       0x10 /media/disk/openembedded/build/tmp-angstrom_2008_1/cross/armv7a/lib/gcc/arm-angstrom-linux-gnueabi/4.3.3/libgcc.a(_dvmd_lnx.o)
                0x000375bc                __div0
 .text          0x000375cc       0x78 /media/disk/openembedded/build/tmp-angstrom_2008_1/sysroots/armv7a-angstrom-linux-gnueabi/usr/lib/libc_nonshared.a(elf-init.oS)
                0x000375d0                __libc_csu_init
                0x000375cc                __libc_csu_fini
 .text          0x00037644       0x28 /media/disk/openembedded/build/tmp-angstrom_2008_1/sysroots/armv7a-angstrom-linux-gnueabi/usr/lib/libc_nonshared.a(atexit.oS)
                0x00037644                atexit
 .text          0x0003766c        0x0 /media/disk/openembedded/build/tmp-angstrom_2008_1/cross/armv7a/lib/gcc/arm-angstrom-linux-gnueabi/4.3.3/crtend.o
 .text          0x0003766c        0x0 /media/disk/openembedded/build/tmp-angstrom_2008_1/sysroots/armv7a-angstrom-linux-gnueabi/usr/lib/crtn.o
 *(.gnu.warning)
 *(.glue_7t)
 .glue_7t       0x0003766c        0x0 /media/disk/openembedded/build/tmp-angstrom_2008_1/sysroots/armv7a-angstrom-linux-gnueabi/usr/lib/crt1.o
 .glue_7t       0x0003766c        0x0 /media/disk/openembedded/build/tmp-angstrom_2008_1/sysroots/armv7a-angstrom-linux-gnueabi/usr/lib/crti.o
 .glue_7t       0x0003766c        0x0 /media/disk/openembedded/build/tmp-angstrom_2008_1/cross/armv7a/lib/gcc/arm-angstrom-linux-gnueabi/4.3.3/crtbegin.o
 .glue_7t       0x0003766c        0x0 /media/disk/openembedded/build/tmp-angstrom_2008_1/sysroots/armv7a-angstrom-linux-gnueabi/lib/libpthread.so.0
 .glue_7t       0x0003766c        0x0 /media/disk/openembedded/build/tmp-angstrom_2008_1/sysroots/armv7a-angstrom-linux-gnueabi/usr/lib/libm.so
 .glue_7t       0x0003766c        0x0 /media/disk/openembedded/build/tmp-angstrom_2008_1/sysroots/armv7a-angstrom-linux-gnueabi/usr/lib/libopencv_ml.so
 .glue_7t       0x0003766c        0x0 /media/disk/openembedded/build/tmp-angstrom_2008_1/sysroots/armv7a-angstrom-linux-gnueabi/usr/lib/libopencv_highgui.so
 .glue_7t       0x0003766c        0x0 /media/disk/openembedded/build/tmp-angstrom_2008_1/sysroots/armv7a-angstrom-linux-gnueabi/usr/lib/libopencv_core.so
 .glue_7t       0x0003766c        0x0 /media/disk/openembedded/build/tmp-angstrom_2008_1/sysroots/armv7a-angstrom-linux-gnueabi/usr/lib/libopencv_calib3d.so
 .glue_7t       0x0003766c        0x0 /media/disk/openembedded/build/tmp-angstrom_2008_1/sysroots/armv7a-angstrom-linux-gnueabi/usr/lib/libopencv_contrib.so
 .glue_7t       0x0003766c        0x0 /media/disk/openembedded/build/tmp-angstrom_2008_1/sysroots/armv7a-angstrom-linux-gnueabi/usr/lib/libopencv_features2d.so
 .glue_7t       0x0003766c        0x0 /media/disk/openembedded/build/tmp-angstrom_2008_1/sysroots/armv7a-angstrom-linux-gnueabi/usr/lib/libopencv_imgproc.so
 .glue_7t       0x0003766c        0x0 /media/disk/openembedded/build/tmp-angstrom_2008_1/sysroots/armv7a-angstrom-linux-gnueabi/usr/lib/libopencv_legacy.so
 .glue_7t       0x0003766c        0x0 /media/disk/openembedded/build/tmp-angstrom_2008_1/sysroots/armv7a-angstrom-linux-gnueabi/usr/lib/libopencv_objdetect.so
 .glue_7t       0x0003766c        0x0 /media/disk/openembedded/build/tmp-angstrom_2008_1/sysroots/armv7a-angstrom-linux-gnueabi/usr/lib/libopencv_video.so
 .glue_7t       0x0003766c        0x0 linux/app.evm3530.ov5T
 .glue_7t       0x0003766c        0x0 /media/disk/OE/dspacceleration/opencv_dsp_acceleration/dsp_opencv/beagle/apps/opencv/cfg/linux/remote_ti_platforms_evm3530/package/cfg/remote_ti_platforms_evm3530_xv5T.ov5T
 .glue_7t       0x0003766c        0x0 /media/disk/OE/work/ti/ti-codec-engine-tree/packages/ti/sdo/ce/universal/lib/release/universal.av5T(universal_stubs.ov5T)
 .glue_7t       0x0003766c        0x0 /media/disk/OE/work/ti/ti-codec-engine-tree/packages/ti/sdo/ce/universal/lib/release/universal.av5T(universal.ov5T)
 .glue_7t       0x0003766c        0x0 /media/disk/OE/work/ti/ti-codec-engine-tree/packages/ti/sdo/ce/lib/release/ce.av5T(Server.ov5T)
 .glue_7t       0x0003766c        0x0 /media/disk/OE/work/ti/ti-codec-engine-tree/packages/ti/sdo/ce/lib/release/ce.av5T(Engine.ov5T)
 .glue_7t       0x0003766c        0x0 /media/disk/OE/work/ti/ti-codec-engine-tree/packages/ti/sdo/ce/lib/release/ce.av5T(visa.ov5T)
 .glue_7t       0x0003766c        0x0 /media/disk/OE/work/ti/ti-codec-engine-tree/packages/ti/sdo/ce/lib/release/ce.av5T(package_ti.sdo.ce.ov5T)
 .glue_7t       0x0003766c        0x0 /media/disk/OE/work/ti/ti-codec-engine-tree/packages/ti/sdo/ce/alg/lib/release/Algorithm_noOS.av5T(Algorithm_noOS.ov5T)
 .glue_7t       0x0003766c        0x0 /media/disk/OE/work/ti/ti-codec-engine-tree/packages/ti/sdo/ce/alg/lib/release/alg.av5T(alg_create.ov5T)
 .glue_7t       0x0003766c        0x0 /media/disk/OE/work/ti/ti-codec-engine-tree/packages/ti/sdo/ce/alg/lib/release/alg.av5T(alg_malloc.ov5T)
 .glue_7t       0x0003766c        0x0 /media/disk/OE/work/ti/ti-codec-engine-tree/packages/ti/sdo/ce/ipc/dsplink/lib/release/ipc_dsplink_3530.av5T(Processor_dsplink.ov5T)
 .glue_7t       0x0003766c        0x0 /media/disk/OE/work/ti/ti-codec-engine-tree/packages/ti/sdo/ce/ipc/dsplink/lib/release/ipc_dsplink_3530.av5T(Power_dsplink.ov5T)
 .glue_7t       0x0003766c        0x0 /media/disk/OE/work/ti/ti-codec-engine-tree/packages/ti/sdo/ce/ipc/dsplink/lib/release/ipc_dsplink_3530.av5T(Comm_dsplink.ov5T)
 .glue_7t       0x0003766c        0x0 /media/disk/OE/work/ti/ti-codec-engine-tree/packages/ti/sdo/ce/ipc/dsplink/lib/release/ipc_dsplink_3530.av5T(Processor_dsplink_linkcfg_OMAP3530.ov5T)
 .glue_7t       0x0003766c        0x0 /media/disk/OE/work/ti/ti-codec-engine-tree/packages/ti/sdo/ce/ipc/dsplink/lib/release/ipc_dsplink_3530.av5T(Processor_dsplink_linkcfg_OS.ov5T)
 .glue_7t       0x0003766c        0x0 /media/disk/OE/work/ti/ti-codec-engine-tree/packages/ti/sdo/ce/osal/linux/lib/release/osal_linux_470.av5T(LockMP_posix.ov5T)
 .glue_7t       0x0003766c        0x0 /media/disk/OE/work/ti/ti-codec-engine-tree/packages/ti/sdo/ce/osal/linux/lib/release/osal_linux_470.av5T(Queue_posix.ov5T)
 .glue_7t       0x0003766c        0x0 /media/disk/OE/work/ti/ti-codec-engine-tree/packages/ti/sdo/ce/osal/linux/lib/release/osal_linux_470.av5T(GT_config_libC.ov5T)
 .glue_7t       0x0003766c        0x0 /media/disk/OE/work/ti/ti-codec-engine-tree/packages/ti/sdo/ce/osal/linux/lib/release/osal_linux_470.av5T(File_posix.ov5T)
 .glue_7t       0x0003766c        0x0 /media/disk/OE/work/ti/ti-codec-engine-tree/packages/ti/sdo/ce/osal/linux/lib/release/osal_linux_470.av5T(Memory_cmem.ov5T)
 .glue_7t       0x0003766c        0x0 /media/disk/OE/work/ti/ti-codec-engine-tree/packages/ti/sdo/ce/osal/linux/lib/release/osal_linux_470.av5T(Global_noOS.ov5T)
 .glue_7t       0x0003766c        0x0 /media/disk/OE/work/ti/ti-codec-engine-tree/packages/ti/sdo/ce/osal/linux/lib/release/osal_linux_470.av5T(Thread_posix.ov5T)
 .glue_7t       0x0003766c        0x0 /media/disk/OE/work/ti/ti-codec-engine-tree/packages/ti/sdo/ce/osal/linux/lib/release/osal_linux_470.av5T(Log_noOS.ov5T)
 .glue_7t       0x0003766c        0x0 /media/disk/OE/work/ti/ti-codec-engine-tree/packages/ti/sdo/ce/osal/linux/lib/release/osal_linux_470.av5T(Lock_posix.ov5T)
 .glue_7t       0x0003766c        0x0 /media/disk/OE/work/ti/ti-codec-engine-tree/packages/ti/sdo/ce/osal/linux/lib/release/osal_linux_470.av5T(GT_config_posix.ov5T)
 .glue_7t       0x0003766c        0x0 /media/disk/OE/work/ti/ti-codec-engine-tree/packages/ti/sdo/ce/osal/linux/lib/release/osal_linux_470.av5T(SemMP_posix.ov5T)
 .glue_7t       0x0003766c        0x0 /media/disk/OE/work/ti/ti-codec-engine-tree/packages/ti/sdo/ce/osal/linux/lib/release/osal_linux_470.av5T(Sem_posix.ov5T)
 .glue_7t       0x0003766c        0x0 /media/disk/OE/work/ti/ti-codec-engine-tree/packages/ti/sdo/ce/utils/xdm/lib/release/XdmUtils.av5T(XdmUtils.ov5T)
 .glue_7t       0x0003766c        0x0 /media/disk/OE/work/ti/ti-framework-components-tree/packages/ti/sdo/utils/trace/lib/release/gt.av5T(gt.ov5T)
 .glue_7t       0x0003766c        0x0 /media/disk/OE/work/ti/ti-local-power-manager-tree/packages/ti/bios/power/lib/release/lpm_linux.av5T(lpm_api.ov5T)
 .glue_7t       0x0003766c        0x0 /media/disk/OE/work/ti/ti-linuxutils-tree/packages/ti/sdo/linuxutils/cmem/lib/cmem.a470MV(cmem.o470MV)
 .glue_7t       0x0003766c        0x0 /media/disk/OE/work/ti/ti-dsplink-tree/packages/dsplink/gpp/export/BIN/Linux/OMAP3530/RELEASE/dsplink.lib
 .glue_7t       0x0003766c        0x0 lib/libopencvdsp.so
 .glue_7t       0x0003766c        0x0 /media/disk/openembedded/build/tmp-angstrom_2008_1/cross/armv7a/lib/gcc/arm-angstrom-linux-gnueabi/4.3.3/libgcc.a(_udivsi3.o)
 .glue_7t       0x0003766c        0x0 /media/disk/openembedded/build/tmp-angstrom_2008_1/cross/armv7a/lib/gcc/arm-angstrom-linux-gnueabi/4.3.3/libgcc.a(_addsubdf3.o)
 .glue_7t       0x0003766c        0x0 /media/disk/openembedded/build/tmp-angstrom_2008_1/cross/armv7a/lib/gcc/arm-angstrom-linux-gnueabi/4.3.3/libgcc.a(_muldivdf3.o)
 .glue_7t       0x0003766c        0x0 /media/disk/openembedded/build/tmp-angstrom_2008_1/cross/armv7a/lib/gcc/arm-angstrom-linux-gnueabi/4.3.3/libgcc.a(_cmpdf2.o)
 .glue_7t       0x0003766c        0x0 /media/disk/openembedded/build/tmp-angstrom_2008_1/cross/armv7a/lib/gcc/arm-angstrom-linux-gnueabi/4.3.3/libgcc.a(_fixdfsi.o)
 .glue_7t       0x0003766c        0x0 /media/disk/openembedded/build/tmp-angstrom_2008_1/cross/armv7a/lib/gcc/arm-angstrom-linux-gnueabi/4.3.3/libgcc.a(_truncdfsf2.o)
 .glue_7t       0x0003766c        0x0 /media/disk/openembedded/build/tmp-angstrom_2008_1/cross/armv7a/lib/gcc/arm-angstrom-linux-gnueabi/4.3.3/libgcc.a(_addsubsf3.o)
 .glue_7t       0x0003766c        0x0 /media/disk/openembedded/build/tmp-angstrom_2008_1/cross/armv7a/lib/gcc/arm-angstrom-linux-gnueabi/4.3.3/libgcc.a(_muldivsf3.o)
 .glue_7t       0x0003766c        0x0 /media/disk/openembedded/build/tmp-angstrom_2008_1/cross/armv7a/lib/gcc/arm-angstrom-linux-gnueabi/4.3.3/libgcc.a(_dvmd_lnx.o)
 .glue_7t       0x0003766c        0x0 /media/disk/openembedded/build/tmp-angstrom_2008_1/cross/armv7a/lib/gcc/arm-angstrom-linux-gnueabi/4.3.3/../../../../arm-angstrom-linux-gnueabi/lib/libgcc_s.so
 .glue_7t       0x0003766c        0x0 /media/disk/openembedded/build/tmp-angstrom_2008_1/sysroots/armv7a-angstrom-linux-gnueabi/lib/libc.so.6
 .glue_7t       0x0003766c        0x0 /media/disk/openembedded/build/tmp-angstrom_2008_1/sysroots/armv7a-angstrom-linux-gnueabi/usr/lib/libc_nonshared.a(elf-init.oS)
 .glue_7t       0x0003766c        0x0 /media/disk/openembedded/build/tmp-angstrom_2008_1/sysroots/armv7a-angstrom-linux-gnueabi/usr/lib/libc_nonshared.a(atexit.oS)
 .glue_7t       0x0003766c        0x0 /media/disk/openembedded/build/tmp-angstrom_2008_1/sysroots/armv7a-angstrom-linux-gnueabi/lib/ld-linux.so.3
 .glue_7t       0x0003766c        0x0 /media/disk/openembedded/build/tmp-angstrom_2008_1/cross/armv7a/lib/gcc/arm-angstrom-linux-gnueabi/4.3.3/../../../../arm-angstrom-linux-gnueabi/lib/libgcc_s.so
 .glue_7t       0x0003766c        0x0 /media/disk/openembedded/build/tmp-angstrom_2008_1/cross/armv7a/lib/gcc/arm-angstrom-linux-gnueabi/4.3.3/crtend.o
 .glue_7t       0x0003766c        0x0 /media/disk/openembedded/build/tmp-angstrom_2008_1/sysroots/armv7a-angstrom-linux-gnueabi/usr/lib/crtn.o
 *(.glue_7)
 .glue_7        0x0003766c        0x0 /media/disk/openembedded/build/tmp-angstrom_2008_1/sysroots/armv7a-angstrom-linux-gnueabi/usr/lib/crt1.o
 .glue_7        0x0003766c        0x0 /media/disk/openembedded/build/tmp-angstrom_2008_1/sysroots/armv7a-angstrom-linux-gnueabi/usr/lib/crti.o
 .glue_7        0x0003766c        0x0 /media/disk/openembedded/build/tmp-angstrom_2008_1/cross/armv7a/lib/gcc/arm-angstrom-linux-gnueabi/4.3.3/crtbegin.o
 .glue_7        0x0003766c        0x0 /media/disk/openembedded/build/tmp-angstrom_2008_1/sysroots/armv7a-angstrom-linux-gnueabi/lib/libpthread.so.0
 .glue_7        0x0003766c        0x0 /media/disk/openembedded/build/tmp-angstrom_2008_1/sysroots/armv7a-angstrom-linux-gnueabi/usr/lib/libm.so
 .glue_7        0x0003766c        0x0 /media/disk/openembedded/build/tmp-angstrom_2008_1/sysroots/armv7a-angstrom-linux-gnueabi/usr/lib/libopencv_ml.so
 .glue_7        0x0003766c        0x0 /media/disk/openembedded/build/tmp-angstrom_2008_1/sysroots/armv7a-angstrom-linux-gnueabi/usr/lib/libopencv_highgui.so
 .glue_7        0x0003766c        0x0 /media/disk/openembedded/build/tmp-angstrom_2008_1/sysroots/armv7a-angstrom-linux-gnueabi/usr/lib/libopencv_core.so
 .glue_7        0x0003766c        0x0 /media/disk/openembedded/build/tmp-angstrom_2008_1/sysroots/armv7a-angstrom-linux-gnueabi/usr/lib/libopencv_calib3d.so
 .glue_7        0x0003766c        0x0 /media/disk/openembedded/build/tmp-angstrom_2008_1/sysroots/armv7a-angstrom-linux-gnueabi/usr/lib/libopencv_contrib.so
 .glue_7        0x0003766c        0x0 /media/disk/openembedded/build/tmp-angstrom_2008_1/sysroots/armv7a-angstrom-linux-gnueabi/usr/lib/libopencv_features2d.so
 .glue_7        0x0003766c        0x0 /media/disk/openembedded/build/tmp-angstrom_2008_1/sysroots/armv7a-angstrom-linux-gnueabi/usr/lib/libopencv_imgproc.so
 .glue_7        0x0003766c        0x0 /media/disk/openembedded/build/tmp-angstrom_2008_1/sysroots/armv7a-angstrom-linux-gnueabi/usr/lib/libopencv_legacy.so
 .glue_7        0x0003766c        0x0 /media/disk/openembedded/build/tmp-angstrom_2008_1/sysroots/armv7a-angstrom-linux-gnueabi/usr/lib/libopencv_objdetect.so
 .glue_7        0x0003766c        0x0 /media/disk/openembedded/build/tmp-angstrom_2008_1/sysroots/armv7a-angstrom-linux-gnueabi/usr/lib/libopencv_video.so
 .glue_7        0x0003766c        0x0 linux/app.evm3530.ov5T
 .glue_7        0x0003766c        0x0 /media/disk/OE/dspacceleration/opencv_dsp_acceleration/dsp_opencv/beagle/apps/opencv/cfg/linux/remote_ti_platforms_evm3530/package/cfg/remote_ti_platforms_evm3530_xv5T.ov5T
 .glue_7        0x0003766c        0x0 /media/disk/OE/work/ti/ti-codec-engine-tree/packages/ti/sdo/ce/universal/lib/release/universal.av5T(universal_stubs.ov5T)
 .glue_7        0x0003766c        0x0 /media/disk/OE/work/ti/ti-codec-engine-tree/packages/ti/sdo/ce/universal/lib/release/universal.av5T(universal.ov5T)
 .glue_7        0x0003766c        0x0 /media/disk/OE/work/ti/ti-codec-engine-tree/packages/ti/sdo/ce/lib/release/ce.av5T(Server.ov5T)
 .glue_7        0x0003766c        0x0 /media/disk/OE/work/ti/ti-codec-engine-tree/packages/ti/sdo/ce/lib/release/ce.av5T(Engine.ov5T)
 .glue_7        0x0003766c        0x0 /media/disk/OE/work/ti/ti-codec-engine-tree/packages/ti/sdo/ce/lib/release/ce.av5T(visa.ov5T)
 .glue_7        0x0003766c        0x0 /media/disk/OE/work/ti/ti-codec-engine-tree/packages/ti/sdo/ce/lib/release/ce.av5T(package_ti.sdo.ce.ov5T)
 .glue_7        0x0003766c        0x0 /media/disk/OE/work/ti/ti-codec-engine-tree/packages/ti/sdo/ce/alg/lib/release/Algorithm_noOS.av5T(Algorithm_noOS.ov5T)
 .glue_7        0x0003766c        0x0 /media/disk/OE/work/ti/ti-codec-engine-tree/packages/ti/sdo/ce/alg/lib/release/alg.av5T(alg_create.ov5T)
 .glue_7        0x0003766c        0x0 /media/disk/OE/work/ti/ti-codec-engine-tree/packages/ti/sdo/ce/alg/lib/release/alg.av5T(alg_malloc.ov5T)
 .glue_7        0x0003766c        0x0 /media/disk/OE/work/ti/ti-codec-engine-tree/packages/ti/sdo/ce/ipc/dsplink/lib/release/ipc_dsplink_3530.av5T(Processor_dsplink.ov5T)
 .glue_7        0x0003766c        0x0 /media/disk/OE/work/ti/ti-codec-engine-tree/packages/ti/sdo/ce/ipc/dsplink/lib/release/ipc_dsplink_3530.av5T(Power_dsplink.ov5T)
 .glue_7        0x0003766c        0x0 /media/disk/OE/work/ti/ti-codec-engine-tree/packages/ti/sdo/ce/ipc/dsplink/lib/release/ipc_dsplink_3530.av5T(Comm_dsplink.ov5T)
 .glue_7        0x0003766c        0x0 /media/disk/OE/work/ti/ti-codec-engine-tree/packages/ti/sdo/ce/ipc/dsplink/lib/release/ipc_dsplink_3530.av5T(Processor_dsplink_linkcfg_OMAP3530.ov5T)
 .glue_7        0x0003766c        0x0 /media/disk/OE/work/ti/ti-codec-engine-tree/packages/ti/sdo/ce/ipc/dsplink/lib/release/ipc_dsplink_3530.av5T(Processor_dsplink_linkcfg_OS.ov5T)
 .glue_7        0x0003766c        0x0 /media/disk/OE/work/ti/ti-codec-engine-tree/packages/ti/sdo/ce/osal/linux/lib/release/osal_linux_470.av5T(LockMP_posix.ov5T)
 .glue_7        0x0003766c        0x0 /media/disk/OE/work/ti/ti-codec-engine-tree/packages/ti/sdo/ce/osal/linux/lib/release/osal_linux_470.av5T(Queue_posix.ov5T)
 .glue_7        0x0003766c        0x0 /media/disk/OE/work/ti/ti-codec-engine-tree/packages/ti/sdo/ce/osal/linux/lib/release/osal_linux_470.av5T(GT_config_libC.ov5T)
 .glue_7        0x0003766c        0x0 /media/disk/OE/work/ti/ti-codec-engine-tree/packages/ti/sdo/ce/osal/linux/lib/release/osal_linux_470.av5T(File_posix.ov5T)
 .glue_7        0x0003766c        0x0 /media/disk/OE/work/ti/ti-codec-engine-tree/packages/ti/sdo/ce/osal/linux/lib/release/osal_linux_470.av5T(Memory_cmem.ov5T)
 .glue_7        0x0003766c        0x0 /media/disk/OE/work/ti/ti-codec-engine-tree/packages/ti/sdo/ce/osal/linux/lib/release/osal_linux_470.av5T(Global_noOS.ov5T)
 .glue_7        0x0003766c        0x0 /media/disk/OE/work/ti/ti-codec-engine-tree/packages/ti/sdo/ce/osal/linux/lib/release/osal_linux_470.av5T(Thread_posix.ov5T)
 .glue_7        0x0003766c        0x0 /media/disk/OE/work/ti/ti-codec-engine-tree/packages/ti/sdo/ce/osal/linux/lib/release/osal_linux_470.av5T(Log_noOS.ov5T)
 .glue_7        0x0003766c        0x0 /media/disk/OE/work/ti/ti-codec-engine-tree/packages/ti/sdo/ce/osal/linux/lib/release/osal_linux_470.av5T(Lock_posix.ov5T)
 .glue_7        0x0003766c        0x0 /media/disk/OE/work/ti/ti-codec-engine-tree/packages/ti/sdo/ce/osal/linux/lib/release/osal_linux_470.av5T(GT_config_posix.ov5T)
 .glue_7        0x0003766c        0x0 /media/disk/OE/work/ti/ti-codec-engine-tree/packages/ti/sdo/ce/osal/linux/lib/release/osal_linux_470.av5T(SemMP_posix.ov5T)
 .glue_7        0x0003766c        0x0 /media/disk/OE/work/ti/ti-codec-engine-tree/packages/ti/sdo/ce/osal/linux/lib/release/osal_linux_470.av5T(Sem_posix.ov5T)
 .glue_7        0x0003766c        0x0 /media/disk/OE/work/ti/ti-codec-engine-tree/packages/ti/sdo/ce/utils/xdm/lib/release/XdmUtils.av5T(XdmUtils.ov5T)
 .glue_7        0x0003766c        0x0 /media/disk/OE/work/ti/ti-framework-components-tree/packages/ti/sdo/utils/trace/lib/release/gt.av5T(gt.ov5T)
 .glue_7        0x0003766c        0x0 /media/disk/OE/work/ti/ti-local-power-manager-tree/packages/ti/bios/power/lib/release/lpm_linux.av5T(lpm_api.ov5T)
 .glue_7        0x0003766c        0x0 /media/disk/OE/work/ti/ti-linuxutils-tree/packages/ti/sdo/linuxutils/cmem/lib/cmem.a470MV(cmem.o470MV)
 .glue_7        0x0003766c        0x0 /media/disk/OE/work/ti/ti-dsplink-tree/packages/dsplink/gpp/export/BIN/Linux/OMAP3530/RELEASE/dsplink.lib
 .glue_7        0x0003766c        0x0 lib/libopencvdsp.so
 .glue_7        0x0003766c        0x0 /media/disk/openembedded/build/tmp-angstrom_2008_1/cross/armv7a/lib/gcc/arm-angstrom-linux-gnueabi/4.3.3/libgcc.a(_udivsi3.o)
 .glue_7        0x0003766c        0x0 /media/disk/openembedded/build/tmp-angstrom_2008_1/cross/armv7a/lib/gcc/arm-angstrom-linux-gnueabi/4.3.3/libgcc.a(_addsubdf3.o)
 .glue_7        0x0003766c        0x0 /media/disk/openembedded/build/tmp-angstrom_2008_1/cross/armv7a/lib/gcc/arm-angstrom-linux-gnueabi/4.3.3/libgcc.a(_muldivdf3.o)
 .glue_7        0x0003766c        0x0 /media/disk/openembedded/build/tmp-angstrom_2008_1/cross/armv7a/lib/gcc/arm-angstrom-linux-gnueabi/4.3.3/libgcc.a(_cmpdf2.o)
 .glue_7        0x0003766c        0x0 /media/disk/openembedded/build/tmp-angstrom_2008_1/cross/armv7a/lib/gcc/arm-angstrom-linux-gnueabi/4.3.3/libgcc.a(_fixdfsi.o)
 .glue_7        0x0003766c        0x0 /media/disk/openembedded/build/tmp-angstrom_2008_1/cross/armv7a/lib/gcc/arm-angstrom-linux-gnueabi/4.3.3/libgcc.a(_truncdfsf2.o)
 .glue_7        0x0003766c        0x0 /media/disk/openembedded/build/tmp-angstrom_2008_1/cross/armv7a/lib/gcc/arm-angstrom-linux-gnueabi/4.3.3/libgcc.a(_addsubsf3.o)
 .glue_7        0x0003766c        0x0 /media/disk/openembedded/build/tmp-angstrom_2008_1/cross/armv7a/lib/gcc/arm-angstrom-linux-gnueabi/4.3.3/libgcc.a(_muldivsf3.o)
 .glue_7        0x0003766c        0x0 /media/disk/openembedded/build/tmp-angstrom_2008_1/cross/armv7a/lib/gcc/arm-angstrom-linux-gnueabi/4.3.3/libgcc.a(_dvmd_lnx.o)
 .glue_7        0x0003766c        0x0 /media/disk/openembedded/build/tmp-angstrom_2008_1/cross/armv7a/lib/gcc/arm-angstrom-linux-gnueabi/4.3.3/../../../../arm-angstrom-linux-gnueabi/lib/libgcc_s.so
 .glue_7        0x0003766c        0x0 /media/disk/openembedded/build/tmp-angstrom_2008_1/sysroots/armv7a-angstrom-linux-gnueabi/lib/libc.so.6
 .glue_7        0x0003766c        0x0 /media/disk/openembedded/build/tmp-angstrom_2008_1/sysroots/armv7a-angstrom-linux-gnueabi/usr/lib/libc_nonshared.a(elf-init.oS)
 .glue_7        0x0003766c        0x0 /media/disk/openembedded/build/tmp-angstrom_2008_1/sysroots/armv7a-angstrom-linux-gnueabi/usr/lib/libc_nonshared.a(atexit.oS)
 .glue_7        0x0003766c        0x0 /media/disk/openembedded/build/tmp-angstrom_2008_1/sysroots/armv7a-angstrom-linux-gnueabi/lib/ld-linux.so.3
 .glue_7        0x0003766c        0x0 /media/disk/openembedded/build/tmp-angstrom_2008_1/cross/armv7a/lib/gcc/arm-angstrom-linux-gnueabi/4.3.3/../../../../arm-angstrom-linux-gnueabi/lib/libgcc_s.so
 .glue_7        0x0003766c        0x0 /media/disk/openembedded/build/tmp-angstrom_2008_1/cross/armv7a/lib/gcc/arm-angstrom-linux-gnueabi/4.3.3/crtend.o
 .glue_7        0x0003766c        0x0 /media/disk/openembedded/build/tmp-angstrom_2008_1/sysroots/armv7a-angstrom-linux-gnueabi/usr/lib/crtn.o
 *(.vfp11_veneer)
 .vfp11_veneer  0x0003766c        0x0 /media/disk/openembedded/build/tmp-angstrom_2008_1/sysroots/armv7a-angstrom-linux-gnueabi/usr/lib/crt1.o
 .vfp11_veneer  0x0003766c        0x0 /media/disk/openembedded/build/tmp-angstrom_2008_1/sysroots/armv7a-angstrom-linux-gnueabi/usr/lib/crti.o
 .vfp11_veneer  0x0003766c        0x0 /media/disk/openembedded/build/tmp-angstrom_2008_1/cross/armv7a/lib/gcc/arm-angstrom-linux-gnueabi/4.3.3/crtbegin.o
 .vfp11_veneer  0x0003766c        0x0 /media/disk/openembedded/build/tmp-angstrom_2008_1/sysroots/armv7a-angstrom-linux-gnueabi/lib/libpthread.so.0
 .vfp11_veneer  0x0003766c        0x0 /media/disk/openembedded/build/tmp-angstrom_2008_1/sysroots/armv7a-angstrom-linux-gnueabi/usr/lib/libm.so
 .vfp11_veneer  0x0003766c        0x0 /media/disk/openembedded/build/tmp-angstrom_2008_1/sysroots/armv7a-angstrom-linux-gnueabi/usr/lib/libopencv_ml.so
 .vfp11_veneer  0x0003766c        0x0 /media/disk/openembedded/build/tmp-angstrom_2008_1/sysroots/armv7a-angstrom-linux-gnueabi/usr/lib/libopencv_highgui.so
 .vfp11_veneer  0x0003766c        0x0 /media/disk/openembedded/build/tmp-angstrom_2008_1/sysroots/armv7a-angstrom-linux-gnueabi/usr/lib/libopencv_core.so
 .vfp11_veneer  0x0003766c        0x0 /media/disk/openembedded/build/tmp-angstrom_2008_1/sysroots/armv7a-angstrom-linux-gnueabi/usr/lib/libopencv_calib3d.so
 .vfp11_veneer  0x0003766c        0x0 /media/disk/openembedded/build/tmp-angstrom_2008_1/sysroots/armv7a-angstrom-linux-gnueabi/usr/lib/libopencv_contrib.so
 .vfp11_veneer  0x0003766c        0x0 /media/disk/openembedded/build/tmp-angstrom_2008_1/sysroots/armv7a-angstrom-linux-gnueabi/usr/lib/libopencv_features2d.so
 .vfp11_veneer  0x0003766c        0x0 /media/disk/openembedded/build/tmp-angstrom_2008_1/sysroots/armv7a-angstrom-linux-gnueabi/usr/lib/libopencv_imgproc.so
 .vfp11_veneer  0x0003766c        0x0 /media/disk/openembedded/build/tmp-angstrom_2008_1/sysroots/armv7a-angstrom-linux-gnueabi/usr/lib/libopencv_legacy.so
 .vfp11_veneer  0x0003766c        0x0 /media/disk/openembedded/build/tmp-angstrom_2008_1/sysroots/armv7a-angstrom-linux-gnueabi/usr/lib/libopencv_objdetect.so
 .vfp11_veneer  0x0003766c        0x0 /media/disk/openembedded/build/tmp-angstrom_2008_1/sysroots/armv7a-angstrom-linux-gnueabi/usr/lib/libopencv_video.so
 .vfp11_veneer  0x0003766c        0x0 linux/app.evm3530.ov5T
 .vfp11_veneer  0x0003766c        0x0 /media/disk/OE/dspacceleration/opencv_dsp_acceleration/dsp_opencv/beagle/apps/opencv/cfg/linux/remote_ti_platforms_evm3530/package/cfg/remote_ti_platforms_evm3530_xv5T.ov5T
 .vfp11_veneer  0x0003766c        0x0 /media/disk/OE/work/ti/ti-codec-engine-tree/packages/ti/sdo/ce/universal/lib/release/universal.av5T(universal_stubs.ov5T)
 .vfp11_veneer  0x0003766c        0x0 /media/disk/OE/work/ti/ti-codec-engine-tree/packages/ti/sdo/ce/universal/lib/release/universal.av5T(universal.ov5T)
 .vfp11_veneer  0x0003766c        0x0 /media/disk/OE/work/ti/ti-codec-engine-tree/packages/ti/sdo/ce/lib/release/ce.av5T(Server.ov5T)
 .vfp11_veneer  0x0003766c        0x0 /media/disk/OE/work/ti/ti-codec-engine-tree/packages/ti/sdo/ce/lib/release/ce.av5T(Engine.ov5T)
 .vfp11_veneer  0x0003766c        0x0 /media/disk/OE/work/ti/ti-codec-engine-tree/packages/ti/sdo/ce/lib/release/ce.av5T(visa.ov5T)
 .vfp11_veneer  0x0003766c        0x0 /media/disk/OE/work/ti/ti-codec-engine-tree/packages/ti/sdo/ce/lib/release/ce.av5T(package_ti.sdo.ce.ov5T)
 .vfp11_veneer  0x0003766c        0x0 /media/disk/OE/work/ti/ti-codec-engine-tree/packages/ti/sdo/ce/alg/lib/release/Algorithm_noOS.av5T(Algorithm_noOS.ov5T)
 .vfp11_veneer  0x0003766c        0x0 /media/disk/OE/work/ti/ti-codec-engine-tree/packages/ti/sdo/ce/alg/lib/release/alg.av5T(alg_create.ov5T)
 .vfp11_veneer  0x0003766c        0x0 /media/disk/OE/work/ti/ti-codec-engine-tree/packages/ti/sdo/ce/alg/lib/release/alg.av5T(alg_malloc.ov5T)
 .vfp11_veneer  0x0003766c        0x0 /media/disk/OE/work/ti/ti-codec-engine-tree/packages/ti/sdo/ce/ipc/dsplink/lib/release/ipc_dsplink_3530.av5T(Processor_dsplink.ov5T)
 .vfp11_veneer  0x0003766c        0x0 /media/disk/OE/work/ti/ti-codec-engine-tree/packages/ti/sdo/ce/ipc/dsplink/lib/release/ipc_dsplink_3530.av5T(Power_dsplink.ov5T)
 .vfp11_veneer  0x0003766c        0x0 /media/disk/OE/work/ti/ti-codec-engine-tree/packages/ti/sdo/ce/ipc/dsplink/lib/release/ipc_dsplink_3530.av5T(Comm_dsplink.ov5T)
 .vfp11_veneer  0x0003766c        0x0 /media/disk/OE/work/ti/ti-codec-engine-tree/packages/ti/sdo/ce/ipc/dsplink/lib/release/ipc_dsplink_3530.av5T(Processor_dsplink_linkcfg_OMAP3530.ov5T)
 .vfp11_veneer  0x0003766c        0x0 /media/disk/OE/work/ti/ti-codec-engine-tree/packages/ti/sdo/ce/ipc/dsplink/lib/release/ipc_dsplink_3530.av5T(Processor_dsplink_linkcfg_OS.ov5T)
 .vfp11_veneer  0x0003766c        0x0 /media/disk/OE/work/ti/ti-codec-engine-tree/packages/ti/sdo/ce/osal/linux/lib/release/osal_linux_470.av5T(LockMP_posix.ov5T)
 .vfp11_veneer  0x0003766c        0x0 /media/disk/OE/work/ti/ti-codec-engine-tree/packages/ti/sdo/ce/osal/linux/lib/release/osal_linux_470.av5T(Queue_posix.ov5T)
 .vfp11_veneer  0x0003766c        0x0 /media/disk/OE/work/ti/ti-codec-engine-tree/packages/ti/sdo/ce/osal/linux/lib/release/osal_linux_470.av5T(GT_config_libC.ov5T)
 .vfp11_veneer  0x0003766c        0x0 /media/disk/OE/work/ti/ti-codec-engine-tree/packages/ti/sdo/ce/osal/linux/lib/release/osal_linux_470.av5T(File_posix.ov5T)
 .vfp11_veneer  0x0003766c        0x0 /media/disk/OE/work/ti/ti-codec-engine-tree/packages/ti/sdo/ce/osal/linux/lib/release/osal_linux_470.av5T(Memory_cmem.ov5T)
 .vfp11_veneer  0x0003766c        0x0 /media/disk/OE/work/ti/ti-codec-engine-tree/packages/ti/sdo/ce/osal/linux/lib/release/osal_linux_470.av5T(Global_noOS.ov5T)
 .vfp11_veneer  0x0003766c        0x0 /media/disk/OE/work/ti/ti-codec-engine-tree/packages/ti/sdo/ce/osal/linux/lib/release/osal_linux_470.av5T(Thread_posix.ov5T)
 .vfp11_veneer  0x0003766c        0x0 /media/disk/OE/work/ti/ti-codec-engine-tree/packages/ti/sdo/ce/osal/linux/lib/release/osal_linux_470.av5T(Log_noOS.ov5T)
 .vfp11_veneer  0x0003766c        0x0 /media/disk/OE/work/ti/ti-codec-engine-tree/packages/ti/sdo/ce/osal/linux/lib/release/osal_linux_470.av5T(Lock_posix.ov5T)
 .vfp11_veneer  0x0003766c        0x0 /media/disk/OE/work/ti/ti-codec-engine-tree/packages/ti/sdo/ce/osal/linux/lib/release/osal_linux_470.av5T(GT_config_posix.ov5T)
 .vfp11_veneer  0x0003766c        0x0 /media/disk/OE/work/ti/ti-codec-engine-tree/packages/ti/sdo/ce/osal/linux/lib/release/osal_linux_470.av5T(SemMP_posix.ov5T)
 .vfp11_veneer  0x0003766c        0x0 /media/disk/OE/work/ti/ti-codec-engine-tree/packages/ti/sdo/ce/osal/linux/lib/release/osal_linux_470.av5T(Sem_posix.ov5T)
 .vfp11_veneer  0x0003766c        0x0 /media/disk/OE/work/ti/ti-codec-engine-tree/packages/ti/sdo/ce/utils/xdm/lib/release/XdmUtils.av5T(XdmUtils.ov5T)
 .vfp11_veneer  0x0003766c        0x0 /media/disk/OE/work/ti/ti-framework-components-tree/packages/ti/sdo/utils/trace/lib/release/gt.av5T(gt.ov5T)
 .vfp11_veneer  0x0003766c        0x0 /media/disk/OE/work/ti/ti-local-power-manager-tree/packages/ti/bios/power/lib/release/lpm_linux.av5T(lpm_api.ov5T)
 .vfp11_veneer  0x0003766c        0x0 /media/disk/OE/work/ti/ti-linuxutils-tree/packages/ti/sdo/linuxutils/cmem/lib/cmem.a470MV(cmem.o470MV)
 .vfp11_veneer  0x0003766c        0x0 /media/disk/OE/work/ti/ti-dsplink-tree/packages/dsplink/gpp/export/BIN/Linux/OMAP3530/RELEASE/dsplink.lib
 .vfp11_veneer  0x0003766c        0x0 lib/libopencvdsp.so
 .vfp11_veneer  0x0003766c        0x0 /media/disk/openembedded/build/tmp-angstrom_2008_1/cross/armv7a/lib/gcc/arm-angstrom-linux-gnueabi/4.3.3/libgcc.a(_udivsi3.o)
 .vfp11_veneer  0x0003766c        0x0 /media/disk/openembedded/build/tmp-angstrom_2008_1/cross/armv7a/lib/gcc/arm-angstrom-linux-gnueabi/4.3.3/libgcc.a(_addsubdf3.o)
 .vfp11_veneer  0x0003766c        0x0 /media/disk/openembedded/build/tmp-angstrom_2008_1/cross/armv7a/lib/gcc/arm-angstrom-linux-gnueabi/4.3.3/libgcc.a(_muldivdf3.o)
 .vfp11_veneer  0x0003766c        0x0 /media/disk/openembedded/build/tmp-angstrom_2008_1/cross/armv7a/lib/gcc/arm-angstrom-linux-gnueabi/4.3.3/libgcc.a(_cmpdf2.o)
 .vfp11_veneer  0x0003766c        0x0 /media/disk/openembedded/build/tmp-angstrom_2008_1/cross/armv7a/lib/gcc/arm-angstrom-linux-gnueabi/4.3.3/libgcc.a(_fixdfsi.o)
 .vfp11_veneer  0x0003766c        0x0 /media/disk/openembedded/build/tmp-angstrom_2008_1/cross/armv7a/lib/gcc/arm-angstrom-linux-gnueabi/4.3.3/libgcc.a(_truncdfsf2.o)
 .vfp11_veneer  0x0003766c        0x0 /media/disk/openembedded/build/tmp-angstrom_2008_1/cross/armv7a/lib/gcc/arm-angstrom-linux-gnueabi/4.3.3/libgcc.a(_addsubsf3.o)
 .vfp11_veneer  0x0003766c        0x0 /media/disk/openembedded/build/tmp-angstrom_2008_1/cross/armv7a/lib/gcc/arm-angstrom-linux-gnueabi/4.3.3/libgcc.a(_muldivsf3.o)
 .vfp11_veneer  0x0003766c        0x0 /media/disk/openembedded/build/tmp-angstrom_2008_1/cross/armv7a/lib/gcc/arm-angstrom-linux-gnueabi/4.3.3/libgcc.a(_dvmd_lnx.o)
 .vfp11_veneer  0x0003766c        0x0 /media/disk/openembedded/build/tmp-angstrom_2008_1/cross/armv7a/lib/gcc/arm-angstrom-linux-gnueabi/4.3.3/../../../../arm-angstrom-linux-gnueabi/lib/libgcc_s.so
 .vfp11_veneer  0x0003766c        0x0 /media/disk/openembedded/build/tmp-angstrom_2008_1/sysroots/armv7a-angstrom-linux-gnueabi/lib/libc.so.6
 .vfp11_veneer  0x0003766c        0x0 /media/disk/openembedded/build/tmp-angstrom_2008_1/sysroots/armv7a-angstrom-linux-gnueabi/usr/lib/libc_nonshared.a(elf-init.oS)
 .vfp11_veneer  0x0003766c        0x0 /media/disk/openembedded/build/tmp-angstrom_2008_1/sysroots/armv7a-angstrom-linux-gnueabi/usr/lib/libc_nonshared.a(atexit.oS)
 .vfp11_veneer  0x0003766c        0x0 /media/disk/openembedded/build/tmp-angstrom_2008_1/sysroots/armv7a-angstrom-linux-gnueabi/lib/ld-linux.so.3
 .vfp11_veneer  0x0003766c        0x0 /media/disk/openembedded/build/tmp-angstrom_2008_1/cross/armv7a/lib/gcc/arm-angstrom-linux-gnueabi/4.3.3/../../../../arm-angstrom-linux-gnueabi/lib/libgcc_s.so
 .vfp11_veneer  0x0003766c        0x0 /media/disk/openembedded/build/tmp-angstrom_2008_1/cross/armv7a/lib/gcc/arm-angstrom-linux-gnueabi/4.3.3/crtend.o
 .vfp11_veneer  0x0003766c        0x0 /media/disk/openembedded/build/tmp-angstrom_2008_1/sysroots/armv7a-angstrom-linux-gnueabi/usr/lib/crtn.o
 *(.v4_bx)
 .v4_bx         0x0003766c        0x0 /media/disk/openembedded/build/tmp-angstrom_2008_1/sysroots/armv7a-angstrom-linux-gnueabi/usr/lib/crt1.o
 .v4_bx         0x0003766c        0x0 /media/disk/openembedded/build/tmp-angstrom_2008_1/sysroots/armv7a-angstrom-linux-gnueabi/usr/lib/crti.o
 .v4_bx         0x0003766c        0x0 /media/disk/openembedded/build/tmp-angstrom_2008_1/cross/armv7a/lib/gcc/arm-angstrom-linux-gnueabi/4.3.3/crtbegin.o
 .v4_bx         0x0003766c        0x0 /media/disk/openembedded/build/tmp-angstrom_2008_1/sysroots/armv7a-angstrom-linux-gnueabi/lib/libpthread.so.0
 .v4_bx         0x0003766c        0x0 /media/disk/openembedded/build/tmp-angstrom_2008_1/sysroots/armv7a-angstrom-linux-gnueabi/usr/lib/libm.so
 .v4_bx         0x0003766c        0x0 /media/disk/openembedded/build/tmp-angstrom_2008_1/sysroots/armv7a-angstrom-linux-gnueabi/usr/lib/libopencv_ml.so
 .v4_bx         0x0003766c        0x0 /media/disk/openembedded/build/tmp-angstrom_2008_1/sysroots/armv7a-angstrom-linux-gnueabi/usr/lib/libopencv_highgui.so
 .v4_bx         0x0003766c        0x0 /media/disk/openembedded/build/tmp-angstrom_2008_1/sysroots/armv7a-angstrom-linux-gnueabi/usr/lib/libopencv_core.so
 .v4_bx         0x0003766c        0x0 /media/disk/openembedded/build/tmp-angstrom_2008_1/sysroots/armv7a-angstrom-linux-gnueabi/usr/lib/libopencv_calib3d.so
 .v4_bx         0x0003766c        0x0 /media/disk/openembedded/build/tmp-angstrom_2008_1/sysroots/armv7a-angstrom-linux-gnueabi/usr/lib/libopencv_contrib.so
 .v4_bx         0x0003766c        0x0 /media/disk/openembedded/build/tmp-angstrom_2008_1/sysroots/armv7a-angstrom-linux-gnueabi/usr/lib/libopencv_features2d.so
 .v4_bx         0x0003766c        0x0 /media/disk/openembedded/build/tmp-angstrom_2008_1/sysroots/armv7a-angstrom-linux-gnueabi/usr/lib/libopencv_imgproc.so
 .v4_bx         0x0003766c        0x0 /media/disk/openembedded/build/tmp-angstrom_2008_1/sysroots/armv7a-angstrom-linux-gnueabi/usr/lib/libopencv_legacy.so
 .v4_bx         0x0003766c        0x0 /media/disk/openembedded/build/tmp-angstrom_2008_1/sysroots/armv7a-angstrom-linux-gnueabi/usr/lib/libopencv_objdetect.so
 .v4_bx         0x0003766c        0x0 /media/disk/openembedded/build/tmp-angstrom_2008_1/sysroots/armv7a-angstrom-linux-gnueabi/usr/lib/libopencv_video.so
 .v4_bx         0x0003766c        0x0 linux/app.evm3530.ov5T
 .v4_bx         0x0003766c        0x0 /media/disk/OE/dspacceleration/opencv_dsp_acceleration/dsp_opencv/beagle/apps/opencv/cfg/linux/remote_ti_platforms_evm3530/package/cfg/remote_ti_platforms_evm3530_xv5T.ov5T
 .v4_bx         0x0003766c        0x0 /media/disk/OE/work/ti/ti-codec-engine-tree/packages/ti/sdo/ce/universal/lib/release/universal.av5T(universal_stubs.ov5T)
 .v4_bx         0x0003766c        0x0 /media/disk/OE/work/ti/ti-codec-engine-tree/packages/ti/sdo/ce/universal/lib/release/universal.av5T(universal.ov5T)
 .v4_bx         0x0003766c        0x0 /media/disk/OE/work/ti/ti-codec-engine-tree/packages/ti/sdo/ce/lib/release/ce.av5T(Server.ov5T)
 .v4_bx         0x0003766c        0x0 /media/disk/OE/work/ti/ti-codec-engine-tree/packages/ti/sdo/ce/lib/release/ce.av5T(Engine.ov5T)
 .v4_bx         0x0003766c        0x0 /media/disk/OE/work/ti/ti-codec-engine-tree/packages/ti/sdo/ce/lib/release/ce.av5T(visa.ov5T)
 .v4_bx         0x0003766c        0x0 /media/disk/OE/work/ti/ti-codec-engine-tree/packages/ti/sdo/ce/lib/release/ce.av5T(package_ti.sdo.ce.ov5T)
 .v4_bx         0x0003766c        0x0 /media/disk/OE/work/ti/ti-codec-engine-tree/packages/ti/sdo/ce/alg/lib/release/Algorithm_noOS.av5T(Algorithm_noOS.ov5T)
 .v4_bx         0x0003766c        0x0 /media/disk/OE/work/ti/ti-codec-engine-tree/packages/ti/sdo/ce/alg/lib/release/alg.av5T(alg_create.ov5T)
 .v4_bx         0x0003766c        0x0 /media/disk/OE/work/ti/ti-codec-engine-tree/packages/ti/sdo/ce/alg/lib/release/alg.av5T(alg_malloc.ov5T)
 .v4_bx         0x0003766c        0x0 /media/disk/OE/work/ti/ti-codec-engine-tree/packages/ti/sdo/ce/ipc/dsplink/lib/release/ipc_dsplink_3530.av5T(Processor_dsplink.ov5T)
 .v4_bx         0x0003766c        0x0 /media/disk/OE/work/ti/ti-codec-engine-tree/packages/ti/sdo/ce/ipc/dsplink/lib/release/ipc_dsplink_3530.av5T(Power_dsplink.ov5T)
 .v4_bx         0x0003766c        0x0 /media/disk/OE/work/ti/ti-codec-engine-tree/packages/ti/sdo/ce/ipc/dsplink/lib/release/ipc_dsplink_3530.av5T(Comm_dsplink.ov5T)
 .v4_bx         0x0003766c        0x0 /media/disk/OE/work/ti/ti-codec-engine-tree/packages/ti/sdo/ce/ipc/dsplink/lib/release/ipc_dsplink_3530.av5T(Processor_dsplink_linkcfg_OMAP3530.ov5T)
 .v4_bx         0x0003766c        0x0 /media/disk/OE/work/ti/ti-codec-engine-tree/packages/ti/sdo/ce/ipc/dsplink/lib/release/ipc_dsplink_3530.av5T(Processor_dsplink_linkcfg_OS.ov5T)
 .v4_bx         0x0003766c        0x0 /media/disk/OE/work/ti/ti-codec-engine-tree/packages/ti/sdo/ce/osal/linux/lib/release/osal_linux_470.av5T(LockMP_posix.ov5T)
 .v4_bx         0x0003766c        0x0 /media/disk/OE/work/ti/ti-codec-engine-tree/packages/ti/sdo/ce/osal/linux/lib/release/osal_linux_470.av5T(Queue_posix.ov5T)
 .v4_bx         0x0003766c        0x0 /media/disk/OE/work/ti/ti-codec-engine-tree/packages/ti/sdo/ce/osal/linux/lib/release/osal_linux_470.av5T(GT_config_libC.ov5T)
 .v4_bx         0x0003766c        0x0 /media/disk/OE/work/ti/ti-codec-engine-tree/packages/ti/sdo/ce/osal/linux/lib/release/osal_linux_470.av5T(File_posix.ov5T)
 .v4_bx         0x0003766c        0x0 /media/disk/OE/work/ti/ti-codec-engine-tree/packages/ti/sdo/ce/osal/linux/lib/release/osal_linux_470.av5T(Memory_cmem.ov5T)
 .v4_bx         0x0003766c        0x0 /media/disk/OE/work/ti/ti-codec-engine-tree/packages/ti/sdo/ce/osal/linux/lib/release/osal_linux_470.av5T(Global_noOS.ov5T)
 .v4_bx         0x0003766c        0x0 /media/disk/OE/work/ti/ti-codec-engine-tree/packages/ti/sdo/ce/osal/linux/lib/release/osal_linux_470.av5T(Thread_posix.ov5T)
 .v4_bx         0x0003766c        0x0 /media/disk/OE/work/ti/ti-codec-engine-tree/packages/ti/sdo/ce/osal/linux/lib/release/osal_linux_470.av5T(Log_noOS.ov5T)
 .v4_bx         0x0003766c        0x0 /media/disk/OE/work/ti/ti-codec-engine-tree/packages/ti/sdo/ce/osal/linux/lib/release/osal_linux_470.av5T(Lock_posix.ov5T)
 .v4_bx         0x0003766c        0x0 /media/disk/OE/work/ti/ti-codec-engine-tree/packages/ti/sdo/ce/osal/linux/lib/release/osal_linux_470.av5T(GT_config_posix.ov5T)
 .v4_bx         0x0003766c        0x0 /media/disk/OE/work/ti/ti-codec-engine-tree/packages/ti/sdo/ce/osal/linux/lib/release/osal_linux_470.av5T(SemMP_posix.ov5T)
 .v4_bx         0x0003766c        0x0 /media/disk/OE/work/ti/ti-codec-engine-tree/packages/ti/sdo/ce/osal/linux/lib/release/osal_linux_470.av5T(Sem_posix.ov5T)
 .v4_bx         0x0003766c        0x0 /media/disk/OE/work/ti/ti-codec-engine-tree/packages/ti/sdo/ce/utils/xdm/lib/release/XdmUtils.av5T(XdmUtils.ov5T)
 .v4_bx         0x0003766c        0x0 /media/disk/OE/work/ti/ti-framework-components-tree/packages/ti/sdo/utils/trace/lib/release/gt.av5T(gt.ov5T)
 .v4_bx         0x0003766c        0x0 /media/disk/OE/work/ti/ti-local-power-manager-tree/packages/ti/bios/power/lib/release/lpm_linux.av5T(lpm_api.ov5T)
 .v4_bx         0x0003766c        0x0 /media/disk/OE/work/ti/ti-linuxutils-tree/packages/ti/sdo/linuxutils/cmem/lib/cmem.a470MV(cmem.o470MV)
 .v4_bx         0x0003766c        0x0 /media/disk/OE/work/ti/ti-dsplink-tree/packages/dsplink/gpp/export/BIN/Linux/OMAP3530/RELEASE/dsplink.lib
 .v4_bx         0x0003766c        0x0 lib/libopencvdsp.so
 .v4_bx         0x0003766c        0x0 /media/disk/openembedded/build/tmp-angstrom_2008_1/cross/armv7a/lib/gcc/arm-angstrom-linux-gnueabi/4.3.3/libgcc.a(_udivsi3.o)
 .v4_bx         0x0003766c        0x0 /media/disk/openembedded/build/tmp-angstrom_2008_1/cross/armv7a/lib/gcc/arm-angstrom-linux-gnueabi/4.3.3/libgcc.a(_addsubdf3.o)
 .v4_bx         0x0003766c        0x0 /media/disk/openembedded/build/tmp-angstrom_2008_1/cross/armv7a/lib/gcc/arm-angstrom-linux-gnueabi/4.3.3/libgcc.a(_muldivdf3.o)
 .v4_bx         0x0003766c        0x0 /media/disk/openembedded/build/tmp-angstrom_2008_1/cross/armv7a/lib/gcc/arm-angstrom-linux-gnueabi/4.3.3/libgcc.a(_cmpdf2.o)
 .v4_bx         0x0003766c        0x0 /media/disk/openembedded/build/tmp-angstrom_2008_1/cross/armv7a/lib/gcc/arm-angstrom-linux-gnueabi/4.3.3/libgcc.a(_fixdfsi.o)
 .v4_bx         0x0003766c        0x0 /media/disk/openembedded/build/tmp-angstrom_2008_1/cross/armv7a/lib/gcc/arm-angstrom-linux-gnueabi/4.3.3/libgcc.a(_truncdfsf2.o)
 .v4_bx         0x0003766c        0x0 /media/disk/openembedded/build/tmp-angstrom_2008_1/cross/armv7a/lib/gcc/arm-angstrom-linux-gnueabi/4.3.3/libgcc.a(_addsubsf3.o)
 .v4_bx         0x0003766c        0x0 /media/disk/openembedded/build/tmp-angstrom_2008_1/cross/armv7a/lib/gcc/arm-angstrom-linux-gnueabi/4.3.3/libgcc.a(_muldivsf3.o)
 .v4_bx         0x0003766c        0x0 /media/disk/openembedded/build/tmp-angstrom_2008_1/cross/armv7a/lib/gcc/arm-angstrom-linux-gnueabi/4.3.3/libgcc.a(_dvmd_lnx.o)