Archive member included because of file (symbol)

/media/disk/OE/work/ti/ti-codec-engine-tree/packages/ti/sdo/ce/universal/lib/release/universal.av5T(universal_stubs.ov5T)
                              /media/disk/test/opencv-dsp-acceleration/dsp_opencv/beagle/apps/opencv/cfg/linux/remote_ti_platforms_evm3530/package/cfg/remote_ti_platforms_evm3530_xv5T.ov5T (UNIVERSAL_STUBS)
/media/disk/OE/work/ti/ti-codec-engine-tree/packages/ti/sdo/ce/universal/lib/release/universal.av5T(universal.ov5T)
                              /media/disk/OE/work/ti/ti-codec-engine-tree/packages/ti/sdo/ce/universal/lib/release/universal.av5T(universal_stubs.ov5T) (ti_sdo_ce_universal_UNIVERSAL_curTrace)
/media/disk/OE/work/ti/ti-codec-engine-tree/packages/ti/sdo/ce/lib/release/ce.av5T(Server.ov5T)
                              /media/disk/test/opencv-dsp-acceleration/dsp_opencv/beagle/apps/opencv/cfg/linux/remote_ti_platforms_evm3530/package/cfg/remote_ti_platforms_evm3530_xv5T.ov5T (Server_init)
/media/disk/OE/work/ti/ti-codec-engine-tree/packages/ti/sdo/ce/lib/release/ce.av5T(Engine.ov5T)
                              /media/disk/OE/work/ti/ti-codec-engine-tree/packages/ti/sdo/ce/lib/release/ce.av5T(Server.ov5T) (Engine_setTrace)
/media/disk/OE/work/ti/ti-codec-engine-tree/packages/ti/sdo/ce/lib/release/ce.av5T(visa.ov5T)
                              /media/disk/OE/work/ti/ti-codec-engine-tree/packages/ti/sdo/ce/universal/lib/release/universal.av5T(universal.ov5T) (VISA_getAlgFxns)
/media/disk/OE/work/ti/ti-codec-engine-tree/packages/ti/sdo/ce/lib/release/ce.av5T(package_ti.sdo.ce.ov5T)
                              /media/disk/OE/work/ti/ti-codec-engine-tree/packages/ti/sdo/ce/lib/release/ce.av5T(Engine.ov5T) (ti_sdo_ce__versionString)
/media/disk/OE/work/ti/ti-codec-engine-tree/packages/ti/sdo/ce/alg/lib/release/Algorithm_noOS.av5T(Algorithm_noOS.ov5T)
                              /media/disk/OE/work/ti/ti-codec-engine-tree/packages/ti/sdo/ce/lib/release/ce.av5T(visa.ov5T) (Algorithm_getAlgHandle)
/media/disk/OE/work/ti/ti-codec-engine-tree/packages/ti/sdo/ce/alg/lib/release/alg.av5T(alg_create.ov5T)
                              /media/disk/OE/work/ti/ti-codec-engine-tree/packages/ti/sdo/ce/alg/lib/release/Algorithm_noOS.av5T(Algorithm_noOS.ov5T) (ALG_delete)
/media/disk/OE/work/ti/ti-codec-engine-tree/packages/ti/sdo/ce/alg/lib/release/alg.av5T(alg_malloc.ov5T)
                              /media/disk/OE/work/ti/ti-codec-engine-tree/packages/ti/sdo/ce/alg/lib/release/alg.av5T(alg_create.ov5T) (_ALG_freeMemory)
/media/disk/OE/work/ti/ti-codec-engine-tree/packages/ti/sdo/ce/ipc/dsplink/lib/release/ipc_dsplink_3530.av5T(Processor_dsplink.ov5T)
                              /media/disk/test/opencv-dsp-acceleration/dsp_opencv/beagle/apps/opencv/cfg/linux/remote_ti_platforms_evm3530/package/cfg/remote_ti_platforms_evm3530_xv5T.ov5T (Processor_init)
/media/disk/OE/work/ti/ti-codec-engine-tree/packages/ti/sdo/ce/ipc/dsplink/lib/release/ipc_dsplink_3530.av5T(Power_dsplink.ov5T)
                              /media/disk/OE/work/ti/ti-codec-engine-tree/packages/ti/sdo/ce/ipc/dsplink/lib/release/ipc_dsplink_3530.av5T(Processor_dsplink.ov5T) (Power_disconnect)
/media/disk/OE/work/ti/ti-codec-engine-tree/packages/ti/sdo/ce/ipc/dsplink/lib/release/ipc_dsplink_3530.av5T(Comm_dsplink.ov5T)
                              /media/disk/OE/work/ti/ti-codec-engine-tree/packages/ti/sdo/ce/lib/release/ce.av5T(visa.ov5T) (Comm_getMsgSize)
/media/disk/OE/work/ti/ti-codec-engine-tree/packages/ti/sdo/ce/ipc/dsplink/lib/release/ipc_dsplink_3530.av5T(Processor_dsplink_linkcfg_OMAP3530.ov5T)
                              /media/disk/OE/work/ti/ti-codec-engine-tree/packages/ti/sdo/ce/ipc/dsplink/lib/release/ipc_dsplink_3530.av5T(Processor_dsplink.ov5T) (ti_sdo_ce_ipc_Processor_linkcfg)
/media/disk/OE/work/ti/ti-codec-engine-tree/packages/ti/sdo/ce/ipc/dsplink/lib/release/ipc_dsplink_3530.av5T(Processor_dsplink_linkcfg_OS.ov5T)
                              /media/disk/OE/work/ti/ti-codec-engine-tree/packages/ti/sdo/ce/ipc/dsplink/lib/release/ipc_dsplink_3530.av5T(Processor_dsplink_linkcfg_OMAP3530.ov5T) (ti_sdo_ce_ipc_Processor_linkcfg_OS)
/media/disk/OE/work/ti/ti-codec-engine-tree/packages/ti/sdo/ce/osal/linux/lib/release/osal_linux_470.av5T(LockMP_posix.ov5T)
                              /media/disk/test/opencv-dsp-acceleration/dsp_opencv/beagle/apps/opencv/cfg/linux/remote_ti_platforms_evm3530/package/cfg/remote_ti_platforms_evm3530_xv5T.ov5T (LockMP_init)
/media/disk/OE/work/ti/ti-codec-engine-tree/packages/ti/sdo/ce/osal/linux/lib/release/osal_linux_470.av5T(Queue_posix.ov5T)
                              /media/disk/test/opencv-dsp-acceleration/dsp_opencv/beagle/apps/opencv/cfg/linux/remote_ti_platforms_evm3530/package/cfg/remote_ti_platforms_evm3530_xv5T.ov5T (Queue_init)
/media/disk/OE/work/ti/ti-codec-engine-tree/packages/ti/sdo/ce/osal/linux/lib/release/osal_linux_470.av5T(GT_config_libC.ov5T)
[...]
Memory Configuration

Name             Origin             Length             Attributes
*default*        0x00000000         0xffffffff

Linker script and memory map

LOAD /media/disk/OE/build/tmp-angstrom_2008_1/sysroots/armv7a-angstrom-linux-gnueabi/usr/lib/crt1.o
LOAD /media/disk/OE/build/tmp-angstrom_2008_1/sysroots/armv7a-angstrom-linux-gnueabi/usr/lib/crti.o
LOAD /media/disk/OE/build/tmp-angstrom_2008_1/cross/armv7a/lib/gcc/arm-angstrom-linux-gnueabi/4.3.3/crtbegin.o
LOAD /media/disk/OE/build/tmp-angstrom_2008_1/sysroots/armv7a-angstrom-linux-gnueabi/usr/lib/libpthread.so
START GROUP
LOAD /media/disk/OE/build/tmp-angstrom_2008_1/sysroots/armv7a-angstrom-linux-gnueabi/lib/libpthread.so.0
LOAD /media/disk/OE/build/tmp-angstrom_2008_1/sysroots/armv7a-angstrom-linux-gnueabi/usr/lib/libpthread_nonshared.a
END GROUP
LOAD /media/disk/OE/build/tmp-angstrom_2008_1/sysroots/armv7a-angstrom-linux-gnueabi/usr/lib/libm.so
LOAD /media/disk/OE/build/tmp-angstrom_2008_1/sysroots/armv7a-angstrom-linux-gnueabi/usr/lib/libopencv_ml.so
LOAD /media/disk/OE/build/tmp-angstrom_2008_1/sysroots/armv7a-angstrom-linux-gnueabi/usr/lib/libopencv_highgui.so
LOAD /media/disk/OE/build/tmp-angstrom_2008_1/sysroots/armv7a-angstrom-linux-gnueabi/usr/lib/libopencv_core.so
LOAD /media/disk/OE/build/tmp-angstrom_2008_1/sysroots/armv7a-angstrom-linux-gnueabi/usr/lib/libopencv_calib3d.so
LOAD /media/disk/OE/build/tmp-angstrom_2008_1/sysroots/armv7a-angstrom-linux-gnueabi/usr/lib/libopencv_contrib.so
LOAD /media/disk/OE/build/tmp-angstrom_2008_1/sysroots/armv7a-angstrom-linux-gnueabi/usr/lib/libopencv_features2d.so
LOAD /media/disk/OE/build/tmp-angstrom_2008_1/sysroots/armv7a-angstrom-linux-gnueabi/usr/lib/libopencv_imgproc.so
LOAD /media/disk/OE/build/tmp-angstrom_2008_1/sysroots/armv7a-angstrom-linux-gnueabi/usr/lib/libopencv_legacy.so
LOAD /media/disk/OE/build/tmp-angstrom_2008_1/sysroots/armv7a-angstrom-linux-gnueabi/usr/lib/libopencv_objdetect.so
LOAD /media/disk/OE/build/tmp-angstrom_2008_1/sysroots/armv7a-angstrom-linux-gnueabi/usr/lib/libopencv_video.so
LOAD /media/disk/OE/build/tmp-angstrom_2008_1/sysroots/armv7a-angstrom-linux-gnueabi/usr/lib/libopencvdsp.so
LOAD linux/app.evm3530.ov5T
LOAD cfg/linux/remote_ti_platforms_evm3530/linker.cmd
LOAD /media/disk/test/opencv-dsp-acceleration/dsp_opencv/beagle/apps/opencv/cfg/linux/remote_ti_platforms_evm3530/package/cfg/remote_ti_platforms_evm3530_xv5T.ov5T
LOAD /media/disk/OE/work/ti/ti-codec-engine-tree/packages/ti/sdo/ce/universal/lib/release/universal.av5T
LOAD /media/disk/OE/work/ti/ti-codec-engine-tree/packages/ti/sdo/ce/lib/release/ce.av5T
LOAD /media/disk/OE/work/ti/ti-codec-engine-tree/packages/ti/sdo/ce/alg/lib/release/Algorithm_noOS.av5T
LOAD /media/disk/OE/work/ti/ti-codec-engine-tree/packages/ti/sdo/ce/alg/lib/release/alg.av5T
LOAD /media/disk/OE/work/ti/ti-codec-engine-tree/packages/ti/sdo/ce/ipc/dsplink/lib/release/ipc_dsplink_3530.av5T
LOAD /media/disk/OE/work/ti/ti-codec-engine-tree/packages/ti/sdo/ce/osal/linux/lib/release/osal_linux_470.av5T
LOAD /media/disk/OE/work/ti/ti-framework-components-tree/packages/ti/sdo/fc/acpy3/lib/release/acpy3.a470MV
LOAD /media/disk/OE/work/ti/ti-framework-components-tree/packages/ti/sdo/fc/dman3/lib/release/dman3Cfg.a470MV
LOAD /media/disk/OE/work/ti/ti-framework-components-tree/packages/ti/sdo/fc/utils/lib/release/rmm.a470MV
LOAD /media/disk/OE/work/ti/ti-framework-components-tree/packages/ti/sdo/fc/utils/lib/release/smgr.a470MV
LOAD /media/disk/OE/work/ti/ti-framework-components-tree/packages/ti/sdo/fc/utils/lib/release/rmmp.a470MV
LOAD /media/disk/OE/work/ti/ti-framework-components-tree/packages/ti/sdo/fc/utils/lib/release/smgrmp.a470MV
LOAD /media/disk/OE/work/ti/ti-framework-components-tree/packages/ti/sdo/fc/utils/lib/release/shm.a470MV
LOAD /media/disk/OE/work/ti/ti-framework-components-tree/packages/ti/sdo/fc/memutils/lib/release/memutils.av5T
LOAD /media/disk/OE/work/ti/ti-codec-engine-tree/packages/ti/sdo/ce/utils/xdm/lib/release/XdmUtils.av5T
LOAD /media/disk/OE/work/ti/ti-codec-engine-tree/packages/ti/sdo/ce/node/lib/release/node.av5T
LOAD /media/disk/OE/work/ti/ti-framework-components-tree/packages/ti/sdo/utils/trace/lib/release/gt.av5T
LOAD /media/disk/OE/work/ti/ti-local-power-manager-tree/packages/ti/bios/power/lib/release/lpm_linux.av5T
LOAD /media/disk/OE/work/ti/ti-linuxutils-tree/packages/ti/sdo/linuxutils/cmem/lib/cmem.a470MV
LOAD /media/disk/OE/work/ti/ti-dsplink-tree/packages/dsplink/gpp/export/BIN/Linux/OMAP3530/RELEASE/dsplink.lib
LOAD /media/disk/OE/work/ti/ti-xdctools-tree/packages/gnu/targets/arm/rtsv5T/lib/gnu.targets.arm.rtsv5T.av5T

xdc.meta        0x00000000      0x108
 *(xdc.meta)
 xdc.meta       0x00000000      0x108 /media/disk/test/opencv-dsp-acceleration/dsp_opencv/beagle/apps/opencv/cfg/linux/remote_ti_platforms_evm3530/package/cfg/remote_ti_platforms_evm3530_xv5T.ov5T
                0x000000a8                __ISA__
                0x00000000                __ASM__
                0x000000e0                __TARG__
                0x000000bc                __PLAT__
LOAD /media/disk/OE/build/tmp-angstrom_2008_1/cross/armv7a/lib/gcc/arm-angstrom-linux-gnueabi/4.3.3/libgcc.a
LOAD /media/disk/OE/build/tmp-angstrom_2008_1/cross/armv7a/lib/gcc/arm-angstrom-linux-gnueabi/4.3.3/../../../../arm-angstrom-linux-gnueabi/lib/libgcc_s.so
LOAD /media/disk/OE/build/tmp-angstrom_2008_1/sysroots/armv7a-angstrom-linux-gnueabi/usr/lib/libc.so
START GROUP
LOAD /media/disk/OE/build/tmp-angstrom_2008_1/sysroots/armv7a-angstrom-linux-gnueabi/lib/libc.so.6
LOAD /media/disk/OE/build/tmp-angstrom_2008_1/sysroots/armv7a-angstrom-linux-gnueabi/usr/lib/libc_nonshared.a
LOAD /media/disk/OE/build/tmp-angstrom_2008_1/sysroots/armv7a-angstrom-linux-gnueabi/lib/ld-linux.so.3
END GROUP
LOAD /media/disk/OE/build/tmp-angstrom_2008_1/cross/armv7a/lib/gcc/arm-angstrom-linux-gnueabi/4.3.3/libgcc.a
LOAD /media/disk/OE/build/tmp-angstrom_2008_1/cross/armv7a/lib/gcc/arm-angstrom-linux-gnueabi/4.3.3/../../../../arm-angstrom-linux-gnueabi/lib/libgcc_s.so
LOAD /media/disk/OE/build/tmp-angstrom_2008_1/cross/armv7a/lib/gcc/arm-angstrom-linux-gnueabi/4.3.3/crtend.o
LOAD /media/disk/OE/build/tmp-angstrom_2008_1/sysroots/armv7a-angstrom-linux-gnueabi/usr/lib/crtn.o
                0x00008000                PROVIDE (__executable_start, 0x8000)
                0x00008134                . = (0x8000 + SIZEOF_HEADERS)

.interp         0x00008134       0x13
 *(.interp)
 .interp        0x00008134       0x13 /media/disk/OE/build/tmp-angstrom_2008_1/sysroots/armv7a-angstrom-linux-gnueabi/usr/lib/crti.o

.note.ABI-tag   0x00008148       0x20
 .note.ABI-tag  0x00008148       0x20 /media/disk/OE/build/tmp-angstrom_2008_1/sysroots/armv7a-angstrom-linux-gnueabi/usr/lib/crt1.o

.note.gnu.build-id
 *(.note.gnu.build-id)

.hash           0x00008168      0x6b4
 *(.hash)
 .hash          0x00008168      0x6b4 /media/disk/OE/build/tmp-angstrom_2008_1/sysroots/armv7a-angstrom-linux-gnueabi/usr/lib/crti.o

.gnu.hash
 *(.gnu.hash)

.dynsym         0x0000881c      0xe60
 *(.dynsym)
 .dynsym        0x0000881c      0xe60 /media/disk/OE/build/tmp-angstrom_2008_1/sysroots/armv7a-angstrom-linux-gnueabi/usr/lib/crti.o

.dynstr         0x0000967c      0xd42
 *(.dynstr)
 .dynstr        0x0000967c      0xd42 /media/disk/OE/build/tmp-angstrom_2008_1/sysroots/armv7a-angstrom-linux-gnueabi/usr/lib/crti.o

.gnu.version    0x0000a3be      0x1cc
 *(.gnu.version)
 .gnu.version   0x0000a3be      0x1cc /media/disk/OE/build/tmp-angstrom_2008_1/sysroots/armv7a-angstrom-linux-gnueabi/usr/lib/crti.o

.gnu.version_d  0x0000a58c        0x0 load address 0x0000a58a
 *(.gnu.version_d)
 .gnu.version_d
                0x00000000        0x0 /media/disk/OE/build/tmp-angstrom_2008_1/sysroots/armv7a-angstrom-linux-gnueabi/usr/lib/crti.o

.gnu.version_r  0x0000a58c       0x60
 *(.gnu.version_r)
 .gnu.version_r
                0x0000a58c       0x60 /media/disk/OE/build/tmp-angstrom_2008_1/sysroots/armv7a-angstrom-linux-gnueabi/usr/lib/crti.o

.rel.dyn        0x0000a5ec      0x188
 *(.rel.init)
 *(.rel.text .rel.text.* .rel.gnu.linkonce.t.*)
 *(.rel.fini)
 *(.rel.rodata .rel.rodata.* .rel.gnu.linkonce.r.*)
 *(.rel.data.rel.ro* .rel.gnu.linkonce.d.rel.ro.*)
 *(.rel.data .rel.data.* .rel.gnu.linkonce.d.*)
 *(.rel.tdata .rel.tdata.* .rel.gnu.linkonce.td.*)
 *(.rel.tbss .rel.tbss.* .rel.gnu.linkonce.tb.*)
 *(.rel.ctors)
 *(.rel.dtors)
 *(.rel.got)
 .rel.got       0x0000a5ec      0x180 /media/disk/OE/build/tmp-angstrom_2008_1/sysroots/armv7a-angstrom-linux-gnueabi/usr/lib/crti.o
 *(.rel.bss .rel.bss.* .rel.gnu.linkonce.b.*)
 .rel.bss       0x0000a76c        0x8 /media/disk/OE/build/tmp-angstrom_2008_1/sysroots/armv7a-angstrom-linux-gnueabi/usr/lib/crti.o

.rela.dyn
 *(.rela.init)
 *(.rela.text .rela.text.* .rela.gnu.linkonce.t.*)
 *(.rela.fini)
 *(.rela.rodata .rela.rodata.* .rela.gnu.linkonce.r.*)
 *(.rela.data .rela.data.* .rela.gnu.linkonce.d.*)
 *(.rela.tdata .rela.tdata.* .rela.gnu.linkonce.td.*)
 *(.rela.tbss .rela.tbss.* .rela.gnu.linkonce.tb.*)
 *(.rela.ctors)
 *(.rela.dtors)
 *(.rela.got)
 *(.rela.bss .rela.bss.* .rela.gnu.linkonce.b.*)

.rel.plt        0x0000a774      0x500
 *(.rel.plt)
 .rel.plt       0x0000a774      0x500 /media/disk/OE/build/tmp-angstrom_2008_1/sysroots/armv7a-angstrom-linux-gnueabi/usr/lib/crti.o

.rela.plt
 *(.rela.plt)

.init           0x0000ac74       0x14
 *(.init)
 .init          0x0000ac74        0xc /media/disk/OE/build/tmp-angstrom_2008_1/sysroots/armv7a-angstrom-linux-gnueabi/usr/lib/crti.o
                0x0000ac74                _init
 .init          0x0000ac80        0x8 /media/disk/OE/build/tmp-angstrom_2008_1/sysroots/armv7a-angstrom-linux-gnueabi/usr/lib/crtn.o

.plt            0x0000ac88      0x794
 *(.plt)
 .plt           0x0000ac88      0x794 /media/disk/OE/build/tmp-angstrom_2008_1/sysroots/armv7a-angstrom-linux-gnueabi/usr/lib/crti.o
                0x0000ac9c                cvDFT
                0x0000aca8                cvColorToScalar
                0x0000acb4                cvArcLength
                0x0000acc0                fwrite@@GLIBC_2.4
                0x0000accc                cvError
                0x0000acd8                cvSeqSlice
                0x0000ace4                cvReleaseImage
                0x0000acf0                cvCartToPolar
                0x0000acfc                fprintf@@GLIBC_2.4
                0x0000ad08                cvGetElemType
                0x0000ad14                cvFitLine
                0x0000ad20                pthread_setspecific@@GLIBC_2.4
                0x0000ad2c                pthread_getspecific@@GLIBC_2.4
                0x0000ad38                sleep@@GLIBC_2.4
                0x0000ad44                printf@@GLIBC_2.4
                0x0000ad50                sigaction@@GLIBC_2.4
                0x0000ad5c                cvGetRows
                0x0000ad68                fclose@@GLIBC_2.4
                0x0000ad74                cvReleaseMat
                0x0000ad80                sem_getvalue@@GLIBC_2.4
                0x0000ad8c                cvWaitKey
                0x0000ad98                strncmp@@GLIBC_2.4
                0x0000ada4                cvLine
                0x0000adb0                cvFindExtrinsicCameraParams2
                0x0000adbc                setvbuf@@GLIBC_2.4
                0x0000adc8                fcntl@@GLIBC_2.4
                0x0000add4                cvFindChessboardCorners
                0x0000ade0                pthread_attr_getschedparam@@GLIBC_2.4
                0x0000adec                fputc@@GLIBC_2.4
                0x0000adf8                cvAvg
                0x0000ae04                __assert_fail@@GLIBC_2.4
                0x0000ae10                cvStartDSP
                0x0000ae1c                cvGetRawData
                0x0000ae28                cvCreateImage
                0x0000ae34                strerror@@GLIBC_2.4
                0x0000ae40                cvEllipse
                0x0000ae4c                pthread_mutexattr_settype@@GLIBC_2.4
                0x0000ae58                putchar@@GLIBC_2.4
                0x0000ae64                puts@@GLIBC_2.4
                0x0000ae70                semop@@GLIBC_2.4
                0x0000ae7c                __libc_start_main@@GLIBC_2.4
                0x0000ae94                cvFitEllipse2
                0x0000aea0                strchr@@GLIBC_2.4
                0x0000aeac                __errno_location@@GLIBC_2.4
                0x0000aeb8                cvBoundingRect
                0x0000aec4                sigfillset@@GLIBC_2.4
                0x0000aed0                sigemptyset@@GLIBC_2.4
                0x0000aedc                pthread_setcanceltype@@GLIBC_2.4
                0x0000aee8                getpagesize@@GLIBC_2.4
                0x0000aef4                sem_destroy@@GLIBC_2.4
                0x0000af00                semctl@@GLIBC_2.4
                0x0000af0c                pthread_mutex_lock@@GLIBC_2.4
                0x0000af18                cvAvgSdv
                0x0000af24                cvFree_
                0x0000af30                __xstat@@GLIBC_2.4
                0x0000af3c                cvPolyLine
                0x0000af48                sem_post@@GLIBC_2.4
                0x0000af54                lrint@@GLIBC_2.4
                0x0000af60                free@@GLIBC_2.4
                0x0000af6c                close@@GLIBC_2.4
                0x0000af78                memcpy@@GLIBC_2.4
                0x0000af84                strncpy@@GLIBC_2.4
                0x0000af90                cvGetSeqElem
                0x0000af9c                cvGetCols
                0x0000afa8                cvRodrigues2
                0x0000afb4                pthread_key_delete@@GLIBC_2.4
                0x0000afc0                open@@GLIBC_2.4
                0x0000afcc                pthread_key_create@@GLIBC_2.4
                0x0000afd8                cvRead
                0x0000afe4                cvSobel
                0x0000aff0                strcpy@@GLIBC_2.4
                0x0000affc                raise@@GLIBC_2.4
                0x0000b008                pthread_self@@GLIBC_2.4
                0x0000b014                cvReshape
                0x0000b020                pthread_setschedparam@@GLIBC_2.4
                0x0000b02c                cvEndDSP
                0x0000b038                sem_wait@@GLIBC_2.4
                0x0000b044                _IO_getc@@GLIBC_2.4
                0x0000b050                gettimeofday@@GLIBC_2.4
                0x0000b05c                pthread_join@@GLIBC_2.4
                0x0000b068                sched_yield@@GLIBC_2.4
                0x0000b074                cvPerspectiveTransform
                0x0000b080                malloc@@GLIBC_2.4
                0x0000b08c                mmap@@GLIBC_2.4
                0x0000b098                cvCreateMat
                0x0000b0a4                pthread_sigmask@@GLIBC_2.4
                0x0000b0b0                cvTransform
                0x0000b0bc                strlen@@GLIBC_2.4
                0x0000b0c8                pthread_mutex_destroy@@GLIBC_2.4
                0x0000b0d4                cvSet
                0x0000b0e0                cvQueryFrame
                0x0000b0ec                cvReleaseGraphScanner
                0x0000b0f8                cvKMeans2
                0x0000b104                getpid@@GLIBC_2.4
                0x0000b110                pthread_mutexattr_destroy@@GLIBC_2.4
                0x0000b11c                cvCalcArrHist
                0x0000b128                cvInitFont
                0x0000b134                cvDestroyWindow
                0x0000b140                cvConvexHull2
                0x0000b14c                cvCalcEMD2
                0x0000b158                pthread_attr_init@@GLIBC_2.4
                0x0000b164                __strtol_internal@@GLIBC_2.4
                0x0000b170                cvSetAdd
                0x0000b17c                pthread_mutexattr_init@@GLIBC_2.4
                0x0000b188                munmap@@GLIBC_2.4
                0x0000b194                sprintf@@GLIBC_2.4
                0x0000b1a0                fflush@@GLIBC_2.4
                0x0000b1ac                cvFindFundamentalMat
                0x0000b1b8                perror@@GLIBC_2.4
                0x0000b1c4                cvNamedWindow
                0x0000b1d0                vfprintf@@GLIBC_2.4
                0x0000b1dc                strcmp@@GLIBC_2.4
                0x0000b1e8                cvCvtColor
                0x0000b1f4                memcmp@@GLIBC_2.4
                0x0000b200                cvAlloc
                0x0000b20c                pthread_cancel@@GLIBC_2.4
                0x0000b218                cvCircle
                0x0000b224                memset@@GLIBC_2.4
                0x0000b230                cvInitSubdivDelaunay2D
                0x0000b23c                getenv@@GLIBC_2.4
                0x0000b248                cvInvert
                0x0000b254                cvSum
                0x0000b260                cvProjectPoints2
                0x0000b26c                cvPow
                0x0000b278                cvCalibrateCamera2
                0x0000b284                cvAddS
                0x0000b290                cvShowImage
                0x0000b29c                sem_init@@GLIBC_2.4
                0x0000b2a8                __cxa_atexit@@GLIBC_2.4
                0x0000b2b4                pthread_create@@GLIBC_2.4
                0x0000b2c0                abort@@GLIBC_2.4
                0x0000b2cc                cvMinAreaRect2
                0x0000b2d8                exit@@GLIBC_2.4
                0x0000b2e4                cvCreateFileCapture
                0x0000b2f0                pthread_attr_getstacksize@@GLIBC_2.4
                0x0000b2fc                cvBoxPoints
                0x0000b308                exp@@GLIBC_2.4
                0x0000b314                calloc@@GLIBC_2.4
                0x0000b320                cvCreateSubdiv2D
                0x0000b32c                ftok@@GLIBC_2.4
                0x0000b338                log@@GLIBC_2.4
                0x0000b344                cvUndistort2
                0x0000b350                cvIntegral
                0x0000b35c                cvHoughLines2
                0x0000b368                read@@GLIBC_2.4
                0x0000b374                cvCreateImageHeader
                0x0000b380                pthread_mutex_unlock@@GLIBC_2.4
                0x0000b38c                usleep@@GLIBC_2.4
                0x0000b398                fopen@@GLIBC_2.4
                0x0000b3a4                pthread_mutex_init@@GLIBC_2.4
                0x0000b3b0                semget@@GLIBC_2.4
                0x0000b3bc                cvRandArr
                0x0000b3c8                fileno@@GLIBC_2.4
                0x0000b3d4                ioctl@@GLIBC_2.4
                0x0000b3e0                fputs@@GLIBC_2.4
                0x0000b3ec                cvCreateGraphScanner
                0x0000b3f8                nanosleep@@GLIBC_2.4
                0x0000b404                pthread_exit@@GLIBC_2.4
                0x0000b410                cvGetFileNodeByName

.text           0x0000b420    0x2c844
 *(.text .stub .text.* .gnu.linkonce.t.*)
 .text          0x0000b420       0x38 /media/disk/OE/build/tmp-angstrom_2008_1/sysroots/armv7a-angstrom-linux-gnueabi/usr/lib/crt1.o
                0x0000b420                _start
 .text          0x0000b458       0x24 /media/disk/OE/build/tmp-angstrom_2008_1/sysroots/armv7a-angstrom-linux-gnueabi/usr/lib/crti.o
 .text          0x0000b47c       0x54 /media/disk/OE/build/tmp-angstrom_2008_1/cross/armv7a/lib/gcc/arm-angstrom-linux-gnueabi/4.3.3/crtbegin.o
 .text          0x0000b4d0     0x5160 linux/app.evm3530.ov5T
                0x0000fda8                main
 .text          0x00010630      0x248 /media/disk/test/opencv-dsp-acceleration/dsp_opencv/beagle/apps/opencv/cfg/linux/remote_ti_platforms_evm3530/package/cfg/remote_ti_platforms_evm3530_xv5T.ov5T
                0x00010644                LAD_getDspStatus
                0x000106a8                CERuntime_init
                0x00010694                RMAN_init
                0x0001065c                DMAN3_CE_init
                0x0001069c                RMAN_exit
                0x0001064c                LAD_releaseDsp
                0x00010874                ti_sdo_ce_CERuntime_init__F
                0x000106a4                CERuntime_exit
                0x00010684                RMAN_deactivateAllResources
                0x00010664                DMAN3_grantDmaChannels
                0x0001066c                DMAN3_releaseDmaChannels
                0x00010630                IPC_generatedInit
                0x00010674                RMAN_activateAllResources
                0x0001063c                LAD_disconnect
                0x00010634                LAD_connect
                0x0001068c                RMAN_freeResources
                0x00010654                LAD_startupDsp
                0x0001067c                RMAN_assignResources
                0x00010660                DMAN3_CE_exit
 .text          0x00010878      0xc64 /media/disk/OE/work/ti/ti-codec-engine-tree/packages/ti/sdo/ce/universal/lib/release/universal.av5T(universal_stubs.ov5T)
                0x00011104                UNIVERSAL_processWait
                0x0001133c                UNIVERSAL_processAsync
 .text          0x000114dc      0x7f4 /media/disk/OE/work/ti/ti-codec-engine-tree/packages/ti/sdo/ce/universal/lib/release/universal.av5T(universal.ov5T)
                0x000117ec                UNIVERSAL_delete
                0x00011888                UNIVERSAL_create
                0x00011990                UNIVERSAL_process
                0x000114dc                UNIVERSAL_control
 .text          0x00011cd0      0xa80 /media/disk/OE/work/ti/ti-codec-engine-tree/packages/ti/sdo/ce/lib/release/ce.av5T(Server.ov5T)
                0x000123b8                Server_getCpuLoad
                0x00011e60                Server_restoreHeap
                0x00012458                Server_fwriteTrace
                0x0001219c                Server_getNumMemSegs
                0x00011da4                Server_setTrace
                0x00011f64                Server_redefineHeap
                0x0001262c                Server_connectTrace
                0x000120b4                Server_init
                0x000122b0                Server_getMemStat
                0x00012518                Server_disconnectTrace
 .text          0x00012750     0x2ef8 /media/disk/OE/work/ti/ti-codec-engine-tree/packages/ti/sdo/ce/lib/release/ce.av5T(Engine.ov5T)
                0x00014954                Engine_close
                0x0001276c                Engine_getRemoteVisa
                0x000153e0                Engine_getCodecClassConfig
                0x000133bc                Engine_getNumMemSegs
                0x00014188                Engine_createNode2
                0x000127f8                Engine_hasServer
                0x00015460                Engine_getMemId
                0x00013f5c                Engine_call
                0x000148b0                Engine_createNode
                0x00013e9c                Engine_callWait
                0x00012880                Engine_ctrlNode
                0x0001538c                Engine_getLocalEngine
                0x000131d4                Engine_getAlgMemRecs
                0x00014af8                Engine_open
                0x00015480                Engine_getFxns
                0x00013ef4                Engine_callAsync
                0x000127cc                Engine_getNodeQueues
                0x00012dc0                Engine_releaseTraceToken
                0x00012bd8                Engine_restoreHeap
                0x00014010                Engine_deleteNode
                0x00012d48                Engine_requestTraceToken
                0x0001367c                Engine_getNumAlgs
                0x00015574                Engine_getConstName
                0x00012750                Engine_getEngine
                0x00012760                Engine_getName
                0x00013738                Engine_getAlgInfo
                0x00012804                Engine_getServer
                0x00012964                Engine_setTrace
                0x00012758                Engine_getLastError
                0x0001387c                Engine_init
                0x00012fb0                Engine_getCpuLoad
                0x00013a84                Engine_fwriteTrace
                0x0001309c                Engine_getAlgNumRecs
                0x000134c0                Engine_getMemStat
                0x00012e28                Engine_redefineHeap
                0x00012af4                Engine_getUsedMem
 .text          0x00015648     0x10cc /media/disk/OE/work/ti/ti-codec-engine-tree/packages/ti/sdo/ce/lib/release/ce.av5T(visa.ov5T)
                0x00015648                VISA_getAlgFxns
                0x00015b20                VISA_delete
                0x0001566c                VISA_getCodecClassConfig
                0x00015e24                VISA_callAsync
                0x00015854                VISA_getAlgHandle
                0x00015650                VISA_getAlgorithmHandle
                0x00015870                VISA_freeMsg
                0x00015ce4                VISA_wait
                0x00015978                VISA_exit
                0x00015ef4                VISA_call
                0x00015808                VISA_getAlgMemRecs
                0x00015658                VISA_getContext
                0x00015664                VISA_setContext
                0x000156e0                VISA_allocMsg
                0x00016654                VISA_create
                0x00015a48                VISA_enter
                0x00015674                VISA_isLocal
                0x000157c0                VISA_getAlgNumRecs
                0x00015fc8                VISA_create2
                0x0001567c                VISA_getMaxMsgSize
 .text          0x00016714        0x0 /media/disk/OE/work/ti/ti-codec-engine-tree/packages/ti/sdo/ce/lib/release/ce.av5T(package_ti.sdo.ce.ov5T)
 .text          0x00016714      0x800 /media/disk/OE/work/ti/ti-codec-engine-tree/packages/ti/sdo/ce/alg/lib/release/Algorithm_noOS.av5T(Algorithm_noOS.ov5T)
                0x00016a2c                Algorithm_create
                0x00016934                Algorithm_deactivate
                0x00016cbc                Algorithm_activate
                0x00016e64                Algorithm_acquireLock
                0x00016790                Algorithm_exit
                0x0001672c                Algorithm_init
                0x00016714                Algorithm_getAlgHandle
                0x0001671c                Algorithm_getMemRecs
                0x00016724                Algorithm_getNumRecs
                0x00016820                Algorithm_delete
                0x00016d70                Algorithm_releaseLock
 .text          0x00016f14      0x388 /media/disk/OE/work/ti/ti-codec-engine-tree/packages/ti/sdo/ce/alg/lib/release/alg.av5T(alg_create.ov5T)
                0x00016f84                ALG_create
                0x00016f14                ALG_delete
 .text          0x0001729c      0x628 /media/disk/OE/work/ti/ti-codec-engine-tree/packages/ti/sdo/ce/alg/lib/release/alg.av5T(alg_malloc.ov5T)
                0x00017834                ALG_acquireLock
                0x000175c8                ALG_exit
                0x0001729c                _ALG_freeMemory
                0x00017788                ALG_activate
                0x000176fc                ALG_releaseLock
                0x00017424                ALG_init
                0x00017654                ALG_deactivate
                0x00017348                _ALG_allocMemory
 .text          0x000178c4     0x3770 /media/disk/OE/work/ti/ti-codec-engine-tree/packages/ti/sdo/ce/ipc/dsplink/lib/release/ipc_dsplink_3530.av5T(Processor_dsplink.ov5T)
                0x0001ad1c                Processor_delete
                0x000198e4                Processor_init
                0x0001ae48                Processor_create
                0x000178c4                Processor_wait
                0x000178cc                dumpLinkCfgObj
 .text          0x0001b034      0x5a4 /media/disk/OE/work/ti/ti-codec-engine-tree/packages/ti/sdo/ce/ipc/dsplink/lib/release/ipc_dsplink_3530.av5T(Power_dsplink.ov5T)
                0x0001b034                Power_disconnect
                0x0001b138                Power_connect
                0x0001b3ac                Power_on
                0x0001b23c                Power_off
                0x0001b54c                Power_init
 .text          0x0001b5d8      0xe10 /media/disk/OE/work/ti/ti-codec-engine-tree/packages/ti/sdo/ce/ipc/dsplink/lib/release/ipc_dsplink_3530.av5T(Comm_dsplink.ov5T)
                0x0001ba74                Comm_init
                0x0001bf3c                Comm_delete
                0x0001b5d8                Comm_getMsgSize
                0x0001b7a4                Comm_put
                0x0001b6cc                Comm_release
                0x0001bb80                Comm_getSrcQueue
                0x0001b894                Comm_locate
                0x0001c09c                Comm_create
                0x0001bea4                Comm_exit
                0x0001b648                Comm_setSrcQueue
                0x0001c268                Comm_alloc
                0x0001bc00                Comm_get
                0x0001bdcc                Comm_free
 .text          0x0001c3e8        0x0 /media/disk/OE/work/ti/ti-codec-engine-tree/packages/ti/sdo/ce/ipc/dsplink/lib/release/ipc_dsplink_3530.av5T(Processor_dsplink_linkcfg_OMAP3530.ov5T)
 .text          0x0001c3e8        0x0 /media/disk/OE/work/ti/ti-codec-engine-tree/packages/ti/sdo/ce/ipc/dsplink/lib/release/ipc_dsplink_3530.av5T(Processor_dsplink_linkcfg_OS.ov5T)
 .text          0x0001c3e8      0x548 /media/disk/OE/work/ti/ti-codec-engine-tree/packages/ti/sdo/ce/osal/linux/lib/release/osal_linux_470.av5T(LockMP_posix.ov5T)
                0x0001c624                LockMP_delete
                0x0001c458                LockMP_release
                0x0001c3e8                LockMP_getCount
                0x0001c800                LockMP_acquire
                0x0001c5c4                LockMP_init
                0x0001c6cc                LockMP_create
                0x0001c61c                LockMP_getRefCount
 .text          0x0001c930       0xe8 /media/disk/OE/work/ti/ti-codec-engine-tree/packages/ti/sdo/ce/osal/linux/lib/release/osal_linux_470.av5T(Queue_posix.ov5T)
                0x0001c9d0                Queue_get
                0x0001c934                Queue_init
                0x0001c930                Queue_exit
                0x0001c984                Queue_put
                0x0001c93c                Queue_extract
 .text          0x0001ca18       0xec /media/disk/OE/work/ti/ti-codec-engine-tree/packages/ti/sdo/ce/osal/linux/lib/release/osal_linux_470.av5T(GT_config_libC.ov5T)
                0x0001ca20                GTConfig_error
                0x0001caa8                GTConfig_vprintf
                0x0001ca18                GTConfig_nop
                0x0001cb00                GTConfig_libcMalloc
                0x0001cafc                GTConfig_libcFree
 .text          0x0001cb04       0x2c /media/disk/OE/work/ti/ti-codec-engine-tree/packages/ti/sdo/ce/osal/linux/lib/release/osal_linux_470.av5T(File_posix.ov5T)
                0x0001cb04                File_init
                0x0001cb08                File_stat
 .text          0x0001cb30     0x14a0 /media/disk/OE/work/ti/ti-codec-engine-tree/packages/ti/sdo/ce/osal/linux/lib/release/osal_linux_470.av5T(Memory_cmem.ov5T)
                0x0001cc34                Memory_segStat
                0x0001ccb0                Memory_cacheWbInv
                0x0001d09c                Memory_free
                0x0001cb6c                Memory_exit
                0x0001cb70                Memory_contigStat
                0x0001cb7c                Memory_dumpKnownContigBufsList
                0x0001cb4c                Memory_getHeapId
                0x0001d2fc                Memory_unregisterContigBuf
                0x0001d960                Memory_registerContigBuf
                0x0001cb64                Memory_restoreHeap
                0x0001ccb8                Memory_cacheInv
                0x0001d424                Memory_contigFree
                0x0001d964                Memory_getBufferPhysicalAddress
                0x0001d49c                Memory_segAlloc
                0x0001d4a4                Memory_alloc
                0x0001ccb4                Memory_cacheWb
                0x0001dfc4                Memory_contigAlloc
                0x0001cb54                Memory_getNumHeaps
                0x0001cb5c                Memory_redefine
                0x0001d1ac                Memory_segFree
                0x0001cef8                Memory_init
                0x0001ccbc                Memory_getBufferVirtualAddress
 .text          0x0001dfd0      0x2dc /media/disk/OE/work/ti/ti-codec-engine-tree/packages/ti/sdo/ce/osal/linux/lib/release/osal_linux_470.av5T(Global_noOS.ov5T)
                0x0001e258                Global_abort
                0x0001dfd0                Global_getCpuLoad
                0x0001e1a4                Global_atexit
                0x0001dfdc                Global_init
                0x0001e0d0                Global_getProcessId
                0x0001e0d4                Global_getenv
                0x0001e0d8                Global_exit
                0x0001dfd8                Global_setSpecialTrace
 .text          0x0001e2ac      0x920 /media/disk/OE/work/ti/ti-codec-engine-tree/packages/ti/sdo/ce/osal/linux/lib/release/osal_linux_470.av5T(Thread_posix.ov5T)
                0x0001e458                Thread_stat
                0x0001e970                Thread_create
                0x0001e384                Thread_getpri
                0x0001e4ec                Thread_setpri
                0x0001e6d4                Thread_init
                0x0001e770                Thread_exit
                0x0001e604                Thread_join
                0x0001e318                Thread_getname
                0x0001e594                Thread_self
                0x0001e800                Thread_delete
                0x0001e2ac                Thread_getenv
                0x0001e3f0                Thread_yield
 .text          0x0001ebcc       0x14 /media/disk/OE/work/ti/ti-codec-engine-tree/packages/ti/sdo/ce/osal/linux/lib/release/osal_linux_470.av5T(Log_noOS.ov5T)
                0x0001ebd0                Log_event
                0x0001ebd4                Log_printf
                0x0001ebcc                Log_init
 .text          0x0001ebe0      0x13c /media/disk/OE/work/ti/ti-codec-engine-tree/packages/ti/sdo/ce/osal/linux/lib/release/osal_linux_470.av5T(Lock_posix.ov5T)
                0x0001ebe4                Lock_delete
                0x0001ebe0                Lock_release
                0x0001ec70                Lock_create
                0x0001ed18                Lock_acquire
                0x0001ecc4                Lock_init
 .text          0x0001ed1c      0x3bc /media/disk/OE/work/ti/ti-codec-engine-tree/packages/ti/sdo/ce/osal/linux/lib/release/osal_linux_470.av5T(GT_config_posix.ov5T)
                0x0001edfc                GTConfig_tracePrintf
                0x0001edf8                GTConfig_threadId
                0x0001ee6c                GT_config_setOutTrace
                0x0001ed1c                GTConfig_pthreadUnlock
                0x0001eea0                GTConfig_posixInit
                0x0001ed44                GTConfig_pthreadLock
                0x0001ed6c                GTConfig_gettimeofday
 .text          0x0001f0d8      0xbb4 /media/disk/OE/work/ti/ti-codec-engine-tree/packages/ti/sdo/ce/osal/linux/lib/release/osal_linux_470.av5T(SemMP_posix.ov5T)
                0x0001f8f4                SemMP_create
                0x0001f544                SemMP_getCount
                0x0001f534                SemMP_getRefCount
                0x0001f674                SemMP_delete
                0x0001f150                SemMP_post
                0x0001f3ac                SemMP_init
                0x0001f23c                SemMP_pend
 .text          0x0001fc8c      0x47c /media/disk/OE/work/ti/ti-codec-engine-tree/packages/ti/sdo/ce/osal/linux/lib/release/osal_linux_470.av5T(Sem_posix.ov5T)
                0x0001fe80                Sem_init
                0x0001fda0                Sem_pend
                0x0001fed8                Sem_getCount
                0x0001fd00                Sem_post
                0x0001ffe4                Sem_create
                0x0001ff48                Sem_delete
 .text          0x00020108      0x828 /media/disk/OE/work/ti/ti-codec-engine-tree/packages/ti/sdo/ce/utils/xdm/lib/release/XdmUtils.av5T(XdmUtils.ov5T)
                0x00020108                XdmUtils_validateVideo1BufDesc
                0x0002066c                XdmUtils_validateSparseBufDesc
                0x0002030c                XdmUtils_validateVideoBufDesc
                0x00020510                XdmUtils_validateSparseBufDesc1
                0x000207c0                XdmUtils_validateExtendedStruct
                0x000208f0                XdmUtils_init
 .text          0x00020930      0xf5c /media/disk/OE/work/ti/ti-framework-components-tree/packages/ti/sdo/utils/trace/lib/release/gt.av5T(gt.ov5T)
                0x0002136c                GT_getModNameFlags
                0x000215dc                _GT_set
                0x00020930                GT_curTime
                0x00021824                _GT_create
                0x00020ac4                _GT_trace
                0x0002096c                GT_disable
                0x000209ac                GT_enable
                0x000209cc                GT_init
 .text          0x0002188c      0x218 /media/disk/OE/work/ti/ti-local-power-manager-tree/packages/ti/bios/power/lib/release/lpm_linux.av5T(lpm_api.ov5T)
                0x0002190c                LPM_on
                0x00021a00                LPM_open
                0x000219b8                LPM_connect
                0x00021894                LPM_regExtPowerOff
                0x0002188c                LPM_exit
                0x000218a4                LPM_setPowerState
                0x00021990                LPM_disconnect
                0x000219e0                LPM_clear
                0x00021968                LPM_off
                0x000218c4                LPM_set
                0x0002189c                LPM_regExtPowerOn
                0x00021890                LPM_init
                0x00021a84                LPM_close
                0x000218e4                LPM_resume
 .text          0x00021aa4      0xa78 /media/disk/OE/work/ti/ti-linuxutils-tree/packages/ti/sdo/linuxutils/cmem/lib/cmem.a470MV(cmem.o470MV)
                0x000223b0                CMEM_alloc
                0x0002215c                CMEM_allocPool
                0x00022158                CMEM_allocPool2
                0x0002216c                CMEM_registerAlloc
                0x000223c0                CMEM_init
                0x00021f34                CMEM_getPool
                0x00021b34                CMEM_exit
                0x00021d30                CMEM_cacheWbInv
                0x00021e38                CMEM_getPhys
                0x00021db4                CMEM_cacheWb
                0x00021c3c                CMEM_getVersion
                0x00021f40                CMEM_free
                0x00021f30                CMEM_getPool2
                0x000223ac                CMEM_alloc2
                0x00021c2c                CMEM_getBlock
                0x0002200c                CMEM_unregister
                0x00021c24                CMEM_getBlockAttrs
                0x00021cac                CMEM_cacheInv
 .text          0x0002251c    0x14640 /media/disk/OE/work/ti/ti-dsplink-tree/packages/dsplink/gpp/export/BIN/Linux/OMAP3530/RELEASE/dsplink.lib
                0x000231a4                _MPLIST_moduleInit
                0x00028a40                _SYNC_USR_enterCS
                0x00028b5c                _SYNC_USR_leaveCS
                0x00029940                DRV_Finalize
                0x00028390                _SYNC_USR_init
                0x000290ec                CHNL_freeBuffer
                0x00036948                RingIO_getEmptyAttrSize
                0x000322dc                PROC_GetSymbolAddress
                0x00024424                _RingIO_moduleExit
                0x0002d6d4                MPLIST_isEmpty
                0x00030b50                PROC_destroy
                0x00030f3c                PROC_attach
                0x0002db1c                MPLIST_putTail
                0x0002618c                _RingIO_writerFlush
                0x00032424                PROC_resetCurStatus
                0x00034714                RingIO_acquire
                0x00024604                _RingIO_init
                0x000226bc                _IDM_USR_acquireId
                0x0002ed50                MSGQ_open
                0x00036734                RingIO_getValidAttrSize
                0x0002f3d8                MSGQ_getSrcQueue
                0x00025ca8                _RingIO_readerGetvAttribute
                0x00027c80                _RingIO_getContiguousDataSize
                0x000267f4                _RingIO_readerFlush
                0x00028d28                _SYNC_USR_stateObjInit
                0x000291ec                CHNL_issue
                0x0002ef8c                MSGQ_locateAsync
                0x00031d50                PROC_read
                0x00030738                PROC_setup
                0x00023024                _MPCS_OS_open
                0x00022574                _IDM_USR_exit
                0x0002581c                _RingIO_writerSetvAttribute
                0x00033848                RingIO_open
                0x0002f0f4                MSGQ_alloc
                0x00022c98                _MPCS_open
                0x000320f4                PROC_stop
                0x0002e924                MSGQ_transportOpen
                0x000293cc                CHNL_idle
                0x000286ac                _SYNC_USR_createCS
                0x00024954                _RingIO_writerAcquire
                0x0002fb64                POOL_open
                0x00027720                _RingIO_getFirstAcquiredAttr
                0x00023400                _MPLIST_moduleExit
                0x0002eec0                MSGQ_locate
                0x000351a4                RingIO_setAttribute
                0x000227d0                _MEM_USR_init
                0x00030438                POOL_writeback
                0x000270ac                _RingIO_readerCancel
                0x000305b8                POOL_invalidate
                0x0002c42c                MPCS_enter
                0x000230f0                _MPCS_OS_close
                0x000275bc                _RingIO_initInstance
                0x00036270                RingIO_sendNotify
                0x00022658                _IDM_USR_delete
                0x00034e1c                RingIO_cancel
                0x0003254c                RingIO_create
                0x0002418c                _RingIO_moduleInit
                0x00028300                _RingIO_acquireLock
                0x0002c2ac                MPCS_close
                0x0003584c                RingIO_flush
                0x00032524                PROC_Setup
                0x000235a4                _MPLIST_init
                0x00031d0c                PROC_loadSection
                0x0002f838                NOTIFY_unregister
                0x0002b4b8                DRV_ProtectExit
                0x00035548                RingIO_setvAttribute
                0x0002f24c                MSGQ_put
                0x0002be1c                MPCS_delete
                0x0002f06c                MSGQ_release
                0x0002e348                MPLIST_next
                0x00027f2c                RingIO_notifyCallback
                0x000225cc                _IDM_USR_create
                0x0002f1cc                MSGQ_free
                0x00035c84                RingIO_setNotifier
                0x0002b674                DRV_ProtectLeave
                0x00030044                POOL_free
                0x0002b370                DRV_ProtectInit
                0x00036520                RingIO_getEmptySize
                0x0002c68c                MPCS_leave
                0x00031918                PROC_getState
                0x000271ac                _RingIO_callNotifier
                0x0002e5e0                MPLIST_getHead
                0x0002f47c                MSGQ_count
                0x00031ec8                PROC_start
                0x00022760                _IDM_USR_releaseId
                0x00023da8                _POOL_init
                0x00028534                _SYNC_USR_exit
                0x0002f52c                MSGQ_setErrorHandler
                0x00034104                RingIO_close
                0x00028944                _SYNC_USR_deleteCS
                0x00028c64                _SYNC_USR_sleep
                0x00027e4c                _RingIO_isOffsetInBetween
                0x0002c18c                MPCS_open
                0x00023898                _NOTIFY_init
                0x00035234                RingIO_getvAttribute
                0x00028fd8                CHNL_allocateBuffer
                0x00027fd8                _RingIO_updateAttributes
                0x0002fda4                POOL_close
                0x00027464                _RingIO_checkNotifier
                0x00024794                _RingIO_exit
                0x0002b554                DRV_ProtectEnter
                0x0002294c                _MEM_USR_free
                0x00029630                DRV_Initialize
                0x000300fc                POOL_translateAddr
                0x00035120                RingIO_getAttribute
                0x0002ee38                MSGQ_close
                0x00023b30                _NOTIFY_exit
                0x0002ff8c                POOL_alloc
                0x00034a58                RingIO_release
                0x000278a4                _RingIO_getFirstAttr
                0x0003630c                RingIO_getValidSize
                0x00023714                _MPLIST_exit
                0x0002558c                _RingIO_readerRelease
                0x000292e4                CHNL_reclaim
                0x0002d7e4                MPLIST_insertBefore
                0x00024ccc                _RingIO_readerAcquire
                0x00022b08                _MPCS_exit
                0x0002d0d0                MPLIST_open
                0x0002eb68                MSGQ_transportClose
                0x00027a74                _RingIO_releaseAttribute
                0x000227fc                _MEM_USR_exit
                0x00026dcc                _RingIO_writerCancel
                0x00031b28                PROC_load
                0x0002de48                MPLIST_removeElement
                0x0002f9d8                NOTIFY_notify
                0x000228b8                _MEM_USR_calloc
                0x000314b8                PROC_detach
                0x0002e148                MPLIST_first
                0x00028da8                CHNL_create
                0x0002251c                _IDM_USR_init
                0x00022828                _MEM_USR_alloc
                0x0002ccc8                MPLIST_delete
                0x00030224                POOL_getPoolId
                0x00032fe8                RingIO_delete
                0x00028f14                CHNL_delete
                0x00028348                _RingIO_releaseLock
                0x00031e0c                PROC_write
                0x00025310                _RingIO_writerRelease
                0x0003238c                PROC_control
                0x00023e88                _POOL_exit
                0x00029554                CHNL_control
                0x0002b990                MPCS_create
                0x00029490                CHNL_flush
                0x0002f2ec                MSGQ_get
                0x0002d4b4                MPLIST_close
                0x0002c814                MPLIST_create
                0x0002f5a0                NOTIFY_register
                0x000229b4                _MPCS_init
                0x00029abc                DRV_Invoke
                0x00023f68                _POOL_xltBuf
 .text          0x00036b5c       0xc4 /media/disk/OE/build/tmp-angstrom_2008_1/cross/armv7a/lib/gcc/arm-angstrom-linux-gnueabi/4.3.3/libgcc.a(_udivsi3.o)
                0x00036b5c                __aeabi_uidiv
                0x00036c08                __aeabi_uidivmod
                0x00036b5c                __udivsi3
 .text          0x00036c20      0x3b8 /media/disk/OE/build/tmp-angstrom_2008_1/cross/armv7a/lib/gcc/arm-angstrom-linux-gnueabi/4.3.3/libgcc.a(_addsubdf3.o)
                0x00036ed8                __floatunsidf
                0x00036f24                __extendsfdf2
                0x00036efc                __floatsidf
                0x00036c2c                __adddf3
                0x00036f78                __floatdidf
                0x00036f78                __aeabi_l2d
                0x00036f24                __aeabi_f2d
                0x00036c20                __aeabi_drsub
                0x00036c2c                __aeabi_dadd
                0x00036efc                __aeabi_i2d
                0x00036f64                __floatundidf
                0x00036c28                __subdf3
                0x00036ed8                __aeabi_ui2d
                0x00036f64                __aeabi_ul2d
                0x00036c28                __aeabi_dsub
 .text          0x00036fd8      0x470 /media/disk/OE/build/tmp-angstrom_2008_1/cross/armv7a/lib/gcc/arm-angstrom-linux-gnueabi/4.3.3/libgcc.a(_muldivdf3.o)
                0x00036fd8                __muldf3
                0x00036fd8                __aeabi_dmul
                0x00037244                __divdf3
                0x00037244                __aeabi_ddiv
 .text          0x00037448      0x128 /media/disk/OE/build/tmp-angstrom_2008_1/cross/armv7a/lib/gcc/arm-angstrom-linux-gnueabi/4.3.3/libgcc.a(_cmpdf2.o)
                0x00037520                __aeabi_dcmplt
                0x00037448                __gtdf2
                0x0003755c                __aeabi_dcmpgt
                0x00037450                __ledf2
                0x00037534                __aeabi_dcmple
                0x00037458                __cmpdf2
                0x000374f8                __aeabi_cdcmple
                0x00037458                __nedf2
                0x00037458                __eqdf2
                0x000374dc                __aeabi_cdrcmple
                0x000374f8                __aeabi_cdcmpeq
                0x00037548                __aeabi_dcmpge
                0x00037450                __ltdf2
                0x00037448                __gedf2
                0x0003750c                __aeabi_dcmpeq
 .text          0x00037570       0x5c /media/disk/OE/build/tmp-angstrom_2008_1/cross/armv7a/lib/gcc/arm-angstrom-linux-gnueabi/4.3.3/libgcc.a(_fixdfsi.o)
                0x00037570                __aeabi_d2iz
                0x00037570                __fixdfsi
 .text          0x000375cc       0xa0 /media/disk/OE/build/tmp-angstrom_2008_1/cross/armv7a/lib/gcc/arm-angstrom-linux-gnueabi/4.3.3/libgcc.a(_truncdfsf2.o)
                0x000375cc                __aeabi_d2f
                0x000375cc                __truncdfsf2
 .text          0x0003766c      0x250 /media/disk/OE/build/tmp-angstrom_2008_1/cross/armv7a/lib/gcc/arm-angstrom-linux-gnueabi/4.3.3/libgcc.a(_addsubsf3.o)
                0x00037830                __floatundisf
                0x00037678                __aeabi_fadd
                0x00037678                __addsf3
                0x00037674                __aeabi_fsub
                0x0003766c                __aeabi_frsub
                0x00037810                __floatsisf
                0x00037810                __aeabi_i2f
                0x00037840                __floatdisf
                0x00037840                __aeabi_l2f
                0x00037830                __aeabi_ul2f
                0x00037808                __floatunsisf
                0x00037674                __subsf3
                0x00037808                __aeabi_ui2f
 .text          0x000378bc      0x2f8 /media/disk/OE/build/tmp-angstrom_2008_1/cross/armv7a/lib/gcc/arm-angstrom-linux-gnueabi/4.3.3/libgcc.a(_muldivsf3.o)
                0x00037a54                __divsf3
                0x000378bc                __mulsf3
                0x00037a54                __aeabi_fdiv
                0x000378bc                __aeabi_fmul
 .text          0x00037bb4       0x10 /media/disk/OE/build/tmp-angstrom_2008_1/cross/armv7a/lib/gcc/arm-angstrom-linux-gnueabi/4.3.3/libgcc.a(_dvmd_lnx.o)
                0x00037bb4                __div0
 .text          0x00037bc4       0x78 /media/disk/OE/build/tmp-angstrom_2008_1/sysroots/armv7a-angstrom-linux-gnueabi/usr/lib/libc_nonshared.a(elf-init.oS)
                0x00037bc4                __libc_csu_fini
                0x00037bc8                __libc_csu_init
 .text          0x00037c3c       0x28 /media/disk/OE/build/tmp-angstrom_2008_1/sysroots/armv7a-angstrom-linux-gnueabi/usr/lib/libc_nonshared.a(atexit.oS)
                0x00037c3c                atexit
 .text          0x00037c64        0x0 /media/disk/OE/build/tmp-angstrom_2008_1/cross/armv7a/lib/gcc/arm-angstrom-linux-gnueabi/4.3.3/crtend.o
 .text          0x00037c64        0x0 /media/disk/OE/build/tmp-angstrom_2008_1/sysroots/armv7a-angstrom-linux-gnueabi/usr/lib/crtn.o
 *(.gnu.warning)
 *(.glue_7t)
 .glue_7t       0x00037c64        0x0 /media/disk/OE/build/tmp-angstrom_2008_1/sysroots/armv7a-angstrom-linux-gnueabi/usr/lib/crt1.o
 .glue_7t       0x00037c64        0x0 /media/disk/OE/build/tmp-angstrom_2008_1/sysroots/armv7a-angstrom-linux-gnueabi/usr/lib/crti.o
 .glue_7t       0x00037c64        0x0 /media/disk/OE/build/tmp-angstrom_2008_1/cross/armv7a/lib/gcc/arm-angstrom-linux-gnueabi/4.3.3/crtbegin.o
 .glue_7t       0x00037c64        0x0 /media/disk/OE/build/tmp-angstrom_2008_1/sysroots/armv7a-angstrom-linux-gnueabi/lib/libpthread.so.0
 .glue_7t       0x00037c64        0x0 /media/disk/OE/build/tmp-angstrom_2008_1/sysroots/armv7a-angstrom-linux-gnueabi/usr/lib/libm.so
 .glue_7t       0x00037c64        0x0 /media/disk/OE/build/tmp-angstrom_2008_1/sysroots/armv7a-angstrom-linux-gnueabi/usr/lib/libopencv_ml.so
 .glue_7t       0x00037c64        0x0 /media/disk/OE/build/tmp-angstrom_2008_1/sysroots/armv7a-angstrom-linux-gnueabi/usr/lib/libopencv_highgui.so
 .glue_7t       0x00037c64        0x0 /media/disk/OE/build/tmp-angstrom_2008_1/sysroots/armv7a-angstrom-linux-gnueabi/usr/lib/libopencv_core.so
 .glue_7t       0x00037c64        0x0 /media/disk/OE/build/tmp-angstrom_2008_1/sysroots/armv7a-angstrom-linux-gnueabi/usr/lib/libopencv_calib3d.so
 .glue_7t       0x00037c64        0x0 /media/disk/OE/build/tmp-angstrom_2008_1/sysroots/armv7a-angstrom-linux-gnueabi/usr/lib/libopencv_contrib.so
 .glue_7t       0x00037c64        0x0 /media/disk/OE/build/tmp-angstrom_2008_1/sysroots/armv7a-angstrom-linux-gnueabi/usr/lib/libopencv_features2d.so
 .glue_7t       0x00037c64        0x0 /media/disk/OE/build/tmp-angstrom_2008_1/sysroots/armv7a-angstrom-linux-gnueabi/usr/lib/libopencv_imgproc.so
 .glue_7t       0x00037c64        0x0 /media/disk/OE/build/tmp-angstrom_2008_1/sysroots/armv7a-angstrom-linux-gnueabi/usr/lib/libopencv_legacy.so
 .glue_7t       0x00037c64        0x0 /media/disk/OE/build/tmp-angstrom_2008_1/sysroots/armv7a-angstrom-linux-gnueabi/usr/lib/libopencv_objdetect.so
 .glue_7t       0x00037c64        0x0 /media/disk/OE/build/tmp-angstrom_2008_1/sysroots/armv7a-angstrom-linux-gnueabi/usr/lib/libopencv_video.so
 .glue_7t       0x00037c64        0x0 /media/disk/OE/build/tmp-angstrom_2008_1/sysroots/armv7a-angstrom-linux-gnueabi/usr/lib/libopencvdsp.so
 .glue_7t       0x00037c64        0x0 linux/app.evm3530.ov5T
 .glue_7t       0x00037c64        0x0 /media/disk/test/opencv-dsp-acceleration/dsp_opencv/beagle/apps/opencv/cfg/linux/remote_ti_platforms_evm3530/package/cfg/remote_ti_platforms_evm3530_xv5T.ov5T
 .glue_7t       0x00037c64        0x0 /media/disk/OE/work/ti/ti-codec-engine-tree/packages/ti/sdo/ce/universal/lib/release/universal.av5T(universal_stubs.ov5T)
 .glue_7t       0x00037c64        0x0 /media/disk/OE/work/ti/ti-codec-engine-tree/packages/ti/sdo/ce/universal/lib/release/universal.av5T(universal.ov5T)
 .glue_7t       0x00037c64        0x0 /media/disk/OE/work/ti/ti-codec-engine-tree/packages/ti/sdo/ce/lib/release/ce.av5T(Server.ov5T)
 .glue_7t       0x00037c64        0x0 /media/disk/OE/work/ti/ti-codec-engine-tree/packages/ti/sdo/ce/lib/release/ce.av5T(Engine.ov5T)
 .glue_7t       0x00037c64        0x0 /media/disk/OE/work/ti/ti-codec-engine-tree/packages/ti/sdo/ce/lib/release/ce.av5T(visa.ov5T)
 .glue_7t       0x00037c64        0x0 /media/disk/OE/work/ti/ti-codec-engine-tree/packages/ti/sdo/ce/lib/release/ce.av5T(package_ti.sdo.ce.ov5T)
 .glue_7t       0x00037c64        0x0 /media/disk/OE/work/ti/ti-codec-engine-tree/packages/ti/sdo/ce/alg/lib/release/Algorithm_noOS.av5T(Algorithm_noOS.ov5T)
 .glue_7t       0x00037c64        0x0 /media/disk/OE/work/ti/ti-codec-engine-tree/packages/ti/sdo/ce/alg/lib/release/alg.av5T(alg_create.ov5T)
 .glue_7t       0x00037c64        0x0 /media/disk/OE/work/ti/ti-codec-engine-tree/packages/ti/sdo/ce/alg/lib/release/alg.av5T(alg_malloc.ov5T)
 .glue_7t       0x00037c64        0x0 /media/disk/OE/work/ti/ti-codec-engine-tree/packages/ti/sdo/ce/ipc/dsplink/lib/release/ipc_dsplink_3530.av5T(Processor_dsplink.ov5T)
 .glue_7t       0x00037c64        0x0 /media/disk/OE/work/ti/ti-codec-engine-tree/packages/ti/sdo/ce/ipc/dsplink/lib/release/ipc_dsplink_3530.av5T(Power_dsplink.ov5T)
 .glue_7t       0x00037c64        0x0 /media/disk/OE/work/ti/ti-codec-engine-tree/packages/ti/sdo/ce/ipc/dsplink/lib/release/ipc_dsplink_3530.av5T(Comm_dsplink.ov5T)
 .glue_7t       0x00037c64        0x0 /media/disk/OE/work/ti/ti-codec-engine-tree/packages/ti/sdo/ce/ipc/dsplink/lib/release/ipc_dsplink_3530.av5T(Processor_dsplink_linkcfg_OMAP3530.ov5T)
 .glue_7t       0x00037c64        0x0 /media/disk/OE/work/ti/ti-codec-engine-tree/packages/ti/sdo/ce/ipc/dsplink/lib/release/ipc_dsplink_3530.av5T(Processor_dsplink_linkcfg_OS.ov5T)
 .glue_7t       0x00037c64        0x0 /media/disk/OE/work/ti/ti-codec-engine-tree/packages/ti/sdo/ce/osal/linux/lib/release/osal_linux_470.av5T(LockMP_posix.ov5T)
 .glue_7t       0x00037c64        0x0 /media/disk/OE/work/ti/ti-codec-engine-tree/packages/ti/sdo/ce/osal/linux/lib/release/osal_linux_470.av5T(Queue_posix.ov5T)
 .glue_7t       0x00037c64        0x0 /media/disk/OE/work/ti/ti-codec-engine-tree/packages/ti/sdo/ce/osal/linux/lib/release/osal_linux_470.av5T(GT_config_libC.ov5T)
 .glue_7t       0x00037c64        0x0 /media/disk/OE/work/ti/ti-codec-engine-tree/packages/ti/sdo/ce/osal/linux/lib/release/osal_linux_470.av5T(File_posix.ov5T)
 .glue_7t       0x00037c64        0x0 /media/disk/OE/work/ti/ti-codec-engine-tree/packages/ti/sdo/ce/osal/linux/lib/release/osal_linux_470.av5T(Memory_cmem.ov5T)
 .glue_7t       0x00037c64        0x0 /media/disk/OE/work/ti/ti-codec-engine-tree/packages/ti/sdo/ce/osal/linux/lib/release/osal_linux_470.av5T(Global_noOS.ov5T)
 .glue_7t       0x00037c64        0x0 /media/disk/OE/work/ti/ti-codec-engine-tree/packages/ti/sdo/ce/osal/linux/lib/release/osal_linux_470.av5T(Thread_posix.ov5T)
 .glue_7t       0x00037c64        0x0 /media/disk/OE/work/ti/ti-codec-engine-tree/packages/ti/sdo/ce/osal/linux/lib/release/osal_linux_470.av5T(Log_noOS.ov5T)
 .glue_7t       0x00037c64        0x0 /media/disk/OE/work/ti/ti-codec-engine-tree/packages/ti/sdo/ce/osal/linux/lib/release/osal_linux_470.av5T(Lock_posix.ov5T)
 .glue_7t       0x00037c64        0x0 /media/disk/OE/work/ti/ti-codec-engine-tree/packages/ti/sdo/ce/osal/linux/lib/release/osal_linux_470.av5T(GT_config_posix.ov5T)
 .glue_7t       0x00037c64        0x0 /media/disk/OE/work/ti/ti-codec-engine-tree/packages/ti/sdo/ce/osal/linux/lib/release/osal_linux_470.av5T(SemMP_posix.ov5T)
 .glue_7t       0x00037c64        0x0 /media/disk/OE/work/ti/ti-codec-engine-tree/packages/ti/sdo/ce/osal/linux/lib/release/osal_linux_470.av5T(Sem_posix.ov5T)
 .glue_7t       0x00037c64        0x0 /media/disk/OE/work/ti/ti-codec-engine-tree/packages/ti/sdo/ce/utils/xdm/lib/release/XdmUtils.av5T(XdmUtils.ov5T)
 .glue_7t       0x00037c64        0x0 /media/disk/OE/work/ti/ti-framework-components-tree/packages/ti/sdo/utils/trace/lib/release/gt.av5T(gt.ov5T)
 .glue_7t       0x00037c64        0x0 /media/disk/OE/work/ti/ti-local-power-manager-tree/packages/ti/bios/power/lib/release/lpm_linux.av5T(lpm_api.ov5T)
 .glue_7t       0x00037c64        0x0 /media/disk/OE/work/ti/ti-linuxutils-tree/packages/ti/sdo/linuxutils/cmem/lib/cmem.a470MV(cmem.o470MV)
 .glue_7t       0x00037c64        0x0 /media/disk/OE/work/ti/ti-dsplink-tree/packages/dsplink/gpp/export/BIN/Linux/OMAP3530/RELEASE/dsplink.lib
 .glue_7t       0x00037c64        0x0 /media/disk/OE/build/tmp-angstrom_2008_1/cross/armv7a/lib/gcc/arm-angstrom-linux-gnueabi/4.3.3/libgcc.a(_udivsi3.o)
 .glue_7t       0x00037c64        0x0 /media/disk/OE/build/tmp-angstrom_2008_1/cross/armv7a/lib/gcc/arm-angstrom-linux-gnueabi/4.3.3/libgcc.a(_addsubdf3.o)
 .glue_7t       0x00037c64        0x0 /media/disk/OE/build/tmp-angstrom_2008_1/cross/armv7a/lib/gcc/arm-angstrom-linux-gnueabi/4.3.3/libgcc.a(_muldivdf3.o)
 .glue_7t       0x00037c64        0x0 /media/disk/OE/build/tmp-angstrom_2008_1/cross/armv7a/lib/gcc/arm-angstrom-linux-gnueabi/4.3.3/libgcc.a(_cmpdf2.o)
 .glue_7t       0x00037c64        0x0 /media/disk/OE/build/tmp-angstrom_2008_1/cross/armv7a/lib/gcc/arm-angstrom-linux-gnueabi/4.3.3/libgcc.a(_fixdfsi.o)
 .glue_7t       0x00037c64        0x0 /media/disk/OE/build/tmp-angstrom_2008_1/cross/armv7a/lib/gcc/arm-angstrom-linux-gnueabi/4.3.3/libgcc.a(_truncdfsf2.o)
 .glue_7t       0x00037c64        0x0 /media/disk/OE/build/tmp-angstrom_2008_1/cross/armv7a/lib/gcc/arm-angstrom-linux-gnueabi/4.3.3/libgcc.a(_addsubsf3.o)
 .glue_7t       0x00037c64        0x0 /media/disk/OE/build/tmp-angstrom_2008_1/cross/armv7a/lib/gcc/arm-angstrom-linux-gnueabi/4.3.3/libgcc.a(_muldivsf3.o)
 .glue_7t       0x00037c64        0x0 /media/disk/OE/build/tmp-angstrom_2008_1/cross/armv7a/lib/gcc/arm-angstrom-linux-gnueabi/4.3.3/libgcc.a(_dvmd_lnx.o)
 .glue_7t       0x00037c64        0x0 /media/disk/OE/build/tmp-angstrom_2008_1/cross/armv7a/lib/gcc/arm-angstrom-linux-gnueabi/4.3.3/../../../../arm-angstrom-linux-gnueabi/lib/libgcc_s.so
 .glue_7t       0x00037c64        0x0 /media/disk/OE/build/tmp-angstrom_2008_1/sysroots/armv7a-angstrom-linux-gnueabi/lib/libc.so.6
 .glue_7t       0x00037c64        0x0 /media/disk/OE/build/tmp-angstrom_2008_1/sysroots/armv7a-angstrom-linux-gnueabi/usr/lib/libc_nonshared.a(elf-init.oS)
 .glue_7t       0x00037c64        0x0 /media/disk/OE/build/tmp-angstrom_2008_1/sysroots/armv7a-angstrom-linux-gnueabi/usr/lib/libc_nonshared.a(atexit.oS)
 .glue_7t       0x00037c64        0x0 /media/disk/OE/build/tmp-angstrom_2008_1/sysroots/armv7a-angstrom-linux-gnueabi/lib/ld-linux.so.3
 .glue_7t       0x00037c64        0x0 /media/disk/OE/build/tmp-angstrom_2008_1/cross/armv7a/lib/gcc/arm-angstrom-linux-gnueabi/4.3.3/../../../../arm-angstrom-linux-gnueabi/lib/libgcc_s.so
 .glue_7t       0x00037c64        0x0 /media/disk/OE/build/tmp-angstrom_2008_1/cross/armv7a/lib/gcc/arm-angstrom-linux-gnueabi/4.3.3/crtend.o
 .glue_7t       0x00037c64        0x0 /media/disk/OE/build/tmp-angstrom_2008_1/sysroots/armv7a-angstrom-linux-gnueabi/usr/lib/crtn.o
 *(.glue_7)
 .glue_7        0x00037c64        0x0 /media/disk/OE/build/tmp-angstrom_2008_1/sysroots/armv7a-angstrom-linux-gnueabi/usr/lib/crt1.o
 .glue_7        0x00037c64        0x0 /media/disk/OE/build/tmp-angstrom_2008_1/sysroots/armv7a-angstrom-linux-gnueabi/usr/lib/crti.o
 .glue_7        0x00037c64        0x0 /media/disk/OE/build/tmp-angstrom_2008_1/cross/armv7a/lib/gcc/arm-angstrom-linux-gnueabi/4.3.3/crtbegin.o
 .glue_7        0x00037c64        0x0 /media/disk/OE/build/tmp-angstrom_2008_1/sysroots/armv7a-angstrom-linux-gnueabi/lib/libpthread.so.0
 .glue_7        0x00037c64        0x0 /media/disk/OE/build/tmp-angstrom_2008_1/sysroots/armv7a-angstrom-linux-gnueabi/usr/lib/libm.so
 .glue_7        0x00037c64        0x0 /media/disk/OE/build/tmp-angstrom_2008_1/sysroots/armv7a-angstrom-linux-gnueabi/usr/lib/libopencv_ml.so
 .glue_7        0x00037c64        0x0 /media/disk/OE/build/tmp-angstrom_2008_1/sysroots/armv7a-angstrom-linux-gnueabi/usr/lib/libopencv_highgui.so
 .glue_7        0x00037c64        0x0 /media/disk/OE/build/tmp-angstrom_2008_1/sysroots/armv7a-angstrom-linux-gnueabi/usr/lib/libopencv_core.so
 .glue_7        0x00037c64        0x0 /media/disk/OE/build/tmp-angstrom_2008_1/sysroots/armv7a-angstrom-linux-gnueabi/usr/lib/libopencv_calib3d.so
 .glue_7        0x00037c64        0x0 /media/disk/OE/build/tmp-angstrom_2008_1/sysroots/armv7a-angstrom-linux-gnueabi/usr/lib/libopencv_contrib.so
 .glue_7        0x00037c64        0x0 /media/disk/OE/build/tmp-angstrom_2008_1/sysroots/armv7a-angstrom-linux-gnueabi/usr/lib/libopencv_features2d.so
 .glue_7        0x00037c64        0x0 /media/disk/OE/build/tmp-angstrom_2008_1/sysroots/armv7a-angstrom-linux-gnueabi/usr/lib/libopencv_imgproc.so
 .glue_7        0x00037c64        0x0 /media/disk/OE/build/tmp-angstrom_2008_1/sysroots/armv7a-angstrom-linux-gnueabi/usr/lib/libopencv_legacy.so
 .glue_7        0x00037c64        0x0 /media/disk/OE/build/tmp-angstrom_2008_1/sysroots/armv7a-angstrom-linux-gnueabi/usr/lib/libopencv_objdetect.so
 .glue_7        0x00037c64        0x0 /media/disk/OE/build/tmp-angstrom_2008_1/sysroots/armv7a-angstrom-linux-gnueabi/usr/lib/libopencv_video.so
 .glue_7        0x00037c64        0x0 /media/disk/OE/build/tmp-angstrom_2008_1/sysroots/armv7a-angstrom-linux-gnueabi/usr/lib/libopencvdsp.so
 .glue_7        0x00037c64        0x0 linux/app.evm3530.ov5T
 .glue_7        0x00037c64        0x0 /media/disk/test/opencv-dsp-acceleration/dsp_opencv/beagle/apps/opencv/cfg/linux/remote_ti_platforms_evm3530/package/cfg/remote_ti_platforms_evm3530_xv5T.ov5T
 .glue_7        0x00037c64        0x0 /media/disk/OE/work/ti/ti-codec-engine-tree/packages/ti/sdo/ce/universal/lib/release/universal.av5T(universal_stubs.ov5T)
 .glue_7        0x00037c64        0x0 /media/disk/OE/work/ti/ti-codec-engine-tree/packages/ti/sdo/ce/universal/lib/release/universal.av5T(universal.ov5T)
 .glue_7        0x00037c64        0x0 /media/disk/OE/work/ti/ti-codec-engine-tree/packages/ti/sdo/ce/lib/release/ce.av5T(Server.ov5T)
 .glue_7        0x00037c64        0x0 /media/disk/OE/work/ti/ti-codec-engine-tree/packages/ti/sdo/ce/lib/release/ce.av5T(Engine.ov5T)
 .glue_7        0x00037c64        0x0 /media/disk/OE/work/ti/ti-codec-engine-tree/packages/ti/sdo/ce/lib/release/ce.av5T(visa.ov5T)
 .glue_7        0x00037c64        0x0 /media/disk/OE/work/ti/ti-codec-engine-tree/packages/ti/sdo/ce/lib/release/ce.av5T(package_ti.sdo.ce.ov5T)
 .glue_7        0x00037c64        0x0 /media/disk/OE/work/ti/ti-codec-engine-tree/packages/ti/sdo/ce/alg/lib/release/Algorithm_noOS.av5T(Algorithm_noOS.ov5T)
 .glue_7        0x00037c64        0x0 /media/disk/OE/work/ti/ti-codec-engine-tree/packages/ti/sdo/ce/alg/lib/release/alg.av5T(alg_create.ov5T)
 .glue_7        0x00037c64        0x0 /media/disk/OE/work/ti/ti-codec-engine-tree/packages/ti/sdo/ce/alg/lib/release/alg.av5T(alg_malloc.ov5T)
 .glue_7        0x00037c64        0x0 /media/disk/OE/work/ti/ti-codec-engine-tree/packages/ti/sdo/ce/ipc/dsplink/lib/release/ipc_dsplink_3530.av5T(Processor_dsplink.ov5T)
 .glue_7        0x00037c64        0x0 /media/disk/OE/work/ti/ti-codec-engine-tree/packages/ti/sdo/ce/ipc/dsplink/lib/release/ipc_dsplink_3530.av5T(Power_dsplink.ov5T)
 .glue_7        0x00037c64        0x0 /media/disk/OE/work/ti/ti-codec-engine-tree/packages/ti/sdo/ce/ipc/dsplink/lib/release/ipc_dsplink_3530.av5T(Comm_dsplink.ov5T)
 .glue_7        0x00037c64        0x0 /media/disk/OE/work/ti/ti-codec-engine-tree/packages/ti/sdo/ce/ipc/dsplink/lib/release/ipc_dsplink_3530.av5T(Processor_dsplink_linkcfg_OMAP3530.ov5T)
 .glue_7        0x00037c64        0x0 /media/disk/OE/work/ti/ti-codec-engine-tree/packages/ti/sdo/ce/ipc/dsplink/lib/release/ipc_dsplink_3530.av5T(Processor_dsplink_linkcfg_OS.ov5T)
 .glue_7        0x00037c64        0x0 /media/disk/OE/work/ti/ti-codec-engine-tree/packages/ti/sdo/ce/osal/linux/lib/release/osal_linux_470.av5T(LockMP_posix.ov5T)
 .glue_7        0x00037c64        0x0 /media/disk/OE/work/ti/ti-codec-engine-tree/packages/ti/sdo/ce/osal/linux/lib/release/osal_linux_470.av5T(Queue_posix.ov5T)
 .glue_7        0x00037c64        0x0 /media/disk/OE/work/ti/ti-codec-engine-tree/packages/ti/sdo/ce/osal/linux/lib/release/osal_linux_470.av5T(GT_config_libC.ov5T)
 .glue_7        0x00037c64        0x0 /media/disk/OE/work/ti/ti-codec-engine-tree/packages/ti/sdo/ce/osal/linux/lib/release/osal_linux_470.av5T(File_posix.ov5T)
 .glue_7        0x00037c64        0x0 /media/disk/OE/work/ti/ti-codec-engine-tree/packages/ti/sdo/ce/osal/linux/lib/release/osal_linux_470.av5T(Memory_cmem.ov5T)
 .glue_7        0x00037c64        0x0 /media/disk/OE/work/ti/ti-codec-engine-tree/packages/ti/sdo/ce/osal/linux/lib/release/osal_linux_470.av5T(Global_noOS.ov5T)
 .glue_7        0x00037c64        0x0 /media/disk/OE/work/ti/ti-codec-engine-tree/packages/ti/sdo/ce/osal/linux/lib/release/osal_linux_470.av5T(Thread_posix.ov5T)
 .glue_7        0x00037c64        0x0 /media/disk/OE/work/ti/ti-codec-engine-tree/packages/ti/sdo/ce/osal/linux/lib/release/osal_linux_470.av5T(Log_noOS.ov5T)
 .glue_7        0x00037c64        0x0 /media/disk/OE/work/ti/ti-codec-engine-tree/packages/ti/sdo/ce/osal/linux/lib/release/osal_linux_470.av5T(Lock_posix.ov5T)
 .glue_7        0x00037c64        0x0 /media/disk/OE/work/ti/ti-codec-engine-tree/packages/ti/sdo/ce/osal/linux/lib/release/osal_linux_470.av5T(GT_config_posix.ov5T)
 .glue_7        0x00037c64        0x0 /media/disk/OE/work/ti/ti-codec-engine-tree/packages/ti/sdo/ce/osal/linux/lib/release/osal_linux_470.av5T(SemMP_posix.ov5T)
 .glue_7        0x00037c64        0x0 /media/disk/OE/work/ti/ti-codec-engine-tree/packages/ti/sdo/ce/osal/linux/lib/release/osal_linux_470.av5T(Sem_posix.ov5T)
 .glue_7        0x00037c64        0x0 /media/disk/OE/work/ti/ti-codec-engine-tree/packages/ti/sdo/ce/utils/xdm/lib/release/XdmUtils.av5T(XdmUtils.ov5T)
 .glue_7        0x00037c64        0x0 /media/disk/OE/work/ti/ti-framework-components-tree/packages/ti/sdo/utils/trace/lib/release/gt.av5T(gt.ov5T)
 .glue_7        0x00037c64        0x0 /media/disk/OE/work/ti/ti-local-power-manager-tree/packages/ti/bios/power/lib/release/lpm_linux.av5T(lpm_api.ov5T)
 .glue_7        0x00037c64        0x0 /media/disk/OE/work/ti/ti-linuxutils-tree/packages/ti/sdo/linuxutils/cmem/lib/cmem.a470MV(cmem.o470MV)
 .glue_7        0x00037c64        0x0 /media/disk/OE/work/ti/ti-dsplink-tree/packages/dsplink/gpp/export/BIN/Linux/OMAP3530/RELEASE/dsplink.lib
 .glue_7        0x00037c64        0x0 /media/disk/OE/build/tmp-angstrom_2008_1/cross/armv7a/lib/gcc/arm-angstrom-linux-gnueabi/4.3.3/libgcc.a(_udivsi3.o)
 .glue_7        0x00037c64        0x0 /media/disk/OE/build/tmp-angstrom_2008_1/cross/armv7a/lib/gcc/arm-angstrom-linux-gnueabi/4.3.3/libgcc.a(_addsubdf3.o)
 .glue_7        0x00037c64        0x0 /media/disk/OE/build/tmp-angstrom_2008_1/cross/armv7a/lib/gcc/arm-angstrom-linux-gnueabi/4.3.3/libgcc.a(_muldivdf3.o)
 .glue_7        0x00037c64        0x0 /media/disk/OE/build/tmp-angstrom_2008_1/cross/armv7a/lib/gcc/arm-angstrom-linux-gnueabi/4.3.3/libgcc.a(_cmpdf2.o)
 .glue_7        0x00037c64        0x0 /media/disk/OE/build/tmp-angstrom_2008_1/cross/armv7a/lib/gcc/arm-angstrom-linux-gnueabi/4.3.3/libgcc.a(_fixdfsi.o)
 .glue_7        0x00037c64        0x0 /media/disk/OE/build/tmp-angstrom_2008_1/cross/armv7a/lib/gcc/arm-angstrom-linux-gnueabi/4.3.3/libgcc.a(_truncdfsf2.o)
 .glue_7        0x00037c64        0x0 /media/disk/OE/build/tmp-angstrom_2008_1/cross/armv7a/lib/gcc/arm-angstrom-linux-gnueabi/4.3.3/libgcc.a(_addsubsf3.o)
 .glue_7        0x00037c64        0x0 /media/disk/OE/build/tmp-angstrom_2008_1/cross/armv7a/lib/gcc/arm-angstrom-linux-gnueabi/4.3.3/libgcc.a(_muldivsf3.o)
 .glue_7        0x00037c64        0x0 /media/disk/OE/build/tmp-angstrom_2008_1/cross/armv7a/lib/gcc/arm-angstrom-linux-gnueabi/4.3.3/libgcc.a(_dvmd_lnx.o)
 .glue_7        0x00037c64        0x0 /media/disk/OE/build/tmp-angstrom_2008_1/cross/armv7a/lib/gcc/arm-angstrom-linux-gnueabi/4.3.3/../../../../arm-angstrom-linux-gnueabi/lib/libgcc_s.so
 .glue_7        0x00037c64        0x0 /media/disk/OE/build/tmp-angstrom_2008_1/sysroots/armv7a-angstrom-linux-gnueabi/lib/libc.so.6
 .glue_7        0x00037c64        0x0 /media/disk/OE/build/tmp-angstrom_2008_1/sysroots/armv7a-angstrom-linux-gnueabi/usr/lib/libc_nonshared.a(elf-init.oS)
 .glue_7        0x00037c64        0x0 /media/disk/OE/build/tmp-angstrom_2008_1/sysroots/armv7a-angstrom-linux-gnueabi/usr/lib/libc_nonshared.a(atexit.oS)
 .glue_7        0x00037c64        0x0 /media/disk/OE/build/tmp-angstrom_2008_1/sysroots/armv7a-angstrom-linux-gnueabi/lib/ld-linux.so.3
 .glue_7        0x00037c64        0x0 /media/disk/OE/build/tmp-angstrom_2008_1/cross/armv7a/lib/gcc/arm-angstrom-linux-gnueabi/4.3.3/../../../../arm-angstrom-linux-gnueabi/lib/libgcc_s.so
 .glue_7        0x00037c64        0x0 /media/disk/OE/build/tmp-angstrom_2008_1/cross/armv7a/lib/gcc/arm-angstrom-linux-gnueabi/4.3.3/crtend.o
 .glue_7        0x00037c64        0x0 /media/disk/OE/build/tmp-angstrom_2008_1/sysroots/armv7a-angstrom-linux-gnueabi/usr/lib/crtn.o
 *(.vfp11_veneer)
 .vfp11_veneer  0x00037c64        0x0 /media/disk/OE/build/tmp-angstrom_2008_1/sysroots/armv7a-angstrom-linux-gnueabi/usr/lib/crt1.o
 .vfp11_veneer  0x00037c64        0x0 /media/disk/OE/build/tmp-angstrom_2008_1/sysroots/armv7a-angstrom-linux-gnueabi/usr/lib/crti.o
 .vfp11_veneer  0x00037c64        0x0 /media/disk/OE/build/tmp-angstrom_2008_1/cross/armv7a/lib/gcc/arm-angstrom-linux-gnueabi/4.3.3/crtbegin.o
 .vfp11_veneer  0x00037c64        0x0 /media/disk/OE/build/tmp-angstrom_2008_1/sysroots/armv7a-angstrom-linux-gnueabi/lib/libpthread.so.0
 .vfp11_veneer  0x00037c64        0x0 /media/disk/OE/build/tmp-angstrom_2008_1/sysroots/armv7a-angstrom-linux-gnueabi/usr/lib/libm.so
 .vfp11_veneer  0x00037c64        0x0 /media/disk/OE/build/tmp-angstrom_2008_1/sysroots/armv7a-angstrom-linux-gnueabi/usr/lib/libopencv_ml.so
 .vfp11_veneer  0x00037c64        0x0 /media/disk/OE/build/tmp-angstrom_2008_1/sysroots/armv7a-angstrom-linux-gnueabi/usr/lib/libopencv_highgui.so
 .vfp11_veneer  0x00037c64        0x0 /media/disk/OE/build/tmp-angstrom_2008_1/sysroots/armv7a-angstrom-linux-gnueabi/usr/lib/libopencv_core.so
 .vfp11_veneer  0x00037c64        0x0 /media/disk/OE/build/tmp-angstrom_2008_1/sysroots/armv7a-angstrom-linux-gnueabi/usr/lib/libopencv_calib3d.so
 .vfp11_veneer  0x00037c64        0x0 /media/disk/OE/build/tmp-angstrom_2008_1/sysroots/armv7a-angstrom-linux-gnueabi/usr/lib/libopencv_contrib.so
 .vfp11_veneer  0x00037c64        0x0 /media/disk/OE/build/tmp-angstrom_2008_1/sysroots/armv7a-angstrom-linux-gnueabi/usr/lib/libopencv_features2d.so
 .vfp11_veneer  0x00037c64        0x0 /media/disk/OE/build/tmp-angstrom_2008_1/sysroots/armv7a-angstrom-linux-gnueabi/usr/lib/libopencv_imgproc.so
 .vfp11_veneer  0x00037c64        0x0 /media/disk/OE/build/tmp-angstrom_2008_1/sysroots/armv7a-angstrom-linux-gnueabi/usr/lib/libopencv_legacy.so
 .vfp11_veneer  0x00037c64        0x0 /media/disk/OE/build/tmp-angstrom_2008_1/sysroots/armv7a-angstrom-linux-gnueabi/usr/lib/libopencv_objdetect.so
 .vfp11_veneer  0x00037c64        0x0 /media/disk/OE/build/tmp-angstrom_2008_1/sysroots/armv7a-angstrom-linux-gnueabi/usr/lib/libopencv_video.so
 .vfp11_veneer  0x00037c64        0x0 /media/disk/OE/build/tmp-angstrom_2008_1/sysroots/armv7a-angstrom-linux-gnueabi/usr/lib/libopencvdsp.so
 .vfp11_veneer  0x00037c64        0x0 linux/app.evm3530.ov5T
 .vfp11_veneer  0x00037c64        0x0 /media/disk/test/opencv-dsp-acceleration/dsp_opencv/beagle/apps/opencv/cfg/linux/remote_ti_platforms_evm3530/package/cfg/remote_ti_platforms_evm3530_xv5T.ov5T
 .vfp11_veneer  0x00037c64        0x0 /media/disk/OE/work/ti/ti-codec-engine-tree/packages/ti/sdo/ce/universal/lib/release/universal.av5T(universal_stubs.ov5T)
 .vfp11_veneer  0x00037c64        0x0 /media/disk/OE/work/ti/ti-codec-engine-tree/packages/ti/sdo/ce/universal/lib/release/universal.av5T(universal.ov5T)
 .vfp11_veneer  0x00037c64        0x0 /media/disk/OE/work/ti/ti-codec-engine-tree/packages/ti/sdo/ce/lib/release/ce.av5T(Server.ov5T)
 .vfp11_veneer  0x00037c64        0x0 /media/disk/OE/work/ti/ti-codec-engine-tree/packages/ti/sdo/ce/lib/release/ce.av5T(Engine.ov5T)
 .vfp11_veneer  0x00037c64        0x0 /media/disk/OE/work/ti/ti-codec-engine-tree/packages/ti/sdo/ce/lib/release/ce.av5T(visa.ov5T)
 .vfp11_veneer  0x00037c64        0x0 /media/disk/OE/work/ti/ti-codec-engine-tree/packages/ti/sdo/ce/lib/release/ce.av5T(package_ti.sdo.ce.ov5T)
 .vfp11_veneer  0x00037c64        0x0 /media/disk/OE/work/ti/ti-codec-engine-tree/packages/ti/sdo/ce/alg/lib/release/Algorithm_noOS.av5T(Algorithm_noOS.ov5T)
 .vfp11_veneer  0x00037c64        0x0 /media/disk/OE/work/ti/ti-codec-engine-tree/packages/ti/sdo/ce/alg/lib/release/alg.av5T(alg_create.ov5T)
 .vfp11_veneer  0x00037c64        0x0 /media/disk/OE/work/ti/ti-codec-engine-tree/packages/ti/sdo/ce/alg/lib/release/alg.av5T(alg_malloc.ov5T)
 .vfp11_veneer  0x00037c64        0x0 /media/disk/OE/work/ti/ti-codec-engine-tree/packages/ti/sdo/ce/ipc/dsplink/lib/release/ipc_dsplink_3530.av5T(Processor_dsplink.ov5T)
 .vfp11_veneer  0x00037c64        0x0 /media/disk/OE/work/ti/ti-codec-engine-tree/packages/ti/sdo/ce/ipc/dsplink/lib/release/ipc_dsplink_3530.av5T(Power_dsplink.ov5T)
 .vfp11_veneer  0x00037c64        0x0 /media/disk/OE/work/ti/ti-codec-engine-tree/packages/ti/sdo/ce/ipc/dsplink/lib/release/ipc_dsplink_3530.av5T(Comm_dsplink.ov5T)
 .vfp11_veneer  0x00037c64        0x0 /media/disk/OE/work/ti/ti-codec-engine-tree/packages/ti/sdo/ce/ipc/dsplink/lib/release/ipc_dsplink_3530.av5T(Processor_dsplink_linkcfg_OMAP3530.ov5T)
 .vfp11_veneer  0x00037c64        0x0 /media/disk/OE/work/ti/ti-codec-engine-tree/packages/ti/sdo/ce/ipc/dsplink/lib/release/ipc_dsplink_3530.av5T(Processor_dsplink_linkcfg_OS.ov5T)
 .vfp11_veneer  0x00037c64        0x0 /media/disk/OE/work/ti/ti-codec-engine-tree/packages/ti/sdo/ce/osal/linux/lib/release/osal_linux_470.av5T(LockMP_posix.ov5T)
 .vfp11_veneer  0x00037c64        0x0 /media/disk/OE/work/ti/ti-codec-engine-tree/packages/ti/sdo/ce/osal/linux/lib/release/osal_linux_470.av5T(Queue_posix.ov5T)
 .vfp11_veneer  0x00037c64        0x0 /media/disk/OE/work/ti/ti-codec-engine-tree/packages/ti/sdo/ce/osal/linux/lib/release/osal_linux_470.av5T(GT_config_libC.ov5T)
 .vfp11_veneer  0x00037c64        0x0 /media/disk/OE/work/ti/ti-codec-engine-tree/packages/ti/sdo/ce/osal/linux/lib/release/osal_linux_470.av5T(File_posix.ov5T)
 .vfp11_veneer  0x00037c64        0x0 /media/disk/OE/work/ti/ti-codec-engine-tree/packages/ti/sdo/ce/osal/linux/lib/release/osal_linux_470.av5T(Memory_cmem.ov5T)
 .vfp11_veneer  0x00037c64        0x0 /media/disk/OE/work/ti/ti-codec-engine-tree/packages/ti/sdo/ce/osal/linux/lib/release/osal_linux_470.av5T(Global_noOS.ov5T)
 .vfp11_veneer  0x00037c64        0x0 /media/disk/OE/work/ti/ti-codec-engine-tree/packages/ti/sdo/ce/osal/linux/lib/release/osal_linux_470.av5T(Thread_posix.ov5T)
 .vfp11_veneer  0x00037c64        0x0 /media/disk/OE/work/ti/ti-codec-engine-tree/packages/ti/sdo/ce/osal/linux/lib/release/osal_linux_470.av5T(Log_noOS.ov5T)
 .vfp11_veneer  0x00037c64        0x0 /media/disk/OE/work/ti/ti-codec-engine-tree/packages/ti/sdo/ce/osal/linux/lib/release/osal_linux_470.av5T(Lock_posix.ov5T)
 .vfp11_veneer  0x00037c64        0x0 /media/disk/OE/work/ti/ti-codec-engine-tree/packages/ti/sdo/ce/osal/linux/lib/release/osal_linux_470.av5T(GT_config_posix.ov5T)
 .vfp11_veneer  0x00037c64        0x0 /media/disk/OE/work/ti/ti-codec-engine-tree/packages/ti/sdo/ce/osal/linux/lib/release/osal_linux_470.av5T(SemMP_posix.ov5T)
 .vfp11_veneer  0x00037c64        0x0 /media/disk/OE/work/ti/ti-codec-engine-tree/packages/ti/sdo/ce/osal/linux/lib/release/osal_linux_470.av5T(Sem_posix.ov5T)
 .vfp11_veneer  0x00037c64        0x0 /media/disk/OE/work/ti/ti-codec-engine-tree/packages/ti/sdo/ce/utils/xdm/lib/release/XdmUtils.av5T(XdmUtils.ov5T)
 .vfp11_veneer  0x00037c64        0x0 /media/disk/OE/work/ti/ti-framework-components-tree/packages/ti/sdo/utils/trace/lib/release/gt.av5T(gt.ov5T)
 .vfp11_veneer  0x00037c64        0x0 /media/disk/OE/work/ti/ti-local-power-manager-tree/packages/ti/bios/power/lib/release/lpm_linux.av5T(lpm_api.ov5T)
 .vfp11_veneer  0x00037c64        0x0 /media/disk/OE/work/ti/ti-linuxutils-tree/packages/ti/sdo/linuxutils/cmem/lib/cmem.a470MV(cmem.o470MV)
 .vfp11_veneer  0x00037c64        0x0 /media/disk/OE/work/ti/ti-dsplink-tree/packages/dsplink/gpp/export/BIN/Linux/OMAP3530/RELEASE/dsplink.lib
 .vfp11_veneer  0x00037c64        0x0 /media/disk/OE/build/tmp-angstrom_2008_1/cross/armv7a/lib/gcc/arm-angstrom-linux-gnueabi/4.3.3/libgcc.a(_udivsi3.o)
 .vfp11_veneer  0x00037c64        0x0 /media/disk/OE/build/tmp-angstrom_2008_1/cross/armv7a/lib/gcc/arm-angstrom-linux-gnueabi/4.3.3/libgcc.a(_addsubdf3.o)
 .vfp11_veneer  0x00037c64        0x0 /media/disk/OE/build/tmp-angstrom_2008_1/cross/armv7a/lib/gcc/arm-angstrom-linux-gnueabi/4.3.3/libgcc.a(_muldivdf3.o)
 .vfp11_veneer  0x00037c64        0x0 /media/disk/OE/build/tmp-angstrom_2008_1/cross/armv7a/lib/gcc/arm-angstrom-linux-gnueabi/4.3.3/libgcc.a(_cmpdf2.o)
 .vfp11_veneer  0x00037c64        0x0 /media/disk/OE/build/tmp-angstrom_2008_1/cross/armv7a/lib/gcc/arm-angstrom-linux-gnueabi/4.3.3/libgcc.a(_fixdfsi.o)
 .vfp11_veneer  0x00037c64        0x0 /media/disk/OE/build/tmp-angstrom_2008_1/cross/armv7a/lib/gcc/arm-angstrom-linux-gnueabi/4.3.3/libgcc.a(_truncdfsf2.o)
 .vfp11_veneer  0x00037c64        0x0 /media/disk/OE/build/tmp-angstrom_2008_1/cross/armv7a/lib/gcc/arm-angstrom-linux-gnueabi/4.3.3/libgcc.a(_addsubsf3.o)
 .vfp11_veneer  0x00037c64        0x0 /media/disk/OE/build/tmp-angstrom_2008_1/cross/armv7a/lib/gcc/arm-angstrom-linux-gnueabi/4.3.3/libgcc.a(_muldivsf3.o)
 .vfp11_veneer  0x00037c64        0x0 /media/disk/OE/build/tmp-angstrom_2008_1/cross/armv7a/lib/gcc/arm-angstrom-linux-gnueabi/4.3.3/libgcc.a(_dvmd_lnx.o)
 .vfp11_veneer  0x00037c64        0x0 /media/disk/OE/build/tmp-angstrom_2008_1/cross/armv7a/lib/gcc/arm-angstrom-linux-gnueabi/4.3.3/../../../../arm-angstrom-linux-gnueabi/lib/libgcc_s.so
 .vfp11_veneer  0x00037c64        0x0 /media/disk/OE/build/tmp-angstrom_2008_1/sysroots/armv7a-angstrom-linux-gnueabi/lib/libc.so.6
 .vfp11_veneer  0x00037c64        0x0 /media/disk/OE/build/tmp-angstrom_2008_1/sysroots/armv7a-angstrom-linux-gnueabi/usr/lib/libc_nonshared.a(elf-init.oS)
 .vfp11_veneer  0x00037c64        0x0 /media/disk/OE/build/tmp-angstrom_2008_1/sysroots/armv7a-angstrom-linux-gnueabi/usr/lib/libc_nonshared.a(atexit.oS)
 .vfp11_veneer  0x00037c64        0x0 /media/disk/OE/build/tmp-angstrom_2008_1/sysroots/armv7a-angstrom-linux-gnueabi/lib/ld-linux.so.3
 .vfp11_veneer  0x00037c64        0x0 /media/disk/OE/build/tmp-angstrom_2008_1/cross/armv7a/lib/gcc/arm-angstrom-linux-gnueabi/4.3.3/../../../../arm-angstrom-linux-gnueabi/lib/libgcc_s.so
 .vfp11_veneer  0x00037c64        0x0 /media/disk/OE/build/tmp-angstrom_2008_1/cross/armv7a/lib/gcc/arm-angstrom-linux-gnueabi/4.3.3/crtend.o
 .vfp11_veneer  0x00037c64        0x0 /media/disk/OE/build/tmp-angstrom_2008_1/sysroots/armv7a-angstrom-linux-gnueabi/usr/lib/crtn.o
 *(.v4_bx)
 .v4_bx         0x00037c64        0x0 /media/disk/OE/build/tmp-angstrom_2008_1/sysroots/armv7a-angstrom-linux-gnueabi/usr/lib/crt1.o
 .v4_bx         0x00037c64        0x0 /media/disk/OE/build/tmp-angstrom_2008_1/sysroots/armv7a-angstrom-linux-gnueabi/usr/lib/crti.o
 .v4_bx         0x00037c64        0x0 /media/disk/OE/build/tmp-angstrom_2008_1/cross/armv7a/lib/gcc/arm-angstrom-linux-gnueabi/4.3.3/crtbegin.o
 .v4_bx         0x00037c64        0x0 /media/disk/OE/build/tmp-angstrom_2008_1/sysroots/armv7a-angstrom-linux-gnueabi/lib/libpthread.so.0
 .v4_bx         0x00037c64        0x0 /media/disk/OE/build/tmp-angstrom_2008_1/sysroots/armv7a-angstrom-linux-gnueabi/usr/lib/libm.so
 .v4_bx         0x00037c64        0x0 /media/disk/OE/build/tmp-angstrom_2008_1/sysroots/armv7a-angstrom-linux-gnueabi/usr/lib/libopencv_ml.so
 .v4_bx         0x00037c64        0x0 /media/disk/OE/build/tmp-angstrom_2008_1/sysroots/armv7a-angstrom-linux-gnueabi/usr/lib/libopencv_highgui.so
 .v4_bx         0x00037c64        0x0 /media/disk/OE/build/tmp-angstrom_2008_1/sysroots/armv7a-angstrom-linux-gnueabi/usr/lib/libopencv_core.so
 .v4_bx         0x00037c64        0x0 /media/disk/OE/build/tmp-angstrom_2008_1/sysroots/armv7a-angstrom-linux-gnueabi/usr/lib/libopencv_calib3d.so
 .v4_bx         0x00037c64        0x0 /media/disk/OE/build/tmp-angstrom_2008_1/sysroots/armv7a-angstrom-linux-gnueabi/usr/lib/libopencv_contrib.so
 .v4_bx         0x00037c64        0x0 /media/disk/OE/build/tmp-angstrom_2008_1/sysroots/armv7a-angstrom-linux-gnueabi/usr/lib/libopencv_features2d.so
 .v4_bx         0x00037c64        0x0 /media/disk/OE/build/tmp-angstrom_2008_1/sysroots/armv7a-angstrom-linux-gnueabi/usr/lib/libopencv_imgproc.so
 .v4_bx         0x00037c64        0x0 /media/disk/OE/build/tmp-angstrom_2008_1/sysroots/armv7a-angstrom-linux-gnueabi/usr/lib/libopencv_legacy.so
 .v4_bx         0x00037c64        0x0 /media/disk/OE/build/tmp-angstrom_2008_1/sysroots/armv7a-angstrom-linux-gnueabi/usr/lib/libopencv_objdetect.so
 .v4_bx         0x00037c64        0x0 /media/disk/OE/build/tmp-angstrom_2008_1/sysroots/armv7a-angstrom-linux-gnueabi/usr/lib/libopencv_video.so
 .v4_bx         0x00037c64        0x0 /media/disk/OE/build/tmp-angstrom_2008_1/sysroots/armv7a-angstrom-linux-gnueabi/usr/lib/libopencvdsp.so
 .v4_bx         0x00037c64        0x0 linux/app.evm3530.ov5T
 .v4_bx         0x00037c64        0x0 /media/disk/test/opencv-dsp-acceleration/dsp_opencv/beagle/apps/opencv/cfg/linux/remote_ti_platforms_evm3530/package/cfg/remote_ti_platforms_evm3530_xv5T.ov5T
 .v4_bx         0x00037c64        0x0 /media/disk/OE/work/ti/ti-codec-engine-tree/packages/ti/sdo/ce/universal/lib/release/universal.av5T(universal_stubs.ov5T)
 .v4_bx         0x00037c64        0x0 /media/disk/OE/work/ti/ti-codec-engine-tree/packages/ti/sdo/ce/universal/lib/release/universal.av5T(universal.ov5T)
 .v4_bx         0x00037c64        0x0 /media/disk/OE/work/ti/ti-codec-engine-tree/packages/ti/sdo/ce/lib/release/ce.av5T(Server.ov5T)
 .v4_bx         0x00037c64        0x0 /media/disk/OE/work/ti/ti-codec-engine-tree/packages/ti/sdo/ce/lib/release/ce.av5T(Engine.ov5T)
 .v4_bx         0x00037c64        0x0 /media/disk/OE/work/ti/ti-codec-engine-tree/packages/ti/sdo/ce/lib/release/ce.av5T(visa.ov5T)
 .v4_bx         0x00037c64        0x0 /media/disk/OE/work/ti/ti-codec-engine-tree/packages/ti/sdo/ce/lib/release/ce.av5T(package_ti.sdo.ce.ov5T)
 .v4_bx         0x00037c64        0x0 /media/disk/OE/work/ti/ti-codec-engine-tree/packages/ti/sdo/ce/alg/lib/release/Algorithm_noOS.av5T(Algorithm_noOS.ov5T)
 .v4_bx         0x00037c64        0x0 /media/disk/OE/work/ti/ti-codec-engine-tree/packages/ti/sdo/ce/alg/lib/release/alg.av5T(alg_create.ov5T)
 .v4_bx         0x00037c64        0x0 /media/disk/OE/work/ti/ti-codec-engine-tree/packages/ti/sdo/ce/alg/lib/release/alg.av5T(alg_malloc.ov5T)
 .v4_bx         0x00037c64        0x0 /media/disk/OE/work/ti/ti-codec-engine-tree/packages/ti/sdo/ce/ipc/dsplink/lib/release/ipc_dsplink_3530.av5T(Processor_dsplink.ov5T)
 .v4_bx         0x00037c64        0x0 /media/disk/OE/work/ti/ti-codec-engine-tree/packages/ti/sdo/ce/ipc/dsplink/lib/release/ipc_dsplink_3530.av5T(Power_dsplink.ov5T)
 .v4_bx         0x00037c64        0x0 /media/disk/OE/work/ti/ti-codec-engine-tree/packages/ti/sdo/ce/ipc/dsplink/lib/release/ipc_dsplink_3530.av5T(Comm_dsplink.ov5T)
 .v4_bx         0x00037c64        0x0 /media/disk/OE/work/ti/ti-codec-engine-tree/packages/ti/sdo/ce/ipc/dsplink/lib/release/ipc_dsplink_3530.av5T(Processor_dsplink_linkcfg_OMAP3530.ov5T)
 .v4_bx         0x00037c64        0x0 /media/disk/OE/work/ti/ti-codec-engine-tree/packages/ti/sdo/ce/ipc/dsplink/lib/release/ipc_dsplink_3530.av5T(Processor_dsplink_linkcfg_OS.ov5T)
 .v4_bx         0x00037c64        0x0 /media/disk/OE/work/ti/ti-codec-engine-tree/packages/ti/sdo/ce/osal/linux/lib/release/osal_linux_470.av5T(LockMP_posix.ov5T)
 .v4_bx         0x00037c64        0x0 /media/disk/OE/work/ti/ti-codec-engine-tree/packages/ti/sdo/ce/osal/linux/lib/release/osal_linux_470.av5T(Queue_posix.ov5T)
 .v4_bx         0x00037c64        0x0 /media/disk/OE/work/ti/ti-codec-engine-tree/packages/ti/sdo/ce/osal/linux/lib/release/osal_linux_470.av5T(GT_config_libC.ov5T)
 .v4_bx         0x00037c64        0x0 /media/disk/OE/work/ti/ti-codec-engine-tree/packages/ti/sdo/ce/osal/linux/lib/release/osal_linux_470.av5T(File_posix.ov5T)
 .v4_bx         0x00037c64        0x0 /media/disk/OE/work/ti/ti-codec-engine-tree/packages/ti/sdo/ce/osal/linux/lib/release/osal_linux_470.av5T(Memory_cmem.ov5T)
 .v4_bx         0x00037c64        0x0 /media/disk/OE/work/ti/ti-codec-engine-tree/packages/ti/sdo/ce/osal/linux/lib/release/osal_linux_470.av5T(Global_noOS.ov5T)
 .v4_bx         0x00037c64        0x0 /media/disk/OE/work/ti/ti-codec-engine-tree/packages/ti/sdo/ce/osal/linux/lib/release/osal_linux_470.av5T(Thread_posix.ov5T)
 .v4_bx         0x00037c64        0x0 /media/disk/OE/work/ti/ti-codec-engine-tree/packages/ti/sdo/ce/osal/linux/lib/release/osal_linux_470.av5T(Log_noOS.ov5T)
 .v4_bx         0x00037c64        0x0 /media/disk/OE/work/ti/ti-codec-engine-tree/packages/ti/sdo/ce/osal/linux/lib/release/osal_linux_470.av5T(Lock_posix.ov5T)
 .v4_bx         0x00037c64        0x0 /media/disk/OE/work/ti/ti-codec-engine-tree/packages/ti/sdo/ce/osal/linux/lib/release/osal_linux_470.av5T(GT_config_posix.ov5T)
 .v4_bx         0x00037c64        0x0 /media/disk/OE/work/ti/ti-codec-engine-tree/packages/ti/sdo/ce/osal/linux/lib/release/osal_linux_470.av5T(SemMP_posix.ov5T)
 .v4_bx         0x00037c64        0x0 /media/disk/OE/work/ti/ti-codec-engine-tree/packages/ti/sdo/ce/osal/linux/lib/release/osal_linux_470.av5T(Sem_posix.ov5T)
 .v4_bx         0x00037c64        0x0 /media/disk/OE/work/ti/ti-codec-engine-tree/packages/ti/sdo/ce/utils/xdm/lib/release/XdmUtils.av5T(XdmUtils.ov5T)
 .v4_bx         0x00037c64        0x0 /media/disk/OE/work/ti/ti-framework-components-tree/packages/ti/sdo/utils/trace/lib/release/gt.av5T(gt.ov5T)
 .v4_bx         0x00037c64        0x0 /media/disk/OE/work/ti/ti-local-power-manager-tree/packages/ti/bios/power/lib/release/lpm_linux.av5T(lpm_api.ov5T)
 .v4_bx         0x00037c64        0x0 /media/disk/OE/work/ti/ti-linuxutils-tree/packages/ti/sdo/linuxutils/cmem/lib/cmem.a470MV(cmem.o470MV)
 .v4_bx         0x00037c64        0x0 /media/disk/OE/work/ti/ti-dsplink-tree/packages/dsplink/gpp/export/BIN/Linux/OMAP3530/RELEASE/dsplink.lib
 .v4_bx         0x00037c64        0x0 /media/disk/OE/build/tmp-angstrom_2008_1/cross/armv7a/lib/gcc/arm-angstrom-linux-gnueabi/4.3.3/libgcc.a(_udivsi3.o)
 .v4_bx         0x00037c64        0x0 /media/disk/OE/build/tmp-angstrom_2008_1/cross/armv7a/lib/gcc/arm-angstrom-linux-gnueabi/4.3.3/libgcc.a(_addsubdf3.o)
 .v4_bx         0x00037c64        0x0 /media/disk/OE/build/tmp-angstrom_2008_1/cross/armv7a/lib/gcc/arm-angstrom-linux-gnueabi/4.3.3/libgcc.a(_muldivdf3.o)
 .v4_bx         0x00037c64        0x0 /media/disk/OE/build/tmp-angstrom_2008_1/cross/armv7a/lib/gcc/arm-angstrom-linux-gnueabi/4.3.3/libgcc.a(_cmpdf2.o)
 .v4_bx         0x00037c64        0x0 /media/disk/OE/build/tmp-angstrom_2008_1/cross/armv7a/lib/gcc/arm-angstrom-linux-gnueabi/4.3.3/libgcc.a(_fixdfsi.o)
 .v4_bx         0x00037c64        0x0 /media/disk/OE/build/tmp-angstrom_2008_1/cross/armv7a/lib/gcc/arm-angstrom-linux-gnueabi/4.3.3/libgcc.a(_truncdfsf2.o)
 .v4_bx         0x00037c64        0x0 /media/disk/OE/build/tmp-angstrom_2008_1/cross/armv7a/lib/gcc/arm-angstrom-linux-gnueabi/4.3.3/libgcc.a(_addsubsf3.o)
 .v4_bx         0x00037c64        0x0 /media/disk/OE/build/tmp-angstrom_2008_1/cross/armv7a/lib/gcc/arm-angstrom-linux-gnueabi/4.3.3/libgcc.a(_muldivsf3.o)
 .v4_bx         0x00037c64        0x0 /media/disk/OE/build/tmp-angstrom_2008_1/cross/armv7a/lib/gcc/arm-angstrom-linux-gnueabi/4.3.3/libgcc.a(_dvmd_lnx.o)
 .v4_bx         0x00037c64        0x0 /media/disk/OE/build/tmp-angstrom_2008_1/cross/armv7a/lib/gcc/arm-angstrom-linux-gnueabi/4.3.3/../../../../arm-angstrom-linux-gnueabi/lib/libgcc_s.so
 .v4_bx         0x00037c64        0x0 /media/disk/OE/build/tmp-angstrom_2008_1/sysroots/armv7a-angstrom-linux-gnueabi/lib/libc.so.6
 .v4_bx         0x00037c64        0x0 /media/disk/OE/build/tmp-angstrom_2008_1/sysroots/armv7a-angstrom-linux-gnueabi/usr/lib/libc_nonshared.a(elf-init.oS)
 .v4_bx         0x00037c64        0x0 /media/disk/OE/build/tmp-angstrom_2008_1/sysroots/armv7a-angstrom-linux-gnueabi/usr/lib/libc_nonshared.a(atexit.oS)
 .v4_bx         0x00037c64        0x0 /media/disk/OE/build/tmp-angstrom_2008_1/sysroots/armv7a-angstrom-linux-gnueabi/lib/ld-linux.so.3
 .v4_bx         0x00037c64        0x0 /media/disk/OE/build/tmp-angstrom_2008_1/cross/armv7a/lib/gcc/arm-angstrom-linux-gnueabi/4.3.3/../../../../arm-angstrom-linux-gnueabi/lib/libgcc_s.so
 .v4_bx         0x00037c64        0x0 /media/disk/OE/build/tmp-angstrom_2008_1/cross/armv7a/lib/gcc/arm-angstrom-linux-gnueabi/4.3.3/crtend.o
 .v4_bx         0x00037c64        0x0 /media/disk/OE/build/tmp-angstrom_2008_1/sysroots/armv7a-angstrom-linux-gnueabi/usr/lib/crtn.o

.fini           0x00037c64       0x10
 *(.fini)