******************************************************************************
               TMS320C6x Linker PC v6.1.9                      
******************************************************************************
>> Linked Tue May 25 19:51:13 2010

OUTPUT FILE NAME:   <cvDFT.out>
ENTRY POINT SYMBOL: "_c_int00"  address: 8000a9c0


MEMORY CONFIGURATION

         name            origin    length      used     unused   attr    fill
----------------------  --------  ---------  --------  --------  ----  --------
  INT_MEM               10800000   00008000  00000000  00008000  RWIX
  EXT_MEM               80000000   08000000  0000bcec  07ff4314  RWIX


SECTION ALLOCATION MAP

 output                                  attributes/
section   page    origin      length       input sections
--------  ----  ----------  ----------   ----------------
.bss       0    10800000    00000000     UNINITIALIZED

.data      0    10800000    00000000     UNINITIALIZED

.far       0    80000000    00005ca8     UNINITIALIZED
                  80000000    00005c00     fft_example.obj (.far)
                  80005c00    00000040     rts64plus.lib : cos.obj (.far)
                  80005c40    00000040                   : sin.obj (.far)
                  80005c80    0000000c                   : exit.obj (.far)
                  80005c8c    00000008                   : _lock.obj (.far)
                  80005c94    00000004     --HOLE--
                  80005c98    00000008                   : divd.obj (.far)
                  80005ca0    00000008                   : divf.obj (.far)

.text      0    80005cc0    00004f40     
                  80005cc0    000007c0     rts64plus.lib : divd.obj (.text:__divd)
                  80006480    000006e0     gen_twiddle_fft16x16.obj (.text)
                  80006b60    00000640     fft_example.obj (.text)
                  800071a0    000005a0     dsplib64plus.lib : DSP_fft16x32_sa.obj (.text:psa)
                  80007740    00000500     rts64plus.lib : divf.obj (.text:__divf)
                  80007c40    000003e0     gen_twiddle_fft16x32.obj (.text)
                  80008020    000003e0     gen_twiddle_fft32x32.obj (.text)
                  80008400    000003c0     rts64plus.lib : cos.obj (.text:_cos)
                  800087c0    00000380     dsplib64plus.lib : DSP_fft32x32_sa.obj (.text:psa)
                  80008b40    00000360     rts64plus.lib : sin.obj (.text:_sin)
                  80008ea0    00000300                   : addf.obj (.text:__addf)
                  800091a0    00000300     dsplib64plus.lib : DSP_fft16x16_sa.obj (.text:psa)
                  800094a0    00000260     rts64plus.lib : mpyd.obj (.text:__mpyd)
                  80009700    00000220                   : addd.obj (.text:__addd)
                  80009920    00000200                   : frcaddd.obj (.text:__frcaddd)
                  80009b20    00000200                   : mpyf.obj (.text:__mpyf)
                  80009d20    000001e0                   : frcmpyd_div.obj (.text:__frcmpyd_div)
                  80009f00    00000100                   : frcmpyd.obj (.text:__frcmpyd)
                  8000a000    00000100                   : round.obj (.text:__nround)
                  8000a100    000000e0                   : autoinit.obj (.text:__auto_init)
                  8000a1e0    000000e0                   : cmpd.obj (.text:__cmpd)
                  8000a2c0    000000e0                   : exit.obj (.text:_exit)
                  8000a3a0    000000c0                   : modf.obj (.text:_modf)
                  8000a460    000000a0                   : cvtdf.obj (.text:__cvtdf)
                  8000a500    000000a0                   : frcmpyf_div.obj (.text:__frcmpyf_div)
                  8000a5a0    000000a0                   : memcpy64.obj (.text:_memcpy)
                  8000a640    00000080                   : cmpf.obj (.text:__cmpf)
                  8000a6c0    00000080                   : fixdi.obj (.text:__fixdi)
                  8000a740    00000080                   : fixfi.obj (.text:__fixfi)
                  8000a7c0    00000080                   : renormd.obj (.text:__renormd)
                  8000a840    00000060                   : cvtfd.obj (.text:__cvtfd)
                  8000a8a0    00000060                   : fltid.obj (.text:__fltid)
                  8000a900    00000060                   : fltif.obj (.text:__fltif)
                  8000a960    00000060                   : frcmpyf.obj (.text:__frcmpyf)
                  8000a9c0    00000060                   : boot.obj (.text:_c_int00)
                  8000aa20    00000060                   : floor.obj (.text:_floor)
                  8000aa80    00000040                   : divd.obj (.text:___isnan)
                  8000aac0    00000040                   : args_main.obj (.text:__args_main)
                  8000ab00    00000040                   : negd.obj (.text:__negd)
                  8000ab40    00000040                   : subd.obj (.text:__subd)
                  8000ab80    00000020                   : divf.obj (.text:___isnanf)
                  8000aba0    00000020                   : _lock.obj (.text:__nop)
                  8000abc0    00000020                   : trunc.obj (.text:__trunc)
                  8000abe0    00000020                   : exit.obj (.text:_abort)

.stack     0    8000ac00    00001000     UNINITIALIZED
                  8000ac00    00000008     rts64plus.lib : boot.obj (.stack)
                  8000ac08    00000ff8     --HOLE--

.cinit     0    8000bc00    00000104     
                  8000bc00    00000048     rts64plus.lib : cos.obj (.cinit)
                  8000bc48    00000048                   : sin.obj (.cinit)
                  8000bc90    0000002c                   : exit.obj (.cinit)
                  8000bcbc    00000004     --HOLE-- [fill = 0]
                  8000bcc0    0000001c                   : _lock.obj (.cinit)
                  8000bcdc    00000004     --HOLE-- [fill = 0]
                  8000bce0    00000010                   : divd.obj (.cinit)
                  8000bcf0    00000010                   : divf.obj (.cinit)
                  8000bd00    00000004     --HOLE-- [fill = 0]


GLOBAL SYMBOLS: SORTED ALPHABETICALLY BY Name 

address    name
--------   ----
10800000   $bss
10800000   .bss
10800000   .data
80005cc0   .text
8000abe0   C$$EXIT
800091a0   _DSP_fft16x16
800071a0   _DSP_fft16x32
800087c0   _DSP_fft32x32
00001000   __STACK_SIZE
80005c88   ___TI_enable_exit_profile_output
ffffffff   ___TI_pprof_out_hndl
ffffffff   ___TI_prof_data_size
ffffffff   ___TI_prof_data_start
ffffffff   ___binit__
10800000   ___bss__
ffffffff   ___c_args__
8000bc00   ___cinit__
10800000   ___data__
10800000   ___edata__
10800000   ___end__
8000ac00   ___etext__
ffffffff   ___pinit__
80005cc0   ___text__
80009700   __addd
80008ea0   __addf
8000aac0   __args_main
8000a100   __auto_init
80005c80   __cleanup_ptr
8000a1e0   __cmpd
8000a640   __cmpf
8000a460   __cvtdf
8000a840   __cvtfd
80005cc0   __divd
80007740   __divf
80005c84   __dtors_ptr
8000a6c0   __fixdi
8000a740   __fixfi
8000a8a0   __fltid
8000a900   __fltif
80009920   __frcaddd
80009f00   __frcmpyd
80009d20   __frcmpyd_div
8000a960   __frcmpyf
8000a500   __frcmpyf_div
80005c8c   __lock
800094a0   __mpyd
80009b20   __mpyf
8000ab00   __negd
8000aba0   __nop
8000a000   __nround
8000a7c0   __renormd
8000ac00   __stack
8000ab40   __subd
8000abc0   __trunc
80005c90   __unlock
8000abe0   _abort
8000a9c0   _c_int00
80008400   _cos
8000a2c0   _exit
8000aa20   _floor
80006518   _gen_twiddle_fft16x16
80007cd8   _gen_twiddle_fft16x32
80008098   _gen_twiddle_fft32x32
80006b60   _generateInput
800070b8   _main
8000a5a0   _memcpy
8000a3a0   _modf
80006f80   _seperateRealImg
80008b40   _sin
80001000   _w_16x16
80002400   _w_16x32
80003800   _w_32x32
80000800   _x_16x16
80001400   _x_16x32
80002800   _x_32x32
80000000   _x_ref
80004000   _x_ref_float
80000c00   _y_16x16
80001c00   _y_16x32
80003000   _y_32x32
80004a00   _y_imag_16x16
80005000   _y_imag_16x32
80005800   _y_imag_32x32
80004800   _y_real_16x16
80004c00   _y_real_16x32
80005400   _y_real_32x32
ffffffff   binit
8000bc00   cinit
10800000   edata
10800000   end
8000ac00   etext
ffffffff   pinit


GLOBAL SYMBOLS: SORTED BY Symbol Address 

address    name
--------   ----
00001000   __STACK_SIZE
10800000   $bss
10800000   .bss
10800000   .data
10800000   ___bss__
10800000   ___data__
10800000   ___edata__
10800000   ___end__
10800000   edata
10800000   end
80000000   _x_ref
80000800   _x_16x16
80000c00   _y_16x16
80001000   _w_16x16
80001400   _x_16x32
80001c00   _y_16x32
80002400   _w_16x32
80002800   _x_32x32
80003000   _y_32x32
80003800   _w_32x32
80004000   _x_ref_float
80004800   _y_real_16x16
80004a00   _y_imag_16x16
80004c00   _y_real_16x32
80005000   _y_imag_16x32
80005400   _y_real_32x32
80005800   _y_imag_32x32
80005c80   __cleanup_ptr
80005c84   __dtors_ptr
80005c88   ___TI_enable_exit_profile_output
80005c8c   __lock
80005c90   __unlock
80005cc0   .text
80005cc0   ___text__
80005cc0   __divd
80006518   _gen_twiddle_fft16x16
80006b60   _generateInput
80006f80   _seperateRealImg
800070b8   _main
800071a0   _DSP_fft16x32
80007740   __divf
80007cd8   _gen_twiddle_fft16x32
80008098   _gen_twiddle_fft32x32
80008400   _cos
800087c0   _DSP_fft32x32
80008b40   _sin
80008ea0   __addf
800091a0   _DSP_fft16x16
800094a0   __mpyd
80009700   __addd
80009920   __frcaddd
80009b20   __mpyf
80009d20   __frcmpyd_div
80009f00   __frcmpyd
8000a000   __nround
8000a100   __auto_init
8000a1e0   __cmpd
8000a2c0   _exit
8000a3a0   _modf
8000a460   __cvtdf
8000a500   __frcmpyf_div
8000a5a0   _memcpy
8000a640   __cmpf
8000a6c0   __fixdi
8000a740   __fixfi
8000a7c0   __renormd
8000a840   __cvtfd
8000a8a0   __fltid
8000a900   __fltif
8000a960   __frcmpyf
8000a9c0   _c_int00
8000aa20   _floor
8000aac0   __args_main
8000ab00   __negd
8000ab40   __subd
8000aba0   __nop
8000abc0   __trunc
8000abe0   C$$EXIT
8000abe0   _abort
8000ac00   ___etext__
8000ac00   __stack
8000ac00   etext
8000bc00   ___cinit__
8000bc00   cinit
ffffffff   ___TI_pprof_out_hndl
ffffffff   ___TI_prof_data_size
ffffffff   ___TI_prof_data_start
ffffffff   ___binit__
ffffffff   ___c_args__
ffffffff   ___pinit__
ffffffff   binit
ffffffff   pinit

[92 symbols]
